=== command: python deepgozero.py -dr data -ont mf -m deepgozero_zs_mf_s0 -s 0 -ep 128 --zero-shot
=== start=2026-08-27T10:53:28+01:00
=== gpu: NVIDIA A100 80GB PCIe
Epoch 0: Loss - 0.034892567200338245, EL Loss: 29.94816802205623, Valid loss - 0.031540093907997724, AUC - 0.718872090143368, termAUC - 0.5875311191837014
Saving model (sel-loss)
Saving model (sel-micro)
Saving model (sel-macro)
Epoch 1: Loss - 0.03030215844678612, EL Loss: 2.156138475202778, Valid loss - 0.02980873520885195, AUC - 0.7832232653680077, termAUC - 0.5877221240555319
Saving model (sel-loss)
Saving model (sel-micro)
Saving model (sel-macro)
Epoch 2: Loss - 0.027275912297038605, EL Loss: 1.0881829007872885, Valid loss - 0.025083784634868305, AUC - 0.8819633949607866, termAUC - 0.6056723943441576
Saving model (sel-loss)
Saving model (sel-micro)
Saving model (sel-macro)
Epoch 3: Loss - 0.02305915319143583, EL Loss: 0.6631977803156145, Valid loss - 0.022764677332625504, AUC - 0.9072281171687228, termAUC - 0.610553485573549
Saving model (sel-loss)
Saving model (sel-micro)
Saving model (sel-macro)
Epoch 4: Loss - 0.02182824435694435, EL Loss: 0.4751442070014941, Valid loss - 0.022085418037715413, AUC - 0.9172969064770589, termAUC - 0.6373945829273172
Saving model (sel-loss)
Saving model (sel-micro)
Saving model (sel-macro)
Epoch 5: Loss - 0.021113624090092757, EL Loss: 0.37777997958012666, Valid loss - 0.021881385936978318, AUC - 0.9213324760894281, termAUC - 0.6536553374233366
Saving model (sel-loss)
Saving model (sel-micro)
Saving model (sel-macro)
Epoch 6: Loss - 0.02095128164484827, EL Loss: 0.36211327667307425, Valid loss - 0.021862310428349744, AUC - 0.922006128832995, termAUC - 0.6582003645280257
Saving model (sel-loss)
Saving model (sel-micro)
Saving model (sel-macro)
Epoch 7: Loss - 0.02084343639203408, EL Loss: 0.34464962188555154, Valid loss - 0.021827662328169458, AUC - 0.9226321792634576, termAUC - 0.6642697176577429
Saving model (sel-loss)
Saving model (sel-micro)
Saving model (sel-macro)
Epoch 8: Loss - 0.020677485289022374, EL Loss: 0.32527816562226025, Valid loss - 0.021792058318498588, AUC - 0.9234655061950574, termAUC - 0.6682966842611969
Saving model (sel-loss)
Saving model (sel-micro)
Saving model (sel-macro)
Epoch 9: Loss - 0.020571069338649543, EL Loss: 0.30331512114491327, Valid loss - 0.02170696219518071, AUC - 0.9239281356563785, termAUC - 0.6739287418128417
Saving model (sel-loss)
Saving model (sel-micro)
Saving model (sel-macro)
Epoch 10: Loss - 0.020347003777401326, EL Loss: 0.2787934891459025, Valid loss - 0.02158231210140955, AUC - 0.9256331787640711, termAUC - 0.6804922434152635
Saving model (sel-loss)
Saving model (sel-micro)
Saving model (sel-macro)
Epoch 11: Loss - 0.02010774127424906, EL Loss: 0.2528655676129527, Valid loss - 0.021402718889571373, AUC - 0.926629556620257, termAUC - 0.6873741597640532
Saving model (sel-loss)
Saving model (sel-micro)
Saving model (sel-macro)
Epoch 12: Loss - 0.01977895858327643, EL Loss: 0.2268476463830509, Valid loss - 0.021211152328621773, AUC - 0.9281144629856237, termAUC - 0.6962256477917054
Saving model (sel-loss)
Saving model (sel-micro)
Saving model (sel-macro)
Epoch 13: Loss - 0.019425277118159497, EL Loss: 0.20135245714197778, Valid loss - 0.020961113433752742, AUC - 0.9302450842589087, termAUC - 0.7068844115387238
Saving model (sel-loss)
Saving model (sel-micro)
Saving model (sel-macro)
Epoch 14: Loss - 0.019035681568411466, EL Loss: 0.17675302460932504, Valid loss - 0.020699124605882736, AUC - 0.9330946408132618, termAUC - 0.7212199692693192
Saving model (sel-loss)
Saving model (sel-micro)
Saving model (sel-macro)
Epoch 15: Loss - 0.018535842190678126, EL Loss: 0.15317676275873338, Valid loss - 0.02026153001047316, AUC - 0.9365503548530046, termAUC - 0.7401734242007245
Saving model (sel-loss)
Saving model (sel-micro)
Saving model (sel-macro)
Epoch 16: Loss - 0.01798513881302775, EL Loss: 0.1306542763298058, Valid loss - 0.019836052374116012, AUC - 0.9397919725839065, termAUC - 0.7576671787879773
Saving model (sel-loss)
Saving model (sel-micro)
Saving model (sel-macro)
Epoch 17: Loss - 0.017373570123006995, EL Loss: 0.10920601883254492, Valid loss - 0.0193871542190512, AUC - 0.943515599902887, termAUC - 0.7753618971682874
Saving model (sel-loss)
Saving model (sel-micro)
Saving model (sel-macro)
Epoch 18: Loss - 0.016684428699457417, EL Loss: 0.08890639957242881, Valid loss - 0.01892558725639468, AUC - 0.9473772483237237, termAUC - 0.7954621849906622
Saving model (sel-loss)
Saving model (sel-micro)
Saving model (sel-macro)
Epoch 19: Loss - 0.015914873187296306, EL Loss: 0.069711725603436, Valid loss - 0.01832442136392707, AUC - 0.9515720809976355, termAUC - 0.8176376274343368
Saving model (sel-loss)
Saving model (sel-micro)
Saving model (sel-macro)
Epoch 20: Loss - 0.015253421337729571, EL Loss: 0.059426845234835615, Valid loss - 0.01820571861628975, AUC - 0.9522434280744352, termAUC - 0.8209274535206633
Saving model (sel-loss)
Saving model (sel-micro)
Saving model (sel-macro)
Epoch 21: Loss - 0.01511938016389569, EL Loss: 0.057440337122946626, Valid loss - 0.018147242078114124, AUC - 0.9527397704808255, termAUC - 0.8240181805022053
Saving model (sel-loss)
Saving model (sel-micro)
Saving model (sel-macro)
Epoch 22: Loss - 0.015024600170663815, EL Loss: 0.055457210186095285, Valid loss - 0.018065356684937365, AUC - 0.9532591625458363, termAUC - 0.826941190309169
Saving model (sel-loss)
Saving model (sel-micro)
Saving model (sel-macro)
Epoch 23: Loss - 0.014904530693135196, EL Loss: 0.0534965633925475, Valid loss - 0.01803204053569408, AUC - 0.9536310738548865, termAUC - 0.8291502067351135
Saving model (sel-loss)
Saving model (sel-micro)
Saving model (sel-macro)
Epoch 24: Loss - 0.014786405399584542, EL Loss: 0.05156629680158993, Valid loss - 0.01792715507603827, AUC - 0.9540975467360668, termAUC - 0.8313267082968364
Saving model (sel-loss)
Saving model (sel-micro)
Saving model (sel-macro)
Epoch 25: Loss - 0.014670725051944439, EL Loss: 0.0496713907137529, Valid loss - 0.017871838258135885, AUC - 0.9544331703182135, termAUC - 0.8330048681225881
Saving model (sel-loss)
Saving model (sel-micro)
Saving model (sel-macro)
Epoch 26: Loss - 0.014569634095596048, EL Loss: 0.0478018949064203, Valid loss - 0.017799319158352558, AUC - 0.9548794126736088, termAUC - 0.8356291011748808
Saving model (sel-loss)
Saving model (sel-micro)
Saving model (sel-macro)
Epoch 27: Loss - 0.014474055701043532, EL Loss: 0.04598161585319537, Valid loss - 0.017724493704736232, AUC - 0.9554086189947506, termAUC - 0.8381002486982343
Saving model (sel-loss)
Saving model (sel-micro)
Saving model (sel-macro)
Epoch 28: Loss - 0.014362837369449603, EL Loss: 0.04417869253867605, Valid loss - 0.01764264249553283, AUC - 0.9558406059402328, termAUC - 0.8403967946339864
Saving model (sel-loss)
Saving model (sel-micro)
Saving model (sel-macro)
Epoch 29: Loss - 0.01424369884156984, EL Loss: 0.042388632683295666, Valid loss - 0.01757302289562566, AUC - 0.956273605954109, termAUC - 0.8425849807592323
Saving model (sel-loss)
Saving model (sel-micro)
Saving model (sel-macro)
Epoch 30: Loss - 0.014143960770612326, EL Loss: 0.04061556638429721, Valid loss - 0.017517343243317943, AUC - 0.9566214614051518, termAUC - 0.8443866997434053
Saving model (sel-loss)
Saving model (sel-micro)
Saving model (sel-macro)
Epoch 31: Loss - 0.014021509041349156, EL Loss: 0.03886148789391731, Valid loss - 0.0174393141908305, AUC - 0.9570898377996064, termAUC - 0.8466592375783695
Saving model (sel-loss)
Saving model (sel-micro)
Saving model (sel-macro)
Epoch 32: Loss - 0.013906878089934937, EL Loss: 0.03712697619129928, Valid loss - 0.01737241158705382, AUC - 0.9574530937583584, termAUC - 0.8483161774193776
Saving model (sel-loss)
Saving model (sel-micro)
Saving model (sel-macro)
Epoch 33: Loss - 0.013807886711562785, EL Loss: 0.035427035333408206, Valid loss - 0.01730089271884589, AUC - 0.9578913129251616, termAUC - 0.8502976388113368
Saving model (sel-loss)
Saving model (sel-micro)
Saving model (sel-macro)
Epoch 34: Loss - 0.013678517059697765, EL Loss: 0.033757459840422874, Valid loss - 0.017203495882096746, AUC - 0.9584433250281953, termAUC - 0.8532355358947921
Saving model (sel-loss)
Saving model (sel-micro)
Saving model (sel-macro)
Epoch 35: Loss - 0.013549273873305422, EL Loss: 0.03210365029569632, Valid loss - 0.017140733929617066, AUC - 0.9588469016647708, termAUC - 0.8548029207972103
Saving model (sel-loss)
Saving model (sel-micro)
Saving model (sel-macro)
Epoch 36: Loss - 0.01343010953023506, EL Loss: 0.03046722790470329, Valid loss - 0.017065695859491824, AUC - 0.9592334007442563, termAUC - 0.8565861322574401
Saving model (sel-loss)
Saving model (sel-micro)
Saving model (sel-macro)
Epoch 37: Loss - 0.01331712429424603, EL Loss: 0.028850555665894183, Valid loss - 0.016995196124272686, AUC - 0.9595218693978211, termAUC - 0.8579775752548978
Saving model (sel-loss)
Saving model (sel-micro)
Saving model (sel-macro)
Epoch 38: Loss - 0.01318313610959199, EL Loss: 0.02725120608251506, Valid loss - 0.01691355783314932, AUC - 0.9600401055299603, termAUC - 0.860065634988224
Saving model (sel-loss)
Saving model (sel-micro)
Saving model (sel-macro)
Epoch 39: Loss - 0.013036690528392474, EL Loss: 0.025675887160630018, Valid loss - 0.016839049082426796, AUC - 0.960458905950157, termAUC - 0.8621897101087089
Saving model (sel-loss)
Saving model (sel-micro)
Saving model (sel-macro)
Epoch 40: Loss - 0.01291693890163788, EL Loss: 0.024120131334938563, Valid loss - 0.016771806652347246, AUC - 0.9607256668297002, termAUC - 0.8634230837404326
Saving model (sel-loss)
Saving model (sel-micro)
Saving model (sel-macro)
Epoch 41: Loss - 0.01277190181144034, EL Loss: 0.022588948476206634, Valid loss - 0.01668458462116264, AUC - 0.9612337014552181, termAUC - 0.8658849904817731
Saving model (sel-loss)
Saving model (sel-micro)
Saving model (sel-macro)
Epoch 42: Loss - 0.012621654442554147, EL Loss: 0.021079656766197934, Valid loss - 0.016614096593998727, AUC - 0.9615921591483306, termAUC - 0.8672751732355
Saving model (sel-loss)
Saving model (sel-micro)
Saving model (sel-macro)
Epoch 43: Loss - 0.012489586285016915, EL Loss: 0.019608168655468886, Valid loss - 0.01651882699557713, AUC - 0.9620637375764837, termAUC - 0.8696238995777321
Saving model (sel-loss)
Saving model (sel-micro)
Saving model (sel-macro)
Epoch 44: Loss - 0.012337308390913045, EL Loss: 0.018152184028642628, Valid loss - 0.01643551897612356, AUC - 0.9625032415989115, termAUC - 0.8716506030210799
Saving model (sel-loss)
Saving model (sel-micro)
Saving model (sel-macro)
Epoch 45: Loss - 0.012190192247541568, EL Loss: 0.01670685452552903, Valid loss - 0.016351072028988882, AUC - 0.9628987598090256, termAUC - 0.8731689928797249
Saving model (sel-loss)
Saving model (sel-micro)
Saving model (sel-macro)
Epoch 46: Loss - 0.012044702686321811, EL Loss: 0.015325897453596797, Valid loss - 0.01625891922130471, AUC - 0.9633470566843948, termAUC - 0.8751229300707158
Saving model (sel-loss)
Saving model (sel-micro)
Saving model (sel-macro)
Epoch 47: Loss - 0.011887668072582243, EL Loss: 0.014083925315255302, Valid loss - 0.01617922673800162, AUC - 0.963795616313521, termAUC - 0.8772282870016364
Saving model (sel-loss)
Saving model (sel-micro)
Saving model (sel-macro)
Epoch 48: Loss - 0.011734191178025814, EL Loss: 0.012887594471581446, Valid loss - 0.016094245273797284, AUC - 0.9641442228367645, termAUC - 0.8787699196817754
Saving model (sel-loss)
Saving model (sel-micro)
Saving model (sel-macro)
Epoch 49: Loss - 0.01156289396506037, EL Loss: 0.011796792862982478, Valid loss - 0.01601283045574313, AUC - 0.9646011101108672, termAUC - 0.880458755078954
Saving model (sel-loss)
Saving model (sel-micro)
Saving model (sel-macro)
Epoch 50: Loss - 0.011416757792726365, EL Loss: 0.010729951571764403, Valid loss - 0.015935430782181875, AUC - 0.9649744781009277, termAUC - 0.8821105192036578
Saving model (sel-loss)
Saving model (sel-micro)
Saving model (sel-macro)
Epoch 51: Loss - 0.011236367289460918, EL Loss: 0.00970184434050569, Valid loss - 0.015844351780556497, AUC - 0.9653552167368583, termAUC - 0.8836141651208096
Saving model (sel-loss)
Saving model (sel-micro)
Saving model (sel-macro)
Epoch 52: Loss - 0.011074487410021571, EL Loss: 0.00873167014207703, Valid loss - 0.015770164344991955, AUC - 0.9657148898332085, termAUC - 0.8850755099320868
Saving model (sel-loss)
Saving model (sel-micro)
Saving model (sel-macro)
Epoch 53: Loss - 0.010904684204100389, EL Loss: 0.007806924812959882, Valid loss - 0.015688084411833968, AUC - 0.9660818918377893, termAUC - 0.886479378365968
Saving model (sel-loss)
Saving model (sel-micro)
Saving model (sel-macro)
Epoch 54: Loss - 0.010739749006895276, EL Loss: 0.006949150623382725, Valid loss - 0.015612451607982318, AUC - 0.9664998370048181, termAUC - 0.88793069676286
Saving model (sel-loss)
Saving model (sel-micro)
Saving model (sel-macro)
Epoch 55: Loss - 0.010567705952329313, EL Loss: 0.006179027040156757, Valid loss - 0.015525420985761143, AUC - 0.9668500613649006, termAUC - 0.8893400867755508
Saving model (sel-loss)
Saving model (sel-micro)
Saving model (sel-macro)
Epoch 56: Loss - 0.01041278860376031, EL Loss: 0.005513443108707571, Valid loss - 0.015483136829875765, AUC - 0.9671857831566261, termAUC - 0.890572901412278
Saving model (sel-loss)
Saving model (sel-micro)
Saving model (sel-macro)
Epoch 57: Loss - 0.010256598949039611, EL Loss: 0.004942665656649679, Valid loss - 0.015370183544499533, AUC - 0.9675692817367241, termAUC - 0.8917985035204052
Saving model (sel-loss)
Saving model (sel-micro)
Saving model (sel-macro)
Epoch 58: Loss - 0.010107088174980385, EL Loss: 0.004422814186555319, Valid loss - 0.015307112197790827, AUC - 0.9678495305199332, termAUC - 0.89282923268489
Saving model (sel-loss)
Saving model (sel-micro)
Saving model (sel-macro)
Epoch 59: Loss - 0.00996771539711216, EL Loss: 0.003952889062000063, Valid loss - 0.015260790403754939, AUC - 0.9680880731107661, termAUC - 0.8938128726028012
Saving model (sel-loss)
Saving model (sel-micro)
Saving model (sel-macro)
Epoch 60: Loss - 0.009830967753756636, EL Loss: 0.0035435490799161254, Valid loss - 0.015203243760125978, AUC - 0.9683760428543151, termAUC - 0.8947194957297718
Saving model (sel-loss)
Saving model (sel-micro)
Saving model (sel-macro)
Epoch 61: Loss - 0.009679453099826877, EL Loss: 0.0031805907158405223, Valid loss - 0.015158194862306119, AUC - 0.968580253633937, termAUC - 0.8953735754546059
Saving model (sel-loss)
Saving model (sel-micro)
Saving model (sel-macro)
Epoch 62: Loss - 0.009566152357239439, EL Loss: 0.0028680646640801043, Valid loss - 0.015102115016253222, AUC - 0.968867174103581, termAUC - 0.8964165406998803
Saving model (sel-loss)
Saving model (sel-micro)
Saving model (sel-macro)
Epoch 63: Loss - 0.009447265745173343, EL Loss: 0.0025911860924741773, Valid loss - 0.015069294862803959, AUC - 0.969102113974603, termAUC - 0.897029559021814
Saving model (sel-loss)
Saving model (sel-micro)
Saving model (sel-macro)
Epoch 64: Loss - 0.00933423613994536, EL Loss: 0.0023560587823077545, Valid loss - 0.015034206140609015, AUC - 0.9692947891662332, termAUC - 0.8976151936833211
Saving model (sel-loss)
Saving model (sel-micro)
Saving model (sel-macro)
Epoch 65: Loss - 0.00922343004306459, EL Loss: 0.002164122405044409, Valid loss - 0.015008210009407429, AUC - 0.9694915608550333, termAUC - 0.8981189929891261
Saving model (sel-loss)
Saving model (sel-micro)
Saving model (sel-macro)
Epoch 66: Loss - 0.009116564227190737, EL Loss: 0.002025712116326863, Valid loss - 0.014977391507653964, AUC - 0.9696748080924769, termAUC - 0.8989689956727531
Saving model (sel-loss)
Saving model (sel-micro)
Saving model (sel-macro)
Epoch 67: Loss - 0.009026786802917783, EL Loss: 0.001940042910035164, Valid loss - 0.01494462608936287, AUC - 0.969798510667879, termAUC - 0.8994616648596966
Saving model (sel-loss)
Saving model (sel-micro)
Saving model (sel-macro)
Epoch 68: Loss - 0.008913754851530535, EL Loss: 0.0018974919028578205, Valid loss - 0.014916319204937844, AUC - 0.9699786174841776, termAUC - 0.9000349004168384
Saving model (sel-loss)
Saving model (sel-micro)
Saving model (sel-macro)
Epoch 69: Loss - 0.008835351539436525, EL Loss: 0.0018707097429163254, Valid loss - 0.01491307398925225, AUC - 0.9701221122406831, termAUC - 0.9002665707691532
Saving model (sel-loss)
Saving model (sel-micro)
Saving model (sel-macro)
Epoch 70: Loss - 0.008746257055792819, EL Loss: 0.0018508929342202073, Valid loss - 0.014896559848317078, AUC - 0.9703118884114883, termAUC - 0.9006760831732208
Saving model (sel-loss)
Saving model (sel-micro)
Saving model (sel-macro)
Epoch 71: Loss - 0.008674076956193953, EL Loss: 0.0018328109951253437, Valid loss - 0.014883810991332645, AUC - 0.9704680265517112, termAUC - 0.9008536385095247
Saving model (sel-loss)
Saving model (sel-micro)
Saving model (sel-macro)
Epoch 72: Loss - 0.008582086758578992, EL Loss: 0.0018154903436754062, Valid loss - 0.014875712023959273, AUC - 0.9705023858755442, termAUC - 0.9012855124209813
Saving model (sel-loss)
Saving model (sel-micro)
Saving model (sel-macro)
Epoch 73: Loss - 0.008509917503085952, EL Loss: 0.001798474584821179, Valid loss - 0.014878493050734203, AUC - 0.9706318723964936, termAUC - 0.9015493081037947
Saving model (sel-micro)
Saving model (sel-macro)
Epoch 74: Loss - 0.008433543930189235, EL Loss: 0.0017817844440853093, Valid loss - 0.014860247563393342, AUC - 0.9708082178581241, termAUC - 0.9019342810834723
Saving model (sel-loss)
Saving model (sel-micro)
Saving model (sel-macro)
Epoch 75: Loss - 0.008363929956544417, EL Loss: 0.0017652348140393473, Valid loss - 0.014866794840920539, AUC - 0.9708717621207599, termAUC - 0.9023159627460638
Saving model (sel-micro)
Saving model (sel-macro)
Epoch 76: Loss - 0.00830270254764313, EL Loss: 0.0017489381046485676, Valid loss - 0.014872584394401029, AUC - 0.9709059220906686, termAUC - 0.9024727169426976
Saving model (sel-micro)
Saving model (sel-macro)
Epoch 77: Loss - 0.008232838055664422, EL Loss: 0.0017328594075575376, Valid loss - 0.014849375383484931, AUC - 0.9710579100373931, termAUC - 0.9027244301032067
Saving model (sel-loss)
Saving model (sel-micro)
Saving model (sel-macro)
Epoch 78: Loss - 0.008167705978678502, EL Loss: 0.0017169535988733507, Valid loss - 0.014865397200697945, AUC - 0.9710404984948398, termAUC - 0.9028711696173021
Saving model (sel-macro)
Epoch 79: Loss - 0.008100749084208244, EL Loss: 0.0017011534531488697, Valid loss - 0.014862750718990961, AUC - 0.9710526465510562, termAUC - 0.9030371718130521
Saving model (sel-macro)
Epoch 80: Loss - 0.008034735178144467, EL Loss: 0.0016854447549451003, Valid loss - 0.014875920019334271, AUC - 0.9711764580087773, termAUC - 0.9032601115272124
Saving model (sel-micro)
Saving model (sel-macro)
Epoch 81: Loss - 0.007987652933552337, EL Loss: 0.0016697596434277658, Valid loss - 0.014882556570782548, AUC - 0.9711052778939819, termAUC - 0.9033281984563606
Saving model (sel-macro)
Epoch 82: Loss - 0.007935828423173155, EL Loss: 0.001654165209527896, Valid loss - 0.014882761106959411, AUC - 0.9712373785598569, termAUC - 0.9034389639140157
Saving model (sel-micro)
Saving model (sel-macro)
Epoch 83: Loss - 0.00786663694515491, EL Loss: 0.0016386454041721944, Valid loss - 0.01488080100998992, AUC - 0.9712884751958623, termAUC - 0.9036706436207722
Saving model (sel-micro)
Saving model (sel-macro)
Epoch 84: Loss - 0.007823227422710615, EL Loss: 0.0016232000820584698, Valid loss - 0.014884246646293573, AUC - 0.9713301159703597, termAUC - 0.9038707533986575
Saving model (sel-micro)
Saving model (sel-macro)
Epoch 85: Loss - 0.007760427038247784, EL Loss: 0.0016078581306756066, Valid loss - 0.014932124831137202, AUC - 0.9713106761440568, termAUC - 0.9036707241312718
Epoch 86: Loss - 0.007704407894384826, EL Loss: 0.0015927357771468604, Valid loss - 0.014922929954315935, AUC - 0.9713139544895976, termAUC - 0.90386384922934
Epoch 87: Loss - 0.007641703172074086, EL Loss: 0.0015778409646173366, Valid loss - 0.014943131183584531, AUC - 0.971302695302656, termAUC - 0.903857494867891
Epoch 88: Loss - 0.007611896869249412, EL Loss: 0.001563193419471153, Valid loss - 0.01494602554788192, AUC - 0.9712353802348991, termAUC - 0.9038991121376596
Saving model (sel-macro)
Epoch 89: Loss - 0.007545357831397726, EL Loss: 0.0015486114399549298, Valid loss - 0.01498194302299193, AUC - 0.9712226274547989, termAUC - 0.9038600562496599
Epoch 90: Loss - 0.007501681156246204, EL Loss: 0.0015341715569309375, Valid loss - 0.014976569659830559, AUC - 0.9713346194544714, termAUC - 0.9040379746084525
Saving model (sel-micro)
Saving model (sel-macro)
Epoch 91: Loss - 0.0074636357815597, EL Loss: 0.0015200052130917787, Valid loss - 0.014980565366290865, AUC - 0.9713384455251607, termAUC - 0.9041118480538725
Saving model (sel-micro)
Saving model (sel-macro)
Epoch 92: Loss - 0.007436669722479135, EL Loss: 0.0015060035681701142, Valid loss - 0.015007213396685464, AUC - 0.9713686775797659, termAUC - 0.9040480290186075
Saving model (sel-micro)
Epoch 93: Loss - 0.007378882338482335, EL Loss: 0.0014921643249779797, Valid loss - 0.015024617256685382, AUC - 0.9713081734262946, termAUC - 0.9040641551153874
Epoch 94: Loss - 0.007342835419629805, EL Loss: 0.0014785256398458894, Valid loss - 0.015040319111375582, AUC - 0.9712689261593854, termAUC - 0.9039979113825791
Epoch 95: Loss - 0.007292610909779882, EL Loss: 0.0014649970376124175, Valid loss - 0.01505132271420388, AUC - 0.9712636303110601, termAUC - 0.9039680575963275
Epoch 96: Loss - 0.007232618412048545, EL Loss: 0.0014515285892461659, Valid loss - 0.015077671940837587, AUC - 0.9712207226842253, termAUC - 0.9039570485874077
Epoch 97: Loss - 0.007217836387741108, EL Loss: 0.0014381306109547266, Valid loss - 0.015087192204026949, AUC - 0.9712848448233742, termAUC - 0.9039096295050564
Epoch 98: Loss - 0.007180332042042789, EL Loss: 0.0014247502113768832, Valid loss - 0.015118882782934677, AUC - 0.9712572363816518, termAUC - 0.9038417029688302
Epoch 99: Loss - 0.00713411350863469, EL Loss: 0.001411428293947198, Valid loss - 0.01514374337913025, AUC - 0.971268740121717, termAUC - 0.9038651345455546
Epoch 100: Loss - 0.007097159324886319, EL Loss: 0.0013982504453754034, Valid loss - 0.015152432738492887, AUC - 0.9711735693232915, termAUC - 0.9038044893423839
Epoch 101: Loss - 0.00705869552526619, EL Loss: 0.0013851646479730978, Valid loss - 0.015114411605255944, AUC - 0.9712145455916001, termAUC - 0.9037335129841865
Epoch 102: Loss - 0.007040187399596357, EL Loss: 0.0013722318718785121, Valid loss - 0.015126453952065536, AUC - 0.9711935855762323, termAUC - 0.9037592093924969
Epoch 103: Loss - 0.007000497886236594, EL Loss: 0.001359360342393049, Valid loss - 0.015148892847909814, AUC - 0.9712062941677503, termAUC - 0.9037173215007773
Epoch 104: Loss - 0.006969911312134946, EL Loss: 0.0013466430115101897, Valid loss - 0.015168940679480632, AUC - 0.971161269049228, termAUC - 0.9036148410067575
Epoch 105: Loss - 0.006924265926689925, EL Loss: 0.0013340600067997576, Valid loss - 0.015186618836153121, AUC - 0.9710587611064515, termAUC - 0.903549838227177
Epoch 106: Loss - 0.006894336734661342, EL Loss: 0.001321595474453772, Valid loss - 0.01520772571453736, AUC - 0.9710630362964201, termAUC - 0.9034645607964636
Epoch 107: Loss - 0.006852576080650186, EL Loss: 0.0013092617597034214, Valid loss - 0.015232263226062059, AUC - 0.9709560896269299, termAUC - 0.9033275602815938
Epoch 108: Loss - 0.006830059958689304, EL Loss: 0.001296970229700041, Valid loss - 0.015250910867360376, AUC - 0.9709259589538068, termAUC - 0.9032701171261601
Epoch 109: Loss - 0.006804743688206433, EL Loss: 0.0012847793141491036, Valid loss - 0.015275276053164687, AUC - 0.9709263264551129, termAUC - 0.903154343686303
Epoch 110: Loss - 0.006770243621019684, EL Loss: 0.0012728190163588816, Valid loss - 0.015298483090563898, AUC - 0.9707823555839489, termAUC - 0.9030017689908905
Epoch 111: Loss - 0.006744589163902929, EL Loss: 0.0012610246985506055, Valid loss - 0.015348540188833361, AUC - 0.9708271388549342, termAUC - 0.9027857232367017
Epoch 112: Loss - 0.0067125216116027805, EL Loss: 0.001249315020012351, Valid loss - 0.015342049172059412, AUC - 0.9708482726421193, termAUC - 0.9028696279255216
Epoch 113: Loss - 0.006679377280060635, EL Loss: 0.0012377292673818616, Valid loss - 0.015375396547218164, AUC - 0.970803486439552, termAUC - 0.9026963814821267
Epoch 114: Loss - 0.006657692295309708, EL Loss: 0.0012262382907088731, Valid loss - 0.015416385268881207, AUC - 0.970800713728203, termAUC - 0.9026723239690138
Epoch 115: Loss - 0.006621530132727247, EL Loss: 0.0012148047990291613, Valid loss - 0.015404218603812513, AUC - 0.9706289739406593, termAUC - 0.9026129067917433
Epoch 116: Loss - 0.006605246901974336, EL Loss: 0.0012035274181883937, Valid loss - 0.015435407408291385, AUC - 0.9706416678583529, termAUC - 0.9025097368579325
Epoch 117: Loss - 0.006576420434059316, EL Loss: 0.001192332936090807, Valid loss - 0.015448267686934698, AUC - 0.9706749685596866, termAUC - 0.9025314380784721
Epoch 118: Loss - 0.006552208881007946, EL Loss: 0.001181158844403391, Valid loss - 0.015485910623378696, AUC - 0.9706567396962782, termAUC - 0.9023139135267322
Epoch 119: Loss - 0.006516187056786003, EL Loss: 0.0011699943627450015, Valid loss - 0.015498739343491339, AUC - 0.970478784131009, termAUC - 0.9021949188267012
Epoch 120: Loss - 0.006509759806292935, EL Loss: 0.0011589231464964227, Valid loss - 0.015538209969443934, AUC - 0.9705450354643004, termAUC - 0.9020359879115196
Epoch 121: Loss - 0.0064723230843829966, EL Loss: 0.0011479974829981597, Valid loss - 0.015562968741038016, AUC - 0.9705299669224151, termAUC - 0.9019247097139672
Epoch 122: Loss - 0.006450699026625964, EL Loss: 0.0011371994375958404, Valid loss - 0.015593759236591204, AUC - 0.9704078671964992, termAUC - 0.9017329911990956
Epoch 123: Loss - 0.006426681788227619, EL Loss: 0.0011265789178726724, Valid loss - 0.015616245093267589, AUC - 0.9704085956722833, termAUC - 0.9016861184433437
Epoch 124: Loss - 0.006396678547623852, EL Loss: 0.0011160441564447598, Valid loss - 0.015625388064377365, AUC - 0.9703182701355207, termAUC - 0.9015686389869989
Epoch 125: Loss - 0.006393994385707842, EL Loss: 0.0011056082245583336, Valid loss - 0.015637840583388296, AUC - 0.9702972199270641, termAUC - 0.9014643767597958
Epoch 126: Loss - 0.006359813700919065, EL Loss: 0.0010952291497167228, Valid loss - 0.015669219621590205, AUC - 0.9702176548995913, termAUC - 0.9013598905128962
Epoch 127: Loss - 0.00634166409377568, EL Loss: 0.0010849356545181003, Valid loss - 0.01570584810383263, AUC - 0.9700798687492106, termAUC - 0.9010512384757883
Loading the best model: deepgozero_zs_mf_s0_sel-loss
Test Loss - 0.013595362273917999, AUC - 0.976595730729176
Loading the best model: deepgozero_zs_mf_s0_sel-micro
Test Loss - 0.013686037105799187, AUC - 0.9769348996420906
Loading the best model: deepgozero_zs_mf_s0_sel-macro
Test Loss - 0.01366279225476319, AUC - 0.9768864354083227
=== end=2026-08-27T12:07:11+01:00
