=== command: python deepgozero.py -dr data -ont mf -m deepgozero_zs_mf_s1 -s 1 -ep 128 --zero-shot
=== start=2026-09-10T23:27:39+01:00
=== gpu: NVIDIA A100-PCIE-40GB
Epoch 0: Loss - 0.03483895800365046, EL Loss: 29.962434873540307, Valid loss - 0.031440006090062006, AUC - 0.7222648507408306, termAUC - 0.5924580841872555
Saving model (sel-loss)
Saving model (sel-micro)
Saving model (sel-macro)
Epoch 1: Loss - 0.03029342166706523, EL Loss: 2.1720909026230233, Valid loss - 0.029651350066775366, AUC - 0.7921875880131026, termAUC - 0.589491068366083
Saving model (sel-loss)
Saving model (sel-micro)
Epoch 2: Loss - 0.026748848725923587, EL Loss: 1.108160610841359, Valid loss - 0.02459638278399195, AUC - 0.8862807736597186, termAUC - 0.6051365374451619
Saving model (sel-loss)
Saving model (sel-micro)
Saving model (sel-macro)
Epoch 3: Loss - 0.022859811459502347, EL Loss: 0.7021275184278924, Valid loss - 0.022699526732876188, AUC - 0.9092602012741963, termAUC - 0.61831714840406
Saving model (sel-loss)
Saving model (sel-micro)
Saving model (sel-macro)
Epoch 4: Loss - 0.02174799257435135, EL Loss: 0.5111285863529506, Valid loss - 0.022176544394876277, AUC - 0.9173542102456486, termAUC - 0.6468971324289143
Saving model (sel-loss)
Saving model (sel-micro)
Saving model (sel-macro)
Epoch 5: Loss - 0.02110615833062397, EL Loss: 0.41522605617206315, Valid loss - 0.021889969963757763, AUC - 0.9218606471229502, termAUC - 0.6615060164729534
Saving model (sel-loss)
Saving model (sel-micro)
Saving model (sel-macro)
Epoch 6: Loss - 0.020934905222080514, EL Loss: 0.3994044463791913, Valid loss - 0.021851368709689095, AUC - 0.9227858198090251, termAUC - 0.6678292804924801
Saving model (sel-loss)
Saving model (sel-micro)
Saving model (sel-macro)
Epoch 7: Loss - 0.02078117437351245, EL Loss: 0.3813159927265586, Valid loss - 0.02181567680090666, AUC - 0.9232327217878223, termAUC - 0.6716178317645222
Saving model (sel-loss)
Saving model (sel-micro)
Saving model (sel-macro)
Epoch 8: Loss - 0.02067677426143005, EL Loss: 0.3605725314543524, Valid loss - 0.021747614292516596, AUC - 0.9243613316772109, termAUC - 0.6765706056248145
Saving model (sel-loss)
Saving model (sel-micro)
Saving model (sel-macro)
Epoch 9: Loss - 0.020524851635645946, EL Loss: 0.3367489588400299, Valid loss - 0.021650755547341846, AUC - 0.9254158195315296, termAUC - 0.6826898577886963
Saving model (sel-loss)
Saving model (sel-micro)
Saving model (sel-macro)
Epoch 10: Loss - 0.020328452635092285, EL Loss: 0.30976295623535544, Valid loss - 0.02156587883475281, AUC - 0.9261752605556699, termAUC - 0.6872249265737601
Saving model (sel-loss)
Saving model (sel-micro)
Saving model (sel-macro)
Epoch 11: Loss - 0.020111698765383042, EL Loss: 0.2810671233013669, Valid loss - 0.02140322042895215, AUC - 0.9277287243444398, termAUC - 0.6935956084750983
Saving model (sel-loss)
Saving model (sel-micro)
Saving model (sel-macro)
Epoch 12: Loss - 0.019812366188254854, EL Loss: 0.2518815745751317, Valid loss - 0.02125344490188928, AUC - 0.9291773211265416, termAUC - 0.7026492806549809
Saving model (sel-loss)
Saving model (sel-micro)
Saving model (sel-macro)
Epoch 13: Loss - 0.01946111757474871, EL Loss: 0.2230461625911938, Valid loss - 0.021049269510521777, AUC - 0.9308833496117545, termAUC - 0.7099376335756435
Saving model (sel-loss)
Saving model (sel-micro)
Saving model (sel-macro)
Epoch 14: Loss - 0.019093696170816788, EL Loss: 0.19491636388091108, Valid loss - 0.020781865095098814, AUC - 0.9335608783976064, termAUC - 0.7239097003168757
Saving model (sel-loss)
Saving model (sel-micro)
Saving model (sel-macro)
Epoch 15: Loss - 0.018627312777244564, EL Loss: 0.16751783368940423, Valid loss - 0.020383533906368982, AUC - 0.9365149723514361, termAUC - 0.736179273884414
Saving model (sel-loss)
Saving model (sel-micro)
Saving model (sel-macro)
Epoch 16: Loss - 0.01803998368335005, EL Loss: 0.14143701829214572, Valid loss - 0.01988871612009548, AUC - 0.9396551709532155, termAUC - 0.7531689137707709
Saving model (sel-loss)
Saving model (sel-micro)
Saving model (sel-macro)
Epoch 17: Loss - 0.01728135823540953, EL Loss: 0.11702982584635417, Valid loss - 0.019289853432703587, AUC - 0.9446326408666923, termAUC - 0.7804886334278336
Saving model (sel-loss)
Saving model (sel-micro)
Saving model (sel-macro)
Epoch 18: Loss - 0.016406936501574338, EL Loss: 0.09409398038864644, Valid loss - 0.01860198157706431, AUC - 0.9488659174029186, termAUC - 0.7997301455402245
Saving model (sel-loss)
Saving model (sel-micro)
Saving model (sel-macro)
Epoch 19: Loss - 0.015399801550796047, EL Loss: 0.0726496834938709, Valid loss - 0.017879058092477775, AUC - 0.9535103319606099, termAUC - 0.8275389987104619
Saving model (sel-loss)
Saving model (sel-micro)
Saving model (sel-macro)
Epoch 20: Loss - 0.014602916059307396, EL Loss: 0.06117101749990441, Valid loss - 0.017732927930496988, AUC - 0.9544748287681434, termAUC - 0.8325996913046246
Saving model (sel-loss)
Saving model (sel-micro)
Saving model (sel-macro)
Epoch 21: Loss - 0.014412845730884706, EL Loss: 0.0589459436777999, Valid loss - 0.017637143363910063, AUC - 0.9551396133241199, termAUC - 0.8364966784755317
Saving model (sel-loss)
Saving model (sel-micro)
Saving model (sel-macro)
Epoch 22: Loss - 0.014289505696429993, EL Loss: 0.056749294586360646, Valid loss - 0.01755210957711651, AUC - 0.9557152582063502, termAUC - 0.8396759436016468
Saving model (sel-loss)
Saving model (sel-micro)
Saving model (sel-macro)
Epoch 23: Loss - 0.014170755669911004, EL Loss: 0.05459547784334173, Valid loss - 0.017472299330291294, AUC - 0.9561554329705444, termAUC - 0.8420709278603016
Saving model (sel-loss)
Saving model (sel-micro)
Saving model (sel-macro)
Epoch 24: Loss - 0.014004618930208861, EL Loss: 0.05245889295626499, Valid loss - 0.017391258691038403, AUC - 0.956673002018232, termAUC - 0.8447310795897297
Saving model (sel-loss)
Saving model (sel-micro)
Saving model (sel-macro)
Epoch 25: Loss - 0.013883457552836027, EL Loss: 0.050340354422759956, Valid loss - 0.017312092555775527, AUC - 0.9571071289801978, termAUC - 0.8468937971340976
Saving model (sel-loss)
Saving model (sel-micro)
Saving model (sel-macro)
Epoch 26: Loss - 0.013760876416350706, EL Loss: 0.048250783687106336, Valid loss - 0.017230825622876485, AUC - 0.9576037072595565, termAUC - 0.8497542101809701
Saving model (sel-loss)
Saving model (sel-micro)
Saving model (sel-macro)
Epoch 27: Loss - 0.013622935389240963, EL Loss: 0.04618378832571296, Valid loss - 0.017145521300179618, AUC - 0.9580488632983947, termAUC - 0.8518725251728758
Saving model (sel-loss)
Saving model (sel-micro)
Saving model (sel-macro)
Epoch 28: Loss - 0.013505477927371272, EL Loss: 0.04413850541217639, Valid loss - 0.01707175706646272, AUC - 0.9585075963103751, termAUC - 0.8542723705892598
Saving model (sel-loss)
Saving model (sel-micro)
Saving model (sel-macro)
Epoch 29: Loss - 0.013372807916257773, EL Loss: 0.04210878140565813, Valid loss - 0.016986359150281974, AUC - 0.9589009493802539, termAUC - 0.8562117625813148
Saving model (sel-loss)
Saving model (sel-micro)
Saving model (sel-macro)
Epoch 30: Loss - 0.013236191893379275, EL Loss: 0.0401002032854877, Valid loss - 0.016907800255077227, AUC - 0.9593919907404117, termAUC - 0.8587540960089309
Saving model (sel-loss)
Saving model (sel-micro)
Saving model (sel-macro)
Epoch 31: Loss - 0.013087977153369096, EL Loss: 0.038118247752086803, Valid loss - 0.01683398914479074, AUC - 0.9597820073376283, termAUC - 0.8608389159136488
Saving model (sel-loss)
Saving model (sel-micro)
Saving model (sel-macro)
Epoch 32: Loss - 0.012955303566730695, EL Loss: 0.03615840141591046, Valid loss - 0.016755093696216743, AUC - 0.9602243254223046, termAUC - 0.863209432049759
Saving model (sel-loss)
Saving model (sel-micro)
Saving model (sel-macro)
Epoch 33: Loss - 0.012825497897208942, EL Loss: 0.03422348724164394, Valid loss - 0.01668160774168514, AUC - 0.9605551371886003, termAUC - 0.864718546777361
Saving model (sel-loss)
Saving model (sel-micro)
Saving model (sel-macro)
Epoch 34: Loss - 0.012700246418880833, EL Loss: 0.03242762828755556, Valid loss - 0.016596808328869797, AUC - 0.9610442502952904, termAUC - 0.8671052904052363
Saving model (sel-loss)
Saving model (sel-micro)
Saving model (sel-macro)
Epoch 35: Loss - 0.012549034116494134, EL Loss: 0.030677697370354487, Valid loss - 0.01651260249671482, AUC - 0.961591186361335, termAUC - 0.8696215499436672
Saving model (sel-loss)
Saving model (sel-micro)
Saving model (sel-macro)
Epoch 36: Loss - 0.012414995147484623, EL Loss: 0.0289253382502209, Valid loss - 0.016455544611173017, AUC - 0.9619113525309365, termAUC - 0.8712250987648514
Saving model (sel-loss)
Saving model (sel-micro)
Saving model (sel-macro)
Epoch 37: Loss - 0.012275254615722373, EL Loss: 0.027234722176790873, Valid loss - 0.01636709025395768, AUC - 0.962349549266842, termAUC - 0.8731065516817016
Saving model (sel-loss)
Saving model (sel-micro)
Saving model (sel-macro)
Epoch 38: Loss - 0.012139758519645823, EL Loss: 0.02565966152186338, Valid loss - 0.01627977972051927, AUC - 0.962835832507478, termAUC - 0.8753321329808998
Saving model (sel-loss)
Saving model (sel-micro)
Saving model (sel-macro)
Epoch 39: Loss - 0.011972422308870715, EL Loss: 0.024082907198812252, Valid loss - 0.016192572555016903, AUC - 0.9632672782291759, termAUC - 0.8772078662880919
Saving model (sel-loss)
Saving model (sel-micro)
Saving model (sel-macro)
Epoch 40: Loss - 0.011821835780371461, EL Loss: 0.022521427115455222, Valid loss - 0.016127753346448854, AUC - 0.9636502425308847, termAUC - 0.8791578013327277
Saving model (sel-loss)
Saving model (sel-micro)
Saving model (sel-macro)
Epoch 41: Loss - 0.01169920284191942, EL Loss: 0.02098814694407268, Valid loss - 0.016064055769571237, AUC - 0.9640318327515267, termAUC - 0.8810613143015485
Saving model (sel-loss)
Saving model (sel-micro)
Saving model (sel-macro)
Epoch 42: Loss - 0.011546415157806569, EL Loss: 0.01949885442329291, Valid loss - 0.01598335276579573, AUC - 0.9644883352435875, termAUC - 0.8829464507833541
Saving model (sel-loss)
Saving model (sel-micro)
Saving model (sel-macro)
Epoch 43: Loss - 0.01139173289181722, EL Loss: 0.018048970562359268, Valid loss - 0.01590095651114271, AUC - 0.9648656871020576, termAUC - 0.8845405489641105
Saving model (sel-loss)
Saving model (sel-micro)
Saving model (sel-macro)
Epoch 44: Loss - 0.011250803299660817, EL Loss: 0.016633730467024068, Valid loss - 0.01584088249752919, AUC - 0.9651944816727318, termAUC - 0.8862801409657463
Saving model (sel-loss)
Saving model (sel-micro)
Saving model (sel-macro)
Epoch 45: Loss - 0.01111246480163151, EL Loss: 0.015251886064863116, Valid loss - 0.0157564053311944, AUC - 0.9656364127981645, termAUC - 0.8879301010726227
Saving model (sel-loss)
Saving model (sel-micro)
Saving model (sel-macro)
Epoch 46: Loss - 0.010967307067471253, EL Loss: 0.013910756866954449, Valid loss - 0.01568493029723565, AUC - 0.9660002274937993, termAUC - 0.8895832148234042
Saving model (sel-loss)
Saving model (sel-micro)
Saving model (sel-macro)
Epoch 47: Loss - 0.010791630037347127, EL Loss: 0.012613617199154707, Valid loss - 0.0156196413384307, AUC - 0.9663781366917961, termAUC - 0.8909180519848152
Saving model (sel-loss)
Saving model (sel-micro)
Saving model (sel-macro)
Epoch 48: Loss - 0.010656407857224487, EL Loss: 0.011365898094349267, Valid loss - 0.015551484340713137, AUC - 0.9666818828619155, termAUC - 0.8922085576381171
Saving model (sel-loss)
Saving model (sel-micro)
Saving model (sel-macro)
Epoch 49: Loss - 0.010509479634217814, EL Loss: 0.010194787092078418, Valid loss - 0.015481164368490377, AUC - 0.9670584894413223, termAUC - 0.8935726820046133
Saving model (sel-loss)
Saving model (sel-micro)
Saving model (sel-macro)
Epoch 50: Loss - 0.010361498576827959, EL Loss: 0.009096362412816927, Valid loss - 0.015409362493526368, AUC - 0.9674003678300641, termAUC - 0.8948763861925436
Saving model (sel-loss)
Saving model (sel-micro)
Saving model (sel-macro)
Epoch 51: Loss - 0.010221295844747649, EL Loss: 0.00806270218360078, Valid loss - 0.015346156504182588, AUC - 0.9677804360823181, termAUC - 0.896258112945795
Saving model (sel-loss)
Saving model (sel-micro)
Saving model (sel-macro)
Epoch 52: Loss - 0.010070295838284067, EL Loss: 0.007148319011290297, Valid loss - 0.015287155817661966, AUC - 0.9680723149071107, termAUC - 0.8974889297563673
Saving model (sel-loss)
Saving model (sel-micro)
Saving model (sel-macro)
Epoch 53: Loss - 0.00994268161888384, EL Loss: 0.006317400073987671, Valid loss - 0.015219019406608173, AUC - 0.9683666763789939, termAUC - 0.8984431714351558
Saving model (sel-loss)
Saving model (sel-micro)
Saving model (sel-macro)
Epoch 54: Loss - 0.009796370234423743, EL Loss: 0.005562703106830073, Valid loss - 0.015180244350007602, AUC - 0.9686669964069713, termAUC - 0.8994695960892641
Saving model (sel-loss)
Saving model (sel-micro)
Saving model (sel-macro)
Epoch 55: Loss - 0.009683916779657522, EL Loss: 0.004875059590671961, Valid loss - 0.015128527359948272, AUC - 0.9689071080370161, termAUC - 0.9003020826440453
Saving model (sel-loss)
Saving model (sel-micro)
Saving model (sel-macro)
Epoch 56: Loss - 0.009557839160184033, EL Loss: 0.004253916899625041, Valid loss - 0.015090537745328177, AUC - 0.9691665589617534, termAUC - 0.9012110086109897
Saving model (sel-loss)
Saving model (sel-micro)
Saving model (sel-macro)
Epoch 57: Loss - 0.009439147475718087, EL Loss: 0.003701776540337311, Valid loss - 0.015048996501025699, AUC - 0.9694487574362206, termAUC - 0.9019315547598372
Saving model (sel-loss)
Saving model (sel-micro)
Saving model (sel-macro)
Epoch 58: Loss - 0.00932360501390613, EL Loss: 0.0032164788303085472, Valid loss - 0.015037859186884902, AUC - 0.9696004377546606, termAUC - 0.9024512615513403
Saving model (sel-loss)
Saving model (sel-micro)
Saving model (sel-macro)
Epoch 59: Loss - 0.009221478192288432, EL Loss: 0.0028175950758020304, Valid loss - 0.01498945720848583, AUC - 0.9698437385207164, termAUC - 0.903282809824443
Saving model (sel-loss)
Saving model (sel-micro)
Saving model (sel-macro)
Epoch 60: Loss - 0.009115940373474227, EL Loss: 0.002496464457660437, Valid loss - 0.014965984225273132, AUC - 0.9699839339984037, termAUC - 0.90377053303255
Saving model (sel-loss)
Saving model (sel-micro)
Saving model (sel-macro)
Epoch 61: Loss - 0.009024067899892633, EL Loss: 0.0022998663688056703, Valid loss - 0.014940847412106537, AUC - 0.970169034086234, termAUC - 0.9043772308163117
Saving model (sel-loss)
Saving model (sel-micro)
Saving model (sel-macro)
Epoch 62: Loss - 0.00892986936090044, EL Loss: 0.0021647218412980517, Valid loss - 0.014919645303771609, AUC - 0.9703080126296406, termAUC - 0.9048616645569946
Saving model (sel-loss)
Saving model (sel-micro)
Saving model (sel-macro)
Epoch 63: Loss - 0.00882913831460733, EL Loss: 0.002079418988569111, Valid loss - 0.014923109699572836, AUC - 0.9703873668521938, termAUC - 0.9051983428098861
Saving model (sel-micro)
Saving model (sel-macro)
Epoch 64: Loss - 0.00875049515669973, EL Loss: 0.0020363304937105623, Valid loss - 0.014888859682139896, AUC - 0.9705737501722963, termAUC - 0.9055707452956245
Saving model (sel-loss)
Saving model (sel-micro)
Saving model (sel-macro)
Epoch 65: Loss - 0.0086631909482919, EL Loss: 0.0020069872771505824, Valid loss - 0.014885039902513936, AUC - 0.9707388042855277, termAUC - 0.905832726066439
Saving model (sel-loss)
Saving model (sel-micro)
Saving model (sel-macro)
Epoch 66: Loss - 0.008588603117500251, EL Loss: 0.001983815656342128, Valid loss - 0.014876380128165086, AUC - 0.9707957349060934, termAUC - 0.9062075210585451
Saving model (sel-loss)
Saving model (sel-micro)
Saving model (sel-macro)
Epoch 67: Loss - 0.008506638312333436, EL Loss: 0.00196504624162754, Valid loss - 0.014870970208375228, AUC - 0.9708617225577697, termAUC - 0.906355035528024
Saving model (sel-loss)
Saving model (sel-micro)
Saving model (sel-macro)
Epoch 68: Loss - 0.008440625524551026, EL Loss: 0.0019466674200301797, Valid loss - 0.014868695634816374, AUC - 0.971007413314102, termAUC - 0.9065454174041357
Saving model (sel-loss)
Saving model (sel-micro)
Saving model (sel-macro)
Epoch 69: Loss - 0.008345867757099315, EL Loss: 0.0019285639245122577, Valid loss - 0.014874240942299366, AUC - 0.9710095789747646, termAUC - 0.9067509843178565
Saving model (sel-micro)
Saving model (sel-macro)
Epoch 70: Loss - 0.008302172781310428, EL Loss: 0.0019107271037664547, Valid loss - 0.014861601963639259, AUC - 0.9711637338299034, termAUC - 0.9070505468288826
Saving model (sel-loss)
Saving model (sel-micro)
Saving model (sel-macro)
Epoch 71: Loss - 0.00822486691038036, EL Loss: 0.0018930341666554427, Valid loss - 0.01486833794485955, AUC - 0.9712058278886908, termAUC - 0.9072591561746821
Saving model (sel-micro)
Saving model (sel-macro)
Epoch 72: Loss - 0.008161287683362778, EL Loss: 0.001875419216280103, Valid loss - 0.014866141096821854, AUC - 0.9712211324356399, termAUC - 0.9073274953412819
Saving model (sel-micro)
Saving model (sel-macro)
Epoch 73: Loss - 0.008104704283733274, EL Loss: 0.0018578926246381178, Valid loss - 0.014882809216422694, AUC - 0.9712541705741976, termAUC - 0.907675999317945
Saving model (sel-micro)
Saving model (sel-macro)
Epoch 74: Loss - 0.008052056466841215, EL Loss: 0.0018405597585058027, Valid loss - 0.014882856979966164, AUC - 0.9713438092248027, termAUC - 0.9077044495419844
Saving model (sel-micro)
Saving model (sel-macro)
Epoch 75: Loss - 0.007989038172236488, EL Loss: 0.0018235446020605736, Valid loss - 0.0148836782867355, AUC - 0.9713712006849126, termAUC - 0.9078243159359344
Saving model (sel-micro)
Saving model (sel-macro)
Epoch 76: Loss - 0.007931618599659497, EL Loss: 0.0018067138333516285, Valid loss - 0.01488232139852785, AUC - 0.971413186852897, termAUC - 0.9078730933248038
Saving model (sel-micro)
Saving model (sel-macro)
Epoch 77: Loss - 0.007877881209246013, EL Loss: 0.0017901010442122468, Valid loss - 0.014887280806544282, AUC - 0.9714570484708663, termAUC - 0.9078863065294436
Saving model (sel-micro)
Saving model (sel-macro)
Epoch 78: Loss - 0.007836893208808919, EL Loss: 0.0017737583738292495, Valid loss - 0.014903112908913975, AUC - 0.9714334866464519, termAUC - 0.9080118859238034
Saving model (sel-macro)
Epoch 79: Loss - 0.007784891571091831, EL Loss: 0.0017577483800028603, Valid loss - 0.01489701345119448, AUC - 0.9715124702276299, termAUC - 0.9081331314011507
Saving model (sel-micro)
Saving model (sel-macro)
Epoch 80: Loss - 0.007727798955223431, EL Loss: 0.0017418265744401052, Valid loss - 0.01491864523185151, AUC - 0.971509507350206, termAUC - 0.9080057786664246
Epoch 81: Loss - 0.007670694047682328, EL Loss: 0.0017260018984327952, Valid loss - 0.014927372504912672, AUC - 0.9715516839627819, termAUC - 0.9080699859480552
Saving model (sel-micro)
Epoch 82: Loss - 0.007634075958067522, EL Loss: 0.0017103692715049299, Valid loss - 0.014933539935875506, AUC - 0.9715195649085239, termAUC - 0.9080485561135936
Epoch 83: Loss - 0.0075917064293592185, EL Loss: 0.0016948440406249323, Valid loss - 0.014950295054309426, AUC - 0.9715320205229987, termAUC - 0.9081618386224651
Saving model (sel-macro)
Epoch 84: Loss - 0.007541482982992396, EL Loss: 0.0016794348924338452, Valid loss - 0.014972992542953718, AUC - 0.971489347895384, termAUC - 0.9079555265050475
Epoch 85: Loss - 0.007498781123874001, EL Loss: 0.001664134207988977, Valid loss - 0.014990467764437198, AUC - 0.971530360136845, termAUC - 0.9080528631306467
Epoch 86: Loss - 0.007447679220630338, EL Loss: 0.0016489680454777644, Valid loss - 0.01499830438267617, AUC - 0.9714608412787643, termAUC - 0.9079919428902182
Epoch 87: Loss - 0.007416222536097319, EL Loss: 0.0016339985196031353, Valid loss - 0.015007290918202628, AUC - 0.9714984946516768, termAUC - 0.907943797487516
Epoch 88: Loss - 0.007376153110323178, EL Loss: 0.0016192003544786978, Valid loss - 0.015008787642277423, AUC - 0.9715127051043041, termAUC - 0.9079607467523534
Epoch 89: Loss - 0.0073279986154046045, EL Loss: 0.001604484409318009, Valid loss - 0.015030735110243162, AUC - 0.9714671621653136, termAUC - 0.908061645324778
Epoch 90: Loss - 0.007291863693015628, EL Loss: 0.0015899007932924695, Valid loss - 0.015066746192141657, AUC - 0.971462283133165, termAUC - 0.9079245810458634
Epoch 91: Loss - 0.007242015868433304, EL Loss: 0.001575540905819335, Valid loss - 0.015060267180559181, AUC - 0.971493129354147, termAUC - 0.9078906747075867
Epoch 92: Loss - 0.007219439325804591, EL Loss: 0.001561301031632942, Valid loss - 0.015080197967056718, AUC - 0.9714367964149841, termAUC - 0.9078610266559236
Epoch 93: Loss - 0.007175280682294291, EL Loss: 0.0015471964102303877, Valid loss - 0.015097835145535924, AUC - 0.9714267540922967, termAUC - 0.9077420065275824
Epoch 94: Loss - 0.007151844498678582, EL Loss: 0.0015331520462166658, Valid loss - 0.015135541846532197, AUC - 0.9714515933558461, termAUC - 0.9076078455038346
Epoch 95: Loss - 0.007100850718365675, EL Loss: 0.0015192829332581232, Valid loss - 0.015136759222618172, AUC - 0.9714203107652595, termAUC - 0.9075531237928676
Epoch 96: Loss - 0.007077036000474796, EL Loss: 0.00150554191459494, Valid loss - 0.015166377032264358, AUC - 0.9714088355850407, termAUC - 0.9074991340114467
Epoch 97: Loss - 0.00704133239177009, EL Loss: 0.0014918336573605355, Valid loss - 0.015171190351247787, AUC - 0.9714245363777555, termAUC - 0.9074467541112397
Epoch 98: Loss - 0.006999622793378223, EL Loss: 0.001478299438056791, Valid loss - 0.015199825664361318, AUC - 0.9713944120245623, termAUC - 0.9073307853161191
Epoch 99: Loss - 0.006970229497153602, EL Loss: 0.0014649279222449761, Valid loss - 0.015225859629433779, AUC - 0.9713542231756105, termAUC - 0.9071644758010243
Epoch 100: Loss - 0.00693655824085402, EL Loss: 0.0014516291300556896, Valid loss - 0.015241315051735867, AUC - 0.9713257692017311, termAUC - 0.9071627932984714
Epoch 101: Loss - 0.006901337209735879, EL Loss: 0.0014383431100777496, Valid loss - 0.01527294007440408, AUC - 0.9712994981692504, termAUC - 0.9070127251490745
Epoch 102: Loss - 0.006878274451014888, EL Loss: 0.0014251025145153363, Valid loss - 0.015286779266205572, AUC - 0.9712280546672726, termAUC - 0.9069555044529036
Epoch 103: Loss - 0.00684378374887668, EL Loss: 0.001411922697049265, Valid loss - 0.01529439054873018, AUC - 0.9712445902939404, termAUC - 0.9069233952419867
Epoch 104: Loss - 0.006821555026714651, EL Loss: 0.0013988154455057333, Valid loss - 0.015314819073925416, AUC - 0.9712127435171032, termAUC - 0.9069222872130793
Epoch 105: Loss - 0.006797542422861099, EL Loss: 0.0013858730246682867, Valid loss - 0.01534637420305184, AUC - 0.9712011735522572, termAUC - 0.9068245640304461
Epoch 106: Loss - 0.006753424976737148, EL Loss: 0.0013730677858360023, Valid loss - 0.01537304979172491, AUC - 0.9711759104236833, termAUC - 0.9067943861535185
Epoch 107: Loss - 0.006722012790876091, EL Loss: 0.0013603575335998045, Valid loss - 0.015414253977083025, AUC - 0.9710606605151929, termAUC - 0.9066370675439585
Epoch 108: Loss - 0.006692710789803245, EL Loss: 0.0013478214234357681, Valid loss - 0.015424101511459974, AUC - 0.9709667246607001, termAUC - 0.906515045229328
Epoch 109: Loss - 0.006668305479751798, EL Loss: 0.0013354597671485096, Valid loss - 0.015460829920179787, AUC - 0.9709402536488256, termAUC - 0.9063686650339531
Epoch 110: Loss - 0.006646986492126942, EL Loss: 0.0013232651724270818, Valid loss - 0.01546275873801538, AUC - 0.97101401391684, termAUC - 0.90626825148573
Epoch 111: Loss - 0.006621746726718922, EL Loss: 0.001311168768264639, Valid loss - 0.01548941425446953, AUC - 0.9709106567002401, termAUC - 0.9060538915414607
Epoch 112: Loss - 0.006607530432028242, EL Loss: 0.0012991083038304322, Valid loss - 0.015501012355976162, AUC - 0.9709694808122724, termAUC - 0.9060029216290411
Epoch 113: Loss - 0.006582718450899402, EL Loss: 0.001287148283130992, Valid loss - 0.015547917765520869, AUC - 0.9707712187213148, termAUC - 0.9057686527800562
Epoch 114: Loss - 0.006537209257991296, EL Loss: 0.0012754487364450757, Valid loss - 0.015563064476563818, AUC - 0.9707609762998699, termAUC - 0.9057653326984663
Epoch 115: Loss - 0.006535496380719673, EL Loss: 0.0012638800588056557, Valid loss - 0.015604771562807616, AUC - 0.9706503204123499, termAUC - 0.905628875481574
Epoch 116: Loss - 0.006495826911375609, EL Loss: 0.0012524211600708505, Valid loss - 0.0156016091860476, AUC - 0.970628951629125, termAUC - 0.9055757912061285
Epoch 117: Loss - 0.006467489481539614, EL Loss: 0.0012410295916685519, Valid loss - 0.015627064928412437, AUC - 0.9706031574545447, termAUC - 0.9054343688797394
Epoch 118: Loss - 0.006450158006316239, EL Loss: 0.0012297007957963358, Valid loss - 0.015646232292056084, AUC - 0.9705329663554845, termAUC - 0.9054216177619683
Epoch 119: Loss - 0.006435854917866226, EL Loss: 0.0012185472326305584, Valid loss - 0.015678346729172128, AUC - 0.9705593288813273, termAUC - 0.9052726464798488
Epoch 120: Loss - 0.006413823076701377, EL Loss: 0.001207464148837942, Valid loss - 0.01569703178302873, AUC - 0.9705002819022389, termAUC - 0.9050980284400235
Epoch 121: Loss - 0.006392155045443101, EL Loss: 0.0011964242052905762, Valid loss - 0.0157186821679629, AUC - 0.9703951587848222, termAUC - 0.9049834980075445
Epoch 122: Loss - 0.006363283044383866, EL Loss: 0.0011855035420721427, Valid loss - 0.015753508119710855, AUC - 0.9703549983174651, termAUC - 0.9049013958661366
Epoch 123: Loss - 0.006338107223841694, EL Loss: 0.0011747745666613246, Valid loss - 0.01578708490622895, AUC - 0.970371954331684, termAUC - 0.9047078694221501
Epoch 124: Loss - 0.006322601159213307, EL Loss: 0.0011640848373474515, Valid loss - 0.01578572325497156, AUC - 0.9703370814781227, termAUC - 0.9046577742683858
Epoch 125: Loss - 0.006301897837303349, EL Loss: 0.0011534863289225455, Valid loss - 0.0158144784647794, AUC - 0.9703197460134583, termAUC - 0.9045475741030296
Epoch 126: Loss - 0.006273179661425047, EL Loss: 0.001143000335100328, Valid loss - 0.015831470675766467, AUC - 0.970168507009479, termAUC - 0.9045201510269172
Epoch 127: Loss - 0.00625263541888275, EL Loss: 0.0011326512773109638, Valid loss - 0.015867369138591346, AUC - 0.9702090481893584, termAUC - 0.90434952371778
Loading the best model: deepgozero_zs_mf_s1_sel-loss
Test Loss - 0.013686399284779327, AUC - 0.9764019642529016
Loading the best model: deepgozero_zs_mf_s1_sel-micro
Test Loss - 0.013721713909035316, AUC - 0.97681204716722
Loading the best model: deepgozero_zs_mf_s1_sel-macro
Test Loss - 0.013752653838309925, AUC - 0.9767691946687397
=== end=2026-09-11T00:47:51+01:00
