=== command: python neuralgobox_train.py -dr data -ont mf -m neuralgobox_zs_mf_s0 -s 0 -ep 10 --zero-shot
=== start=2026-09-10T11:45:30+01:00
=== gpu: NVIDIA A100 80GB PCIe
Epoch 0: Loss - 0.014300359703632144, EL Loss: 0.9483921106377095, Valid loss - 0.01392622690293051, AUC - 0.9736903759411116, termAUC - 0.9003954349116796, lr - 0.0005
Saving model (sel-loss)
Saving model (sel-micro)
Saving model (sel-macro)
Epoch 1: Loss - 0.010100888857504906, EL Loss: 0.38616630644463124, Valid loss - 0.014358853907989605, AUC - 0.9740552689145318, termAUC - 0.9009369929409758, lr - 0.0005
Saving model (sel-micro)
Saving model (sel-macro)
Epoch 2: Loss - 0.007513590060577145, EL Loss: 0.33156369018732423, Valid loss - 0.014020811890562375, AUC - 0.9762224135075814, termAUC - 0.9077462166159859, lr - 5e-05
Saving model (sel-micro)
Saving model (sel-macro)
Epoch 3: Loss - 0.006872422827052645, EL Loss: 0.32315722990213747, Valid loss - 0.014299064431162108, AUC - 0.9755988706776657, termAUC - 0.9088328251974018, lr - 5e-05
Saving model (sel-macro)
Epoch 4: Loss - 0.006360819294237402, EL Loss: 0.3187999184202716, Valid loss - 0.01434415223609124, AUC - 0.975494569283253, termAUC - 0.9087923540062661, lr - 5e-06
Epoch 5: Loss - 0.0063058640616940964, EL Loss: 0.3178307117618565, Valid loss - 0.014405548616888978, AUC - 0.9753717818929264, termAUC - 0.9086703056233535, lr - 5e-06
Epoch 6: Loss - 0.006263192906713904, EL Loss: 0.31686971423090204, Valid loss - 0.014463348464951628, AUC - 0.9752083500314129, termAUC - 0.9086001183944497, lr - 5e-06
Epoch 7: Loss - 0.006230070388105254, EL Loss: 0.31586200176590423, Valid loss - 0.014517728722698632, AUC - 0.9750700655391911, termAUC - 0.908500571209594, lr - 5e-06
Epoch 8: Loss - 0.006186515501481148, EL Loss: 0.3148348483795556, Valid loss - 0.014573451091668436, AUC - 0.9749051840232325, termAUC - 0.9083064739285177, lr - 5e-06
Epoch 9: Loss - 0.00614651458816954, EL Loss: 0.31377645987418257, Valid loss - 0.014627768711319992, AUC - 0.9747820857706502, termAUC - 0.9082012316860811, lr - 5e-06
Loading the best model: neuralgobox_zs_mf_s0_sel-loss
Test Loss - 0.012994189928576816, AUC - 0.9783994973381184
Loading the best model: neuralgobox_zs_mf_s0_sel-micro
Test Loss - 0.012873757343186298, AUC - 0.9806831480610031
Loading the best model: neuralgobox_zs_mf_s0_sel-macro
Test Loss - 0.01315184480699827, AUC - 0.9800703468593521
=== end=2026-09-10T12:12:38+01:00
