=== command: python neuralgobox_train.py -dr data -ont mf -m neuralgobox_zs_mf_s2 -s 2 -ep 10 --zero-shot
=== start=2026-09-11T00:03:50+01:00
=== gpu: NVIDIA A100-PCIE-40GB
Epoch 0: Loss - 0.014294872281594843, EL Loss: 0.9465153040532994, Valid loss - 0.013883357122540473, AUC - 0.9740031886023431, termAUC - 0.9001861778531212, lr - 0.0005
Saving model (sel-loss)
Saving model (sel-micro)
Saving model (sel-macro)
Epoch 1: Loss - 0.010125016104787016, EL Loss: 0.38693873106608123, Valid loss - 0.014012189843647537, AUC - 0.9755630601540203, termAUC - 0.9045578484945991, lr - 0.0005
Saving model (sel-micro)
Saving model (sel-macro)
Epoch 2: Loss - 0.007483445103969564, EL Loss: 0.331468815811145, Valid loss - 0.013898654610273384, AUC - 0.9768431279276869, termAUC - 0.9101705142128192, lr - 5e-05
Saving model (sel-micro)
Saving model (sel-macro)
Epoch 3: Loss - 0.006864282367522883, EL Loss: 0.3231531185781359, Valid loss - 0.014241517503701505, AUC - 0.976116477859789, termAUC - 0.9096251541984226, lr - 5e-05
Epoch 4: Loss - 0.00635349177071057, EL Loss: 0.3187473343964964, Valid loss - 0.014288295747800953, AUC - 0.9759319293215344, termAUC - 0.9095535470101609, lr - 5e-06
Epoch 5: Loss - 0.006295287193873296, EL Loss: 0.3177843714991824, Valid loss - 0.014362922412831158, AUC - 0.9757158161258271, termAUC - 0.9093582535699645, lr - 5e-06
Epoch 6: Loss - 0.00625358897889146, EL Loss: 0.31680811213228266, Valid loss - 0.014430807056348948, AUC - 0.9755533973056526, termAUC - 0.9091893992862161, lr - 5e-06
Epoch 7: Loss - 0.006212725456808004, EL Loss: 0.31579029820343685, Valid loss - 0.014492861828988507, AUC - 0.9753642983143155, termAUC - 0.9090184796654318, lr - 5e-06
Epoch 8: Loss - 0.006174081766380828, EL Loss: 0.3147411120141022, Valid loss - 0.014554844783352954, AUC - 0.9751708258725031, termAUC - 0.9087560757807122, lr - 5e-06
Epoch 9: Loss - 0.006138285444960141, EL Loss: 0.31366126269451217, Valid loss - 0.014614842712346997, AUC - 0.9749834689776022, termAUC - 0.9085356956461174, lr - 5e-06
Loading the best model: neuralgobox_zs_mf_s2_sel-loss
Test Loss - 0.013155785367416684, AUC - 0.978159262386789
Loading the best model: neuralgobox_zs_mf_s2_sel-micro
Test Loss - 0.012906527961604297, AUC - 0.9812757979160206
Loading the best model: neuralgobox_zs_mf_s2_sel-macro
Test Loss - 0.012906527961604297, AUC - 0.9812757979160206
=== end=2026-09-11T00:35:19+01:00
