=== command: python deepgozero.py -dr data -ont mf -m deepgozero_mf_s0 -s 0 -ep 128
=== start=2026-08-26T16:11:39+01:00
=== gpu: NVIDIA A100-PCIE-40GB
Epoch 0: Loss - 0.016553454770566748, EL Loss: 30.03396106147157, Valid loss - 0.012556821622309231, AUC - 0.6971325306385362, termAUC - 0.5645246565588911
Saving model (sel-loss)
Saving model (sel-micro)
Saving model (sel-macro)
Epoch 1: Loss - 0.012094231610532545, EL Loss: 2.159215396585556, Valid loss - 0.011669437667088849, AUC - 0.7505875505417349, termAUC - 0.556213585404063
Saving model (sel-loss)
Saving model (sel-micro)
Epoch 2: Loss - 0.011543613990929466, EL Loss: 1.0850221027835363, Valid loss - 0.011593469959639368, AUC - 0.7882759582232933, termAUC - 0.5741924860266082
Saving model (sel-loss)
Saving model (sel-micro)
Saving model (sel-macro)
Epoch 3: Loss - 0.011103847741493528, EL Loss: 0.6566631965362988, Valid loss - 0.011110402931947084, AUC - 0.817480277123266, termAUC - 0.5780684267775298
Saving model (sel-loss)
Saving model (sel-micro)
Saving model (sel-macro)
Epoch 4: Loss - 0.010367733143722288, EL Loss: 0.4716839122886475, Valid loss - 0.009803514209176812, AUC - 0.8868438500674035, termAUC - 0.5939161311154989
Saving model (sel-loss)
Saving model (sel-micro)
Saving model (sel-macro)
Epoch 5: Loss - 0.008992449232675651, EL Loss: 0.37461384638937645, Valid loss - 0.008822817883143822, AUC - 0.9295682640250151, termAUC - 0.608744865068097
Saving model (sel-loss)
Saving model (sel-micro)
Saving model (sel-macro)
Epoch 6: Loss - 0.008456813145222597, EL Loss: 0.3591335817013051, Valid loss - 0.008502920242469935, AUC - 0.936390201195601, termAUC - 0.6153932020256941
Saving model (sel-loss)
Saving model (sel-micro)
Saving model (sel-macro)
Epoch 7: Loss - 0.008138464854016534, EL Loss: 0.3418243238275932, Valid loss - 0.008247252575875748, AUC - 0.9403814378238803, termAUC - 0.6202118094603989
Saving model (sel-loss)
Saving model (sel-micro)
Saving model (sel-macro)
Epoch 8: Loss - 0.007891318651711662, EL Loss: 0.32264462783059883, Valid loss - 0.008087237640505745, AUC - 0.9434228085347586, termAUC - 0.6255846775710243
Saving model (sel-loss)
Saving model (sel-micro)
Saving model (sel-macro)
Epoch 9: Loss - 0.00769717466627685, EL Loss: 0.30103437156595997, Valid loss - 0.007894526705855415, AUC - 0.945620886727181, termAUC - 0.6301590123700724
Saving model (sel-loss)
Saving model (sel-micro)
Saving model (sel-macro)
Epoch 10: Loss - 0.0074939780240765395, EL Loss: 0.27692946029928167, Valid loss - 0.007657182163425855, AUC - 0.9480497458349678, termAUC - 0.6385203866232452
Saving model (sel-loss)
Saving model (sel-micro)
Saving model (sel-macro)
Epoch 11: Loss - 0.007330506419142087, EL Loss: 0.25125083106711776, Valid loss - 0.007581909479839461, AUC - 0.9503588713372583, termAUC - 0.6415416193777324
Saving model (sel-loss)
Saving model (sel-micro)
Saving model (sel-macro)
Epoch 12: Loss - 0.0071737028041475625, EL Loss: 0.22530305671234863, Valid loss - 0.007406231180010807, AUC - 0.9527209049141243, termAUC - 0.6493308426248927
Saving model (sel-loss)
Saving model (sel-micro)
Saving model (sel-macro)
Epoch 13: Loss - 0.007070561973586346, EL Loss: 0.20004047308993925, Valid loss - 0.007373793201432341, AUC - 0.9546267279374498, termAUC - 0.655563110694685
Saving model (sel-loss)
Saving model (sel-micro)
Saving model (sel-macro)
Epoch 14: Loss - 0.006992634088772967, EL Loss: 0.17572881833623394, Valid loss - 0.007341035020848115, AUC - 0.9561938506514409, termAUC - 0.6700739878664143
Saving model (sel-loss)
Saving model (sel-micro)
Saving model (sel-macro)
Epoch 15: Loss - 0.006921204337126181, EL Loss: 0.1523630298491611, Valid loss - 0.0072751194948241825, AUC - 0.9576354284876316, termAUC - 0.6795218327546508
Saving model (sel-loss)
Saving model (sel-micro)
Saving model (sel-macro)
Epoch 16: Loss - 0.0068393328387778216, EL Loss: 0.12995174009832966, Valid loss - 0.007217967621095124, AUC - 0.9590226841613372, termAUC - 0.6925163031136754
Saving model (sel-loss)
Saving model (sel-micro)
Saving model (sel-macro)
Epoch 17: Loss - 0.0067318946140976, EL Loss: 0.10871797088331307, Valid loss - 0.007138831993298871, AUC - 0.9601345275889118, termAUC - 0.7041045220927542
Saving model (sel-loss)
Saving model (sel-micro)
Saving model (sel-macro)
Epoch 18: Loss - 0.006615813316219943, EL Loss: 0.08862348990286754, Valid loss - 0.007074140265051807, AUC - 0.961333052812672, termAUC - 0.7171675447131627
Saving model (sel-loss)
Saving model (sel-micro)
Saving model (sel-macro)
Epoch 19: Loss - 0.0064665655044122685, EL Loss: 0.0696498901366045, Valid loss - 0.007017734061394419, AUC - 0.9628753783001772, termAUC - 0.7316346800256017
Saving model (sel-loss)
Saving model (sel-micro)
Saving model (sel-macro)
Epoch 20: Loss - 0.006291039343834066, EL Loss: 0.05949146985309446, Valid loss - 0.006930561935795205, AUC - 0.9631900442299798, termAUC - 0.7356766981720932
Saving model (sel-loss)
Saving model (sel-micro)
Saving model (sel-macro)
Epoch 21: Loss - 0.006245583824960156, EL Loss: 0.0575173252774948, Valid loss - 0.006944468524307012, AUC - 0.9634738955224008, termAUC - 0.7384023773016318
Saving model (sel-micro)
Saving model (sel-macro)
Epoch 22: Loss - 0.006219043233754219, EL Loss: 0.055545041022209314, Valid loss - 0.006924529967918282, AUC - 0.9637351893291464, termAUC - 0.7414009880788418
Saving model (sel-loss)
Saving model (sel-micro)
Saving model (sel-macro)
Epoch 23: Loss - 0.006201138893485514, EL Loss: 0.05360071642742878, Valid loss - 0.006934158956365926, AUC - 0.963860492179765, termAUC - 0.7432696259620866
Saving model (sel-micro)
Saving model (sel-macro)
Epoch 24: Loss - 0.0061714397753262545, EL Loss: 0.05168337142045379, Valid loss - 0.00690870186136592, AUC - 0.96401756264058, termAUC - 0.7456313787831068
Saving model (sel-loss)
Saving model (sel-micro)
Saving model (sel-macro)
Epoch 25: Loss - 0.006132392352595687, EL Loss: 0.04978768922253666, Valid loss - 0.00689818642235228, AUC - 0.9642311165254278, termAUC - 0.7475850590369769
Saving model (sel-loss)
Saving model (sel-micro)
Saving model (sel-macro)
Epoch 26: Loss - 0.006109636455984574, EL Loss: 0.047922231487064954, Valid loss - 0.0068814913077013835, AUC - 0.9643155194700505, termAUC - 0.7494524396507016
Saving model (sel-loss)
Saving model (sel-micro)
Saving model (sel-macro)
Epoch 27: Loss - 0.006077163222447213, EL Loss: 0.046083050172010295, Valid loss - 0.006867220048748311, AUC - 0.964505752611684, termAUC - 0.7515815079018638
Saving model (sel-loss)
Saving model (sel-micro)
Saving model (sel-macro)
Epoch 28: Loss - 0.0060554814660828465, EL Loss: 0.04429747033725404, Valid loss - 0.006844766038869109, AUC - 0.9646153096801036, termAUC - 0.753533910476257
Saving model (sel-loss)
Saving model (sel-micro)
Saving model (sel-macro)
Epoch 29: Loss - 0.006011983939606193, EL Loss: 0.04253946167751115, Valid loss - 0.006823656783394871, AUC - 0.9647552291699613, termAUC - 0.7553845346586694
Saving model (sel-loss)
Saving model (sel-micro)
Saving model (sel-macro)
Epoch 30: Loss - 0.005979142882747137, EL Loss: 0.04079421657247665, Valid loss - 0.0068086937513379825, AUC - 0.9648934350877664, termAUC - 0.7575107288408165
Saving model (sel-loss)
Saving model (sel-micro)
Saving model (sel-macro)
Epoch 31: Loss - 0.005955775397808883, EL Loss: 0.03906268116257315, Valid loss - 0.006795866627778326, AUC - 0.9650873852947213, termAUC - 0.7594344983883031
Saving model (sel-loss)
Saving model (sel-micro)
Saving model (sel-macro)
Epoch 32: Loss - 0.005922376424673235, EL Loss: 0.037345377861247406, Valid loss - 0.00677897474240689, AUC - 0.9653156921628769, termAUC - 0.761492144709313
Saving model (sel-loss)
Saving model (sel-micro)
Saving model (sel-macro)
Epoch 33: Loss - 0.005892500392418192, EL Loss: 0.03564875788343981, Valid loss - 0.006755037525934832, AUC - 0.9655057613560447, termAUC - 0.7636849551790522
Saving model (sel-loss)
Saving model (sel-micro)
Saving model (sel-macro)
Epoch 34: Loss - 0.005863389898393069, EL Loss: 0.033982818198407164, Valid loss - 0.006725570155928532, AUC - 0.965741793212183, termAUC - 0.766228197893023
Saving model (sel-loss)
Saving model (sel-micro)
Saving model (sel-macro)
Epoch 35: Loss - 0.005816987612759804, EL Loss: 0.032339373295997786, Valid loss - 0.006709569027381284, AUC - 0.9659249928785814, termAUC - 0.7683346794820853
Saving model (sel-loss)
Saving model (sel-micro)
Saving model (sel-macro)
Epoch 36: Loss - 0.005782407882531135, EL Loss: 0.03070788471478497, Valid loss - 0.006680449368875651, AUC - 0.966184558465045, termAUC - 0.7710679405676794
Saving model (sel-loss)
Saving model (sel-micro)
Saving model (sel-macro)
Epoch 37: Loss - 0.005739682953094585, EL Loss: 0.029092342595751292, Valid loss - 0.006657384535563844, AUC - 0.9664092644628234, termAUC - 0.773483374081215
Saving model (sel-loss)
Saving model (sel-micro)
Saving model (sel-macro)
Epoch 38: Loss - 0.005693075983538129, EL Loss: 0.027504826539827866, Valid loss - 0.00662761042338042, AUC - 0.966681599996846, termAUC - 0.7762178037598408
Saving model (sel-loss)
Saving model (sel-micro)
Saving model (sel-macro)
Epoch 39: Loss - 0.0056496341256533885, EL Loss: 0.025935982114955767, Valid loss - 0.0066001143616934614, AUC - 0.9669489827891121, termAUC - 0.7788333272245254
Saving model (sel-loss)
Saving model (sel-micro)
Saving model (sel-macro)
Epoch 40: Loss - 0.005599388907761715, EL Loss: 0.02438964352955897, Valid loss - 0.006573142834185135, AUC - 0.9672046527308966, termAUC - 0.7816321212103785
Saving model (sel-loss)
Saving model (sel-micro)
Saving model (sel-macro)
Epoch 41: Loss - 0.005553825750710945, EL Loss: 0.02285891352766873, Valid loss - 0.006540372027527718, AUC - 0.9674873882302294, termAUC - 0.7846879662124441
Saving model (sel-loss)
Saving model (sel-micro)
Saving model (sel-macro)
Epoch 42: Loss - 0.0054952480886786125, EL Loss: 0.02135795670243117, Valid loss - 0.006507056272987808, AUC - 0.9677442808347972, termAUC - 0.7878521243080346
Saving model (sel-loss)
Saving model (sel-micro)
Saving model (sel-macro)
Epoch 43: Loss - 0.005434194288620204, EL Loss: 0.0198851088071847, Valid loss - 0.00646766841056801, AUC - 0.9681313545675285, termAUC - 0.7914867346012007
Saving model (sel-loss)
Saving model (sel-micro)
Saving model (sel-macro)
Epoch 44: Loss - 0.005383619251864326, EL Loss: 0.018433201359832882, Valid loss - 0.0064290770063442845, AUC - 0.9684324515555617, termAUC - 0.7948956351820653
Saving model (sel-loss)
Saving model (sel-micro)
Saving model (sel-macro)
Epoch 45: Loss - 0.005327913564995836, EL Loss: 0.017011673297808446, Valid loss - 0.0063836202557597845, AUC - 0.9688362457681556, termAUC - 0.79855348741019
Saving model (sel-loss)
Saving model (sel-micro)
Saving model (sel-macro)
Epoch 46: Loss - 0.005252263103329097, EL Loss: 0.01572860227312587, Valid loss - 0.006334255764349586, AUC - 0.9692945418174795, termAUC - 0.8033345062407291
Saving model (sel-loss)
Saving model (sel-micro)
Saving model (sel-macro)
Epoch 47: Loss - 0.005176325428822297, EL Loss: 0.01449763809784025, Valid loss - 0.006285532453053054, AUC - 0.9697608996476799, termAUC - 0.8079279526866955
Saving model (sel-loss)
Saving model (sel-micro)
Saving model (sel-macro)
Epoch 48: Loss - 0.005105323257386938, EL Loss: 0.013370017606380204, Valid loss - 0.006235425803987752, AUC - 0.9702445123856025, termAUC - 0.8127579715283715
Saving model (sel-loss)
Saving model (sel-micro)
Saving model (sel-macro)
Epoch 49: Loss - 0.005017217862865113, EL Loss: 0.01228063006878407, Valid loss - 0.006176910595968366, AUC - 0.9707337135862072, termAUC - 0.8178931337859435
Saving model (sel-loss)
Saving model (sel-micro)
Saving model (sel-macro)
Epoch 50: Loss - 0.004936080559130055, EL Loss: 0.011204299840310447, Valid loss - 0.0061202409810253555, AUC - 0.9712014321545535, termAUC - 0.8222678336387722
Saving model (sel-loss)
Saving model (sel-micro)
Saving model (sel-macro)
Epoch 51: Loss - 0.004841617962664848, EL Loss: 0.010169100842544763, Valid loss - 0.006056817450250189, AUC - 0.9716976212652779, termAUC - 0.82716692738382
Saving model (sel-loss)
Saving model (sel-micro)
Saving model (sel-macro)
Epoch 52: Loss - 0.0047561365913171266, EL Loss: 0.00919465823009753, Valid loss - 0.006003384351996439, AUC - 0.9720711756035517, termAUC - 0.8308366828383695
Saving model (sel-loss)
Saving model (sel-micro)
Saving model (sel-macro)
Epoch 53: Loss - 0.004658954604097401, EL Loss: 0.008284763040276952, Valid loss - 0.005941942990535781, AUC - 0.9725290298515941, termAUC - 0.8350590017466625
Saving model (sel-loss)
Saving model (sel-micro)
Saving model (sel-macro)
Epoch 54: Loss - 0.0045556455421141475, EL Loss: 0.007425853547653039, Valid loss - 0.00588156074019415, AUC - 0.9729808000999619, termAUC - 0.8393324002459277
Saving model (sel-loss)
Saving model (sel-micro)
Saving model (sel-macro)
Epoch 55: Loss - 0.004461067861850602, EL Loss: 0.006646597621559748, Valid loss - 0.00581236797207523, AUC - 0.9734211279583455, termAUC - 0.8434851534338111
Saving model (sel-loss)
Saving model (sel-micro)
Saving model (sel-macro)
Epoch 56: Loss - 0.004363095565352895, EL Loss: 0.005957572801282612, Valid loss - 0.005758688825049571, AUC - 0.9738321099806162, termAUC - 0.8472790893843839
Saving model (sel-loss)
Saving model (sel-micro)
Saving model (sel-macro)
Epoch 57: Loss - 0.004263758589439213, EL Loss: 0.005340132365425745, Valid loss - 0.005689797197867717, AUC - 0.9741978436053398, termAUC - 0.8504617817120091
Saving model (sel-loss)
Saving model (sel-micro)
Saving model (sel-macro)
Epoch 58: Loss - 0.004168494792726522, EL Loss: 0.004789519763955325, Valid loss - 0.005637601714226462, AUC - 0.9744980518147306, termAUC - 0.8532094085952971
Saving model (sel-loss)
Saving model (sel-micro)
Saving model (sel-macro)
Epoch 59: Loss - 0.004075931741472203, EL Loss: 0.004283212693120503, Valid loss - 0.005583992281130382, AUC - 0.9748606288073962, termAUC - 0.8563070680754582
Saving model (sel-loss)
Saving model (sel-micro)
Saving model (sel-macro)
Epoch 60: Loss - 0.0039876177113530985, EL Loss: 0.003838967861700902, Valid loss - 0.005532104566338516, AUC - 0.9751557884203592, termAUC - 0.8588192666589951
Saving model (sel-loss)
Saving model (sel-micro)
Saving model (sel-macro)
Epoch 61: Loss - 0.0038934718677129387, EL Loss: 0.0034432297000211204, Valid loss - 0.005487126282726725, AUC - 0.9754235714615545, termAUC - 0.8609954487160328
Saving model (sel-loss)
Saving model (sel-micro)
Saving model (sel-macro)
Epoch 62: Loss - 0.0038148856997545473, EL Loss: 0.003093603153636677, Valid loss - 0.005439804387944085, AUC - 0.9757098682820982, termAUC - 0.8635880647811583
Saving model (sel-loss)
Saving model (sel-micro)
Saving model (sel-macro)
Epoch 63: Loss - 0.0037410156240962503, EL Loss: 0.0027814320639704174, Valid loss - 0.005400897178887611, AUC - 0.9759273789852755, termAUC - 0.8655249980083941
Saving model (sel-loss)
Saving model (sel-micro)
Saving model (sel-macro)
Epoch 64: Loss - 0.003663061273207886, EL Loss: 0.002515334361981644, Valid loss - 0.00536496895365417, AUC - 0.9761467123742634, termAUC - 0.8672638716640885
Saving model (sel-loss)
Saving model (sel-micro)
Saving model (sel-macro)
Epoch 65: Loss - 0.0035948164543361106, EL Loss: 0.0022876388021408557, Valid loss - 0.005335217266387883, AUC - 0.9763311599843996, termAUC - 0.8689299462522001
Saving model (sel-loss)
Saving model (sel-micro)
Saving model (sel-macro)
Epoch 66: Loss - 0.0035267516333883564, EL Loss: 0.002113876942916118, Valid loss - 0.005302523559935036, AUC - 0.9765536888671151, termAUC - 0.8705944623728675
Saving model (sel-loss)
Saving model (sel-micro)
Saving model (sel-macro)
Epoch 67: Loss - 0.003468728297478316, EL Loss: 0.001994986245775629, Valid loss - 0.005264962491180215, AUC - 0.9767819584392929, termAUC - 0.871958138798711
Saving model (sel-loss)
Saving model (sel-micro)
Saving model (sel-macro)
Epoch 68: Loss - 0.0034099469597117142, EL Loss: 0.0019339734888749636, Valid loss - 0.0052420384073186485, AUC - 0.9769752560996391, termAUC - 0.8733595283538541
Saving model (sel-loss)
Saving model (sel-micro)
Saving model (sel-macro)
Epoch 69: Loss - 0.003366882660147497, EL Loss: 0.001901997527166114, Valid loss - 0.005226054109100785, AUC - 0.9770930213258233, termAUC - 0.8743562087677954
Saving model (sel-loss)
Saving model (sel-micro)
Saving model (sel-macro)
Epoch 70: Loss - 0.0033126372394684596, EL Loss: 0.0018815827473881034, Valid loss - 0.0052057336661077685, AUC - 0.9772159691362158, termAUC - 0.8753772164384905
Saving model (sel-loss)
Saving model (sel-micro)
Saving model (sel-macro)
Epoch 71: Loss - 0.0032659534499330863, EL Loss: 0.0018641316510203342, Valid loss - 0.005181228937137694, AUC - 0.9773451730635242, termAUC - 0.876087482269103
Saving model (sel-loss)
Saving model (sel-micro)
Saving model (sel-macro)
Epoch 72: Loss - 0.0032273694232881813, EL Loss: 0.001847146096549079, Valid loss - 0.005177146225192008, AUC - 0.9774491382304039, termAUC - 0.8770403227695701
Saving model (sel-loss)
Saving model (sel-micro)
Saving model (sel-macro)
Epoch 73: Loss - 0.003182909639375691, EL Loss: 0.0018303105458855249, Valid loss - 0.005163557820820383, AUC - 0.9775910061461588, termAUC - 0.8777635806286568
Saving model (sel-loss)
Saving model (sel-micro)
Saving model (sel-macro)
Epoch 74: Loss - 0.0031520394199003126, EL Loss: 0.0018135695208679325, Valid loss - 0.005147758600789876, AUC - 0.97771192364675, termAUC - 0.8786468056253179
Saving model (sel-loss)
Saving model (sel-micro)
Saving model (sel-macro)
Epoch 75: Loss - 0.003108221853074555, EL Loss: 0.0017970408132216467, Valid loss - 0.00513482432856801, AUC - 0.9778122571572939, termAUC - 0.8795114830452319
Saving model (sel-loss)
Saving model (sel-micro)
Saving model (sel-macro)
Epoch 76: Loss - 0.003073227629129982, EL Loss: 0.00178082935691586, Valid loss - 0.005130014302475112, AUC - 0.9778982036981477, termAUC - 0.8799819363609976
Saving model (sel-loss)
Saving model (sel-micro)
Saving model (sel-macro)
Epoch 77: Loss - 0.0030456713152329285, EL Loss: 0.001764824215339594, Valid loss - 0.0051179196862947375, AUC - 0.9779622238853026, termAUC - 0.880492482475567
Saving model (sel-loss)
Saving model (sel-micro)
Saving model (sel-macro)
Epoch 78: Loss - 0.003021803353015528, EL Loss: 0.001749046172533101, Valid loss - 0.005109313482950841, AUC - 0.9780932865936736, termAUC - 0.8812720909368583
Saving model (sel-loss)
Saving model (sel-micro)
Saving model (sel-macro)
Epoch 79: Loss - 0.0029851932480784494, EL Loss: 0.0017334168167641988, Valid loss - 0.005100993568166381, AUC - 0.9781506022928524, termAUC - 0.8817300177670984
Saving model (sel-loss)
Saving model (sel-micro)
Saving model (sel-macro)
Epoch 80: Loss - 0.0029538666910796374, EL Loss: 0.0017179143571674712, Valid loss - 0.005100139662889498, AUC - 0.9782055735366281, termAUC - 0.8819939034165627
Saving model (sel-loss)
Saving model (sel-micro)
Saving model (sel-macro)
Epoch 81: Loss - 0.00292518047040132, EL Loss: 0.001702615191328862, Valid loss - 0.005095144053034129, AUC - 0.9782612175637312, termAUC - 0.8823872946228055
Saving model (sel-loss)
Saving model (sel-micro)
Saving model (sel-macro)
Epoch 82: Loss - 0.002901063572800856, EL Loss: 0.0016874188812165912, Valid loss - 0.005092317344886916, AUC - 0.9783233972763432, termAUC - 0.8826838145134974
Saving model (sel-loss)
Saving model (sel-micro)
Saving model (sel-macro)
Epoch 83: Loss - 0.002882695509020648, EL Loss: 0.0016724178927064863, Valid loss - 0.005082901782311854, AUC - 0.978367257750598, termAUC - 0.8830796154353349
Saving model (sel-loss)
Saving model (sel-micro)
Saving model (sel-macro)
Epoch 84: Loss - 0.0028430467302374405, EL Loss: 0.0016576687193399294, Valid loss - 0.005075538976650153, AUC - 0.9784313338459085, termAUC - 0.8833624814621864
Saving model (sel-loss)
Saving model (sel-micro)
Saving model (sel-macro)
Epoch 85: Loss - 0.0028272963599356425, EL Loss: 0.0016431930477168565, Valid loss - 0.005093820144732793, AUC - 0.9783910813414618, termAUC - 0.8835115119309137
Saving model (sel-macro)
Epoch 86: Loss - 0.002800200621501262, EL Loss: 0.001628934277426868, Valid loss - 0.005071466664473215, AUC - 0.9784589350156171, termAUC - 0.8840122430271513
Saving model (sel-loss)
Saving model (sel-micro)
Saving model (sel-macro)
Epoch 87: Loss - 0.002775578516613815, EL Loss: 0.0016148085467898236, Valid loss - 0.005078773916743341, AUC - 0.9784851231430306, termAUC - 0.8843357577807294
Saving model (sel-micro)
Saving model (sel-macro)
Epoch 88: Loss - 0.002758224900163258, EL Loss: 0.0016007903441132162, Valid loss - 0.005070510060925569, AUC - 0.9785530557896023, termAUC - 0.8848132600699301
Saving model (sel-loss)
Saving model (sel-micro)
Saving model (sel-macro)
Epoch 89: Loss - 0.002730092613340908, EL Loss: 0.0015867821339376994, Valid loss - 0.005083217358748828, AUC - 0.978555715023814, termAUC - 0.8849610750281206
Saving model (sel-micro)
Saving model (sel-macro)
Epoch 90: Loss - 0.0027177670020391894, EL Loss: 0.0015727994932284274, Valid loss - 0.005072809653800158, AUC - 0.9786262423523044, termAUC - 0.8852820644547866
Saving model (sel-micro)
Saving model (sel-macro)
Epoch 91: Loss - 0.0026907792879730715, EL Loss: 0.001558871011059291, Valid loss - 0.005065023845859936, AUC - 0.9786789904305015, termAUC - 0.8853801657056568
Saving model (sel-loss)
Saving model (sel-micro)
Saving model (sel-macro)
Epoch 92: Loss - 0.002669006887217339, EL Loss: 0.0015450545446054577, Valid loss - 0.005072569827150021, AUC - 0.978665603591345, termAUC - 0.8853853040350356
Saving model (sel-macro)
Epoch 93: Loss - 0.0026508649994388097, EL Loss: 0.0015313216048432664, Valid loss - 0.00506859236130757, AUC - 0.9787083156517067, termAUC - 0.885721004957954
Saving model (sel-micro)
Saving model (sel-macro)
Epoch 94: Loss - 0.002634432577801803, EL Loss: 0.0015177665789352771, Valid loss - 0.005049352596203486, AUC - 0.9786803245040266, termAUC - 0.8858476243866944
Saving model (sel-loss)
Saving model (sel-macro)
Epoch 95: Loss - 0.0026121729010660536, EL Loss: 0.0015044063141250127, Valid loss - 0.005052076426467725, AUC - 0.9787472474220054, termAUC - 0.8859026139570397
Saving model (sel-micro)
Saving model (sel-macro)
Epoch 96: Loss - 0.0025990774835925054, EL Loss: 0.001491117506502226, Valid loss - 0.005048511217215231, AUC - 0.978719957495534, termAUC - 0.8859765896896921
Saving model (sel-loss)
Saving model (sel-macro)
Epoch 97: Loss - 0.0025755331851046084, EL Loss: 0.0014778497036004932, Valid loss - 0.005058405863209849, AUC - 0.9787785768358361, termAUC - 0.8861033180273233
Saving model (sel-micro)
Saving model (sel-macro)
Epoch 98: Loss - 0.0025612396366360645, EL Loss: 0.0014645931045886792, Valid loss - 0.005052792371827222, AUC - 0.9788066229482393, termAUC - 0.886444483678014
Saving model (sel-micro)
Saving model (sel-macro)
Epoch 99: Loss - 0.0025435921714241447, EL Loss: 0.0014513546419434083, Valid loss - 0.005067260246280404, AUC - 0.9787710226557909, termAUC - 0.8864128202172372
Epoch 100: Loss - 0.0025231541910271248, EL Loss: 0.0014382131971494236, Valid loss - 0.0050614118797793275, AUC - 0.9788251179580229, termAUC - 0.8865953306293383
Saving model (sel-micro)
Saving model (sel-macro)
Epoch 101: Loss - 0.00251704660374215, EL Loss: 0.0014253188658821078, Valid loss - 0.005050174568203234, AUC - 0.97879594314107, termAUC - 0.8864868849309381
Epoch 102: Loss - 0.0024961689661908595, EL Loss: 0.0014126103226823436, Valid loss - 0.0050664266460530814, AUC - 0.9788337259555044, termAUC - 0.8865268338608175
Saving model (sel-micro)
Epoch 103: Loss - 0.0024778831068771527, EL Loss: 0.001399988945299825, Valid loss - 0.005076847424996751, AUC - 0.9788422596580201, termAUC - 0.8866224879008919
Saving model (sel-micro)
Saving model (sel-macro)
Epoch 104: Loss - 0.0024654673684201935, EL Loss: 0.0013874483996996294, Valid loss - 0.005062179761894402, AUC - 0.9788045084251605, termAUC - 0.8866691486721128
Saving model (sel-macro)
Epoch 105: Loss - 0.0024568570473531897, EL Loss: 0.001374927438404788, Valid loss - 0.005081299639173916, AUC - 0.9787999892529554, termAUC - 0.8866333571441567
Epoch 106: Loss - 0.0024356468440816046, EL Loss: 0.0013624242503449907, Valid loss - 0.005072666436345095, AUC - 0.9787564914031842, termAUC - 0.8866795837894355
Saving model (sel-macro)
Epoch 107: Loss - 0.0024264044966697453, EL Loss: 0.0013500156939323274, Valid loss - 0.005089756396288673, AUC - 0.9787709547294212, termAUC - 0.8867657547040049
Saving model (sel-macro)
Epoch 108: Loss - 0.00240644312456758, EL Loss: 0.0013377898372957707, Valid loss - 0.005076760488251845, AUC - 0.9787499311196559, termAUC - 0.8868119649599682
Saving model (sel-macro)
Epoch 109: Loss - 0.002395963090614746, EL Loss: 0.0013256144756500841, Valid loss - 0.0050818948274744405, AUC - 0.9787878614232032, termAUC - 0.8869127279757844
Saving model (sel-macro)
Epoch 110: Loss - 0.002390923737761534, EL Loss: 0.001313512013923611, Valid loss - 0.0050925078646590315, AUC - 0.978728595393937, termAUC - 0.8868418142283807
Epoch 111: Loss - 0.002379517871598863, EL Loss: 0.0013015513287022058, Valid loss - 0.005121781869924494, AUC - 0.9787541430244358, termAUC - 0.88669695830838
Epoch 112: Loss - 0.0023691363226527127, EL Loss: 0.0012897345920800528, Valid loss - 0.0051026596488165, AUC - 0.9787399741152935, termAUC - 0.8867510455447148
Epoch 113: Loss - 0.0023449219158762336, EL Loss: 0.0012780782582904823, Valid loss - 0.005109406067501931, AUC - 0.978706298655281, termAUC - 0.8867419150653527
Epoch 114: Loss - 0.0023366957502459454, EL Loss: 0.0012665333085484145, Valid loss - 0.005124611172470308, AUC - 0.9787333316111826, termAUC - 0.8867335558226273
Epoch 115: Loss - 0.0023277338878851667, EL Loss: 0.001255030466191058, Valid loss - 0.00511414344599914, AUC - 0.978664330262181, termAUC - 0.8868450859201864
Epoch 116: Loss - 0.0023117232737969507, EL Loss: 0.0012435663938552093, Valid loss - 0.005134566704786959, AUC - 0.9785664669238557, termAUC - 0.8864365161071742
Epoch 117: Loss - 0.002301758274245567, EL Loss: 0.0012321702695101563, Valid loss - 0.005142044096386859, AUC - 0.9786082548826763, termAUC - 0.8866994802175139
Epoch 118: Loss - 0.0022913864316593327, EL Loss: 0.0012208493838049034, Valid loss - 0.005154573737776705, AUC - 0.9785575186047499, termAUC - 0.886368124475387
Epoch 119: Loss - 0.0022791276573817442, EL Loss: 0.0012096790756774359, Valid loss - 0.005135383412596725, AUC - 0.9785492292738437, termAUC - 0.8863197533689888
Epoch 120: Loss - 0.0022726229500348847, EL Loss: 0.001198632592167725, Valid loss - 0.005164960884888257, AUC - 0.9785574475921661, termAUC - 0.8863803593266941
Epoch 121: Loss - 0.0022577032047900133, EL Loss: 0.0011877247943920782, Valid loss - 0.005152540376764678, AUC - 0.9785584486989752, termAUC - 0.8863898951728544
Epoch 122: Loss - 0.002245815133470625, EL Loss: 0.0011768998287834378, Valid loss - 0.00516252958526214, AUC - 0.9785038939285373, termAUC - 0.8861939844725104
Epoch 123: Loss - 0.0022358364960936485, EL Loss: 0.001166087924130856, Valid loss - 0.005168272590353375, AUC - 0.9785146002328989, termAUC - 0.8860295052545408
Epoch 124: Loss - 0.00223125277607304, EL Loss: 0.0011553753398485776, Valid loss - 0.0051717077980616265, AUC - 0.9785192919155921, termAUC - 0.8861591880614278
Epoch 125: Loss - 0.0022209169407830403, EL Loss: 0.0011448904339331216, Valid loss - 0.005172027146355027, AUC - 0.9784934327088289, termAUC - 0.8861761254992896
Epoch 126: Loss - 0.0022125103242131975, EL Loss: 0.0011344982199053477, Valid loss - 0.0051782645994708654, AUC - 0.9784583856767582, termAUC - 0.8862651741178634
Epoch 127: Loss - 0.0021971409599355267, EL Loss: 0.0011241651912288258, Valid loss - 0.0052033195782098035, AUC - 0.9784226225079194, termAUC - 0.8861830620364786
Loading the best model: deepgozero_mf_s0_sel-loss
Test Loss - 0.004591547220115899, AUC - 0.9824360896547565
Loading the best model: deepgozero_mf_s0_sel-micro
Test Loss - 0.004610381990460155, AUC - 0.9824617277265258
Loading the best model: deepgozero_mf_s0_sel-macro
Test Loss - 0.0046379470886677154, AUC - 0.9824395453369503
=== evaluation of deepgozero_mf_s0_sel-loss start=2026-08-26T18:12:47+01:00
--- python predict_diamond.py -dr data -ont mf -m deepgozero_mf_s0_sel-loss
--- python evaluate_fast.py -dr data -ont mf -m deepgozero_mf_s0_sel-loss_blast
Fmax: 0.650, Smin: 9.861, threshold: 0.36
WFmax: 0.601, threshold: 0.31
AUPR: 0.662
AVGIC: 11.196
--- python evaluate_fast.py -dr data -ont mf -m deepgozero_mf_s0_sel-loss_blast -c
Fmax: 0.668, Smin: 9.599, threshold: 0.3
WFmax: 0.624, threshold: 0.27
AUPR: 0.678
AVGIC: 13.089
--- python evaluate_terms.py -dr data -ont mf -m deepgozero_mf_s0_sel-loss_blast
GO:0003735 0.9141286649400606
Average AUC for mf 0.904  (n_terms=2679)
--- python evaluate_terms.py -dr data -ont mf -m deepgozero_mf_s0_sel-loss_blast -c
GO:0003735 0.9176146608530309
Average AUC for mf 0.907  (n_terms=2679)
=== end=2026-08-26T18:15:17+01:00
=== evaluation of deepgozero_mf_s0_sel-micro start=2026-08-26T18:15:17+01:00
--- python predict_diamond.py -dr data -ont mf -m deepgozero_mf_s0_sel-micro
--- python evaluate_fast.py -dr data -ont mf -m deepgozero_mf_s0_sel-micro_blast
Fmax: 0.652, Smin: 9.823, threshold: 0.3
WFmax: 0.604, threshold: 0.3
AUPR: 0.664
AVGIC: 12.230
--- python evaluate_fast.py -dr data -ont mf -m deepgozero_mf_s0_sel-micro_blast -c
Fmax: 0.667, Smin: 9.585, threshold: 0.28
WFmax: 0.624, threshold: 0.28
AUPR: 0.679
AVGIC: 13.743
--- python evaluate_terms.py -dr data -ont mf -m deepgozero_mf_s0_sel-micro_blast
GO:0003735 0.9153635161568807
Average AUC for mf 0.904  (n_terms=2679)
--- python evaluate_terms.py -dr data -ont mf -m deepgozero_mf_s0_sel-micro_blast -c
GO:0003735 0.9196909593591888
Average AUC for mf 0.907  (n_terms=2679)
=== end=2026-08-26T18:17:47+01:00
=== evaluation of deepgozero_mf_s0_sel-macro start=2026-08-26T18:17:47+01:00
--- python predict_diamond.py -dr data -ont mf -m deepgozero_mf_s0_sel-macro
--- python evaluate_fast.py -dr data -ont mf -m deepgozero_mf_s0_sel-macro_blast
Fmax: 0.653, Smin: 9.785, threshold: 0.35
WFmax: 0.605, threshold: 0.35
AUPR: 0.663
AVGIC: 11.747
--- python evaluate_fast.py -dr data -ont mf -m deepgozero_mf_s0_sel-macro_blast -c
Fmax: 0.665, Smin: 9.597, threshold: 0.27
WFmax: 0.622, threshold: 0.27
AUPR: 0.677
AVGIC: 14.297
--- python evaluate_terms.py -dr data -ont mf -m deepgozero_mf_s0_sel-macro_blast
GO:0003735 0.9199969401916751
Average AUC for mf 0.904  (n_terms=2679)
--- python evaluate_terms.py -dr data -ont mf -m deepgozero_mf_s0_sel-macro_blast -c
GO:0003735 0.9249873418643705
Average AUC for mf 0.907  (n_terms=2679)
=== end=2026-08-26T18:20:16+01:00
