=== command: python deepgopro.py -dr data -ont mf -m mlp_mf_s1 -s 1 -ep 60
=== start=2026-08-26T23:08:00+01:00
Epoch 0: Loss - 0.00752080239542027, Valid loss - 0.004898015416360327, AUC - 0.9729825107326988, termAUC - 0.8365567040868924
Saving model (sel-loss)
Saving model (sel-micro)
Saving model (sel-macro)
Epoch 1: Loss - 0.003303528263598593, Valid loss - 0.00451526758261025, AUC - 0.9791826809408488, termAUC - 0.8523859429192905
Saving model (sel-loss)
Saving model (sel-micro)
Saving model (sel-macro)
Epoch 2: Loss - 0.003017192082856489, Valid loss - 0.004503341236462195, AUC - 0.9801345517730445, termAUC - 0.86194267782923
Saving model (sel-loss)
Saving model (sel-micro)
Saving model (sel-macro)
Epoch 3: Loss - 0.0027730933832415283, Valid loss - 0.004477372455100218, AUC - 0.980521652690921, termAUC - 0.862915720856061
Saving model (sel-loss)
Saving model (sel-micro)
Saving model (sel-macro)
Epoch 4: Loss - 0.0027422276150714906, Valid loss - 0.004479935417129171, AUC - 0.9806457894666517, termAUC - 0.8639486488995419
Saving model (sel-micro)
Saving model (sel-macro)
Epoch 5: Loss - 0.002714544763670554, Valid loss - 0.0044884117408877326, AUC - 0.9807120422249279, termAUC - 0.8651037001686053
Saving model (sel-micro)
Saving model (sel-macro)
Epoch 6: Loss - 0.002692311978254257, Valid loss - 0.004494586839739766, AUC - 0.9808023353914607, termAUC - 0.8662857740222498
Saving model (sel-micro)
Saving model (sel-macro)
Epoch 7: Loss - 0.002668819340398184, Valid loss - 0.004501245955803565, AUC - 0.9808171304266631, termAUC - 0.8674833457153348
Saving model (sel-micro)
Saving model (sel-macro)
Epoch 8: Loss - 0.0026390512969297246, Valid loss - 0.004511327673459337, AUC - 0.9807612601264447, termAUC - 0.8686261156331767
Saving model (sel-macro)
Epoch 9: Loss - 0.0026190198832206405, Valid loss - 0.004527491830023271, AUC - 0.9806836523771308, termAUC - 0.8696530106746163
Saving model (sel-macro)
Epoch 10: Loss - 0.0025935485782756355, Valid loss - 0.004528785062332948, AUC - 0.9806596356522049, termAUC - 0.8706665777096388
Saving model (sel-macro)
Epoch 11: Loss - 0.002570910262379347, Valid loss - 0.0045421109667846135, AUC - 0.980566618944149, termAUC - 0.8716794592360518
Saving model (sel-macro)
Epoch 12: Loss - 0.0025503377186400266, Valid loss - 0.004550240142270923, AUC - 0.9805293114965979, termAUC - 0.8726549925341663
Saving model (sel-macro)
Epoch 13: Loss - 0.0025287392010904363, Valid loss - 0.004563053342558089, AUC - 0.9804576462318301, termAUC - 0.8734366915642754
Saving model (sel-macro)
Epoch 14: Loss - 0.0025091026800548753, Valid loss - 0.004569962928958592, AUC - 0.9804404738257125, termAUC - 0.8741856349528601
Saving model (sel-macro)
Epoch 15: Loss - 0.002490055613929884, Valid loss - 0.0045847523270086165, AUC - 0.9803651262318436, termAUC - 0.8748260129046329
Saving model (sel-macro)
Epoch 16: Loss - 0.002475688647562132, Valid loss - 0.004591705800876731, AUC - 0.9804030819276587, termAUC - 0.8754828635113057
Saving model (sel-macro)
Epoch 17: Loss - 0.002451650425023077, Valid loss - 0.004607848960551477, AUC - 0.9803711876152487, termAUC - 0.8762361077718807
Saving model (sel-macro)
Epoch 18: Loss - 0.0024371389610815847, Valid loss - 0.004612708765835989, AUC - 0.9803510384055131, termAUC - 0.8766796390522414
Saving model (sel-macro)
Epoch 19: Loss - 0.0024251301128950854, Valid loss - 0.004622432891102065, AUC - 0.9803697079563458, termAUC - 0.8772099573496464
Saving model (sel-macro)
Epoch 20: Loss - 0.0024035540648663658, Valid loss - 0.004632648905473096, AUC - 0.9803514468323399, termAUC - 0.8775149464352084
Saving model (sel-macro)
Epoch 21: Loss - 0.0023903249076362284, Valid loss - 0.004643526267526405, AUC - 0.9803275474008947, termAUC - 0.8779743803703967
Saving model (sel-macro)
Epoch 22: Loss - 0.0023755612832725174, Valid loss - 0.004655260421956579, AUC - 0.9803203872106686, termAUC - 0.8783411069904208
Saving model (sel-macro)
Epoch 23: Loss - 0.0023580286651849747, Valid loss - 0.004658221413514444, AUC - 0.9803659071175262, termAUC - 0.8789239669328919
Saving model (sel-macro)
Epoch 24: Loss - 0.0023420865914543358, Valid loss - 0.004669809257168146, AUC - 0.9803669145345364, termAUC - 0.8791638766227418
Saving model (sel-macro)
Epoch 25: Loss - 0.002327122338859045, Valid loss - 0.004675720259547234, AUC - 0.9803938603948684, termAUC - 0.8796272076203264
Saving model (sel-macro)
Epoch 26: Loss - 0.0023180478795741997, Valid loss - 0.00468639222284158, AUC - 0.9803868788163904, termAUC - 0.8798016684959925
Saving model (sel-macro)
Epoch 27: Loss - 0.002305896596683544, Valid loss - 0.004694105210226207, AUC - 0.9803667576134244, termAUC - 0.8800502981003108
Saving model (sel-macro)
Epoch 28: Loss - 0.0022925498168340254, Valid loss - 0.004709704444255857, AUC - 0.9803237524210937, termAUC - 0.8800415142789726
Epoch 29: Loss - 0.0022745455189482075, Valid loss - 0.004723266097495244, AUC - 0.9802812157475809, termAUC - 0.8802435836029173
Saving model (sel-macro)
Epoch 30: Loss - 0.0022697696895948565, Valid loss - 0.004727256437763572, AUC - 0.9803045446020858, termAUC - 0.8804237977984767
Saving model (sel-macro)
Epoch 31: Loss - 0.00225218130112948, Valid loss - 0.004740541049146226, AUC - 0.9802573035360617, termAUC - 0.8804869133869437
Saving model (sel-macro)
Epoch 32: Loss - 0.0022425145463506207, Valid loss - 0.0047432602449719394, AUC - 0.9803240257574963, termAUC - 0.8807347793007991
Saving model (sel-macro)
Epoch 33: Loss - 0.0022279204964623872, Valid loss - 0.00475938614856984, AUC - 0.9802585979664447, termAUC - 0.8807602463211794
Saving model (sel-macro)
Epoch 34: Loss - 0.0022225817899776106, Valid loss - 0.004767899907061032, AUC - 0.9802814071088403, termAUC - 0.8809116653138824
Saving model (sel-macro)
Epoch 35: Loss - 0.0022098303856070253, Valid loss - 0.004777951225904482, AUC - 0.9802754156805386, termAUC - 0.8810008281004371
Saving model (sel-macro)
Epoch 36: Loss - 0.0021931562126148987, Valid loss - 0.004793326476854937, AUC - 0.9802295820833715, termAUC - 0.8809882566660983
Epoch 37: Loss - 0.002185007963424769, Valid loss - 0.004800721776804753, AUC - 0.9802205877607395, termAUC - 0.8810872623314978
Saving model (sel-macro)
Epoch 38: Loss - 0.0021851655311289383, Valid loss - 0.004811650173117717, AUC - 0.9801902032111677, termAUC - 0.881084286320701
Epoch 39: Loss - 0.002167582756510407, Valid loss - 0.0048179537878327424, AUC - 0.9801899131667797, termAUC - 0.8810573982693968
Epoch 40: Loss - 0.0021617373442168212, Valid loss - 0.0048281581495844186, AUC - 0.9801552176246431, termAUC - 0.8809996052762809
Epoch 41: Loss - 0.0021512193070462766, Valid loss - 0.004839128617285972, AUC - 0.9801432596840354, termAUC - 0.8809940838129945
Epoch 42: Loss - 0.002140007662181212, Valid loss - 0.004849967489107734, AUC - 0.9801246016769675, termAUC - 0.8809199665778576
Epoch 43: Loss - 0.0021313818790766395, Valid loss - 0.0048550990144056935, AUC - 0.980112086840951, termAUC - 0.8811005044502754
Saving model (sel-macro)
Epoch 44: Loss - 0.0021258292214387554, Valid loss - 0.004867786548233458, AUC - 0.9800731657549304, termAUC - 0.8810110583845444
Epoch 45: Loss - 0.0021122202129153825, Valid loss - 0.004879867633627284, AUC - 0.9800338375358736, termAUC - 0.8809505534741321
Epoch 46: Loss - 0.0021069704477364817, Valid loss - 0.004888315769355922, AUC - 0.9800218975719504, termAUC - 0.8808076443760364
Epoch 47: Loss - 0.002098773594839544, Valid loss - 0.00490223564473646, AUC - 0.979951841629515, termAUC - 0.8807615651328752
Epoch 48: Loss - 0.0020949379136811653, Valid loss - 0.004910890726993481, AUC - 0.9799601292898047, termAUC - 0.8807174936699318
Epoch 49: Loss - 0.002084301307071417, Valid loss - 0.004917234361969999, AUC - 0.9799857771905648, termAUC - 0.8807667748021243
Epoch 50: Loss - 0.0020765439220763646, Valid loss - 0.004925217625818082, AUC - 0.9799549525386122, termAUC - 0.8804743894880517
Epoch 51: Loss - 0.0020710278373842423, Valid loss - 0.0049324482923284885, AUC - 0.9799337040886634, termAUC - 0.8802876098690675
Epoch 52: Loss - 0.002063181499739329, Valid loss - 0.004949783939602119, AUC - 0.979880237205824, termAUC - 0.8800867764502883
Epoch 53: Loss - 0.00205434447564026, Valid loss - 0.004954825811797664, AUC - 0.9798787673844849, termAUC - 0.8800464466051298
Epoch 54: Loss - 0.002048795868362934, Valid loss - 0.00496844325569414, AUC - 0.979812811959354, termAUC - 0.8799847574128662
Epoch 55: Loss - 0.002043036736621838, Valid loss - 0.004977252438575739, AUC - 0.9798313072743384, termAUC - 0.8798963702258199
Epoch 56: Loss - 0.002036544783199573, Valid loss - 0.004984462425290119, AUC - 0.9798040974717398, termAUC - 0.8798710993417115
Epoch 57: Loss - 0.0020267608454272437, Valid loss - 0.004990634734609298, AUC - 0.9798058477576554, termAUC - 0.8798199847900194
Epoch 58: Loss - 0.0020222121812958622, Valid loss - 0.005007549787738493, AUC - 0.9797553877340088, termAUC - 0.8795758576156418
Epoch 59: Loss - 0.0020148717650510886, Valid loss - 0.005010720444399686, AUC - 0.979750789840297, termAUC - 0.879327322668414
Loading the best model: mlp_mf_s1_sel-loss
Test Loss - 0.0041410264411752, AUC - 0.985448453048659
Loading the best model: mlp_mf_s1_sel-micro
Test Loss - 0.0041561478856237954, AUC - 0.9856788412445381
Loading the best model: mlp_mf_s1_sel-macro
Test Loss - 0.0044469746253525955, AUC - 0.9850491679390144
=== evaluation of mlp_mf_s1_sel-loss start=2026-08-26T23:31:15+01:00
--- python predict_diamond.py -dr data -ont mf -m mlp_mf_s1_sel-loss
--- python evaluate_fast.py -dr data -ont mf -m mlp_mf_s1_sel-loss_blast
Fmax: 0.656, Smin: 9.830, threshold: 0.33
WFmax: 0.604, threshold: 0.33
AUPR: 0.658
AVGIC: 11.006
--- python evaluate_fast.py -dr data -ont mf -m mlp_mf_s1_sel-loss_blast -c
Fmax: 0.669, Smin: 9.557, threshold: 0.29
WFmax: 0.624, threshold: 0.29
AUPR: 0.643
AVGIC: 13.071
--- python evaluate_terms.py -dr data -ont mf -m mlp_mf_s1_sel-loss_blast
GO:0003735 0.9275189689902996
Average AUC for mf 0.878  (n_terms=2679)
--- python evaluate_terms.py -dr data -ont mf -m mlp_mf_s1_sel-loss_blast -c
GO:0003735 0.9305241378807914
Average AUC for mf 0.882  (n_terms=2679)
=== end=2026-08-26T23:33:47+01:00
=== evaluation of mlp_mf_s1_sel-micro start=2026-08-26T23:33:47+01:00
--- python predict_diamond.py -dr data -ont mf -m mlp_mf_s1_sel-micro
--- python evaluate_fast.py -dr data -ont mf -m mlp_mf_s1_sel-micro_blast
Fmax: 0.657, Smin: 9.782, threshold: 0.34
WFmax: 0.605, threshold: 0.34
AUPR: 0.657
AVGIC: 10.984
--- python evaluate_fast.py -dr data -ont mf -m mlp_mf_s1_sel-micro_blast -c
Fmax: 0.670, Smin: 9.551, threshold: 0.33
WFmax: 0.625, threshold: 0.33
AUPR: 0.641
AVGIC: 12.194
--- python evaluate_terms.py -dr data -ont mf -m mlp_mf_s1_sel-micro_blast
GO:0003735 0.9294022081616744
Average AUC for mf 0.882  (n_terms=2679)
--- python evaluate_terms.py -dr data -ont mf -m mlp_mf_s1_sel-micro_blast -c
GO:0003735 0.9328627056719375
Average AUC for mf 0.886  (n_terms=2679)
=== end=2026-08-26T23:36:16+01:00
=== evaluation of mlp_mf_s1_sel-macro start=2026-08-26T23:36:16+01:00
--- python predict_diamond.py -dr data -ont mf -m mlp_mf_s1_sel-macro
--- python evaluate_fast.py -dr data -ont mf -m mlp_mf_s1_sel-macro_blast
Fmax: 0.658, Smin: 9.709, threshold: 0.37
WFmax: 0.609, threshold: 0.37
AUPR: 0.629
AVGIC: 11.352
--- python evaluate_fast.py -dr data -ont mf -m mlp_mf_s1_sel-macro_blast -c
Fmax: 0.668, Smin: 9.586, threshold: 0.32
WFmax: 0.624, threshold: 0.31
AUPR: 0.620
AVGIC: 12.910
--- python evaluate_terms.py -dr data -ont mf -m mlp_mf_s1_sel-macro_blast
GO:0003735 0.9373795655800705
Average AUC for mf 0.900  (n_terms=2679)
--- python evaluate_terms.py -dr data -ont mf -m mlp_mf_s1_sel-macro_blast -c
GO:0003735 0.9427961548408718
Average AUC for mf 0.902  (n_terms=2679)
=== end=2026-08-26T23:38:46+01:00
