=== command: python deepgopro.py -dr data -ont mf -m mlp_mf_s2 -s 2 -ep 60
=== start=2026-08-27T04:06:20+01:00
Epoch 0: Loss - 0.0074011565980038295, Valid loss - 0.004903412058151194, AUC - 0.9737317325664492, termAUC - 0.8373284648546595
Saving model (sel-loss)
Saving model (sel-micro)
Saving model (sel-macro)
Epoch 1: Loss - 0.003315060580728518, Valid loss - 0.004506044262754066, AUC - 0.9795705427271258, termAUC - 0.853153827772512
Saving model (sel-loss)
Saving model (sel-micro)
Saving model (sel-macro)
Epoch 2: Loss - 0.0030166085111969117, Valid loss - 0.004509155946739373, AUC - 0.9801736942380357, termAUC - 0.8616490651619926
Saving model (sel-micro)
Saving model (sel-macro)
Epoch 3: Loss - 0.002763501417434341, Valid loss - 0.004495092991384722, AUC - 0.9805149978747973, termAUC - 0.8626507233924021
Saving model (sel-loss)
Saving model (sel-micro)
Saving model (sel-macro)
Epoch 4: Loss - 0.0027338753752430248, Valid loss - 0.004501827067828604, AUC - 0.9806395463839153, termAUC - 0.8636634702649436
Saving model (sel-micro)
Saving model (sel-macro)
Epoch 5: Loss - 0.0027047917751408914, Valid loss - 0.004508127912967687, AUC - 0.9807218483587992, termAUC - 0.8646771159598887
Saving model (sel-micro)
Saving model (sel-macro)
Epoch 6: Loss - 0.0026818251309676357, Valid loss - 0.004517049737097252, AUC - 0.9807434915221066, termAUC - 0.865781159962494
Saving model (sel-micro)
Saving model (sel-macro)
Epoch 7: Loss - 0.0026596231864372526, Valid loss - 0.004521132615350542, AUC - 0.9807710870453873, termAUC - 0.866818244558303
Saving model (sel-micro)
Saving model (sel-macro)
Epoch 8: Loss - 0.0026333277444508924, Valid loss - 0.004529245647912224, AUC - 0.9807337610093823, termAUC - 0.867804983707805
Saving model (sel-macro)
Epoch 9: Loss - 0.0026132636807692316, Valid loss - 0.0045410382162247385, AUC - 0.9806576851934671, termAUC - 0.8686839037626488
Saving model (sel-macro)
Epoch 10: Loss - 0.0025836949671109834, Valid loss - 0.004551850942273935, AUC - 0.9805424158086826, termAUC - 0.8694786354851902
Saving model (sel-macro)
Epoch 11: Loss - 0.0025600359381619878, Valid loss - 0.004564892236764232, AUC - 0.98037359125571, termAUC - 0.8702733863905248
Saving model (sel-macro)
Epoch 12: Loss - 0.00254300078121733, Valid loss - 0.00456857232243887, AUC - 0.9803145704018833, termAUC - 0.8708882727378887
Saving model (sel-macro)
Epoch 13: Loss - 0.0025186668196246743, Valid loss - 0.0045837624331137965, AUC - 0.9802085270156623, termAUC - 0.8715857953219334
Saving model (sel-macro)
Epoch 14: Loss - 0.00250076437931849, Valid loss - 0.004595873351874096, AUC - 0.9801500718377831, termAUC - 0.8721210802460956
Saving model (sel-macro)
Epoch 15: Loss - 0.002488543326580645, Valid loss - 0.004600964522077923, AUC - 0.9801165480092068, termAUC - 0.8727724702447539
Saving model (sel-macro)
Epoch 16: Loss - 0.002468288873512738, Valid loss - 0.004612867964342946, AUC - 0.9801009408612162, termAUC - 0.8733694780033583
Saving model (sel-macro)
Epoch 17: Loss - 0.0024523884184456195, Valid loss - 0.00462323155342823, AUC - 0.980080259720424, termAUC - 0.8738387587005076
Saving model (sel-macro)
Epoch 18: Loss - 0.002431829663041158, Valid loss - 0.004635068463782469, AUC - 0.9800340473496372, termAUC - 0.8742379528077734
Saving model (sel-macro)
Epoch 19: Loss - 0.0024154729201657753, Valid loss - 0.004640885269535439, AUC - 0.9800229439979816, termAUC - 0.8745181528603643
Saving model (sel-macro)
Epoch 20: Loss - 0.0023983768000256536, Valid loss - 0.00465691264142238, AUC - 0.9799975554811069, termAUC - 0.8749704179040808
Saving model (sel-macro)
Epoch 21: Loss - 0.002385299779396381, Valid loss - 0.004663320018776826, AUC - 0.9800211020562886, termAUC - 0.8754138636569333
Saving model (sel-macro)
Epoch 22: Loss - 0.002369502844205632, Valid loss - 0.0046675011205176515, AUC - 0.980020514283227, termAUC - 0.8757329771266673
Saving model (sel-macro)
Epoch 23: Loss - 0.0023569729957973566, Valid loss - 0.004688139137856307, AUC - 0.979977710854499, termAUC - 0.875995183359517
Saving model (sel-macro)
Epoch 24: Loss - 0.002340636630810369, Valid loss - 0.004693467500397847, AUC - 0.979996177120291, termAUC - 0.8761760332987394
Saving model (sel-macro)
Epoch 25: Loss - 0.0023279176853622952, Valid loss - 0.0047019355109937135, AUC - 0.9800013777363841, termAUC - 0.8764114348707563
Saving model (sel-macro)
Epoch 26: Loss - 0.0023114700228644334, Valid loss - 0.004714855784550309, AUC - 0.9799609240344839, termAUC - 0.8766344997157776
Saving model (sel-macro)
Epoch 27: Loss - 0.0022934171425960203, Valid loss - 0.004723982322251513, AUC - 0.9799496412184364, termAUC - 0.8767615648134359
Saving model (sel-macro)
Epoch 28: Loss - 0.002284254014012984, Valid loss - 0.004732251191689145, AUC - 0.9799570531926589, termAUC - 0.8770502034271068
Saving model (sel-macro)
Epoch 29: Loss - 0.002271662893332144, Valid loss - 0.004744977446361666, AUC - 0.9799305207130641, termAUC - 0.877178590270795
Saving model (sel-macro)
Epoch 30: Loss - 0.0022602951399837167, Valid loss - 0.004754137389716648, AUC - 0.97993007655367, termAUC - 0.8773207833367063
Saving model (sel-macro)
Epoch 31: Loss - 0.0022516365716465938, Valid loss - 0.004764890919129054, AUC - 0.9799280355541162, termAUC - 0.8775963662690381
Saving model (sel-macro)
Epoch 32: Loss - 0.0022339606784081783, Valid loss - 0.004776840554993777, AUC - 0.9799294574540491, termAUC - 0.8776424053037165
Saving model (sel-macro)
Epoch 33: Loss - 0.0022312568803640187, Valid loss - 0.004780405926119004, AUC - 0.9799565533805844, termAUC - 0.8778333366304172
Saving model (sel-macro)
Epoch 34: Loss - 0.002217526643693693, Valid loss - 0.004795224450173832, AUC - 0.9799202112278954, termAUC - 0.8778147962428107
Epoch 35: Loss - 0.002203178127728704, Valid loss - 0.004811152401158498, AUC - 0.9798746883201345, termAUC - 0.877843538582062
Saving model (sel-macro)
Epoch 36: Loss - 0.0021929660881695925, Valid loss - 0.004816106646986945, AUC - 0.9798776840014377, termAUC - 0.8778063769799597
Epoch 37: Loss - 0.002184492879556105, Valid loss - 0.004827047301278938, AUC - 0.9798597066161793, termAUC - 0.8777814187823768
Epoch 38: Loss - 0.0021792587224608315, Valid loss - 0.004837394521261255, AUC - 0.9798401467620758, termAUC - 0.8776545483761342
Epoch 39: Loss - 0.002166046078105609, Valid loss - 0.004845744220628625, AUC - 0.9798399801096929, termAUC - 0.877586779986213
Epoch 40: Loss - 0.0021574203990185606, Valid loss - 0.004862873899262576, AUC - 0.9798010235867219, termAUC - 0.8777901126181186
Epoch 41: Loss - 0.002149018294255312, Valid loss - 0.004862672904328931, AUC - 0.9798556819052405, termAUC - 0.8776193491428969
Epoch 42: Loss - 0.002135141102643733, Valid loss - 0.004881066868879965, AUC - 0.9797737086831263, termAUC - 0.8773868350103454
Epoch 43: Loss - 0.002130002935498326, Valid loss - 0.004893963409232952, AUC - 0.9797666092764964, termAUC - 0.8773989606339423
Epoch 44: Loss - 0.00211961427629113, Valid loss - 0.004901619262195059, AUC - 0.9797196649085842, termAUC - 0.8771475913884222
Epoch 45: Loss - 0.002116681840786506, Valid loss - 0.004901069950401073, AUC - 0.9797609008246304, termAUC - 0.8769650398495099
Epoch 46: Loss - 0.002105041605165512, Valid loss - 0.004917896632105112, AUC - 0.9797507307405472, termAUC - 0.8770024384429406
Epoch 47: Loss - 0.002094033810223777, Valid loss - 0.004931436394829126, AUC - 0.9797320256843366, termAUC - 0.8770687415172786
Epoch 48: Loss - 0.002088990076980628, Valid loss - 0.004938720590213225, AUC - 0.9797601091552162, termAUC - 0.8770039113765521
Epoch 49: Loss - 0.00208330702116461, Valid loss - 0.00494749979781253, AUC - 0.979738719613493, termAUC - 0.8769969792455531
Epoch 50: Loss - 0.002070697672001589, Valid loss - 0.004954014153086713, AUC - 0.9796983322011059, termAUC - 0.8766779315095021
Epoch 51: Loss - 0.002070117537259532, Valid loss - 0.004969019440579273, AUC - 0.9796450276814251, termAUC - 0.8765778270264404
Epoch 52: Loss - 0.0020574366270154874, Valid loss - 0.0049746425423238955, AUC - 0.9796547540709833, termAUC - 0.8764451949246806
Epoch 53: Loss - 0.0020556600119212404, Valid loss - 0.004989366226696542, AUC - 0.9796296547412922, termAUC - 0.8762970105256468
Epoch 54: Loss - 0.0020496490022417504, Valid loss - 0.00499386741291909, AUC - 0.9796094656014632, termAUC - 0.8761138225739787
Epoch 55: Loss - 0.0020432577361089907, Valid loss - 0.0050025408488831346, AUC - 0.9796044828940018, termAUC - 0.8759498507681205
Epoch 56: Loss - 0.0020346898680773024, Valid loss - 0.005016862235165068, AUC - 0.9795453663775677, termAUC - 0.8757584078613201
Epoch 57: Loss - 0.0020332097034842862, Valid loss - 0.005025586383860736, AUC - 0.9795353106599679, termAUC - 0.8756516330474045
Epoch 58: Loss - 0.0020216444339375065, Valid loss - 0.005036923690654692, AUC - 0.9795214508649603, termAUC - 0.8754894727360463
Epoch 59: Loss - 0.002020851444379606, Valid loss - 0.0050379219309737286, AUC - 0.9795801279496354, termAUC - 0.8754558047628902
Loading the best model: mlp_mf_s2_sel-loss
Test Loss - 0.004154007102442847, AUC - 0.9853532244416479
Loading the best model: mlp_mf_s2_sel-micro
Test Loss - 0.004167627083916159, AUC - 0.9855413594184854
Loading the best model: mlp_mf_s2_sel-macro
Test Loss - 0.004409602214764163, AUC - 0.984746779218957
=== evaluation of mlp_mf_s2_sel-loss start=2026-08-27T04:29:36+01:00
--- python predict_diamond.py -dr data -ont mf -m mlp_mf_s2_sel-loss
--- python evaluate_fast.py -dr data -ont mf -m mlp_mf_s2_sel-loss_blast
Fmax: 0.655, Smin: 9.832, threshold: 0.33
WFmax: 0.604, threshold: 0.33
AUPR: 0.656
AVGIC: 11.002
--- python evaluate_fast.py -dr data -ont mf -m mlp_mf_s2_sel-loss_blast -c
Fmax: 0.670, Smin: 9.570, threshold: 0.32
WFmax: 0.624, threshold: 0.27
AUPR: 0.649
AVGIC: 12.286
--- python evaluate_terms.py -dr data -ont mf -m mlp_mf_s2_sel-loss_blast
GO:0003735 0.9400022584299541
Average AUC for mf 0.881  (n_terms=2679)
--- python evaluate_terms.py -dr data -ont mf -m mlp_mf_s2_sel-loss_blast -c
GO:0003735 0.9428835779358679
Average AUC for mf 0.885  (n_terms=2679)
=== end=2026-08-27T04:32:04+01:00
=== evaluation of mlp_mf_s2_sel-micro start=2026-08-27T04:32:04+01:00
--- python predict_diamond.py -dr data -ont mf -m mlp_mf_s2_sel-micro
--- python evaluate_fast.py -dr data -ont mf -m mlp_mf_s2_sel-micro_blast
Fmax: 0.656, Smin: 9.819, threshold: 0.35
WFmax: 0.604, threshold: 0.35
AUPR: 0.653
AVGIC: 10.671
--- python evaluate_fast.py -dr data -ont mf -m mlp_mf_s2_sel-micro_blast -c
Fmax: 0.670, Smin: 9.547, threshold: 0.32
WFmax: 0.625, threshold: 0.32
AUPR: 0.646
AVGIC: 12.348
--- python evaluate_terms.py -dr data -ont mf -m mlp_mf_s2_sel-micro_blast
GO:0003735 0.9424537477188035
Average AUC for mf 0.886  (n_terms=2679)
--- python evaluate_terms.py -dr data -ont mf -m mlp_mf_s2_sel-micro_blast -c
GO:0003735 0.9453860640301318
Average AUC for mf 0.889  (n_terms=2679)
=== end=2026-08-27T04:34:29+01:00
=== evaluation of mlp_mf_s2_sel-macro start=2026-08-27T04:34:29+01:00
--- python predict_diamond.py -dr data -ont mf -m mlp_mf_s2_sel-macro
--- python evaluate_fast.py -dr data -ont mf -m mlp_mf_s2_sel-macro_blast
Fmax: 0.655, Smin: 9.790, threshold: 0.37
WFmax: 0.604, threshold: 0.37
AUPR: 0.632
AVGIC: 11.254
--- python evaluate_fast.py -dr data -ont mf -m mlp_mf_s2_sel-macro_blast -c
Fmax: 0.667, Smin: 9.584, threshold: 0.28
WFmax: 0.623, threshold: 0.31
AUPR: 0.628
AVGIC: 13.881
--- python evaluate_terms.py -dr data -ont mf -m mlp_mf_s2_sel-macro_blast
GO:0003735 0.9529445191183381
Average AUC for mf 0.900  (n_terms=2679)
--- python evaluate_terms.py -dr data -ont mf -m mlp_mf_s2_sel-macro_blast -c
GO:0003735 0.9565944333344261
Average AUC for mf 0.902  (n_terms=2679)
=== end=2026-08-27T04:36:54+01:00
