=== command: python neuralgobox_train.py -dr data -ont mf -m neuralgobox_mf_s1 -s 1 -ep 10
=== start=2026-09-10T01:05:19+01:00
=== gpu: NVIDIA A100-PCIE-40GB
Epoch 0: Loss - 0.004786725530670648, EL Loss: 0.9237407206917723, Valid loss - 0.00469563340191685, AUC - 0.9809975891569699, termAUC - 0.8998661220645595, lr - 0.0005
Saving model (sel-loss)
Saving model (sel-micro)
Saving model (sel-macro)
Epoch 1: Loss - 0.003368854505844073, EL Loss: 0.35145504552081497, Valid loss - 0.004650524546880097, AUC - 0.9827201879765539, termAUC - 0.9027591271327806, lr - 0.0005
Saving model (sel-loss)
Saving model (sel-micro)
Saving model (sel-macro)
Epoch 2: Loss - 0.0024844208803906625, EL Loss: 0.3043298035447463, Valid loss - 0.0045505691984934465, AUC - 0.9837221241354609, termAUC - 0.9079457589200328, lr - 5e-05
Saving model (sel-loss)
Saving model (sel-micro)
Saving model (sel-macro)
Epoch 3: Loss - 0.0022583572063555385, EL Loss: 0.29775735951714116, Valid loss - 0.004661082192545845, AUC - 0.9834541468776342, termAUC - 0.9077332281517503, lr - 5e-05
Epoch 4: Loss - 0.0020813924654439504, EL Loss: 0.2943038441502629, Valid loss - 0.004673279686609195, AUC - 0.9833902114726414, termAUC - 0.9074013985797308, lr - 5e-06
Epoch 5: Loss - 0.002064644420545259, EL Loss: 0.2935163428544744, Valid loss - 0.004693722534215166, AUC - 0.9833122684824378, termAUC - 0.9071759558348266, lr - 5e-06
Epoch 6: Loss - 0.002050643082221135, EL Loss: 0.2927605333927467, Valid loss - 0.004711908683003414, AUC - 0.9832647184952508, termAUC - 0.9069902640846499, lr - 5e-06
Epoch 7: Loss - 0.0020376893602950348, EL Loss: 0.2919908499184508, Valid loss - 0.004726883514030349, AUC - 0.9832137551394656, termAUC - 0.906824246916128, lr - 5e-06
Epoch 8: Loss - 0.0020237672213351907, EL Loss: 0.29115688261259604, Valid loss - 0.004741796600588021, AUC - 0.983172496155963, termAUC - 0.9066015453749432, lr - 5e-06
Epoch 9: Loss - 0.0020125869605035636, EL Loss: 0.2903201596551556, Valid loss - 0.004758335743099451, AUC - 0.9831201881240339, termAUC - 0.9064051888808549, lr - 5e-06
Loading the best model: neuralgobox_mf_s1_sel-loss
Test Loss - 0.0041592600664444035, AUC - 0.9874575867196169
Loading the best model: neuralgobox_mf_s1_sel-micro
Test Loss - 0.0041592600664444035, AUC - 0.9874575867196169
Loading the best model: neuralgobox_mf_s1_sel-macro
Test Loss - 0.0041592600664444035, AUC - 0.9874575867196169
=== evaluation of neuralgobox_mf_s1_sel-loss start=2026-09-10T01:40:56+01:00
--- python predict_diamond.py -dr data -ont mf -m neuralgobox_mf_s1_sel-loss
--- python evaluate_fast.py -dr data -ont mf -m neuralgobox_mf_s1_sel-loss_blast
Fmax: 0.657, Smin: 9.792, threshold: 0.45
WFmax: 0.607, threshold: 0.43
AUPR: 0.650
AVGIC: 10.562
--- python evaluate_fast.py -dr data -ont mf -m neuralgobox_mf_s1_sel-loss_blast -c
Fmax: 0.670, Smin: 9.595, threshold: 0.34
WFmax: 0.624, threshold: 0.3
AUPR: 0.640
AVGIC: 12.677
--- python evaluate_terms.py -dr data -ont mf -m neuralgobox_mf_s1_sel-loss_blast
GO:0003735 0.9458923894553177
Average AUC for mf 0.923  (n_terms=2679)
--- python evaluate_terms.py -dr data -ont mf -m neuralgobox_mf_s1_sel-loss_blast -c
GO:0003735 0.9474077231019171
Average AUC for mf 0.924  (n_terms=2679)
=== end=2026-09-10T01:43:24+01:00
=== evaluation of neuralgobox_mf_s1_sel-micro start=2026-09-10T01:43:24+01:00
--- python predict_diamond.py -dr data -ont mf -m neuralgobox_mf_s1_sel-micro
--- python evaluate_fast.py -dr data -ont mf -m neuralgobox_mf_s1_sel-micro_blast
Fmax: 0.657, Smin: 9.792, threshold: 0.45
WFmax: 0.607, threshold: 0.43
AUPR: 0.650
AVGIC: 10.562
--- python evaluate_fast.py -dr data -ont mf -m neuralgobox_mf_s1_sel-micro_blast -c
Fmax: 0.670, Smin: 9.595, threshold: 0.34
WFmax: 0.624, threshold: 0.3
AUPR: 0.640
AVGIC: 12.677
--- python evaluate_terms.py -dr data -ont mf -m neuralgobox_mf_s1_sel-micro_blast
GO:0003735 0.9458923894553177
Average AUC for mf 0.923  (n_terms=2679)
--- python evaluate_terms.py -dr data -ont mf -m neuralgobox_mf_s1_sel-micro_blast -c
GO:0003735 0.9474077231019171
Average AUC for mf 0.924  (n_terms=2679)
=== end=2026-09-10T01:45:54+01:00
=== evaluation of neuralgobox_mf_s1_sel-macro start=2026-09-10T01:45:54+01:00
--- python predict_diamond.py -dr data -ont mf -m neuralgobox_mf_s1_sel-macro
--- python evaluate_fast.py -dr data -ont mf -m neuralgobox_mf_s1_sel-macro_blast
Fmax: 0.657, Smin: 9.792, threshold: 0.45
WFmax: 0.607, threshold: 0.43
AUPR: 0.650
AVGIC: 10.562
--- python evaluate_fast.py -dr data -ont mf -m neuralgobox_mf_s1_sel-macro_blast -c
Fmax: 0.670, Smin: 9.595, threshold: 0.34
WFmax: 0.624, threshold: 0.3
AUPR: 0.640
AVGIC: 12.677
--- python evaluate_terms.py -dr data -ont mf -m neuralgobox_mf_s1_sel-macro_blast
GO:0003735 0.9458923894553177
Average AUC for mf 0.923  (n_terms=2679)
--- python evaluate_terms.py -dr data -ont mf -m neuralgobox_mf_s1_sel-macro_blast -c
GO:0003735 0.9474077231019171
Average AUC for mf 0.924  (n_terms=2679)
=== end=2026-09-10T01:48:23+01:00
