=== command: python neuralgobox_train.py -dr data -ont mf -m neuralgobox_mf_s0 -s 0 -ep 10
=== start=2026-09-09T20:14:25+01:00
=== gpu: NVIDIA A100 80GB PCIe
Epoch 0: Loss - 0.004784023547664094, EL Loss: 0.9269995885217787, Valid loss - 0.004609393013552541, AUC - 0.9817394382016128, termAUC - 0.8999776984992703, lr - 0.0005
Saving model (sel-loss)
Saving model (sel-micro)
Saving model (sel-macro)
Epoch 1: Loss - 0.003371511200314965, EL Loss: 0.3513719305253257, Valid loss - 0.004687602296915083, AUC - 0.9828128875800753, termAUC - 0.9064844462834935, lr - 0.0005
Saving model (sel-micro)
Saving model (sel-macro)
Epoch 2: Loss - 0.002495352578393052, EL Loss: 0.30399682873481126, Valid loss - 0.004559181444346905, AUC - 0.9841236772500411, termAUC - 0.9118695252601926, lr - 5e-05
Saving model (sel-loss)
Saving model (sel-micro)
Saving model (sel-macro)
Epoch 3: Loss - 0.0022673098528132843, EL Loss: 0.29738864994531494, Valid loss - 0.004649119833040805, AUC - 0.9839267338257349, termAUC - 0.9113593531349502, lr - 5e-05
Epoch 4: Loss - 0.0020900087581582454, EL Loss: 0.2939447149618492, Valid loss - 0.004660517296620778, AUC - 0.9838650596788315, termAUC - 0.9111489419629308, lr - 5e-06
Epoch 5: Loss - 0.002069970814776989, EL Loss: 0.2931894743467926, Valid loss - 0.004678215798256653, AUC - 0.983819847633832, termAUC - 0.9108014457821808, lr - 5e-06
Epoch 6: Loss - 0.0020550004237840256, EL Loss: 0.2924746197506516, Valid loss - 0.004695140630272882, AUC - 0.9837794088164734, termAUC - 0.910555041165771, lr - 5e-06
Epoch 7: Loss - 0.0020441305928385525, EL Loss: 0.29170650107284196, Valid loss - 0.004710667955112599, AUC - 0.9837445455795323, termAUC - 0.9103183136173371, lr - 5e-06
Epoch 8: Loss - 0.0020295375786003626, EL Loss: 0.29090523767395143, Valid loss - 0.0047267979454426534, AUC - 0.983701496343523, termAUC - 0.9100779101841651, lr - 5e-06
Epoch 9: Loss - 0.0020161105341677723, EL Loss: 0.29006761782212503, Valid loss - 0.004741560357312362, AUC - 0.9836746480048298, termAUC - 0.9098533807649944, lr - 5e-06
Loading the best model: neuralgobox_mf_s0_sel-loss
Test Loss - 0.004164799078353099, AUC - 0.987606100427274
Loading the best model: neuralgobox_mf_s0_sel-micro
Test Loss - 0.004164799078353099, AUC - 0.987606100427274
Loading the best model: neuralgobox_mf_s0_sel-macro
Test Loss - 0.004164799078353099, AUC - 0.987606100427274
=== evaluation of neuralgobox_mf_s0_sel-loss start=2026-09-09T20:45:18+01:00
--- python predict_diamond.py -dr data -ont mf -m neuralgobox_mf_s0_sel-loss
--- python evaluate_fast.py -dr data -ont mf -m neuralgobox_mf_s0_sel-loss_blast
Fmax: 0.651, Smin: 9.875, threshold: 0.37
WFmax: 0.602, threshold: 0.37
AUPR: 0.644
AVGIC: 12.123
--- python evaluate_fast.py -dr data -ont mf -m neuralgobox_mf_s0_sel-loss_blast -c
Fmax: 0.668, Smin: 9.604, threshold: 0.34
WFmax: 0.623, threshold: 0.33
AUPR: 0.636
AVGIC: 12.686
--- python evaluate_terms.py -dr data -ont mf -m neuralgobox_mf_s0_sel-loss_blast
GO:0003735 0.9473858673281681
Average AUC for mf 0.926  (n_terms=2679)
--- python evaluate_terms.py -dr data -ont mf -m neuralgobox_mf_s0_sel-loss_blast -c
GO:0003735 0.9480524684275136
Average AUC for mf 0.927  (n_terms=2679)
=== end=2026-09-09T20:47:36+01:00
=== evaluation of neuralgobox_mf_s0_sel-micro start=2026-09-09T20:47:36+01:00
--- python predict_diamond.py -dr data -ont mf -m neuralgobox_mf_s0_sel-micro
--- python evaluate_fast.py -dr data -ont mf -m neuralgobox_mf_s0_sel-micro_blast
Fmax: 0.651, Smin: 9.875, threshold: 0.37
WFmax: 0.602, threshold: 0.37
AUPR: 0.644
AVGIC: 12.123
--- python evaluate_fast.py -dr data -ont mf -m neuralgobox_mf_s0_sel-micro_blast -c
Fmax: 0.668, Smin: 9.604, threshold: 0.34
WFmax: 0.623, threshold: 0.33
AUPR: 0.636
AVGIC: 12.686
--- python evaluate_terms.py -dr data -ont mf -m neuralgobox_mf_s0_sel-micro_blast
GO:0003735 0.9473858673281681
Average AUC for mf 0.926  (n_terms=2679)
--- python evaluate_terms.py -dr data -ont mf -m neuralgobox_mf_s0_sel-micro_blast -c
GO:0003735 0.9480524684275136
Average AUC for mf 0.927  (n_terms=2679)
=== end=2026-09-09T20:49:54+01:00
=== evaluation of neuralgobox_mf_s0_sel-macro start=2026-09-09T20:49:54+01:00
--- python predict_diamond.py -dr data -ont mf -m neuralgobox_mf_s0_sel-macro
--- python evaluate_fast.py -dr data -ont mf -m neuralgobox_mf_s0_sel-macro_blast
Fmax: 0.651, Smin: 9.875, threshold: 0.37
WFmax: 0.602, threshold: 0.37
AUPR: 0.644
AVGIC: 12.123
--- python evaluate_fast.py -dr data -ont mf -m neuralgobox_mf_s0_sel-macro_blast -c
Fmax: 0.668, Smin: 9.604, threshold: 0.34
WFmax: 0.623, threshold: 0.33
AUPR: 0.636
AVGIC: 12.686
--- python evaluate_terms.py -dr data -ont mf -m neuralgobox_mf_s0_sel-macro_blast
GO:0003735 0.9473858673281681
Average AUC for mf 0.926  (n_terms=2679)
--- python evaluate_terms.py -dr data -ont mf -m neuralgobox_mf_s0_sel-macro_blast -c
GO:0003735 0.9480524684275136
Average AUC for mf 0.927  (n_terms=2679)
=== end=2026-09-09T20:52:12+01:00
