=== command: python deepgozero.py -dr data -ont bp -m deepgozero_bp_s0 -s 0 -ep 128
=== start=2026-08-26T18:04:42+01:00
=== gpu: NVIDIA A100-PCIE-40GB
Epoch 0: Loss - 0.01978241164874975, EL Loss: 22.50751381193733, Valid loss - 0.017223451823144165, AUC - 0.6313179439786911, termAUC - 0.5721949010066419
Saving model (sel-loss)
Saving model (sel-micro)
Saving model (sel-macro)
Epoch 1: Loss - 0.016737415024608165, EL Loss: 1.4685723156452548, Valid loss - 0.017074039286088864, AUC - 0.6641602284374588, termAUC - 0.5918616425006763
Saving model (sel-loss)
Saving model (sel-micro)
Saving model (sel-macro)
Epoch 2: Loss - 0.016470879266553613, EL Loss: 0.7330466400829052, Valid loss - 0.016719264872618857, AUC - 0.7166784857833977, termAUC - 0.5862093064305854
Saving model (sel-loss)
Saving model (sel-micro)
Epoch 3: Loss - 0.01588896403448421, EL Loss: 0.4492150069344976, Valid loss - 0.015592864079289878, AUC - 0.8210145461944359, termAUC - 0.5742245092538224
Saving model (sel-loss)
Saving model (sel-micro)
Epoch 4: Loss - 0.012190563514421814, EL Loss: 0.2849707216439923, Valid loss - 0.010602514682004585, AUC - 0.950433810373487, termAUC - 0.5835424272574389
Saving model (sel-loss)
Saving model (sel-micro)
Epoch 5: Loss - 0.010182200455612493, EL Loss: 0.20675812302681015, Valid loss - 0.010471689015232174, AUC - 0.9530806879429401, termAUC - 0.5830841955918449
Saving model (sel-loss)
Saving model (sel-micro)
Epoch 6: Loss - 0.01006049899157861, EL Loss: 0.19197276795584503, Valid loss - 0.010420988353943785, AUC - 0.954396563655544, termAUC - 0.5846965038119776
Saving model (sel-loss)
Saving model (sel-micro)
Epoch 7: Loss - 0.009992175348143445, EL Loss: 0.1728776202794658, Valid loss - 0.010405103053083483, AUC - 0.9549963495484538, termAUC - 0.5888332745080913
Saving model (sel-loss)
Saving model (sel-micro)
Epoch 8: Loss - 0.009930944228566474, EL Loss: 0.14964382710565807, Valid loss - 0.010405466617362587, AUC - 0.9554870812758361, termAUC - 0.5905924559208565
Saving model (sel-micro)
Epoch 9: Loss - 0.009879056306225468, EL Loss: 0.12416439461878895, Valid loss - 0.010361589688733713, AUC - 0.9559453370317474, termAUC - 0.5922831109134453
Saving model (sel-loss)
Saving model (sel-micro)
Saving model (sel-macro)
Epoch 10: Loss - 0.009818284593069512, EL Loss: 0.098852167519186, Valid loss - 0.010396520375884724, AUC - 0.9558677151759852, termAUC - 0.5990196302635552
Saving model (sel-macro)
Epoch 11: Loss - 0.009756180954091453, EL Loss: 0.07461782766464235, Valid loss - 0.010312547062258452, AUC - 0.9563754289553194, termAUC - 0.6058140078461716
Saving model (sel-loss)
Saving model (sel-micro)
Saving model (sel-macro)
Epoch 12: Loss - 0.009647161558437818, EL Loss: 0.05230327223814984, Valid loss - 0.010242725562131563, AUC - 0.9574209671929241, termAUC - 0.6190198620078684
Saving model (sel-loss)
Saving model (sel-micro)
Saving model (sel-macro)
Epoch 13: Loss - 0.00948225544032653, EL Loss: 0.03235087709935666, Valid loss - 0.010078592734744415, AUC - 0.958548597662725, termAUC - 0.6329354354591137
Saving model (sel-loss)
Saving model (sel-micro)
Saving model (sel-macro)
Epoch 14: Loss - 0.009225724521796432, EL Loss: 0.015890988347421406, Valid loss - 0.009908263960125431, AUC - 0.9606889861334355, termAUC - 0.6645347738813825
Saving model (sel-loss)
Saving model (sel-micro)
Saving model (sel-macro)
Epoch 15: Loss - 0.008850079164158562, EL Loss: 0.006536134818783802, Valid loss - 0.009687981179711834, AUC - 0.9632989811746545, termAUC - 0.7043325258277936
Saving model (sel-loss)
Saving model (sel-micro)
Saving model (sel-macro)
Epoch 16: Loss - 0.008317918227776297, EL Loss: 0.002587713814815932, Valid loss - 0.00937184165632784, AUC - 0.9655102843067278, termAUC - 0.7350923750584049
Saving model (sel-loss)
Saving model (sel-micro)
Saving model (sel-macro)
Epoch 17: Loss - 0.007775641744776025, EL Loss: 0.0019505033097291216, Valid loss - 0.009243239596214713, AUC - 0.9666917854021565, termAUC - 0.7536298503935247
Saving model (sel-loss)
Saving model (sel-micro)
Saving model (sel-macro)
Epoch 18: Loss - 0.007318475354018482, EL Loss: 0.0017760022799286049, Valid loss - 0.009158609132745013, AUC - 0.9675773807591638, termAUC - 0.7697750731910138
Saving model (sel-loss)
Saving model (sel-micro)
Saving model (sel-macro)
Epoch 19: Loss - 0.006943691393113778, EL Loss: 0.0016161316743706325, Valid loss - 0.009129663127542332, AUC - 0.9681279740846909, termAUC - 0.7806634472967497
Saving model (sel-loss)
Saving model (sel-micro)
Saving model (sel-macro)
Epoch 20: Loss - 0.006580277407393263, EL Loss: 0.0015329115806395617, Valid loss - 0.009159477421434114, AUC - 0.968034701309129, termAUC - 0.7811995387666718
Saving model (sel-macro)
Epoch 21: Loss - 0.006533401932042182, EL Loss: 0.001518362933155914, Valid loss - 0.009185058188112761, AUC - 0.967964972077211, termAUC - 0.7820475328159476
Saving model (sel-macro)
Epoch 22: Loss - 0.0064958686849115365, EL Loss: 0.0015041143205096206, Valid loss - 0.009180088595345321, AUC - 0.9679060249885455, termAUC - 0.782212596580665
Saving model (sel-macro)
Epoch 23: Loss - 0.0064572213245750534, EL Loss: 0.0014900601450765056, Valid loss - 0.009204175634716717, AUC - 0.9678997210499823, termAUC - 0.783123817537994
Saving model (sel-macro)
Epoch 24: Loss - 0.006420807429249553, EL Loss: 0.0014761502601676653, Valid loss - 0.009223784693202237, AUC - 0.9677836099369106, termAUC - 0.7837392992538726
Saving model (sel-macro)
Epoch 25: Loss - 0.0063924078696488895, EL Loss: 0.0014624823465341692, Valid loss - 0.009222976339129817, AUC - 0.9677519478655389, termAUC - 0.7843901009303915
Saving model (sel-macro)
Epoch 26: Loss - 0.006361599445832125, EL Loss: 0.0014489639160352435, Valid loss - 0.009219491518170432, AUC - 0.9678076734489237, termAUC - 0.7851553254023198
Saving model (sel-macro)
Epoch 27: Loss - 0.006331805228692134, EL Loss: 0.0014355987976618994, Valid loss - 0.009234623483918755, AUC - 0.9677192147090649, termAUC - 0.7855749102745838
Saving model (sel-macro)
Epoch 28: Loss - 0.006302840767123849, EL Loss: 0.0014223506330425175, Valid loss - 0.009247616892495494, AUC - 0.9676844988880906, termAUC - 0.7864058150063892
Saving model (sel-macro)
Epoch 29: Loss - 0.006272251776359704, EL Loss: 0.001409342508250162, Valid loss - 0.009251977437305332, AUC - 0.967694801108658, termAUC - 0.7867913446179614
Saving model (sel-macro)
Epoch 30: Loss - 0.006247780454582387, EL Loss: 0.0013964728758497976, Valid loss - 0.009269237465885104, AUC - 0.9676187989195849, termAUC - 0.7869055929067174
Saving model (sel-macro)
Epoch 31: Loss - 0.006223462364044095, EL Loss: 0.0013837130560116204, Valid loss - 0.009264968486737139, AUC - 0.96761398367383, termAUC - 0.787287132960036
Saving model (sel-macro)
Epoch 32: Loss - 0.006187273329556693, EL Loss: 0.0013710764455150937, Valid loss - 0.009283965962340698, AUC - 0.9676609035698709, termAUC - 0.7878310068785095
Saving model (sel-macro)
Epoch 33: Loss - 0.006162320649450447, EL Loss: 0.0013584853679275012, Valid loss - 0.009295962874265696, AUC - 0.9675784134285372, termAUC - 0.7883450939219666
Saving model (sel-macro)
Epoch 34: Loss - 0.006143859761466267, EL Loss: 0.0013459465288074499, Valid loss - 0.009301525904544142, AUC - 0.9674847310206351, termAUC - 0.7887118933775891
Saving model (sel-macro)
Epoch 35: Loss - 0.006108046218602811, EL Loss: 0.0013334280131334232, Valid loss - 0.009310627383926254, AUC - 0.9674180105764598, termAUC - 0.7889151410239659
Saving model (sel-macro)
Epoch 36: Loss - 0.006083030608756068, EL Loss: 0.0013210171196821826, Valid loss - 0.009308576870660315, AUC - 0.9674976747801984, termAUC - 0.789311531592277
Saving model (sel-macro)
Epoch 37: Loss - 0.0060606540116177774, EL Loss: 0.0013087143831887072, Valid loss - 0.009329168033471565, AUC - 0.9673378059015296, termAUC - 0.7892514635184232
Epoch 38: Loss - 0.006031633469425459, EL Loss: 0.001296543350297522, Valid loss - 0.009351174010963038, AUC - 0.967384594797233, termAUC - 0.7903518344891315
Saving model (sel-macro)
Epoch 39: Loss - 0.006013296357890567, EL Loss: 0.0012845485351256894, Valid loss - 0.009331796447814301, AUC - 0.9673163993666709, termAUC - 0.7904109193419352
Saving model (sel-macro)
Epoch 40: Loss - 0.005989061468147394, EL Loss: 0.00127259538230132, Valid loss - 0.009343533092085889, AUC - 0.9672336610274936, termAUC - 0.7904381966456204
Saving model (sel-macro)
Epoch 41: Loss - 0.005964320618478909, EL Loss: 0.0012607480804013892, Valid loss - 0.009357439252295045, AUC - 0.9672149562756789, termAUC - 0.7908546799797795
Saving model (sel-macro)
Epoch 42: Loss - 0.005942433591683898, EL Loss: 0.0012490817295722114, Valid loss - 0.009378131223065371, AUC - 0.9671888396256292, termAUC - 0.7911748207819236
Saving model (sel-macro)
Epoch 43: Loss - 0.005920290193822751, EL Loss: 0.0012375170844343745, Valid loss - 0.009385547588351152, AUC - 0.9671286868767474, termAUC - 0.7913599918092475
Saving model (sel-macro)
Epoch 44: Loss - 0.005901680455458697, EL Loss: 0.0012261040374747746, Valid loss - 0.009387582377068058, AUC - 0.9671737029645378, termAUC - 0.7918773657955378
Saving model (sel-macro)
Epoch 45: Loss - 0.005872597259279603, EL Loss: 0.0012148240625159995, Valid loss - 0.009396392793474805, AUC - 0.9670903766194578, termAUC - 0.7916514633375598
Epoch 46: Loss - 0.005860920585540436, EL Loss: 0.001203642772582066, Valid loss - 0.00941079082769274, AUC - 0.9670493771180708, termAUC - 0.7919863968868432
Saving model (sel-macro)
Epoch 47: Loss - 0.0058360227326322185, EL Loss: 0.0011924762355623945, Valid loss - 0.009417017076830595, AUC - 0.9669840513963259, termAUC - 0.7917880220297147
Epoch 48: Loss - 0.005815151888959392, EL Loss: 0.0011813244873464489, Valid loss - 0.009422782318210168, AUC - 0.9669550222337938, termAUC - 0.7918903473316153
Epoch 49: Loss - 0.005791522284044857, EL Loss: 0.0011702227022240587, Valid loss - 0.009449961354696987, AUC - 0.9669522144612674, termAUC - 0.7923929017434089
Saving model (sel-macro)
Epoch 50: Loss - 0.005769353459670701, EL Loss: 0.001159303176875416, Valid loss - 0.009458508394929944, AUC - 0.9669013738395098, termAUC - 0.7924564905696946
Saving model (sel-macro)
Epoch 51: Loss - 0.005756541062939961, EL Loss: 0.0011485070688108964, Valid loss - 0.009458363469418706, AUC - 0.9668815017962239, termAUC - 0.79236379741185
Epoch 52: Loss - 0.0057323505022757095, EL Loss: 0.0011378535286665516, Valid loss - 0.00948095034857262, AUC - 0.9667597153913853, termAUC - 0.7921112576829862
Epoch 53: Loss - 0.005715788018332086, EL Loss: 0.0011273294518284044, Valid loss - 0.009493944756316626, AUC - 0.9667028130164942, termAUC - 0.7924557702076449
Epoch 54: Loss - 0.005695939185040102, EL Loss: 0.001116970043606323, Valid loss - 0.009501291870676129, AUC - 0.9666132620746664, termAUC - 0.7921524609786189
Epoch 55: Loss - 0.005671543674254941, EL Loss: 0.0011067446072367299, Valid loss - 0.009492694724055117, AUC - 0.9667161167834926, termAUC - 0.7923251431667689
Epoch 56: Loss - 0.005650758451842043, EL Loss: 0.001096536757516091, Valid loss - 0.009513587095706865, AUC - 0.9665234444142714, termAUC - 0.7923825571335352
Epoch 57: Loss - 0.0056352668308734455, EL Loss: 0.0010863331081251897, Valid loss - 0.009513252504194611, AUC - 0.9665789267043132, termAUC - 0.7926143767551082
Saving model (sel-macro)
Epoch 58: Loss - 0.005615435304418841, EL Loss: 0.001076132852362655, Valid loss - 0.009544754030787393, AUC - 0.9665246940651507, termAUC - 0.792670738469198
Saving model (sel-macro)
Epoch 59: Loss - 0.005601912824542346, EL Loss: 0.0010660373115959692, Valid loss - 0.009553207935679037, AUC - 0.9665263456209985, termAUC - 0.7927885111159813
Saving model (sel-macro)
Epoch 60: Loss - 0.005580787220681237, EL Loss: 0.001056060575235182, Valid loss - 0.009554115241233088, AUC - 0.966525467169235, termAUC - 0.7929217119279608
Saving model (sel-macro)
Epoch 61: Loss - 0.00555811933437283, EL Loss: 0.0010461196144480088, Valid loss - 0.009576500794350707, AUC - 0.9664156072300912, termAUC - 0.7924696035830828
Epoch 62: Loss - 0.005553369766345073, EL Loss: 0.0010362016280577753, Valid loss - 0.009595487750943332, AUC - 0.9663122261670348, termAUC - 0.7926750476569486
Epoch 63: Loss - 0.005528051190267265, EL Loss: 0.0010263003802250157, Valid loss - 0.009585786663267194, AUC - 0.9663845183227977, termAUC - 0.7927720110938595
Epoch 64: Loss - 0.005512478633507463, EL Loss: 0.0010164878365391105, Valid loss - 0.009605258219067426, AUC - 0.9663568412828643, termAUC - 0.792980121072283
Saving model (sel-macro)
Epoch 65: Loss - 0.00549987046730486, EL Loss: 0.0010067333980758495, Valid loss - 0.009620714871003138, AUC - 0.9661336957735117, termAUC - 0.7923605992123943
Epoch 66: Loss - 0.005478423117644837, EL Loss: 0.0009970089787145532, Valid loss - 0.009619726241251687, AUC - 0.9661521861181201, termAUC - 0.7926759356035018
Epoch 67: Loss - 0.0054617725892712405, EL Loss: 0.0009873337610130574, Valid loss - 0.00964108830478215, AUC - 0.9661915133787229, termAUC - 0.7928013688999227
Epoch 68: Loss - 0.005462123650810764, EL Loss: 0.0009777542626312815, Valid loss - 0.009642341208107622, AUC - 0.965942853733512, termAUC - 0.7924371791839896
Epoch 69: Loss - 0.005434632477892301, EL Loss: 0.0009683238152226276, Valid loss - 0.009662419933801061, AUC - 0.9660317658498521, termAUC - 0.7923003280047762
Epoch 70: Loss - 0.00541559018009457, EL Loss: 0.0009589821525768606, Valid loss - 0.00967290372717262, AUC - 0.9659947904542389, termAUC - 0.7921247009882416
Epoch 71: Loss - 0.005406210292238918, EL Loss: 0.0009496733553921855, Valid loss - 0.00967867315025223, AUC - 0.96588551549382, termAUC - 0.7921081418872515
Epoch 72: Loss - 0.005391531457798447, EL Loss: 0.0009405017761628293, Valid loss - 0.00969748951753737, AUC - 0.9658005840131291, termAUC - 0.7918978468013348
Epoch 73: Loss - 0.00537746277274196, EL Loss: 0.0009314952991988675, Valid loss - 0.00969233118700764, AUC - 0.9659373453851735, termAUC - 0.7923709329649845
Epoch 74: Loss - 0.005354557397734232, EL Loss: 0.000922618256414729, Valid loss - 0.009711267553047825, AUC - 0.9657276052840178, termAUC - 0.7917620658424188
Epoch 75: Loss - 0.005347981921120855, EL Loss: 0.0009138262860883116, Valid loss - 0.00974450825670401, AUC - 0.9656851925984695, termAUC - 0.7919451798297554
Epoch 76: Loss - 0.005334469356655636, EL Loss: 0.0009051059968055368, Valid loss - 0.009723261115912176, AUC - 0.9656856776353873, termAUC - 0.7919397804380156
Epoch 77: Loss - 0.005314695693936277, EL Loss: 0.0008964507317471323, Valid loss - 0.009734524780921391, AUC - 0.9655510175933015, termAUC - 0.7914037028470844
Epoch 78: Loss - 0.005308422473519694, EL Loss: 0.0008878032943792208, Valid loss - 0.009745469057796807, AUC - 0.9656757416556352, termAUC - 0.7917680185810437
Epoch 79: Loss - 0.005291520763624324, EL Loss: 0.0008791730479744143, Valid loss - 0.009774620974720117, AUC - 0.9656247572023027, termAUC - 0.7918129714519377
Epoch 80: Loss - 0.005271880128359571, EL Loss: 0.0008705547050588082, Valid loss - 0.009786543118711931, AUC - 0.9655093304798449, termAUC - 0.7913800960566003
Epoch 81: Loss - 0.005259673447672085, EL Loss: 0.000861954968756297, Valid loss - 0.009799702737529744, AUC - 0.9654922397698092, termAUC - 0.7916819602773193
Epoch 82: Loss - 0.005250515867317547, EL Loss: 0.0008533609150274059, Valid loss - 0.009813380597270285, AUC - 0.9654720027203916, termAUC - 0.7914117069067684
Epoch 83: Loss - 0.005235419734716589, EL Loss: 0.0008447751396362353, Valid loss - 0.009818568918237229, AUC - 0.9653822956486297, termAUC - 0.7913930421326275
Epoch 84: Loss - 0.005224255747922879, EL Loss: 0.0008363116541671791, Valid loss - 0.009827129175849506, AUC - 0.9653826110232663, termAUC - 0.7908523077130689
Epoch 85: Loss - 0.005212642014023756, EL Loss: 0.0008279263198095801, Valid loss - 0.009847335594502703, AUC - 0.9651989958229317, termAUC - 0.7906272011782414
Epoch 86: Loss - 0.005203589631098818, EL Loss: 0.0008195908972813144, Valid loss - 0.009855268624864074, AUC - 0.9652880049712819, termAUC - 0.7910193940801711
Epoch 87: Loss - 0.005191685180637861, EL Loss: 0.0008113764324817031, Valid loss - 0.00985873309550005, AUC - 0.9652442387132083, termAUC - 0.7910543648841372
Epoch 88: Loss - 0.005172263888792242, EL Loss: 0.0008032306848691905, Valid loss - 0.009863241421465841, AUC - 0.9652659011539328, termAUC - 0.7909756307830531
Epoch 89: Loss - 0.005159711890502621, EL Loss: 0.0007951717767745436, Valid loss - 0.009886260742679337, AUC - 0.9650757383630995, termAUC - 0.7907262907424286
Epoch 90: Loss - 0.005146086661074394, EL Loss: 0.0007872072616224138, Valid loss - 0.009900588113567884, AUC - 0.9651877117548525, termAUC - 0.7904683070184233
Epoch 91: Loss - 0.005139684136509664, EL Loss: 0.0007792604452061829, Valid loss - 0.009921884145711036, AUC - 0.9650076954750667, termAUC - 0.7903156380226399
Epoch 92: Loss - 0.0051276889632547624, EL Loss: 0.0007714295444096057, Valid loss - 0.00992789880576118, AUC - 0.9649901775554096, termAUC - 0.7902514432058854
Epoch 93: Loss - 0.005115652532265525, EL Loss: 0.0007637079665275026, Valid loss - 0.009932935746719704, AUC - 0.9648341696613723, termAUC - 0.789823944356593
Epoch 94: Loss - 0.005105441542938178, EL Loss: 0.0007560295562312515, Valid loss - 0.00994280878676484, AUC - 0.964959406755783, termAUC - 0.7900491954658829
Epoch 95: Loss - 0.0050901306393981195, EL Loss: 0.0007484281921379072, Valid loss - 0.009959710848252505, AUC - 0.9647788872227632, termAUC - 0.7899112256941663
Epoch 96: Loss - 0.005080374503128756, EL Loss: 0.0007408415236979965, Valid loss - 0.009962883756329484, AUC - 0.9648453905855684, termAUC - 0.7895331126195441
Epoch 97: Loss - 0.005071612483281484, EL Loss: 0.0007333042127394791, Valid loss - 0.00997539320097163, AUC - 0.9648439197219953, termAUC - 0.7894980990392909
Epoch 98: Loss - 0.005059268302121867, EL Loss: 0.0007258341502052704, Valid loss - 0.00998630802708351, AUC - 0.9646516827977325, termAUC - 0.7890025649036911
Epoch 99: Loss - 0.0050547839781539235, EL Loss: 0.0007183633283564083, Valid loss - 0.010003439008893555, AUC - 0.9647221459831905, termAUC - 0.7894958945058305
Epoch 100: Loss - 0.0050415565580054595, EL Loss: 0.0007109191488437817, Valid loss - 0.010026711424726326, AUC - 0.9645819697548655, termAUC - 0.7891595318736078
Epoch 101: Loss - 0.00502401772553951, EL Loss: 0.0007035271097338917, Valid loss - 0.01003822728387074, AUC - 0.9646593069102251, termAUC - 0.7892291996837705
Epoch 102: Loss - 0.005017546071013758, EL Loss: 0.0006962535650098565, Valid loss - 0.010053513439014455, AUC - 0.9645788348055145, termAUC - 0.7891555483293243
Epoch 103: Loss - 0.005007123169370175, EL Loss: 0.000689044323204104, Valid loss - 0.010053437687333255, AUC - 0.9645933784732158, termAUC - 0.7892766176900052
Epoch 104: Loss - 0.004997846706698943, EL Loss: 0.0006819439075864118, Valid loss - 0.010069273529413916, AUC - 0.9644108911730398, termAUC - 0.7889714617230998
Epoch 105: Loss - 0.004988781212396937, EL Loss: 0.0006749905896261998, Valid loss - 0.010066534858196974, AUC - 0.9643799159443767, termAUC - 0.7884262872520773
Epoch 106: Loss - 0.004977181435621825, EL Loss: 0.0006681630794769752, Valid loss - 0.010088498916921039, AUC - 0.9642902976423594, termAUC - 0.7884157932294567
Epoch 107: Loss - 0.004966836445225442, EL Loss: 0.0006614104583754841, Valid loss - 0.010104042360719465, AUC - 0.9643436626293069, termAUC - 0.7885377617842615
Epoch 108: Loss - 0.004956423858105617, EL Loss: 0.0006547579859216762, Valid loss - 0.010106496907622609, AUC - 0.964334950267161, termAUC - 0.7887265981945806
Epoch 109: Loss - 0.004949138016190372, EL Loss: 0.0006482358943901114, Valid loss - 0.010124976570958531, AUC - 0.9641536725124692, termAUC - 0.7878744808734506
Epoch 110: Loss - 0.0049398491314362, EL Loss: 0.0006418204730637026, Valid loss - 0.010136520477714918, AUC - 0.9641290544788685, termAUC - 0.7877550579731982
Epoch 111: Loss - 0.004923521374281219, EL Loss: 0.0006354536077023522, Valid loss - 0.010152182458523685, AUC - 0.9642514495659448, termAUC - 0.7882348898786278
Epoch 112: Loss - 0.004918049933824552, EL Loss: 0.0006291164806845585, Valid loss - 0.010173805708694734, AUC - 0.964172540923216, termAUC - 0.7877609935504034
Epoch 113: Loss - 0.004908781558726817, EL Loss: 0.0006228216485885757, Valid loss - 0.010165917236876014, AUC - 0.9640888385473724, termAUC - 0.7878064264286619
Epoch 114: Loss - 0.004902484137629823, EL Loss: 0.000616596410446674, Valid loss - 0.010186079291269084, AUC - 0.9639096734745777, termAUC - 0.7875081074316179
Epoch 115: Loss - 0.004897865014097356, EL Loss: 0.0006104148111427325, Valid loss - 0.010198804241487917, AUC - 0.9640204364461844, termAUC - 0.7876014824035623
Epoch 116: Loss - 0.004879615784317578, EL Loss: 0.0006042448189693895, Valid loss - 0.010197400978908238, AUC - 0.9639379793547823, termAUC - 0.7873149389089921
Epoch 117: Loss - 0.004869480465851165, EL Loss: 0.0005980911529853819, Valid loss - 0.010227491153983881, AUC - 0.9639041284479045, termAUC - 0.7873665171630124
Epoch 118: Loss - 0.004868198669314281, EL Loss: 0.0005919729519237229, Valid loss - 0.010225146361287461, AUC - 0.9638152222203947, termAUC - 0.7868046350638369
Epoch 119: Loss - 0.004858525825727884, EL Loss: 0.0005859368874624337, Valid loss - 0.01023819311737817, AUC - 0.9636999269569906, termAUC - 0.786602277717291
Epoch 120: Loss - 0.0048507654294227326, EL Loss: 0.0005799550579328416, Valid loss - 0.010264902147433615, AUC - 0.9636003839091732, termAUC - 0.7866173983926951
Epoch 121: Loss - 0.00485004019875896, EL Loss: 0.0005739939858142133, Valid loss - 0.01026748778261491, AUC - 0.9635870913689162, termAUC - 0.7861652454560507
Epoch 122: Loss - 0.004839397583980659, EL Loss: 0.0005680597766889021, Valid loss - 0.010267143612665846, AUC - 0.9635806185517006, termAUC - 0.7859627988857256
Epoch 123: Loss - 0.004828303905188068, EL Loss: 0.0005622431066404454, Valid loss - 0.010291917055277832, AUC - 0.9635083955198606, termAUC - 0.786225455572354
Epoch 124: Loss - 0.004819688991204158, EL Loss: 0.0005565600556817041, Valid loss - 0.010305070275107756, AUC - 0.9634190463271751, termAUC - 0.7859388251482216
Epoch 125: Loss - 0.004809022055813317, EL Loss: 0.0005508798610463761, Valid loss - 0.010303432254478434, AUC - 0.9633589095803939, termAUC - 0.78578711977425
Epoch 126: Loss - 0.004806179614589022, EL Loss: 0.0005452069200955527, Valid loss - 0.010316405688961413, AUC - 0.9634200314882891, termAUC - 0.7857747772646382
Epoch 127: Loss - 0.004800196697734914, EL Loss: 0.0005395602841380374, Valid loss - 0.010335878675667853, AUC - 0.9633286886506495, termAUC - 0.7854545128509934
Loading the best model: deepgozero_bp_s0_sel-loss
Test Loss - 0.008652973316005758, AUC - 0.9696763600666172
Loading the best model: deepgozero_bp_s0_sel-micro
Test Loss - 0.008652973316005758, AUC - 0.9696763600666172
Loading the best model: deepgozero_bp_s0_sel-macro
Test Loss - 0.009051632538840577, AUC - 0.9686442544022268
=== evaluation of deepgozero_bp_s0_sel-loss start=2026-08-26T22:49:14+01:00
--- python predict_diamond.py -dr data -ont bp -m deepgozero_bp_s0_sel-loss
--- python evaluate_fast.py -dr data -ont bp -m deepgozero_bp_s0_sel-loss_blast
Fmax: 0.451, Smin: 44.682, threshold: 0.26
WFmax: 0.380, threshold: 0.21
AUPR: 0.421
AVGIC: 34.727
--- python evaluate_fast.py -dr data -ont bp -m deepgozero_bp_s0_sel-loss_blast -c
Fmax: 0.483, Smin: 44.027, threshold: 0.28
WFmax: 0.416, threshold: 0.27
AUPR: 0.445
AVGIC: 33.816
--- python evaluate_terms.py -dr data -ont bp -m deepgozero_bp_s0_sel-loss_blast
GO:0000381 0.8767130164148386
Average AUC for bp 0.804  (n_terms=11653)
--- python evaluate_terms.py -dr data -ont bp -m deepgozero_bp_s0_sel-loss_blast -c
GO:0000381 0.8772819302913174
Average AUC for bp 0.808  (n_terms=11653)
=== end=2026-08-26T22:55:26+01:00
=== evaluation of deepgozero_bp_s0_sel-micro start=2026-08-26T22:55:26+01:00
--- python predict_diamond.py -dr data -ont bp -m deepgozero_bp_s0_sel-micro
--- python evaluate_fast.py -dr data -ont bp -m deepgozero_bp_s0_sel-micro_blast
Fmax: 0.451, Smin: 44.682, threshold: 0.26
WFmax: 0.380, threshold: 0.21
AUPR: 0.421
AVGIC: 34.727
--- python evaluate_fast.py -dr data -ont bp -m deepgozero_bp_s0_sel-micro_blast -c
Fmax: 0.483, Smin: 44.027, threshold: 0.28
WFmax: 0.416, threshold: 0.27
AUPR: 0.445
AVGIC: 33.816
--- python evaluate_terms.py -dr data -ont bp -m deepgozero_bp_s0_sel-micro_blast
GO:0000381 0.8767130164148386
Average AUC for bp 0.804  (n_terms=11653)
--- python evaluate_terms.py -dr data -ont bp -m deepgozero_bp_s0_sel-micro_blast -c
GO:0000381 0.8772819302913174
Average AUC for bp 0.808  (n_terms=11653)
=== end=2026-08-26T23:01:36+01:00
=== evaluation of deepgozero_bp_s0_sel-macro start=2026-08-26T23:01:36+01:00
--- python predict_diamond.py -dr data -ont bp -m deepgozero_bp_s0_sel-macro
--- python evaluate_fast.py -dr data -ont bp -m deepgozero_bp_s0_sel-macro_blast
Fmax: 0.456, Smin: 44.611, threshold: 0.29
WFmax: 0.389, threshold: 0.24
AUPR: 0.423
AVGIC: 36.172
--- python evaluate_fast.py -dr data -ont bp -m deepgozero_bp_s0_sel-macro_blast -c
Fmax: 0.484, Smin: 44.170, threshold: 0.27
WFmax: 0.421, threshold: 0.26
AUPR: 0.441
AVGIC: 38.986
--- python evaluate_terms.py -dr data -ont bp -m deepgozero_bp_s0_sel-macro_blast
GO:0000381 0.9102287368438666
Average AUC for bp 0.815  (n_terms=11653)
--- python evaluate_terms.py -dr data -ont bp -m deepgozero_bp_s0_sel-macro_blast -c
GO:0000381 0.9100781419942104
Average AUC for bp 0.817  (n_terms=11653)
=== end=2026-08-26T23:07:45+01:00
