=== command: python deepgozero.py -dr data -ont bp -m deepgozero_bp_s2 -s 2 -ep 128
=== start=2026-08-27T05:16:34+01:00
=== gpu: NVIDIA A100-PCIE-40GB
Epoch 0: Loss - 0.01962621398861675, EL Loss: 22.518441573120107, Valid loss - 0.01723190641265042, AUC - 0.640096641872982, termAUC - 0.5814933743078019
Saving model (sel-loss)
Saving model (sel-micro)
Saving model (sel-macro)
Epoch 1: Loss - 0.016724016680436295, EL Loss: 1.4415393377994032, Valid loss - 0.01692228342424955, AUC - 0.6693437458329818, termAUC - 0.5839455677217854
Saving model (sel-loss)
Saving model (sel-micro)
Saving model (sel-macro)
Epoch 2: Loss - 0.016419680433464687, EL Loss: 0.697407025361966, Valid loss - 0.01661693671755246, AUC - 0.7165473484278329, termAUC - 0.5829358164170454
Saving model (sel-loss)
Saving model (sel-micro)
Epoch 3: Loss - 0.015268990929410912, EL Loss: 0.4350845410692701, Valid loss - 0.01291327847365216, AUC - 0.9071578483956896, termAUC - 0.5831043760600161
Saving model (sel-loss)
Saving model (sel-micro)
Epoch 4: Loss - 0.010968538620498387, EL Loss: 0.27802108659890157, Valid loss - 0.010518755153166932, AUC - 0.9530681532986913, termAUC - 0.583059717998286
Saving model (sel-loss)
Saving model (sel-micro)
Epoch 5: Loss - 0.010119192028817836, EL Loss: 0.20349558061356696, Valid loss - 0.010406336956811662, AUC - 0.9546744158925099, termAUC - 0.5943166164037271
Saving model (sel-loss)
Saving model (sel-micro)
Saving model (sel-macro)
Epoch 6: Loss - 0.010021692372376632, EL Loss: 0.18961669891310884, Valid loss - 0.010404201887473957, AUC - 0.9552257020516458, termAUC - 0.5955198877251232
Saving model (sel-loss)
Saving model (sel-micro)
Saving model (sel-macro)
Epoch 7: Loss - 0.009979650939112827, EL Loss: 0.17147064983475402, Valid loss - 0.010448810360733642, AUC - 0.9553646479517546, termAUC - 0.5961423361103833
Saving model (sel-micro)
Saving model (sel-macro)
Epoch 8: Loss - 0.009929784478029592, EL Loss: 0.14911082239228565, Valid loss - 0.010392375046769712, AUC - 0.9558206772549244, termAUC - 0.6000829161558308
Saving model (sel-loss)
Saving model (sel-micro)
Saving model (sel-macro)
Epoch 9: Loss - 0.009878734187645033, EL Loss: 0.12439137741080741, Valid loss - 0.01039334423284953, AUC - 0.9559152555143265, termAUC - 0.5990558053614679
Saving model (sel-micro)
Epoch 10: Loss - 0.009844035547555623, EL Loss: 0.0997078578246831, Valid loss - 0.010404818284245122, AUC - 0.9560674256565044, termAUC - 0.6005557127617299
Saving model (sel-micro)
Saving model (sel-macro)
Epoch 11: Loss - 0.009805190808693052, EL Loss: 0.0761594084126833, Valid loss - 0.01039404904667214, AUC - 0.9561578764690394, termAUC - 0.6062292954684827
Saving model (sel-micro)
Saving model (sel-macro)
Epoch 12: Loss - 0.009767778415815786, EL Loss: 0.05424251278687779, Valid loss - 0.010338787347177006, AUC - 0.9565422558497064, termAUC - 0.6113397151163276
Saving model (sel-loss)
Saving model (sel-micro)
Saving model (sel-macro)
Epoch 13: Loss - 0.00971043334897293, EL Loss: 0.034653345262884265, Valid loss - 0.010329113169172347, AUC - 0.9570201800777187, termAUC - 0.6186141955114745
Saving model (sel-loss)
Saving model (sel-micro)
Saving model (sel-macro)
Epoch 14: Loss - 0.00956932680881896, EL Loss: 0.017684267680171523, Valid loss - 0.010199823364344062, AUC - 0.9582992004069705, termAUC - 0.6352056237554178
Saving model (sel-loss)
Saving model (sel-micro)
Saving model (sel-macro)
Epoch 15: Loss - 0.00923204941041681, EL Loss: 0.007264150657181034, Valid loss - 0.009893009059797257, AUC - 0.9609654492279309, termAUC - 0.6716948552254254
Saving model (sel-loss)
Saving model (sel-micro)
Saving model (sel-macro)
Epoch 16: Loss - 0.008661174453256794, EL Loss: 0.0030270712947910094, Valid loss - 0.009498845776604698, AUC - 0.9641332574152053, termAUC - 0.713997638638111
Saving model (sel-loss)
Saving model (sel-micro)
Saving model (sel-macro)
Epoch 17: Loss - 0.008097142671861799, EL Loss: 0.001943670965278107, Valid loss - 0.009311006860869215, AUC - 0.9657019047554213, termAUC - 0.7392222791676231
Saving model (sel-loss)
Saving model (sel-micro)
Saving model (sel-macro)
Epoch 18: Loss - 0.007594835800915887, EL Loss: 0.0017654546058580199, Valid loss - 0.009170867379335378, AUC - 0.9668172584656983, termAUC - 0.7598509460488764
Saving model (sel-loss)
Saving model (sel-micro)
Saving model (sel-macro)
Epoch 19: Loss - 0.00718104863473691, EL Loss: 0.0016052825979659035, Valid loss - 0.009168433993808086, AUC - 0.9672573457631309, termAUC - 0.7722025675078464
Saving model (sel-loss)
Saving model (sel-micro)
Saving model (sel-macro)
Epoch 20: Loss - 0.006800061981262254, EL Loss: 0.0015220881844989777, Valid loss - 0.009160330343300736, AUC - 0.9675237452481269, termAUC - 0.7743874530504318
Saving model (sel-loss)
Saving model (sel-micro)
Saving model (sel-macro)
Epoch 21: Loss - 0.006748976142093031, EL Loss: 0.0015074531535100766, Valid loss - 0.00916796631568315, AUC - 0.967533935729101, termAUC - 0.7759257864018595
Saving model (sel-micro)
Saving model (sel-macro)
Epoch 22: Loss - 0.0067122824573752305, EL Loss: 0.0014931746295203854, Valid loss - 0.009186165663259511, AUC - 0.9674711164491556, termAUC - 0.7769080128104221
Saving model (sel-macro)
Epoch 23: Loss - 0.00667549258113877, EL Loss: 0.0014790954790781464, Valid loss - 0.009181470813735432, AUC - 0.9674662800962622, termAUC - 0.7781480404825057
Saving model (sel-macro)
Epoch 24: Loss - 0.00663734929481742, EL Loss: 0.001465072088058256, Valid loss - 0.009193294357804471, AUC - 0.9675119463017982, termAUC - 0.779117591987909
Saving model (sel-macro)
Epoch 25: Loss - 0.0065970167380236065, EL Loss: 0.0014510722858845715, Valid loss - 0.00920676603752947, AUC - 0.9674435504352491, termAUC - 0.780196963045984
Saving model (sel-macro)
Epoch 26: Loss - 0.006563226749008127, EL Loss: 0.0014371427780956515, Valid loss - 0.009197672196842779, AUC - 0.9675089366873167, termAUC - 0.7809212596541931
Saving model (sel-macro)
Epoch 27: Loss - 0.006531577334954965, EL Loss: 0.001423367711327289, Valid loss - 0.009209410713011066, AUC - 0.9674243342191221, termAUC - 0.7816064635476074
Saving model (sel-macro)
Epoch 28: Loss - 0.006499889568230216, EL Loss: 0.0014098079893687533, Valid loss - 0.009215964689012, AUC - 0.9674607622786855, termAUC - 0.7825373117031881
Saving model (sel-macro)
Epoch 29: Loss - 0.006470842288387182, EL Loss: 0.0013962956333870543, Valid loss - 0.009221951773279155, AUC - 0.9675070196953582, termAUC - 0.783601465127955
Saving model (sel-macro)
Epoch 30: Loss - 0.006431964529955242, EL Loss: 0.001382947902467122, Valid loss - 0.009227138052737673, AUC - 0.9675361348247334, termAUC - 0.784094226395949
Saving model (sel-micro)
Saving model (sel-macro)
Epoch 31: Loss - 0.006404105302827948, EL Loss: 0.0013699251243131888, Valid loss - 0.009226325538552163, AUC - 0.9674787089900566, termAUC - 0.784740305363556
Saving model (sel-macro)
Epoch 32: Loss - 0.006376748265609099, EL Loss: 0.0013570632233870909, Valid loss - 0.009245012307058502, AUC - 0.9674865855756629, termAUC - 0.785591497389915
Saving model (sel-macro)
Epoch 33: Loss - 0.00634907621375951, EL Loss: 0.001344223726233489, Valid loss - 0.009249798537213479, AUC - 0.9674506412598533, termAUC - 0.7859882666109111
Saving model (sel-macro)
Epoch 34: Loss - 0.006321354081679646, EL Loss: 0.0013314932334979118, Valid loss - 0.009257472567383618, AUC - 0.9674602872453539, termAUC - 0.7866209390298803
Saving model (sel-macro)
Epoch 35: Loss - 0.006289621819954836, EL Loss: 0.001318926540546777, Valid loss - 0.009278421925491845, AUC - 0.967389159080906, termAUC - 0.7869764175996184
Saving model (sel-macro)
Epoch 36: Loss - 0.006265701456276785, EL Loss: 0.0013063850252269418, Valid loss - 0.009275522086127901, AUC - 0.9673712901745622, termAUC - 0.787586124473212
Saving model (sel-macro)
Epoch 37: Loss - 0.0062350175912635536, EL Loss: 0.001293888781941117, Valid loss - 0.009278920935528562, AUC - 0.9674612871534017, termAUC - 0.7883177706721831
Saving model (sel-macro)
Epoch 38: Loss - 0.006208170948392841, EL Loss: 0.0012815337288889551, Valid loss - 0.009304609300803072, AUC - 0.9674139282243085, termAUC - 0.7890162661486838
Saving model (sel-macro)
Epoch 39: Loss - 0.00617989880793189, EL Loss: 0.0012692880999270934, Valid loss - 0.009295518584056011, AUC - 0.9673600728918347, termAUC - 0.789162715986118
Saving model (sel-macro)
Epoch 40: Loss - 0.006155610709803902, EL Loss: 0.0012572809503219682, Valid loss - 0.009307609426955514, AUC - 0.9674385197351796, termAUC - 0.7897453359316072
Saving model (sel-macro)
Epoch 41: Loss - 0.006126902948258449, EL Loss: 0.0012454926511518063, Valid loss - 0.009315077338787104, AUC - 0.9673764527401861, termAUC - 0.7899705934902836
Saving model (sel-macro)
Epoch 42: Loss - 0.006113772562940877, EL Loss: 0.0012337072329677923, Valid loss - 0.009341951743360387, AUC - 0.9673302456195171, termAUC - 0.7905071209813119
Saving model (sel-macro)
Epoch 43: Loss - 0.006087788862034124, EL Loss: 0.0012219976685186639, Valid loss - 0.009339558706921063, AUC - 0.9672740472991425, termAUC - 0.7909186500917743
Saving model (sel-macro)
Epoch 44: Loss - 0.006056880723760052, EL Loss: 0.0012104012776169087, Valid loss - 0.009348679429524585, AUC - 0.96724430181853, termAUC - 0.7910872756025249
Saving model (sel-macro)
Epoch 45: Loss - 0.006030819488084774, EL Loss: 0.0011988544919961626, Valid loss - 0.00934613806917178, AUC - 0.9672621156882324, termAUC - 0.7913341443432715
Saving model (sel-macro)
Epoch 46: Loss - 0.00601181957876493, EL Loss: 0.0011873525884045731, Valid loss - 0.009353208778092995, AUC - 0.9671686669254657, termAUC - 0.7912704726022021
Epoch 47: Loss - 0.005989537516458784, EL Loss: 0.00117591907002254, Valid loss - 0.009363910161723561, AUC - 0.9671295719634213, termAUC - 0.7918467732770883
Saving model (sel-macro)
Epoch 48: Loss - 0.005961128294115885, EL Loss: 0.0011645429143660481, Valid loss - 0.00937945865686761, AUC - 0.9671637961552872, termAUC - 0.7921358938114189
Saving model (sel-macro)
Epoch 49: Loss - 0.005943713123757914, EL Loss: 0.0011532357283402595, Valid loss - 0.009397873195467999, AUC - 0.9671547165355389, termAUC - 0.7925336450729137
Saving model (sel-macro)
Epoch 50: Loss - 0.005917592402107546, EL Loss: 0.0011419717461955722, Valid loss - 0.009405432450924291, AUC - 0.9671348622988821, termAUC - 0.7928320076647757
Saving model (sel-macro)
Epoch 51: Loss - 0.005899549522859172, EL Loss: 0.0011307926123347177, Valid loss - 0.009401850439361389, AUC - 0.9670452744788471, termAUC - 0.7929594506323013
Saving model (sel-macro)
Epoch 52: Loss - 0.00587518524258065, EL Loss: 0.0011197268571682985, Valid loss - 0.009408409963207727, AUC - 0.9670260843466965, termAUC - 0.793396491740362
Saving model (sel-macro)
Epoch 53: Loss - 0.005849511015800994, EL Loss: 0.0011087225573887655, Valid loss - 0.00944114729626388, AUC - 0.9670030970918452, termAUC - 0.7937745007567647
Saving model (sel-macro)
Epoch 54: Loss - 0.0058354403653003905, EL Loss: 0.0010979090935220952, Valid loss - 0.009435829873017918, AUC - 0.9669626319911181, termAUC - 0.7935256096100057
Epoch 55: Loss - 0.005814263545911641, EL Loss: 0.0010872193498358037, Valid loss - 0.009456198409643788, AUC - 0.9669498546402437, termAUC - 0.7939179547952828
Saving model (sel-macro)
Epoch 56: Loss - 0.005792096224746946, EL Loss: 0.0010765571409430987, Valid loss - 0.009466983680150762, AUC - 0.9667535527025463, termAUC - 0.7935611567154403
Epoch 57: Loss - 0.00577293905176332, EL Loss: 0.001066088008800396, Valid loss - 0.009481751942846752, AUC - 0.9667408777751014, termAUC - 0.7938233802389844
Epoch 58: Loss - 0.00575352821890106, EL Loss: 0.001055705207771543, Valid loss - 0.00949064242832412, AUC - 0.9667000319976685, termAUC - 0.7936751897878757
Epoch 59: Loss - 0.005736038781879982, EL Loss: 0.001045346975515544, Valid loss - 0.009488750776485694, AUC - 0.9666650959824634, termAUC - 0.793801028125739
Epoch 60: Loss - 0.0057078092395076215, EL Loss: 0.0010350163464054268, Valid loss - 0.009514853743749935, AUC - 0.9666258536491396, termAUC - 0.7938809447835604
Epoch 61: Loss - 0.0056943658304326435, EL Loss: 0.0010248553354111317, Valid loss - 0.009526509884128113, AUC - 0.966560375141572, termAUC - 0.7939986576079702
Saving model (sel-macro)
Epoch 62: Loss - 0.005674025731876862, EL Loss: 0.0010148635539705964, Valid loss - 0.009529595361985513, AUC - 0.9666137195707671, termAUC - 0.7944974495368314
Saving model (sel-macro)
Epoch 63: Loss - 0.005656366368523408, EL Loss: 0.0010050180899073087, Valid loss - 0.00955516825251232, AUC - 0.9665394155061889, termAUC - 0.7944707058452537
Epoch 64: Loss - 0.005637260939490186, EL Loss: 0.0009952117757486521, Valid loss - 0.009544270729880459, AUC - 0.9663787919395127, termAUC - 0.7937046911332399
Epoch 65: Loss - 0.005621116498007644, EL Loss: 0.0009854461263366027, Valid loss - 0.00955595142695288, AUC - 0.9664536166214915, termAUC - 0.794373605295621
Epoch 66: Loss - 0.005602999159844057, EL Loss: 0.0009757702373758847, Valid loss - 0.009590859423138646, AUC - 0.9664377514501685, termAUC - 0.7946943595747222
Saving model (sel-macro)
Epoch 67: Loss - 0.0055866339721873486, EL Loss: 0.0009661218737855143, Valid loss - 0.009584873609417519, AUC - 0.9662885929682089, termAUC - 0.7942903913646602
Epoch 68: Loss - 0.005570337259644205, EL Loss: 0.0009565251117599602, Valid loss - 0.009609286907739592, AUC - 0.9662599152755221, termAUC - 0.7944744781366266
Epoch 69: Loss - 0.0055530102027899, EL Loss: 0.0009470352854133864, Valid loss - 0.00960609403790425, AUC - 0.9663208617789992, termAUC - 0.7948245558242643
Saving model (sel-macro)
Epoch 70: Loss - 0.005537598588454121, EL Loss: 0.0009376156726551958, Valid loss - 0.009619472169052094, AUC - 0.9661796820058306, termAUC - 0.7944253445113972
Epoch 71: Loss - 0.005517469191891996, EL Loss: 0.0009282516591693834, Valid loss - 0.009629107737259952, AUC - 0.966217483035595, termAUC - 0.7944614005809881
Epoch 72: Loss - 0.0055010091359377206, EL Loss: 0.0009190595632048914, Valid loss - 0.009630809840283647, AUC - 0.9661662462328436, termAUC - 0.7945255554058659
Epoch 73: Loss - 0.0054831178177156764, EL Loss: 0.0009100257988862613, Valid loss - 0.009659903746912417, AUC - 0.9661485672104978, termAUC - 0.7947427269963615
Epoch 74: Loss - 0.00546572069831533, EL Loss: 0.0009010348318066768, Valid loss - 0.009657266555933764, AUC - 0.9660671486492816, termAUC - 0.7945294504626378
Epoch 75: Loss - 0.0054546133288644735, EL Loss: 0.0008921288395257945, Valid loss - 0.009677124074012633, AUC - 0.9659340065532008, termAUC - 0.7941384607308034
Epoch 76: Loss - 0.005435898307765712, EL Loss: 0.0008832645433627381, Valid loss - 0.009682575592290093, AUC - 0.9659369549368937, termAUC - 0.794376550541201
Epoch 77: Loss - 0.005417844489805464, EL Loss: 0.0008744382971553616, Valid loss - 0.00970458775289998, AUC - 0.9657906315405909, termAUC - 0.7939261352448597
Epoch 78: Loss - 0.005409902831327421, EL Loss: 0.0008656656403652891, Valid loss - 0.009718108487420328, AUC - 0.9658484415522623, termAUC - 0.7941366421769265
Epoch 79: Loss - 0.005393393574885615, EL Loss: 0.0008569251359361032, Valid loss - 0.009730199669543284, AUC - 0.9658498724252533, termAUC - 0.7939938030452125
Epoch 80: Loss - 0.005377079354235535, EL Loss: 0.0008482351363690658, Valid loss - 0.009735865438270647, AUC - 0.9657582660442191, termAUC - 0.7944782422444757
Epoch 81: Loss - 0.005362587198211092, EL Loss: 0.0008395735990857716, Valid loss - 0.009751105816751126, AUC - 0.9658948165259845, termAUC - 0.7946825186119753
Epoch 82: Loss - 0.005350926105008049, EL Loss: 0.0008309350849838392, Valid loss - 0.009780560922346368, AUC - 0.9656854123002536, termAUC - 0.7944410131071702
Epoch 83: Loss - 0.005333596237233207, EL Loss: 0.00082235341600563, Valid loss - 0.009758315428425342, AUC - 0.9657654679613442, termAUC - 0.7941706441761033
Epoch 84: Loss - 0.005323665398356991, EL Loss: 0.0008138896766952639, Valid loss - 0.009776549651256657, AUC - 0.9655830962997555, termAUC - 0.7939675304069254
Epoch 85: Loss - 0.005303573575178139, EL Loss: 0.0008055323395913425, Valid loss - 0.009781032313426204, AUC - 0.965547773871212, termAUC - 0.7940850727230558
Epoch 86: Loss - 0.005296001451574757, EL Loss: 0.0007972261804122821, Valid loss - 0.009796233496178459, AUC - 0.965411732899161, termAUC - 0.7939898791132993
Epoch 87: Loss - 0.005280967144256618, EL Loss: 0.00078896151229416, Valid loss - 0.00982718261896281, AUC - 0.965429859074585, termAUC - 0.7942686185128277
Epoch 88: Loss - 0.005271153632186405, EL Loss: 0.0007808406341865682, Valid loss - 0.00983381811344367, AUC - 0.965519132669008, termAUC - 0.7942923972694406
Epoch 89: Loss - 0.005251643981382043, EL Loss: 0.0007729707937272832, Valid loss - 0.009839559621516837, AUC - 0.9654222935643688, termAUC - 0.7940267979959243
Epoch 90: Loss - 0.005244090887851361, EL Loss: 0.000765182538901973, Valid loss - 0.009860891173439508, AUC - 0.9652781382663654, termAUC - 0.7936646428815849
Epoch 91: Loss - 0.005229169731176264, EL Loss: 0.0007574445962809217, Valid loss - 0.00986228482366003, AUC - 0.965171577002368, termAUC - 0.7928404762881748
Epoch 92: Loss - 0.005218656339569379, EL Loss: 0.0007498902290800513, Valid loss - 0.00986878155107727, AUC - 0.965147662196344, termAUC - 0.7929341718466087
Epoch 93: Loss - 0.005209559224846057, EL Loss: 0.0007424332853172214, Valid loss - 0.009897974276582136, AUC - 0.9652093694977141, termAUC - 0.7932285818606395
Epoch 94: Loss - 0.005187836951611522, EL Loss: 0.0007349835070031157, Valid loss - 0.009890555185173323, AUC - 0.9652092585134397, termAUC - 0.7930932978981142
Epoch 95: Loss - 0.005177952173165256, EL Loss: 0.0007276806562773214, Valid loss - 0.009900293229702884, AUC - 0.9650279002293001, termAUC - 0.7928420803559884
Epoch 96: Loss - 0.005171898336746347, EL Loss: 0.0007205059090708574, Valid loss - 0.009923034766997327, AUC - 0.9650568086661981, termAUC - 0.7932698907337591
Epoch 97: Loss - 0.005154373857901828, EL Loss: 0.0007133813296090509, Valid loss - 0.009924097544828196, AUC - 0.9650357327835748, termAUC - 0.792878411479463
Epoch 98: Loss - 0.005141469582159283, EL Loss: 0.0007063160725006448, Valid loss - 0.00993857036856626, AUC - 0.9649280884995588, termAUC - 0.7927889901652712
Epoch 99: Loss - 0.005132145424013471, EL Loss: 0.0006993108292039568, Valid loss - 0.009952961211246962, AUC - 0.9648448874435492, termAUC - 0.792462036038424
Epoch 100: Loss - 0.005122970185501574, EL Loss: 0.0006923990375629253, Valid loss - 0.009975450566741607, AUC - 0.9647289232504729, termAUC - 0.7920974645295327
Epoch 101: Loss - 0.005105701098067067, EL Loss: 0.0006855172531208201, Valid loss - 0.009971448661303086, AUC - 0.9648703873661101, termAUC - 0.7922879421444445
Epoch 102: Loss - 0.005098723206780187, EL Loss: 0.0006786210571201467, Valid loss - 0.009987681604527085, AUC - 0.964616975694661, termAUC - 0.7917547845959567
Epoch 103: Loss - 0.0050891081730046655, EL Loss: 0.0006717557117208048, Valid loss - 0.0099903469294655, AUC - 0.9646293506471542, termAUC - 0.7916373163347289
Epoch 104: Loss - 0.005076231435662688, EL Loss: 0.0006649637391295148, Valid loss - 0.01000103744561013, AUC - 0.9647325351992757, termAUC - 0.7917987935912617
Epoch 105: Loss - 0.0050630732443065355, EL Loss: 0.0006582672239009271, Valid loss - 0.010035420354727088, AUC - 0.9645519549006204, termAUC - 0.7914412708390638
Epoch 106: Loss - 0.005053957392758092, EL Loss: 0.0006515834212074479, Valid loss - 0.010045362796807131, AUC - 0.9646150771582723, termAUC - 0.7915165333372726
Epoch 107: Loss - 0.005037152047426311, EL Loss: 0.0006449215944533941, Valid loss - 0.010064420823797288, AUC - 0.9644738720295531, termAUC - 0.7918204005844405
Epoch 108: Loss - 0.005034886672443586, EL Loss: 0.000638285131405788, Valid loss - 0.010054818706105877, AUC - 0.9643261789904863, termAUC - 0.7913015975401595
Epoch 109: Loss - 0.0050218074875043334, EL Loss: 0.0006316701266056144, Valid loss - 0.010067250983579861, AUC - 0.9644958205172555, termAUC - 0.791056501485893
Epoch 110: Loss - 0.005012964041677097, EL Loss: 0.0006251578983193586, Valid loss - 0.0100755266789717, AUC - 0.9642843728884181, termAUC - 0.7907790920911351
Epoch 111: Loss - 0.005007477935459854, EL Loss: 0.0006187155190007624, Valid loss - 0.01009459730965511, AUC - 0.9642230096293289, termAUC - 0.7906656239300701
Epoch 112: Loss - 0.004992961205973483, EL Loss: 0.0006124082320433984, Valid loss - 0.010110150803719332, AUC - 0.9640740913824141, termAUC - 0.7902781148788318
Epoch 113: Loss - 0.0049845232916123, EL Loss: 0.0006061862734139924, Valid loss - 0.010131110958384955, AUC - 0.9640615603119831, termAUC - 0.7901652337570483
Epoch 114: Loss - 0.00497498226119025, EL Loss: 0.0006000349717160599, Valid loss - 0.010139534727898457, AUC - 0.9642188096438973, termAUC - 0.7906715071578205
Epoch 115: Loss - 0.0049672850368343915, EL Loss: 0.0005939342141963721, Valid loss - 0.010157387204073517, AUC - 0.9641237563055535, termAUC - 0.7902398081542972
Epoch 116: Loss - 0.0049520878883772676, EL Loss: 0.000587853217027839, Valid loss - 0.010168645179380249, AUC - 0.9639905472134804, termAUC - 0.7905365801148398
Epoch 117: Loss - 0.004942535954050714, EL Loss: 0.0005817809422615133, Valid loss - 0.010165152587119908, AUC - 0.9639485428553651, termAUC - 0.7897832349905237
Epoch 118: Loss - 0.004936412946731545, EL Loss: 0.0005758017594897204, Valid loss - 0.010177814922856772, AUC - 0.9638537452850627, termAUC - 0.7899677066416906
Epoch 119: Loss - 0.004926134341834279, EL Loss: 0.0005699889813290114, Valid loss - 0.010193343039922762, AUC - 0.963906328000736, termAUC - 0.7899672998991882
Epoch 120: Loss - 0.004916920563809164, EL Loss: 0.0005642529371869768, Valid loss - 0.010200817942841361, AUC - 0.963862492012779, termAUC - 0.7896577728935552
Epoch 121: Loss - 0.004904677784272364, EL Loss: 0.0005587043542210027, Valid loss - 0.010206337022095524, AUC - 0.9637682612977381, termAUC - 0.7895413639731528
Epoch 122: Loss - 0.004901709628387374, EL Loss: 0.0005532671532598718, Valid loss - 0.010222285989030504, AUC - 0.963772671963084, termAUC - 0.7895967495501963
Epoch 123: Loss - 0.004888953835383133, EL Loss: 0.0005478401612732083, Valid loss - 0.01024390413234664, AUC - 0.9636277005275059, termAUC - 0.7891000641785244
Epoch 124: Loss - 0.0048827530690313745, EL Loss: 0.0005424992256836805, Valid loss - 0.010256088098252056, AUC - 0.9636495659395926, termAUC - 0.7889685222011981
Epoch 125: Loss - 0.00487124789399791, EL Loss: 0.0005372013838721495, Valid loss - 0.010262771592851704, AUC - 0.9635231742109709, termAUC - 0.788601142503292
Epoch 126: Loss - 0.004862279262203264, EL Loss: 0.0005319572526724947, Valid loss - 0.010292362745555228, AUC - 0.9635935730841888, termAUC - 0.7885757890524837
Epoch 127: Loss - 0.004854375198209336, EL Loss: 0.0005267714263418997, Valid loss - 0.01029170433441732, AUC - 0.9635086637622539, termAUC - 0.788584231788718
Loading the best model: deepgozero_bp_s2_sel-loss
Test Loss - 0.008632554587706722, AUC - 0.9693222997929275
Loading the best model: deepgozero_bp_s2_sel-micro
Test Loss - 0.008700408551187531, AUC - 0.9692137779389847
Loading the best model: deepgozero_bp_s2_sel-macro
Test Loss - 0.009057836767562942, AUC - 0.9685137594848949
=== evaluation of deepgozero_bp_s2_sel-loss start=2026-08-27T09:09:31+01:00
--- python predict_diamond.py -dr data -ont bp -m deepgozero_bp_s2_sel-loss
--- python evaluate_fast.py -dr data -ont bp -m deepgozero_bp_s2_sel-loss_blast
Fmax: 0.451, Smin: 44.669, threshold: 0.24
WFmax: 0.378, threshold: 0.22
AUPR: 0.420
AVGIC: 34.656
--- python evaluate_fast.py -dr data -ont bp -m deepgozero_bp_s2_sel-loss_blast -c
Fmax: 0.484, Smin: 44.051, threshold: 0.25
WFmax: 0.419, threshold: 0.25
AUPR: 0.447
AVGIC: 37.700
--- python evaluate_terms.py -dr data -ont bp -m deepgozero_bp_s2_sel-loss_blast
GO:0000381 0.8697521878085103
Average AUC for bp 0.796  (n_terms=11653)
--- python evaluate_terms.py -dr data -ont bp -m deepgozero_bp_s2_sel-loss_blast -c
GO:0000381 0.8702039723574787
Average AUC for bp 0.801  (n_terms=11653)
=== end=2026-08-27T09:15:33+01:00
=== evaluation of deepgozero_bp_s2_sel-micro start=2026-08-27T09:15:33+01:00
--- python predict_diamond.py -dr data -ont bp -m deepgozero_bp_s2_sel-micro
--- python evaluate_fast.py -dr data -ont bp -m deepgozero_bp_s2_sel-micro_blast
Fmax: 0.453, Smin: 44.553, threshold: 0.26
WFmax: 0.384, threshold: 0.22
AUPR: 0.423
AVGIC: 34.694
--- python evaluate_fast.py -dr data -ont bp -m deepgozero_bp_s2_sel-micro_blast -c
Fmax: 0.483, Smin: 44.029, threshold: 0.28
WFmax: 0.417, threshold: 0.27
AUPR: 0.447
AVGIC: 34.058
--- python evaluate_terms.py -dr data -ont bp -m deepgozero_bp_s2_sel-micro_blast
GO:0000381 0.8881582249887053
Average AUC for bp 0.805  (n_terms=11653)
--- python evaluate_terms.py -dr data -ont bp -m deepgozero_bp_s2_sel-micro_blast -c
GO:0000381 0.8880745611833409
Average AUC for bp 0.809  (n_terms=11653)
=== end=2026-08-27T09:21:37+01:00
=== evaluation of deepgozero_bp_s2_sel-macro start=2026-08-27T09:21:37+01:00
--- python predict_diamond.py -dr data -ont bp -m deepgozero_bp_s2_sel-macro
--- python evaluate_fast.py -dr data -ont bp -m deepgozero_bp_s2_sel-macro_blast
Fmax: 0.456, Smin: 44.649, threshold: 0.29
WFmax: 0.391, threshold: 0.25
AUPR: 0.423
AVGIC: 36.540
--- python evaluate_fast.py -dr data -ont bp -m deepgozero_bp_s2_sel-macro_blast -c
Fmax: 0.485, Smin: 44.102, threshold: 0.27
WFmax: 0.422, threshold: 0.27
AUPR: 0.439
AVGIC: 38.904
--- python evaluate_terms.py -dr data -ont bp -m deepgozero_bp_s2_sel-macro_blast
GO:0000381 0.9253049545705537
Average AUC for bp 0.815  (n_terms=11653)
--- python evaluate_terms.py -dr data -ont bp -m deepgozero_bp_s2_sel-macro_blast -c
GO:0000381 0.9251041614376788
Average AUC for bp 0.818  (n_terms=11653)
=== end=2026-08-27T09:27:39+01:00
