=== command: python deepgozero.py -dr data -ont bp -m deepgozero_bp_s1 -s 1 -ep 128
=== start=2026-08-27T01:08:43+01:00
=== gpu: NVIDIA A100-PCIE-40GB
Epoch 0: Loss - 0.019474823638871833, EL Loss: 22.498766161137823, Valid loss - 0.01720525798023931, AUC - 0.6378805380549945, termAUC - 0.5880051895010832
Saving model (sel-loss)
Saving model (sel-micro)
Saving model (sel-macro)
Epoch 1: Loss - 0.016750448433167246, EL Loss: 1.447394714902114, Valid loss - 0.017029335339929882, AUC - 0.6647714278645042, termAUC - 0.5857121817619122
Saving model (sel-loss)
Saving model (sel-micro)
Epoch 2: Loss - 0.016457759943306678, EL Loss: 0.6962336091271304, Valid loss - 0.01679837073365979, AUC - 0.6979561647768416, termAUC - 0.5880202824450725
Saving model (sel-loss)
Saving model (sel-micro)
Saving model (sel-macro)
Epoch 3: Loss - 0.01604373519194163, EL Loss: 0.43442138902537125, Valid loss - 0.01609689165030094, AUC - 0.7785578623709724, termAUC - 0.5829827304243869
Saving model (sel-loss)
Saving model (sel-micro)
Epoch 4: Loss - 0.01300546507106547, EL Loss: 0.27844164357177975, Valid loss - 0.010750304861302604, AUC - 0.9460476946211201, termAUC - 0.5690957504912376
Saving model (sel-loss)
Saving model (sel-micro)
Epoch 5: Loss - 0.010375844471237393, EL Loss: 0.2043149165180097, Valid loss - 0.01055668219800619, AUC - 0.9514362417862398, termAUC - 0.58012919110381
Saving model (sel-loss)
Saving model (sel-micro)
Epoch 6: Loss - 0.010217201268757779, EL Loss: 0.1900180801229824, Valid loss - 0.010489503547721943, AUC - 0.9536082789368872, termAUC - 0.5832402043123242
Saving model (sel-loss)
Saving model (sel-micro)
Epoch 7: Loss - 0.010127899326069539, EL Loss: 0.1714972407549135, Valid loss - 0.010427835736645769, AUC - 0.9547979722765616, termAUC - 0.5856250281249775
Saving model (sel-loss)
Saving model (sel-micro)
Epoch 8: Loss - 0.010061819958670093, EL Loss: 0.14889262617788604, Valid loss - 0.0104528695548459, AUC - 0.9551673584013126, termAUC - 0.5899338240256367
Saving model (sel-micro)
Saving model (sel-macro)
Epoch 9: Loss - 0.010010328079270102, EL Loss: 0.12404358097857786, Valid loss - 0.010438178453150372, AUC - 0.9554679732939116, termAUC - 0.5907758734616585
Saving model (sel-micro)
Saving model (sel-macro)
Epoch 10: Loss - 0.009934184538225026, EL Loss: 0.09928842012407611, Valid loss - 0.010413514104801298, AUC - 0.9558937968413095, termAUC - 0.5974094103250173
Saving model (sel-loss)
Saving model (sel-micro)
Saving model (sel-macro)
Epoch 11: Loss - 0.009869337578951204, EL Loss: 0.07576016339565043, Valid loss - 0.010366982311651802, AUC - 0.956213266354189, termAUC - 0.6037227402215701
Saving model (sel-loss)
Saving model (sel-micro)
Saving model (sel-macro)
Epoch 12: Loss - 0.009793277095504089, EL Loss: 0.05386390029160576, Valid loss - 0.010372334098233687, AUC - 0.9563878013904165, termAUC - 0.6090467886779358
Saving model (sel-micro)
Saving model (sel-macro)
Epoch 13: Loss - 0.009648708267372583, EL Loss: 0.0343849809406041, Valid loss - 0.010222612241813481, AUC - 0.9575969054719493, termAUC - 0.6266798464976067
Saving model (sel-loss)
Saving model (sel-micro)
Saving model (sel-macro)
Epoch 14: Loss - 0.009396616689785796, EL Loss: 0.017641714645663636, Valid loss - 0.010037994527239476, AUC - 0.9598242383057963, termAUC - 0.6566654157601376
Saving model (sel-loss)
Saving model (sel-micro)
Saving model (sel-macro)
Epoch 15: Loss - 0.008974479268630353, EL Loss: 0.00730672604775909, Valid loss - 0.00972858803124716, AUC - 0.9625199088040403, termAUC - 0.6937079952876642
Saving model (sel-loss)
Saving model (sel-micro)
Saving model (sel-macro)
Epoch 16: Loss - 0.008420043144307275, EL Loss: 0.0030463349889663766, Valid loss - 0.009489999232900065, AUC - 0.9646721601281096, termAUC - 0.7256100009809642
Saving model (sel-loss)
Saving model (sel-micro)
Saving model (sel-macro)
Epoch 17: Loss - 0.007857141656314884, EL Loss: 0.001954979755869532, Valid loss - 0.009351131068357568, AUC - 0.9661138655510768, termAUC - 0.7510450080888031
Saving model (sel-loss)
Saving model (sel-micro)
Saving model (sel-macro)
Epoch 18: Loss - 0.007381147734235069, EL Loss: 0.0017777233750477872, Valid loss - 0.009215844190673323, AUC - 0.9672773601860273, termAUC - 0.7650015031451647
Saving model (sel-loss)
Saving model (sel-micro)
Saving model (sel-macro)
Epoch 19: Loss - 0.00699502656955523, EL Loss: 0.0016169286321121464, Valid loss - 0.009206369636419989, AUC - 0.9676625223237839, termAUC - 0.7763153847151815
Saving model (sel-loss)
Saving model (sel-micro)
Saving model (sel-macro)
Epoch 20: Loss - 0.006609347196422823, EL Loss: 0.0015318846047980715, Valid loss - 0.009195107846391319, AUC - 0.9678052729601224, termAUC - 0.7779596688551905
Saving model (sel-loss)
Saving model (sel-micro)
Saving model (sel-macro)
Epoch 21: Loss - 0.006560424076826806, EL Loss: 0.0015169705067148776, Valid loss - 0.009210652178338427, AUC - 0.9677818617640084, termAUC - 0.7789082427108222
Saving model (sel-macro)
Epoch 22: Loss - 0.006521960524921496, EL Loss: 0.0015022534399858217, Valid loss - 0.009218363664945625, AUC - 0.9677535462094291, termAUC - 0.7798702099100362
Saving model (sel-macro)
Epoch 23: Loss - 0.006488147281517154, EL Loss: 0.0014876695524751102, Valid loss - 0.009219667951372877, AUC - 0.9678181752869872, termAUC - 0.7809787620499042
Saving model (sel-micro)
Saving model (sel-macro)
Epoch 24: Loss - 0.006449978602949117, EL Loss: 0.0014734332848125296, Valid loss - 0.009229697913104138, AUC - 0.9677481269259597, termAUC - 0.7813657286054536
Saving model (sel-macro)
Epoch 25: Loss - 0.00641732206939641, EL Loss: 0.0014593222623620265, Valid loss - 0.009238198014062565, AUC - 0.9676591059165951, termAUC - 0.7819808320097807
Saving model (sel-macro)
Epoch 26: Loss - 0.006395189239449458, EL Loss: 0.0014452856591499414, Valid loss - 0.009247082378098508, AUC - 0.9676986155356108, termAUC - 0.7827731639368359
Saving model (sel-macro)
Epoch 27: Loss - 0.0063514924070009375, EL Loss: 0.0014314500795890837, Valid loss - 0.009249644634616099, AUC - 0.9677303132964142, termAUC - 0.78322363612688
Saving model (sel-macro)
Epoch 28: Loss - 0.006326242791716728, EL Loss: 0.0014178793601248786, Valid loss - 0.009264158214510277, AUC - 0.9677064571130317, termAUC - 0.7834272978941854
Saving model (sel-macro)
Epoch 29: Loss - 0.006297953228814647, EL Loss: 0.0014044888119922416, Valid loss - 0.009262458985634395, AUC - 0.967627599334806, termAUC - 0.7839162209931226
Saving model (sel-macro)
Epoch 30: Loss - 0.0062611603117125915, EL Loss: 0.001391151807152635, Valid loss - 0.009287042965779438, AUC - 0.9676120009452467, termAUC - 0.784632307784832
Saving model (sel-macro)
Epoch 31: Loss - 0.0062336623206977046, EL Loss: 0.0013780790498540798, Valid loss - 0.009288425446296765, AUC - 0.9676359921430315, termAUC - 0.7851805944778143
Saving model (sel-macro)
Epoch 32: Loss - 0.006209724258283754, EL Loss: 0.0013651480425926868, Valid loss - 0.009287857391951692, AUC - 0.9675828431712288, termAUC - 0.7855474105957193
Saving model (sel-macro)
Epoch 33: Loss - 0.006183198772913305, EL Loss: 0.001352343120338795, Valid loss - 0.009315872130089052, AUC - 0.9676337954358234, termAUC - 0.786341026031289
Saving model (sel-macro)
Epoch 34: Loss - 0.006151697852509565, EL Loss: 0.0013396686955126425, Valid loss - 0.009306640996418845, AUC - 0.9675631467640025, termAUC - 0.7862495857796917
Epoch 35: Loss - 0.006126614456663036, EL Loss: 0.0013271406317983865, Valid loss - 0.00931683134916701, AUC - 0.9674761355337266, termAUC - 0.7864761507348287
Saving model (sel-macro)
Epoch 36: Loss - 0.006096430167128021, EL Loss: 0.0013147333940227049, Valid loss - 0.00933623831682154, AUC - 0.9674870016624504, termAUC - 0.7868978883127353
Saving model (sel-macro)
Epoch 37: Loss - 0.006069650440163028, EL Loss: 0.0013024177145080152, Valid loss - 0.00934832820372767, AUC - 0.9674149238660842, termAUC - 0.7870951651958741
Saving model (sel-macro)
Epoch 38: Loss - 0.006044138118150008, EL Loss: 0.0012902373605458994, Valid loss - 0.00934265430905665, AUC - 0.9674366871768386, termAUC - 0.787475954765187
Saving model (sel-macro)
Epoch 39: Loss - 0.006020955192873804, EL Loss: 0.0012781105654770084, Valid loss - 0.009344308596992533, AUC - 0.9673833329906006, termAUC - 0.7876324947237169
Saving model (sel-macro)
Epoch 40: Loss - 0.005998197863979293, EL Loss: 0.0012660751747411816, Valid loss - 0.009379233131863621, AUC - 0.9672718028235722, termAUC - 0.7877274359142398
Saving model (sel-macro)
Epoch 41: Loss - 0.005969628442070172, EL Loss: 0.0012542247172736504, Valid loss - 0.009384041497890917, AUC - 0.9673190015146625, termAUC - 0.7881437238941197
Saving model (sel-macro)
Epoch 42: Loss - 0.005949937779237072, EL Loss: 0.0012423942079457385, Valid loss - 0.009379882831126451, AUC - 0.9672490442072667, termAUC - 0.788034750033398
Epoch 43: Loss - 0.0059284012361431795, EL Loss: 0.0012305908354711998, Valid loss - 0.009405656393913442, AUC - 0.9672717908866783, termAUC - 0.7883975114617604
Saving model (sel-macro)
Epoch 44: Loss - 0.005909591434216149, EL Loss: 0.0012188059233466638, Valid loss - 0.009404045054750726, AUC - 0.9671716492231615, termAUC - 0.7882726451500518
Epoch 45: Loss - 0.005881503601302411, EL Loss: 0.0012070658388760411, Valid loss - 0.009410394124365997, AUC - 0.9671326460785686, termAUC - 0.7886343141960016
Saving model (sel-macro)
Epoch 46: Loss - 0.0058587750569303355, EL Loss: 0.0011954033224483465, Valid loss - 0.009429079486636927, AUC - 0.9670774048722793, termAUC - 0.7885508721061439
Epoch 47: Loss - 0.005839253599574395, EL Loss: 0.0011837934006775977, Valid loss - 0.009435774098514326, AUC - 0.9670168649748879, termAUC - 0.7888094392480974
Saving model (sel-macro)
Epoch 48: Loss - 0.005818621627337175, EL Loss: 0.0011724008455198751, Valid loss - 0.009452948898743123, AUC - 0.9669456127013035, termAUC - 0.7887055680271566
Epoch 49: Loss - 0.0057911344008169646, EL Loss: 0.0011611270123485283, Valid loss - 0.009453830426398493, AUC - 0.9668939446746531, termAUC - 0.7889018363227119
Saving model (sel-macro)
Epoch 50: Loss - 0.0057685040327050165, EL Loss: 0.0011498497822123568, Valid loss - 0.009472630692904951, AUC - 0.9669073717226011, termAUC - 0.7890953323792951
Saving model (sel-macro)
Epoch 51: Loss - 0.00576393154473567, EL Loss: 0.0011386422592443923, Valid loss - 0.009474971538273902, AUC - 0.9667486852602545, termAUC - 0.7888108741209529
Epoch 52: Loss - 0.005735388044037046, EL Loss: 0.0011275758883662632, Valid loss - 0.009493653792024449, AUC - 0.9667973707210833, termAUC - 0.7897158144480269
Saving model (sel-macro)
Epoch 53: Loss - 0.005722554727536096, EL Loss: 0.0011167177699807826, Valid loss - 0.009519847094494579, AUC - 0.9667463728906015, termAUC - 0.7895485769346294
Epoch 54: Loss - 0.0056944266717309615, EL Loss: 0.0011060708096917462, Valid loss - 0.009513224768051446, AUC - 0.9666450540524663, termAUC - 0.7892591747912191
Epoch 55: Loss - 0.005678387819576538, EL Loss: 0.0010955626023089258, Valid loss - 0.009518648593359633, AUC - 0.9665586672529008, termAUC - 0.7893858755777947
Epoch 56: Loss - 0.005662841863582512, EL Loss: 0.001085083827262385, Valid loss - 0.00953750391274888, AUC - 0.9665434405879646, termAUC - 0.7896833266671891
Epoch 57: Loss - 0.005633502663167282, EL Loss: 0.0010746941013704612, Valid loss - 0.009556686265135048, AUC - 0.9665493418812257, termAUC - 0.7894487648321394
Epoch 58: Loss - 0.005615481309932502, EL Loss: 0.0010643494508418923, Valid loss - 0.009555091988912086, AUC - 0.9664395944796301, termAUC - 0.7893955097008579
Epoch 59: Loss - 0.00560196294517081, EL Loss: 0.0010540181069182539, Valid loss - 0.009565810238116033, AUC - 0.9663545349533617, termAUC - 0.7895225088236221
Epoch 60: Loss - 0.005580562318272681, EL Loss: 0.0010438060501949625, Valid loss - 0.009588326290496533, AUC - 0.9662845190684103, termAUC - 0.7895303398554515
Epoch 61: Loss - 0.005562697580527142, EL Loss: 0.0010337582176174654, Valid loss - 0.009588321424181888, AUC - 0.9663081916593844, termAUC - 0.7895313278448416
Epoch 62: Loss - 0.005550928880070285, EL Loss: 0.0010237723552332621, Valid loss - 0.009600229653844376, AUC - 0.9662809289609993, termAUC - 0.7897875590538096
Saving model (sel-macro)
Epoch 63: Loss - 0.005529739803527818, EL Loss: 0.0010138826611928648, Valid loss - 0.009625321707460067, AUC - 0.9661913001956322, termAUC - 0.7895192695553825
Epoch 64: Loss - 0.005517172455999749, EL Loss: 0.0010040299379895136, Valid loss - 0.009642705558768368, AUC - 0.9661355721173243, termAUC - 0.7894318184707363
Epoch 65: Loss - 0.005493486069083664, EL Loss: 0.000994270620092109, Valid loss - 0.009638038877126397, AUC - 0.9661007673678118, termAUC - 0.7893948394528847
Epoch 66: Loss - 0.005482007314737433, EL Loss: 0.0009846226606189073, Valid loss - 0.009644632249305778, AUC - 0.9660170254034006, termAUC - 0.7893763021160723
Epoch 67: Loss - 0.005459941619279269, EL Loss: 0.0009750729973830491, Valid loss - 0.009659236454287705, AUC - 0.9660221520996387, termAUC - 0.7894824385690323
Epoch 68: Loss - 0.005449588229125156, EL Loss: 0.0009655686532072204, Valid loss - 0.009680583184918032, AUC - 0.9659249947989448, termAUC - 0.7894290543160829
Epoch 69: Loss - 0.005429743012914032, EL Loss: 0.0009560817719158002, Valid loss - 0.0096908188209135, AUC - 0.9659836078540778, termAUC - 0.7895050200770618
Epoch 70: Loss - 0.0054166056076894314, EL Loss: 0.0009466933016539035, Valid loss - 0.009704739475215706, AUC - 0.9658673403928723, termAUC - 0.7894463983405853
Epoch 71: Loss - 0.005401899306446972, EL Loss: 0.0009374528338156618, Valid loss - 0.009707567411542729, AUC - 0.9657831276254579, termAUC - 0.7891434969189085
Epoch 72: Loss - 0.005389081802591393, EL Loss: 0.0009283157000404737, Valid loss - 0.009726644031062031, AUC - 0.9656786104222327, termAUC - 0.7890783873576448
Epoch 73: Loss - 0.005375015121573722, EL Loss: 0.0009191928640686806, Valid loss - 0.009746797518520955, AUC - 0.9655897737801745, termAUC - 0.7889232959845714
Epoch 74: Loss - 0.005357373652634904, EL Loss: 0.0009100813145668475, Valid loss - 0.009753763592425758, AUC - 0.965676478507377, termAUC - 0.78916533269642
Epoch 75: Loss - 0.005343518306636111, EL Loss: 0.000901052154830385, Valid loss - 0.00977032356864668, AUC - 0.9654536349183923, termAUC - 0.7888505683197949
Epoch 76: Loss - 0.005329867271601138, EL Loss: 0.0008920932934914537, Valid loss - 0.009773449873588733, AUC - 0.9654746106201163, termAUC - 0.7888897791576847
Epoch 77: Loss - 0.005317465542677839, EL Loss: 0.0008831414690574503, Valid loss - 0.009784220264521458, AUC - 0.9653683512370369, termAUC - 0.7889374963749489
Epoch 78: Loss - 0.005300008979323735, EL Loss: 0.0008742348571873532, Valid loss - 0.00979830724316717, AUC - 0.9653856501793772, termAUC - 0.788740345020877
Epoch 79: Loss - 0.005282817823245348, EL Loss: 0.0008653568703209437, Valid loss - 0.009813787511223002, AUC - 0.9653314461810347, termAUC - 0.7886364463430079
Epoch 80: Loss - 0.0052707411541252185, EL Loss: 0.0008565013137383431, Valid loss - 0.009818447667439252, AUC - 0.9652654941507482, termAUC - 0.7886003247017745
Epoch 81: Loss - 0.005258745557681234, EL Loss: 0.0008476652050070539, Valid loss - 0.009835870538696351, AUC - 0.9651737799828498, termAUC - 0.788329820025458
Epoch 82: Loss - 0.005246147937029542, EL Loss: 0.0008388457074617111, Valid loss - 0.00986024011728286, AUC - 0.9651683805892528, termAUC - 0.7886503515776143
Epoch 83: Loss - 0.005232838282215904, EL Loss: 0.0008300170256852913, Valid loss - 0.009869257469248298, AUC - 0.9650430772386674, termAUC - 0.7883769542971625
Epoch 84: Loss - 0.0052233707074272155, EL Loss: 0.0008212093340603044, Valid loss - 0.009875688094349688, AUC - 0.9650535214864936, termAUC - 0.7884742120404107
Epoch 85: Loss - 0.0052095105448459285, EL Loss: 0.0008124169869846891, Valid loss - 0.009887847074905767, AUC - 0.9650229871038715, termAUC - 0.788134765848733
Epoch 86: Loss - 0.005192569314158074, EL Loss: 0.0008037676450855579, Valid loss - 0.009900686540795083, AUC - 0.9649896712844896, termAUC - 0.7879563834807464
Epoch 87: Loss - 0.005179028916511739, EL Loss: 0.0007953103089785906, Valid loss - 0.009904838910338698, AUC - 0.9649559045018694, termAUC - 0.7879967195656544
Epoch 88: Loss - 0.00516947388459981, EL Loss: 0.0007870181243723124, Valid loss - 0.009910755500888192, AUC - 0.9649582370656804, termAUC - 0.7879794766245934
Epoch 89: Loss - 0.00515643732047313, EL Loss: 0.0007787632442939388, Valid loss - 0.009934652266740207, AUC - 0.9647611188368654, termAUC - 0.7875683070751882
Epoch 90: Loss - 0.005147289272468453, EL Loss: 0.0007705752897699596, Valid loss - 0.009943735011736092, AUC - 0.9648445797399793, termAUC - 0.7876778242490848
Epoch 91: Loss - 0.005131888141643507, EL Loss: 0.0007625289489392488, Valid loss - 0.009958779880320592, AUC - 0.9648152423203942, termAUC - 0.7875287363432208
Epoch 92: Loss - 0.005116670038789153, EL Loss: 0.0007545030844003961, Valid loss - 0.009967758690333919, AUC - 0.9646390413689625, termAUC - 0.7873139025630614
Epoch 93: Loss - 0.005111258774728887, EL Loss: 0.0007465074499719145, Valid loss - 0.009995306471967145, AUC - 0.9644929385005088, termAUC - 0.7867625346097674
Epoch 94: Loss - 0.005098411129494678, EL Loss: 0.0007386158506683918, Valid loss - 0.010003267071943805, AUC - 0.9644302118621303, termAUC - 0.7868174844990308
Epoch 95: Loss - 0.005086804530745636, EL Loss: 0.000730862910805182, Valid loss - 0.010010270963096066, AUC - 0.9644639350359666, termAUC - 0.7867987334636631
Epoch 96: Loss - 0.0050795442764852905, EL Loss: 0.0007234494027621773, Valid loss - 0.010014771856984357, AUC - 0.9644139685139981, termAUC - 0.7867708356533523
Epoch 97: Loss - 0.005068653356211763, EL Loss: 0.000716071646351448, Valid loss - 0.010040358501480313, AUC - 0.9643126957807303, termAUC - 0.7864326072323469
Epoch 98: Loss - 0.005058011786916995, EL Loss: 0.0007087012449813982, Valid loss - 0.010042547871241507, AUC - 0.964383465129481, termAUC - 0.7865849399534022
Epoch 99: Loss - 0.005047857318085053, EL Loss: 0.0007015317173474154, Valid loss - 0.010063879876490066, AUC - 0.9643255952563672, termAUC - 0.786337858883289
Epoch 100: Loss - 0.00503062159847396, EL Loss: 0.0006946335193368524, Valid loss - 0.010067045731803045, AUC - 0.9643623148620891, termAUC - 0.7863907389537271
Epoch 101: Loss - 0.005021902738412442, EL Loss: 0.0006877896569378524, Valid loss - 0.01008833296880718, AUC - 0.964218032365111, termAUC - 0.7862793260827914
Epoch 102: Loss - 0.005011624634795405, EL Loss: 0.0006809713397666345, Valid loss - 0.010084255657078612, AUC - 0.9641911099611793, termAUC - 0.785993552727769
Epoch 103: Loss - 0.005001716441269257, EL Loss: 0.0006741766505322825, Valid loss - 0.010109863829928518, AUC - 0.9641452714832508, termAUC - 0.785879893653457
Epoch 104: Loss - 0.004992760417317087, EL Loss: 0.0006674000558549413, Valid loss - 0.010116996178835236, AUC - 0.9641147396931097, termAUC - 0.7858574004807752
Epoch 105: Loss - 0.004987111655990921, EL Loss: 0.0006606653494573553, Valid loss - 0.01014449732649504, AUC - 0.9641058159737556, termAUC - 0.7859589758184785
Epoch 106: Loss - 0.004976755711823517, EL Loss: 0.0006540631068784579, Valid loss - 0.01014381456219696, AUC - 0.9640804906681383, termAUC - 0.7858258762929123
Epoch 107: Loss - 0.004964235629547333, EL Loss: 0.0006475614800062362, Valid loss - 0.010161944159263412, AUC - 0.9638333404379219, termAUC - 0.7853716620411092
Epoch 108: Loss - 0.0049538190695179425, EL Loss: 0.0006411910278626698, Valid loss - 0.01016752454853117, AUC - 0.9638189197332603, termAUC - 0.7851334189703925
Epoch 109: Loss - 0.004958048881277569, EL Loss: 0.0006348697656562147, Valid loss - 0.010190263224013198, AUC - 0.963752876928217, termAUC - 0.7853304979292238
Epoch 110: Loss - 0.004931427141446634, EL Loss: 0.0006286020956624741, Valid loss - 0.01019985954715124, AUC - 0.9637136854168833, termAUC - 0.7850205792309322
Epoch 111: Loss - 0.0049288124444812976, EL Loss: 0.0006223457062773487, Valid loss - 0.01020657734032597, AUC - 0.9636989548217234, termAUC - 0.7849665983185515
Epoch 112: Loss - 0.004910079422381603, EL Loss: 0.0006161563615671754, Valid loss - 0.010212501745350313, AUC - 0.9636655364132863, termAUC - 0.7847044201096977
Epoch 113: Loss - 0.004910923110640022, EL Loss: 0.0006100898851585697, Valid loss - 0.010225758690461023, AUC - 0.9636513651163772, termAUC - 0.7847940101507688
Epoch 114: Loss - 0.0048996177296378556, EL Loss: 0.0006040288124137538, Valid loss - 0.010233264564481002, AUC - 0.9636154761786807, termAUC - 0.7843916673515524
Epoch 115: Loss - 0.004889165962585281, EL Loss: 0.0005980239718312746, Valid loss - 0.010246891303246977, AUC - 0.9635594535174838, termAUC - 0.7846044719491139
Epoch 116: Loss - 0.004881876251731705, EL Loss: 0.0005920616699574555, Valid loss - 0.01026689050879502, AUC - 0.963531557686896, termAUC - 0.7845440781101441
Epoch 117: Loss - 0.004873835427237864, EL Loss: 0.0005861768739512241, Valid loss - 0.010269872508079604, AUC - 0.9635269470528405, termAUC - 0.78444723920167
Epoch 118: Loss - 0.00486630488275085, EL Loss: 0.0005803362035450809, Valid loss - 0.010278087726097233, AUC - 0.963416236165296, termAUC - 0.7839858607237746
Epoch 119: Loss - 0.00485823249771158, EL Loss: 0.0005745263962294418, Valid loss - 0.010305725287843421, AUC - 0.9634709152898836, termAUC - 0.7842107421248714
Epoch 120: Loss - 0.00484890745581026, EL Loss: 0.0005687514405140667, Valid loss - 0.010307465800213696, AUC - 0.9634416289510436, termAUC - 0.7842121151832987
Epoch 121: Loss - 0.004838718798070696, EL Loss: 0.0005630316346862854, Valid loss - 0.010312703946938381, AUC - 0.9632122254738794, termAUC - 0.7835738589674628
Epoch 122: Loss - 0.004834307276692146, EL Loss: 0.0005573599973435952, Valid loss - 0.010317035349369641, AUC - 0.9632393137081668, termAUC - 0.7837391287563413
Epoch 123: Loss - 0.004818052714701387, EL Loss: 0.0005517264814199021, Valid loss - 0.0103573500308276, AUC - 0.9632676169071694, termAUC - 0.7836646989745851
Epoch 124: Loss - 0.0048147796838609955, EL Loss: 0.0005461110885483721, Valid loss - 0.01036764331939106, AUC - 0.963042426223207, termAUC - 0.7834529907788407
Epoch 125: Loss - 0.004811294232210178, EL Loss: 0.0005404987899708475, Valid loss - 0.01036468983646359, AUC - 0.9630600472777223, termAUC - 0.7831096324198131
Epoch 126: Loss - 0.004799494183749266, EL Loss: 0.000534890741679751, Valid loss - 0.010384317524484451, AUC - 0.9628970152061409, termAUC - 0.7829867036819447
Epoch 127: Loss - 0.004795080856986396, EL Loss: 0.0005292876996983659, Valid loss - 0.010395052226025932, AUC - 0.9629753113405071, termAUC - 0.7828716097827038
Loading the best model: deepgozero_bp_s1_sel-loss
Test Loss - 0.008690580974232304, AUC - 0.96939325087757
Loading the best model: deepgozero_bp_s1_sel-micro
Test Loss - 0.008718685530176436, AUC - 0.969331382641668
Loading the best model: deepgozero_bp_s1_sel-macro
Test Loss - 0.009055827659353413, AUC - 0.9684521097536638
=== evaluation of deepgozero_bp_s1_sel-loss start=2026-08-27T05:01:40+01:00
--- python predict_diamond.py -dr data -ont bp -m deepgozero_bp_s1_sel-loss
--- python evaluate_fast.py -dr data -ont bp -m deepgozero_bp_s1_sel-loss_blast
Fmax: 0.451, Smin: 44.651, threshold: 0.25
WFmax: 0.379, threshold: 0.21
AUPR: 0.420
AVGIC: 34.282
--- python evaluate_fast.py -dr data -ont bp -m deepgozero_bp_s1_sel-loss_blast -c
Fmax: 0.485, Smin: 43.981, threshold: 0.25
WFmax: 0.420, threshold: 0.25
AUPR: 0.445
AVGIC: 38.406
--- python evaluate_terms.py -dr data -ont bp -m deepgozero_bp_s1_sel-loss_blast
GO:0000381 0.8848618710573432
Average AUC for bp 0.799  (n_terms=11653)
--- python evaluate_terms.py -dr data -ont bp -m deepgozero_bp_s1_sel-loss_blast -c
GO:0000381 0.884527215835885
Average AUC for bp 0.804  (n_terms=11653)
=== end=2026-08-27T05:07:51+01:00
=== evaluation of deepgozero_bp_s1_sel-micro start=2026-08-27T05:07:51+01:00
--- python predict_diamond.py -dr data -ont bp -m deepgozero_bp_s1_sel-micro
--- python evaluate_fast.py -dr data -ont bp -m deepgozero_bp_s1_sel-micro_blast
Fmax: 0.452, Smin: 44.601, threshold: 0.24
WFmax: 0.382, threshold: 0.21
AUPR: 0.421
AVGIC: 36.779
--- python evaluate_fast.py -dr data -ont bp -m deepgozero_bp_s1_sel-micro_blast -c
Fmax: 0.484, Smin: 44.004, threshold: 0.26
WFmax: 0.420, threshold: 0.25
AUPR: 0.445
AVGIC: 36.914
--- python evaluate_terms.py -dr data -ont bp -m deepgozero_bp_s1_sel-micro_blast
GO:0000381 0.8858156384384988
Average AUC for bp 0.802  (n_terms=11653)
--- python evaluate_terms.py -dr data -ont bp -m deepgozero_bp_s1_sel-micro_blast -c
GO:0000381 0.8853805866506033
Average AUC for bp 0.806  (n_terms=11653)
=== end=2026-08-27T05:14:01+01:00
=== evaluation of deepgozero_bp_s1_sel-macro start=2026-08-27T05:14:01+01:00
--- python predict_diamond.py -dr data -ont bp -m deepgozero_bp_s1_sel-macro
--- python evaluate_fast.py -dr data -ont bp -m deepgozero_bp_s1_sel-macro_blast
Fmax: 0.455, Smin: 44.625, threshold: 0.29
WFmax: 0.389, threshold: 0.27
AUPR: 0.422
AVGIC: 37.353
--- python evaluate_fast.py -dr data -ont bp -m deepgozero_bp_s1_sel-macro_blast -c
Fmax: 0.484, Smin: 44.125, threshold: 0.26
WFmax: 0.421, threshold: 0.26
AUPR: 0.439
AVGIC: 41.278
--- python evaluate_terms.py -dr data -ont bp -m deepgozero_bp_s1_sel-macro_blast
GO:0000381 0.8994026404296973
Average AUC for bp 0.811  (n_terms=11653)
--- python evaluate_terms.py -dr data -ont bp -m deepgozero_bp_s1_sel-macro_blast -c
GO:0000381 0.8992855111021869
Average AUC for bp 0.814  (n_terms=11653)
=== end=2026-08-27T05:20:13+01:00
