=== command: python deepgopro.py -dr data -ont bp -m mlp_bp_s2 -s 2 -ep 60
=== start=2026-08-27T06:12:49+01:00
Epoch 0: Loss - 0.011239868441580756, Valid loss - 0.009409699844973569, AUC - 0.9622933171069451, termAUC - 0.743300531978421
Saving model (sel-loss)
Saving model (sel-micro)
Saving model (sel-macro)
Epoch 1: Loss - 0.007302668674955019, Valid loss - 0.008938488908210732, AUC - 0.970039808099897, termAUC - 0.764920440184111
Saving model (sel-loss)
Saving model (sel-micro)
Saving model (sel-macro)
Epoch 2: Loss - 0.006905299275940375, Valid loss - 0.008994283339637794, AUC - 0.9702679375021377, termAUC - 0.7757404454834441
Saving model (sel-micro)
Saving model (sel-macro)
Epoch 3: Loss - 0.006532595609945961, Valid loss - 0.008985301562961167, AUC - 0.9707378798853823, termAUC - 0.776685445939249
Saving model (sel-micro)
Saving model (sel-macro)
Epoch 4: Loss - 0.006490538204788562, Valid loss - 0.0090054950911231, AUC - 0.9707869310432877, termAUC - 0.7778949502479672
Saving model (sel-micro)
Saving model (sel-macro)
Epoch 5: Loss - 0.006452308744798096, Valid loss - 0.009016419341479311, AUC - 0.9707846347993878, termAUC - 0.7789613809710136
Saving model (sel-macro)
Epoch 6: Loss - 0.006429683485434129, Valid loss - 0.009025351477429172, AUC - 0.9707838876736657, termAUC - 0.7799083199370811
Saving model (sel-macro)
Epoch 7: Loss - 0.006384596149787007, Valid loss - 0.00905133978716585, AUC - 0.9707446125940935, termAUC - 0.7808412648204642
Saving model (sel-macro)
Epoch 8: Loss - 0.006353033429168967, Valid loss - 0.009058012213829337, AUC - 0.9707435758656319, termAUC - 0.7816951651186013
Saving model (sel-macro)
Epoch 9: Loss - 0.006325913425268047, Valid loss - 0.009073031332269804, AUC - 0.9707276419303815, termAUC - 0.782603182105364
Saving model (sel-macro)
Epoch 10: Loss - 0.006294595649701093, Valid loss - 0.009076838837998197, AUC - 0.9707382074923511, termAUC - 0.7833932282006675
Saving model (sel-macro)
Epoch 11: Loss - 0.006260530905557131, Valid loss - 0.009095303331878012, AUC - 0.9707193615550364, termAUC - 0.7841507175550394
Saving model (sel-macro)
Epoch 12: Loss - 0.006229609882424417, Valid loss - 0.009108950556656777, AUC - 0.9706535430021844, termAUC - 0.7850319853934288
Saving model (sel-macro)
Epoch 13: Loss - 0.006201184080231222, Valid loss - 0.00911406742482884, AUC - 0.9706814242001355, termAUC - 0.7854986855889948
Saving model (sel-macro)
Epoch 14: Loss - 0.006183674867574406, Valid loss - 0.009123290756359597, AUC - 0.9706571979886878, termAUC - 0.785949342254119
Saving model (sel-macro)
Epoch 15: Loss - 0.006148056721381156, Valid loss - 0.009145989027244365, AUC - 0.9706080570902502, termAUC - 0.786523583009524
Saving model (sel-macro)
Epoch 16: Loss - 0.006122458893621786, Valid loss - 0.009153624250251331, AUC - 0.970582515825643, termAUC - 0.7870092528095383
Saving model (sel-macro)
Epoch 17: Loss - 0.0060934777215403075, Valid loss - 0.00916025210295292, AUC - 0.9705430197223289, termAUC - 0.7874887910774468
Saving model (sel-macro)
Epoch 18: Loss - 0.006070015429970711, Valid loss - 0.009179538035678942, AUC - 0.9705270386903473, termAUC - 0.7880184785069168
Saving model (sel-macro)
Epoch 19: Loss - 0.006047313017366666, Valid loss - 0.009172257427619585, AUC - 0.9705739499991329, termAUC - 0.7884441328462801
Saving model (sel-macro)
Epoch 20: Loss - 0.006024181816833689, Valid loss - 0.009189024225296761, AUC - 0.9705069324485414, termAUC - 0.7888770894970066
Saving model (sel-macro)
Epoch 21: Loss - 0.005996533981354879, Valid loss - 0.009216724685239082, AUC - 0.9704405899275755, termAUC - 0.7892982454599756
Saving model (sel-macro)
Epoch 22: Loss - 0.005993391190223413, Valid loss - 0.009223514770015779, AUC - 0.970401079940965, termAUC - 0.7894935891513252
Saving model (sel-macro)
Epoch 23: Loss - 0.005953075436552039, Valid loss - 0.009232732593791176, AUC - 0.9703675283983417, termAUC - 0.7897644076869588
Saving model (sel-macro)
Epoch 24: Loss - 0.005933700156622472, Valid loss - 0.009236854377714609, AUC - 0.9703700757262013, termAUC - 0.789908429405652
Saving model (sel-macro)
Epoch 25: Loss - 0.0059085845715336725, Valid loss - 0.009241422299073626, AUC - 0.9703419783945663, termAUC - 0.790206958140983
Saving model (sel-macro)
Epoch 26: Loss - 0.005892784314520086, Valid loss - 0.009260505061621302, AUC - 0.9702415530148351, termAUC - 0.7904398282976187
Saving model (sel-macro)
Epoch 27: Loss - 0.005880305977642109, Valid loss - 0.009276425518366872, AUC - 0.9702197805702373, termAUC - 0.7906518479401983
Saving model (sel-macro)
Epoch 28: Loss - 0.005852737445975809, Valid loss - 0.009287761191263894, AUC - 0.970143743944807, termAUC - 0.790797436009489
Saving model (sel-macro)
Epoch 29: Loss - 0.0058307990853441695, Valid loss - 0.00928856689939337, AUC - 0.9701599622559703, termAUC - 0.7908985434889183
Saving model (sel-macro)
Epoch 30: Loss - 0.005807255572761322, Valid loss - 0.009317769505552307, AUC - 0.9700624066738617, termAUC - 0.7911788566258832
Saving model (sel-macro)
Epoch 31: Loss - 0.0057899955123385935, Valid loss - 0.009323663281782574, AUC - 0.970008880516632, termAUC - 0.7912674619523149
Saving model (sel-macro)
Epoch 32: Loss - 0.005766426602098586, Valid loss - 0.009333709825373052, AUC - 0.9699302898085636, termAUC - 0.7912885637966368
Saving model (sel-macro)
Epoch 33: Loss - 0.005751647214397303, Valid loss - 0.009340999580130276, AUC - 0.969900522788808, termAUC - 0.7915598068806411
Saving model (sel-macro)
Epoch 34: Loss - 0.005738500824542954, Valid loss - 0.0093520373963313, AUC - 0.9699237491240214, termAUC - 0.7917887073579476
Saving model (sel-macro)
Epoch 35: Loss - 0.00571211023883076, Valid loss - 0.009369566422942656, AUC - 0.969870572244553, termAUC - 0.7920470636299419
Saving model (sel-macro)
Epoch 36: Loss - 0.005705512255375396, Valid loss - 0.009372944036955076, AUC - 0.9697963274037606, termAUC - 0.7916489289126268
Epoch 37: Loss - 0.005677950851284516, Valid loss - 0.009396961396745104, AUC - 0.9697206190518283, termAUC - 0.7916724888256081
Epoch 38: Loss - 0.0056647102864845825, Valid loss - 0.009415503397016533, AUC - 0.9696953129240825, termAUC - 0.7916320083323424
Epoch 39: Loss - 0.005647854796357562, Valid loss - 0.009412157198179835, AUC - 0.9696558414218593, termAUC - 0.7914764614573286
Epoch 40: Loss - 0.005633743806820764, Valid loss - 0.009423378114866106, AUC - 0.9695875838646101, termAUC - 0.7914558962012125
Epoch 41: Loss - 0.0056170759808075905, Valid loss - 0.009442278751425, AUC - 0.9695364562105457, termAUC - 0.7915105470422219
Epoch 42: Loss - 0.00559974236087044, Valid loss - 0.009445755625304007, AUC - 0.9694764410791946, termAUC - 0.791378913298869
Epoch 43: Loss - 0.005585821223893224, Valid loss - 0.009479418930455747, AUC - 0.9693864502297556, termAUC - 0.7915078149504206
Epoch 44: Loss - 0.0055614017086474355, Valid loss - 0.009492751136915573, AUC - 0.9693641165007824, termAUC - 0.7917117646923651
Epoch 45: Loss - 0.005558319475846603, Valid loss - 0.00949133067879061, AUC - 0.9693281966588009, termAUC - 0.7918150853518647
Epoch 46: Loss - 0.005539333136351151, Valid loss - 0.009505450096450105, AUC - 0.9693206888401332, termAUC - 0.7916412287996943
Epoch 47: Loss - 0.005523512722984949, Valid loss - 0.009518061486991825, AUC - 0.9691714192160115, termAUC - 0.7913772426654276
Epoch 48: Loss - 0.005508203039596493, Valid loss - 0.00952961328840315, AUC - 0.9691562421664355, termAUC - 0.7913467568781875
Epoch 49: Loss - 0.005492549882675099, Valid loss - 0.009542814267811594, AUC - 0.9690933548375703, termAUC - 0.7914061113561334
Epoch 50: Loss - 0.005481861796847593, Valid loss - 0.009565143182947738, AUC - 0.9690138380802563, termAUC - 0.7912157436727808
Epoch 51: Loss - 0.005462780631436605, Valid loss - 0.009574067550680495, AUC - 0.9690357378863402, termAUC - 0.7914526314674486
Epoch 52: Loss - 0.0054537434203768085, Valid loss - 0.009574335981283755, AUC - 0.9689758833098014, termAUC - 0.7912788097760262
Epoch 53: Loss - 0.005439939144905008, Valid loss - 0.009595883248484885, AUC - 0.9689432969411268, termAUC - 0.7915481470559763
Epoch 54: Loss - 0.00542439091362717, Valid loss - 0.009622845558190582, AUC - 0.9688416821355814, termAUC - 0.7912891187381877
Epoch 55: Loss - 0.0054104316614980875, Valid loss - 0.009621332883711486, AUC - 0.9687852444756724, termAUC - 0.7909731508057667
Epoch 56: Loss - 0.005395445646609935, Valid loss - 0.00963363666334097, AUC - 0.9687407598938393, termAUC - 0.7910751995212775
Epoch 57: Loss - 0.005378594974598376, Valid loss - 0.009652697943792438, AUC - 0.9686764997066155, termAUC - 0.7908626841986744
Epoch 58: Loss - 0.005373412370068576, Valid loss - 0.00965724748849178, AUC - 0.9686185227700195, termAUC - 0.790765629107785
Epoch 59: Loss - 0.005356290657578236, Valid loss - 0.009657745190976274, AUC - 0.9686306546150473, termAUC - 0.790906508261914
Loading the best model: mlp_bp_s2_sel-loss
Test Loss - 0.008378137384440648, AUC - 0.9718435963856926
Loading the best model: mlp_bp_s2_sel-micro
Test Loss - 0.008429389607438163, AUC - 0.9726045027812353
Loading the best model: mlp_bp_s2_sel-macro
Test Loss - 0.008748041928393414, AUC - 0.9721648467986315
=== evaluation of mlp_bp_s2_sel-loss start=2026-08-27T08:02:12+01:00
--- python predict_diamond.py -dr data -ont bp -m mlp_bp_s2_sel-loss
--- python evaluate_fast.py -dr data -ont bp -m mlp_bp_s2_sel-loss_blast
Fmax: 0.456, Smin: 44.121, threshold: 0.27
WFmax: 0.385, threshold: 0.19
AUPR: 0.430
AVGIC: 32.057
--- python evaluate_fast.py -dr data -ont bp -m mlp_bp_s2_sel-loss_blast -c
Fmax: 0.485, Smin: 43.872, threshold: 0.27
WFmax: 0.419, threshold: 0.26
AUPR: 0.449
AVGIC: 35.667
--- python evaluate_terms.py -dr data -ont bp -m mlp_bp_s2_sel-loss_blast
GO:0000381 0.861201746900256
Average AUC for bp 0.788  (n_terms=11653)
--- python evaluate_terms.py -dr data -ont bp -m mlp_bp_s2_sel-loss_blast -c
GO:0000381 0.8619379883874638
Average AUC for bp 0.792  (n_terms=11653)
=== end=2026-08-27T08:08:22+01:00
=== evaluation of mlp_bp_s2_sel-micro start=2026-08-27T08:08:22+01:00
--- python predict_diamond.py -dr data -ont bp -m mlp_bp_s2_sel-micro
--- python evaluate_fast.py -dr data -ont bp -m mlp_bp_s2_sel-micro_blast
Fmax: 0.462, Smin: 43.957, threshold: 0.24
WFmax: 0.392, threshold: 0.23
AUPR: 0.437
AVGIC: 34.831
--- python evaluate_fast.py -dr data -ont bp -m mlp_bp_s2_sel-micro_blast -c
Fmax: 0.487, Smin: 43.834, threshold: 0.26
WFmax: 0.423, threshold: 0.24
AUPR: 0.450
AVGIC: 37.037
--- python evaluate_terms.py -dr data -ont bp -m mlp_bp_s2_sel-micro_blast
GO:0000381 0.8683801014005321
Average AUC for bp 0.799  (n_terms=11653)
--- python evaluate_terms.py -dr data -ont bp -m mlp_bp_s2_sel-micro_blast -c
GO:0000381 0.8678279202851262
Average AUC for bp 0.802  (n_terms=11653)
=== end=2026-08-27T08:14:27+01:00
=== evaluation of mlp_bp_s2_sel-macro start=2026-08-27T08:14:27+01:00
--- python predict_diamond.py -dr data -ont bp -m mlp_bp_s2_sel-macro
--- python evaluate_fast.py -dr data -ont bp -m mlp_bp_s2_sel-macro_blast
Fmax: 0.463, Smin: 44.219, threshold: 0.27
WFmax: 0.396, threshold: 0.25
AUPR: 0.434
AVGIC: 35.924
--- python evaluate_fast.py -dr data -ont bp -m mlp_bp_s2_sel-macro_blast -c
Fmax: 0.485, Smin: 43.966, threshold: 0.26
WFmax: 0.421, threshold: 0.26
AUPR: 0.444
AVGIC: 39.660
--- python evaluate_terms.py -dr data -ont bp -m mlp_bp_s2_sel-macro_blast
GO:0000381 0.9007412613155297
Average AUC for bp 0.816  (n_terms=11653)
--- python evaluate_terms.py -dr data -ont bp -m mlp_bp_s2_sel-macro_blast -c
GO:0000381 0.9011093820591336
Average AUC for bp 0.818  (n_terms=11653)
=== end=2026-08-27T08:20:32+01:00
