=== command: python deepgopro.py -dr data -ont bp -m mlp_bp_s0 -s 0 -ep 60
=== start=2026-08-26T20:21:24+01:00
Epoch 0: Loss - 0.011241507086337282, Valid loss - 0.009351165656814512, AUC - 0.9625376162370528, termAUC - 0.7494052985133665
Saving model (sel-loss)
Saving model (sel-micro)
Saving model (sel-macro)
Epoch 1: Loss - 0.0074012020662698194, Valid loss - 0.008945121278751963, AUC - 0.9701003179895857, termAUC - 0.7681817857899367
Saving model (sel-loss)
Saving model (sel-micro)
Saving model (sel-macro)
Epoch 2: Loss - 0.006919391649125229, Valid loss - 0.009003591739159348, AUC - 0.9701203034201883, termAUC - 0.7760925920297701
Saving model (sel-micro)
Saving model (sel-macro)
Epoch 3: Loss - 0.006551121432971899, Valid loss - 0.00898408635661302, AUC - 0.9706555601063682, termAUC - 0.7771734389204953
Saving model (sel-micro)
Saving model (sel-macro)
Epoch 4: Loss - 0.006503994901802342, Valid loss - 0.008999367935323951, AUC - 0.9707279409011031, termAUC - 0.7781997768215395
Saving model (sel-micro)
Saving model (sel-macro)
Epoch 5: Loss - 0.006461072712595626, Valid loss - 0.009009278937557479, AUC - 0.9707699917530562, termAUC - 0.7794207948000835
Saving model (sel-micro)
Saving model (sel-macro)
Epoch 6: Loss - 0.006434911916120444, Valid loss - 0.009018190026233922, AUC - 0.9707576809470622, termAUC - 0.7803063205051283
Saving model (sel-macro)
Epoch 7: Loss - 0.0064043531361693195, Valid loss - 0.00903607416737652, AUC - 0.9707533190885184, termAUC - 0.7813869033830942
Saving model (sel-macro)
Epoch 8: Loss - 0.006374433320693781, Valid loss - 0.009056171948176544, AUC - 0.9707295167099287, termAUC - 0.7823521318918896
Saving model (sel-macro)
Epoch 9: Loss - 0.006341247356768717, Valid loss - 0.009063365597845308, AUC - 0.9707188301978552, termAUC - 0.7831920349959879
Saving model (sel-macro)
Epoch 10: Loss - 0.0062981703494315484, Valid loss - 0.009076451003822861, AUC - 0.9706947274942278, termAUC - 0.7839049491308897
Saving model (sel-macro)
Epoch 11: Loss - 0.006274072726247767, Valid loss - 0.009085691046734519, AUC - 0.970673628686368, termAUC - 0.7845586805380315
Saving model (sel-macro)
Epoch 12: Loss - 0.006258469326010423, Valid loss - 0.00910073814185842, AUC - 0.9706069189819566, termAUC - 0.7851304584285175
Saving model (sel-macro)
Epoch 13: Loss - 0.00621747502683439, Valid loss - 0.00911565109260923, AUC - 0.9706095745801466, termAUC - 0.7857725770097196
Saving model (sel-macro)
Epoch 14: Loss - 0.006189961746006073, Valid loss - 0.009124672314805897, AUC - 0.9705823010743737, termAUC - 0.7863397049790765
Saving model (sel-macro)
Epoch 15: Loss - 0.006162503252157943, Valid loss - 0.009139780713775695, AUC - 0.9704841298840652, termAUC - 0.7867815438544753
Saving model (sel-macro)
Epoch 16: Loss - 0.0061333894469550905, Valid loss - 0.009146087892378205, AUC - 0.9704791567175545, termAUC - 0.7871066512464036
Saving model (sel-macro)
Epoch 17: Loss - 0.006117006924146199, Valid loss - 0.009160823127045142, AUC - 0.9704355484895008, termAUC - 0.7875814524132057
Saving model (sel-macro)
Epoch 18: Loss - 0.00607948771123879, Valid loss - 0.009180548440492311, AUC - 0.9703932519661566, termAUC - 0.7879539963574492
Saving model (sel-macro)
Epoch 19: Loss - 0.00606140457212746, Valid loss - 0.009188341732377446, AUC - 0.9703693283163147, termAUC - 0.7882054009930407
Saving model (sel-macro)
Epoch 20: Loss - 0.006031735946469753, Valid loss - 0.009198814306704217, AUC - 0.9703243059051672, termAUC - 0.7884400848395425
Saving model (sel-macro)
Epoch 21: Loss - 0.006010785639014796, Valid loss - 0.00921192296182379, AUC - 0.9702345797906539, termAUC - 0.7886719364758409
Saving model (sel-macro)
Epoch 22: Loss - 0.005987046831839312, Valid loss - 0.009224750314351935, AUC - 0.9702407912726796, termAUC - 0.7888483070074311
Saving model (sel-macro)
Epoch 23: Loss - 0.005965114847088188, Valid loss - 0.00924638473731003, AUC - 0.9701390642700268, termAUC - 0.7890223052744897
Saving model (sel-macro)
Epoch 24: Loss - 0.005947741498957128, Valid loss - 0.009243640508996138, AUC - 0.970165829690872, termAUC - 0.7893236560523362
Saving model (sel-macro)
Epoch 25: Loss - 0.005923126319944166, Valid loss - 0.009265460616705433, AUC - 0.9701104976721396, termAUC - 0.7896073693373145
Saving model (sel-macro)
Epoch 26: Loss - 0.00589579263576512, Valid loss - 0.00926603852394993, AUC - 0.9700242570107849, termAUC - 0.7896452891313867
Saving model (sel-macro)
Epoch 27: Loss - 0.005883754530595507, Valid loss - 0.009280511538886668, AUC - 0.9700213481717824, termAUC - 0.7900634718696965
Saving model (sel-macro)
Epoch 28: Loss - 0.005852412986554679, Valid loss - 0.009297079727399033, AUC - 0.969974127195012, termAUC - 0.790204188220737
Saving model (sel-macro)
Epoch 29: Loss - 0.005835036202683745, Valid loss - 0.009307826162988184, AUC - 0.9698603603603421, termAUC - 0.7900910233886749
Epoch 30: Loss - 0.005815037209316973, Valid loss - 0.009328069498404762, AUC - 0.9697976171215859, termAUC - 0.7899611396699503
Epoch 31: Loss - 0.005795287508315513, Valid loss - 0.009338026138528294, AUC - 0.9697381414568226, termAUC - 0.7901791237530797
Epoch 32: Loss - 0.0057868795968248786, Valid loss - 0.009344012565935486, AUC - 0.96969728448568, termAUC - 0.790260191518327
Saving model (sel-macro)
Epoch 33: Loss - 0.00576091281689868, Valid loss - 0.009362518602353058, AUC - 0.969651978034687, termAUC - 0.7901966999646307
Epoch 34: Loss - 0.0057420382883232365, Valid loss - 0.009384810412610998, AUC - 0.9695421367196071, termAUC - 0.7901250548390492
Epoch 35: Loss - 0.005725074886062307, Valid loss - 0.009403989742824574, AUC - 0.9694507152780014, termAUC - 0.7899937967099686
Epoch 36: Loss - 0.005704420199581674, Valid loss - 0.009405670061534801, AUC - 0.9694054437374358, termAUC - 0.7898747651066279
Epoch 37: Loss - 0.005682060632805645, Valid loss - 0.009414200177601237, AUC - 0.9693751006072114, termAUC - 0.7900730568982548
Epoch 38: Loss - 0.0056683233108423435, Valid loss - 0.009437672121585994, AUC - 0.969340140579014, termAUC - 0.7902584756923783
Epoch 39: Loss - 0.005656261196703377, Valid loss - 0.009435606775003554, AUC - 0.969310741840052, termAUC - 0.7899564142021195
Epoch 40: Loss - 0.0056369309777994136, Valid loss - 0.009439763831998536, AUC - 0.9692868923448525, termAUC - 0.7899605029272547
Epoch 41: Loss - 0.005620957119570717, Valid loss - 0.009460937937980654, AUC - 0.9691938283306639, termAUC - 0.7899468846172601
Epoch 42: Loss - 0.005606914729047292, Valid loss - 0.009480439629159029, AUC - 0.9690993501430354, termAUC - 0.789907474938043
Epoch 43: Loss - 0.005584812027133141, Valid loss - 0.009496679847184199, AUC - 0.9690839347059528, termAUC - 0.7899064210023862
Epoch 44: Loss - 0.005575315587656856, Valid loss - 0.009503814330114829, AUC - 0.9690113995280567, termAUC - 0.7897422569029202
Epoch 45: Loss - 0.005560792804934448, Valid loss - 0.009522713396994287, AUC - 0.9689690139950129, termAUC - 0.7898106671132324
Epoch 46: Loss - 0.005543709072875224, Valid loss - 0.00953710199463249, AUC - 0.9688572567795775, termAUC - 0.7896280467116898
Epoch 47: Loss - 0.0055257079579617095, Valid loss - 0.00954989968052763, AUC - 0.9688374649758124, termAUC - 0.789492575401118
Epoch 48: Loss - 0.0055151771945917815, Valid loss - 0.009557192586979131, AUC - 0.9687716478709794, termAUC - 0.7891915779813535
Epoch 49: Loss - 0.005504116295684651, Valid loss - 0.009572974671393831, AUC - 0.9687139816219017, termAUC - 0.789011376046228
Epoch 50: Loss - 0.005491408206180523, Valid loss - 0.00957535533851247, AUC - 0.968637861189853, termAUC - 0.788904767437806
Epoch 51: Loss - 0.005470496927706148, Valid loss - 0.009604195860640102, AUC - 0.9685558025950446, termAUC - 0.7888986217063535
Epoch 52: Loss - 0.005452968782365126, Valid loss - 0.009608537510703534, AUC - 0.9685073492180565, termAUC - 0.7888428637647739
Epoch 53: Loss - 0.005450623219408597, Valid loss - 0.009634358126867488, AUC - 0.9683895585721398, termAUC - 0.7884539685890535
Epoch 54: Loss - 0.005434532828541006, Valid loss - 0.009644560824265543, AUC - 0.9683142746988338, termAUC - 0.7882770197213093
Epoch 55: Loss - 0.005416970746916315, Valid loss - 0.00965450391087015, AUC - 0.9682430389733925, termAUC - 0.788205656765994
Epoch 56: Loss - 0.005402033664697332, Valid loss - 0.009662136225806956, AUC - 0.9682296051995697, termAUC - 0.7883351175998161
Epoch 57: Loss - 0.005405007674532641, Valid loss - 0.00968339748137834, AUC - 0.9681760587057302, termAUC - 0.7882005448512401
Epoch 58: Loss - 0.005382525580585303, Valid loss - 0.009686537312084673, AUC - 0.9681052777126629, termAUC - 0.7881707072277035
Epoch 59: Loss - 0.005371479083633153, Valid loss - 0.009716326830328892, AUC - 0.9680395592123817, termAUC - 0.7881306067186901
Loading the best model: mlp_bp_s0_sel-loss
Test Loss - 0.008425382469352838, AUC - 0.9713795568105217
Loading the best model: mlp_bp_s0_sel-micro
Test Loss - 0.008459447395383707, AUC - 0.972279592904444
Loading the best model: mlp_bp_s0_sel-macro
Test Loss - 0.008736170567194553, AUC - 0.9717498850408587
=== evaluation of mlp_bp_s0_sel-loss start=2026-08-26T23:54:05+01:00
--- python predict_diamond.py -dr data -ont bp -m mlp_bp_s0_sel-loss
--- python evaluate_fast.py -dr data -ont bp -m mlp_bp_s0_sel-loss_blast
Fmax: 0.455, Smin: 44.256, threshold: 0.26
WFmax: 0.382, threshold: 0.23
AUPR: 0.428
AVGIC: 31.776
--- python evaluate_fast.py -dr data -ont bp -m mlp_bp_s0_sel-loss_blast -c
Fmax: 0.486, Smin: 43.903, threshold: 0.26
WFmax: 0.420, threshold: 0.26
AUPR: 0.449
AVGIC: 36.593
--- python evaluate_terms.py -dr data -ont bp -m mlp_bp_s0_sel-loss_blast
GO:0000381 0.8237872931412412
Average AUC for bp 0.782  (n_terms=11653)
--- python evaluate_terms.py -dr data -ont bp -m mlp_bp_s0_sel-loss_blast -c
GO:0000381 0.8237872931412413
Average AUC for bp 0.787  (n_terms=11653)
=== end=2026-08-27T00:00:11+01:00
=== evaluation of mlp_bp_s0_sel-micro start=2026-08-27T00:00:11+01:00
--- python predict_diamond.py -dr data -ont bp -m mlp_bp_s0_sel-micro
--- python evaluate_fast.py -dr data -ont bp -m mlp_bp_s0_sel-micro_blast
Fmax: 0.459, Smin: 44.091, threshold: 0.24
WFmax: 0.391, threshold: 0.23
AUPR: 0.434
AVGIC: 35.919
--- python evaluate_fast.py -dr data -ont bp -m mlp_bp_s0_sel-micro_blast -c
Fmax: 0.487, Smin: 43.885, threshold: 0.27
WFmax: 0.421, threshold: 0.25
AUPR: 0.448
AVGIC: 35.733
--- python evaluate_terms.py -dr data -ont bp -m mlp_bp_s0_sel-micro_blast
GO:0000381 0.8677275237186888
Average AUC for bp 0.796  (n_terms=11653)
--- python evaluate_terms.py -dr data -ont bp -m mlp_bp_s0_sel-micro_blast -c
GO:0000381 0.8686478255776986
Average AUC for bp 0.799  (n_terms=11653)
=== end=2026-08-27T00:06:18+01:00
=== evaluation of mlp_bp_s0_sel-macro start=2026-08-27T00:06:18+01:00
--- python predict_diamond.py -dr data -ont bp -m mlp_bp_s0_sel-macro
--- python evaluate_fast.py -dr data -ont bp -m mlp_bp_s0_sel-macro_blast
Fmax: 0.463, Smin: 44.156, threshold: 0.29
WFmax: 0.396, threshold: 0.24
AUPR: 0.433
AVGIC: 33.132
--- python evaluate_fast.py -dr data -ont bp -m mlp_bp_s0_sel-macro_blast -c
Fmax: 0.484, Smin: 43.936, threshold: 0.28
WFmax: 0.420, threshold: 0.28
AUPR: 0.443
AVGIC: 36.093
--- python evaluate_terms.py -dr data -ont bp -m mlp_bp_s0_sel-macro_blast
GO:0000381 0.9103793316935227
Average AUC for bp 0.814  (n_terms=11653)
--- python evaluate_terms.py -dr data -ont bp -m mlp_bp_s0_sel-macro_blast -c
GO:0000381 0.9108143834814183
Average AUC for bp 0.815  (n_terms=11653)
=== end=2026-08-27T00:12:20+01:00
