=== command: python neuralgobox_train.py -dr data -ont bp -m mlpbox_bp_s1 -s 1 -ep 24 --el-weight 0
=== start=2026-09-09T23:09:22+01:00
=== gpu: NVIDIA A100-PCIE-40GB
Epoch 0: Loss - 0.009044698978782184, EL Loss: 0.0, Valid loss - 0.00903225073973272, AUC - 0.9686321459484144, termAUC - 0.7662927446597242, lr - 0.0005
Saving model (sel-loss)
Saving model (sel-micro)
Saving model (sel-macro)
Epoch 1: Loss - 0.007225836938107134, EL Loss: 0.0, Valid loss - 0.009121882599710628, AUC - 0.9695389276874323, termAUC - 0.7714685505415758, lr - 0.0005
Saving model (sel-micro)
Saving model (sel-macro)
Epoch 2: Loss - 0.0058230846178141515, EL Loss: 0.0, Valid loss - 0.009303643772168862, AUC - 0.9694759737801389, termAUC - 0.7803469415342057, lr - 5e-05
Saving model (sel-macro)
Epoch 3: Loss - 0.005498791571943151, EL Loss: 0.0, Valid loss - 0.009507359634616122, AUC - 0.9685647504321978, termAUC - 0.7802788998557066, lr - 5e-05
Epoch 4: Loss - 0.005221626453143476, EL Loss: 0.0, Valid loss - 0.009545235610906257, AUC - 0.968433793553496, termAUC - 0.7803477596237596, lr - 5e-06
Saving model (sel-macro)
Epoch 5: Loss - 0.005189040946282914, EL Loss: 0.0, Valid loss - 0.009579255412153851, AUC - 0.9682599756067716, termAUC - 0.7802046179320429, lr - 5e-06
Epoch 6: Loss - 0.005164362209914707, EL Loss: 0.0, Valid loss - 0.009612366797661545, AUC - 0.9680967718842719, termAUC - 0.7800357882137091, lr - 5e-06
Epoch 7: Loss - 0.005147137695932104, EL Loss: 0.0, Valid loss - 0.009645700374531824, AUC - 0.9679329147347873, termAUC - 0.779872451140317, lr - 5e-06
Epoch 8: Loss - 0.005119294275679012, EL Loss: 0.0, Valid loss - 0.009677995835116367, AUC - 0.9677725344328617, termAUC - 0.7797248424900197, lr - 5e-06
Epoch 9: Loss - 0.005102650054833634, EL Loss: 0.0, Valid loss - 0.009707056093862318, AUC - 0.9676322369796415, termAUC - 0.7795634318761601, lr - 5e-06
Epoch 10: Loss - 0.005084380699180234, EL Loss: 0.0, Valid loss - 0.009735222865784208, AUC - 0.9675105453128398, termAUC - 0.779409541687386, lr - 5e-06
Epoch 11: Loss - 0.005062321523070266, EL Loss: 0.0, Valid loss - 0.009760864004986176, AUC - 0.9673809379583639, termAUC - 0.7791418689880716, lr - 5e-06
Epoch 12: Loss - 0.005055044575700411, EL Loss: 0.0, Valid loss - 0.009786371937305327, AUC - 0.9672577240756857, termAUC - 0.7788540828810411, lr - 5e-06
Epoch 13: Loss - 0.005029448484612367, EL Loss: 0.0, Valid loss - 0.009817260937358173, AUC - 0.96712008261307, termAUC - 0.7787060576129625, lr - 5e-06
Epoch 14: Loss - 0.005008270031802131, EL Loss: 0.0, Valid loss - 0.009839018998013822, AUC - 0.9670287991865679, termAUC - 0.7784403081623203, lr - 5e-06
Epoch 15: Loss - 0.004999747447702691, EL Loss: 0.0, Valid loss - 0.009860109066010902, AUC - 0.9669210637559313, termAUC - 0.7781790029962659, lr - 5e-06
Epoch 16: Loss - 0.0049780186990349565, EL Loss: 0.0, Valid loss - 0.009886487384036875, AUC - 0.9667906661367215, termAUC - 0.778004244120771, lr - 5e-06
Epoch 17: Loss - 0.004963981074235589, EL Loss: 0.0, Valid loss - 0.009911320483719078, AUC - 0.9666922929149421, termAUC - 0.7778488079383021, lr - 5e-06
Epoch 18: Loss - 0.004951272408516196, EL Loss: 0.0, Valid loss - 0.009935800408611431, AUC - 0.9665714045193162, termAUC - 0.777557492436044, lr - 5e-06
Epoch 19: Loss - 0.00493699461791598, EL Loss: 0.0, Valid loss - 0.009957368707666728, AUC - 0.9664418044414879, termAUC - 0.7772447453611939, lr - 5e-06
Epoch 20: Loss - 0.004917671279373956, EL Loss: 0.0, Valid loss - 0.009986104270973743, AUC - 0.9663497134965965, termAUC - 0.7770976982465801, lr - 5e-06
Epoch 21: Loss - 0.004903753881528829, EL Loss: 0.0, Valid loss - 0.010005831317544378, AUC - 0.9662267241975907, termAUC - 0.7768255201241815, lr - 5e-06
Epoch 22: Loss - 0.004893548572926524, EL Loss: 0.0, Valid loss - 0.010027499005987945, AUC - 0.966125546842045, termAUC - 0.7765416639787642, lr - 5e-06
Epoch 23: Loss - 0.004881058494963681, EL Loss: 0.0, Valid loss - 0.010051600514781593, AUC - 0.9660135288137963, termAUC - 0.7763652208162856, lr - 5e-06
Loading the best model: mlpbox_bp_s1_sel-loss
Test Loss - 0.008515697183414689, AUC - 0.9702120887343111
Loading the best model: mlpbox_bp_s1_sel-micro
Test Loss - 0.00859810328551543, AUC - 0.9712572344934759
Loading the best model: mlpbox_bp_s1_sel-macro
Test Loss - 0.008910732545159958, AUC - 0.9706500604457483
=== evaluation of mlpbox_bp_s1_sel-loss start=2026-09-09T23:59:33+01:00
--- python predict_diamond.py -dr data -ont bp -m mlpbox_bp_s1_sel-loss
--- python evaluate_fast.py -dr data -ont bp -m mlpbox_bp_s1_sel-loss_blast
Fmax: 0.445, Smin: 45.379, threshold: 0.26
WFmax: 0.373, threshold: 0.24
AUPR: 0.409
AVGIC: 38.466
--- python evaluate_fast.py -dr data -ont bp -m mlpbox_bp_s1_sel-loss_blast -c
Fmax: 0.482, Smin: 44.333, threshold: 0.27
WFmax: 0.417, threshold: 0.26
AUPR: 0.442
AVGIC: 37.595
--- python evaluate_terms.py -dr data -ont bp -m mlpbox_bp_s1_sel-loss_blast
GO:0000381 0.8911868547429012
Average AUC for bp 0.784  (n_terms=11653)
--- python evaluate_terms.py -dr data -ont bp -m mlpbox_bp_s1_sel-loss_blast -c
GO:0000381 0.8901159580342353
Average AUC for bp 0.788  (n_terms=11653)
=== end=2026-09-10T00:05:30+01:00
=== evaluation of mlpbox_bp_s1_sel-micro start=2026-09-10T00:05:30+01:00
--- python predict_diamond.py -dr data -ont bp -m mlpbox_bp_s1_sel-micro
--- python evaluate_fast.py -dr data -ont bp -m mlpbox_bp_s1_sel-micro_blast
Fmax: 0.448, Smin: 45.278, threshold: 0.32
WFmax: 0.377, threshold: 0.25
AUPR: 0.417
AVGIC: 34.021
--- python evaluate_fast.py -dr data -ont bp -m mlpbox_bp_s1_sel-micro_blast -c
Fmax: 0.482, Smin: 44.520, threshold: 0.28
WFmax: 0.417, threshold: 0.27
AUPR: 0.440
AVGIC: 38.454
--- python evaluate_terms.py -dr data -ont bp -m mlpbox_bp_s1_sel-micro_blast
GO:0000381 0.9251208941987517
Average AUC for bp 0.790  (n_terms=11653)
--- python evaluate_terms.py -dr data -ont bp -m mlpbox_bp_s1_sel-micro_blast -c
GO:0000381 0.9253384200926995
Average AUC for bp 0.792  (n_terms=11653)
=== end=2026-09-10T00:11:22+01:00
=== evaluation of mlpbox_bp_s1_sel-macro start=2026-09-10T00:11:22+01:00
--- python predict_diamond.py -dr data -ont bp -m mlpbox_bp_s1_sel-macro
--- python evaluate_fast.py -dr data -ont bp -m mlpbox_bp_s1_sel-macro_blast
Fmax: 0.460, Smin: 44.552, threshold: 0.36
WFmax: 0.393, threshold: 0.31
AUPR: 0.429
AVGIC: 32.613
--- python evaluate_fast.py -dr data -ont bp -m mlpbox_bp_s1_sel-macro_blast -c
Fmax: 0.485, Smin: 44.023, threshold: 0.29
WFmax: 0.422, threshold: 0.28
AUPR: 0.437
AVGIC: 38.453
--- python evaluate_terms.py -dr data -ont bp -m mlpbox_bp_s1_sel-macro_blast
GO:0000381 0.9305757743085187
Average AUC for bp 0.802  (n_terms=11653)
--- python evaluate_terms.py -dr data -ont bp -m mlpbox_bp_s1_sel-macro_blast -c
GO:0000381 0.9307431019192477
Average AUC for bp 0.804  (n_terms=11653)
=== end=2026-09-10T00:17:19+01:00
