=== command: python neuralgobox_train.py -dr data -ont bp -m neuralgobox_bp_s2 -s 2 -ep 10
=== start=2026-09-09T20:32:08+01:00
=== gpu: NVIDIA A100-PCIE-40GB
Epoch 0: Loss - 0.00896208279814476, EL Loss: 1.6041515354127684, Valid loss - 0.008969530518727982, AUC - 0.9692121713404496, termAUC - 0.7849273936283273, lr - 0.0005
Saving model (sel-loss)
Saving model (sel-micro)
Saving model (sel-macro)
Epoch 1: Loss - 0.007330446989916836, EL Loss: 0.8271292389870428, Valid loss - 0.00901154617143684, AUC - 0.9703105314638956, termAUC - 0.8025979031543403, lr - 0.0005
Saving model (sel-micro)
Saving model (sel-macro)
Epoch 2: Loss - 0.006028127888835084, EL Loss: 0.7595875200885475, Valid loss - 0.009109068011235915, AUC - 0.9701202940268563, termAUC - 0.8102449534981202, lr - 5e-05
Saving model (sel-macro)
Epoch 3: Loss - 0.005715902363426989, EL Loss: 0.742998432041969, Valid loss - 0.009263014553472499, AUC - 0.9688241160212823, termAUC - 0.8106485616267797, lr - 5e-05
Saving model (sel-macro)
Epoch 4: Loss - 0.005443161300265921, EL Loss: 0.7359929461519816, Valid loss - 0.009310186196069251, AUC - 0.9685680164101299, termAUC - 0.8107296106003289, lr - 5e-06
Saving model (sel-macro)
Epoch 5: Loss - 0.005417169791687422, EL Loss: 0.7344789451910118, Valid loss - 0.009339557501135876, AUC - 0.9683480452397971, termAUC - 0.810636113910049, lr - 5e-06
Epoch 6: Loss - 0.005393542992192776, EL Loss: 0.7333205693179927, Valid loss - 0.009366431122411364, AUC - 0.9681516782472251, termAUC - 0.8105558388039313, lr - 5e-06
Epoch 7: Loss - 0.005372370052202601, EL Loss: 0.7322553458091919, Valid loss - 0.009391405903395043, AUC - 0.9679168248793361, termAUC - 0.810360163998964, lr - 5e-06
Epoch 8: Loss - 0.0053544889767253865, EL Loss: 0.7312178764114262, Valid loss - 0.009414469311322202, AUC - 0.9677168162520587, termAUC - 0.8101597133759927, lr - 5e-06
Epoch 9: Loss - 0.005333872995138065, EL Loss: 0.7302360285815114, Valid loss - 0.009437403891432956, AUC - 0.9675303667424835, termAUC - 0.8100381780254089, lr - 5e-06
Loading the best model: neuralgobox_bp_s2_sel-loss
Test Loss - 0.00842917271310816, AUC - 0.9711348591101783
Loading the best model: neuralgobox_bp_s2_sel-micro
Test Loss - 0.008498550713616045, AUC - 0.97165727074981
Loading the best model: neuralgobox_bp_s2_sel-macro
Test Loss - 0.008711788359702238, AUC - 0.9707252956827184
=== evaluation of neuralgobox_bp_s2_sel-loss start=2026-09-09T21:44:15+01:00
--- python predict_diamond.py -dr data -ont bp -m neuralgobox_bp_s2_sel-loss
--- python evaluate_fast.py -dr data -ont bp -m neuralgobox_bp_s2_sel-loss_blast
Fmax: 0.446, Smin: 44.814, threshold: 0.28
WFmax: 0.377, threshold: 0.21
AUPR: 0.407
AVGIC: 30.372
--- python evaluate_fast.py -dr data -ont bp -m neuralgobox_bp_s2_sel-loss_blast -c
Fmax: 0.482, Smin: 44.137, threshold: 0.25
WFmax: 0.417, threshold: 0.25
AUPR: 0.444
AVGIC: 39.176
--- python evaluate_terms.py -dr data -ont bp -m neuralgobox_bp_s2_sel-loss_blast
GO:0000381 0.8940983551695865
Average AUC for bp 0.809  (n_terms=11653)
--- python evaluate_terms.py -dr data -ont bp -m neuralgobox_bp_s2_sel-loss_blast -c
GO:0000381 0.8951525191171795
Average AUC for bp 0.813  (n_terms=11653)
=== end=2026-09-09T21:50:03+01:00
=== evaluation of neuralgobox_bp_s2_sel-micro start=2026-09-09T21:50:03+01:00
--- python predict_diamond.py -dr data -ont bp -m neuralgobox_bp_s2_sel-micro
--- python evaluate_fast.py -dr data -ont bp -m neuralgobox_bp_s2_sel-micro_blast
Fmax: 0.453, Smin: 44.718, threshold: 0.28
WFmax: 0.382, threshold: 0.24
AUPR: 0.420
AVGIC: 36.041
--- python evaluate_fast.py -dr data -ont bp -m neuralgobox_bp_s2_sel-micro_blast -c
Fmax: 0.479, Smin: 44.123, threshold: 0.27
WFmax: 0.412, threshold: 0.25
AUPR: 0.442
AVGIC: 38.127
--- python evaluate_terms.py -dr data -ont bp -m neuralgobox_bp_s2_sel-micro_blast
GO:0000381 0.8961397520204809
Average AUC for bp 0.817  (n_terms=11653)
--- python evaluate_terms.py -dr data -ont bp -m neuralgobox_bp_s2_sel-micro_blast -c
GO:0000381 0.8961564847815537
Average AUC for bp 0.820  (n_terms=11653)
=== end=2026-09-09T21:55:52+01:00
=== evaluation of neuralgobox_bp_s2_sel-macro start=2026-09-09T21:55:52+01:00
--- python predict_diamond.py -dr data -ont bp -m neuralgobox_bp_s2_sel-macro
--- python evaluate_fast.py -dr data -ont bp -m neuralgobox_bp_s2_sel-macro_blast
Fmax: 0.460, Smin: 44.295, threshold: 0.32
WFmax: 0.394, threshold: 0.28
AUPR: 0.432
AVGIC: 33.634
--- python evaluate_fast.py -dr data -ont bp -m neuralgobox_bp_s2_sel-macro_blast -c
Fmax: 0.485, Smin: 43.958, threshold: 0.27
WFmax: 0.422, threshold: 0.27
AUPR: 0.440
AVGIC: 40.082
--- python evaluate_terms.py -dr data -ont bp -m neuralgobox_bp_s2_sel-macro_blast
GO:0000381 0.9297391362548735
Average AUC for bp 0.830  (n_terms=11653)
--- python evaluate_terms.py -dr data -ont bp -m neuralgobox_bp_s2_sel-macro_blast -c
GO:0000381 0.930174188042769
Average AUC for bp 0.832  (n_terms=11653)
=== end=2026-09-09T22:01:43+01:00
