=== command: python deepgozero.py -dr data -ont cc -m deepgozero_zs_cc_s0 -s 0 -ep 128 --zero-shot
=== start=2026-08-27T13:08:16+01:00
=== gpu: NVIDIA A100 80GB PCIe
Epoch 0: Loss - 0.048261911864998605, EL Loss: 22.346308359325754, Valid loss - 0.03998477381688577, AUC - 0.9237770306592382, termAUC - 0.6278083688326711
Saving model (sel-loss)
Saving model (sel-micro)
Saving model (sel-macro)
Epoch 1: Loss - 0.03258847875683176, EL Loss: 1.4072538712397105, Valid loss - 0.029670890130930477, AUC - 0.9507335476177754, termAUC - 0.6362804888586484
Saving model (sel-loss)
Saving model (sel-micro)
Saving model (sel-macro)
Epoch 2: Loss - 0.02936394439345571, EL Loss: 0.6733771790315327, Valid loss - 0.02951138797733519, AUC - 0.9546641752055816, termAUC - 0.6521252851586943
Saving model (sel-loss)
Saving model (sel-micro)
Saving model (sel-macro)
Epoch 3: Loss - 0.028292411259428284, EL Loss: 0.4148775297823215, Valid loss - 0.02887363756696383, AUC - 0.9553809935118753, termAUC - 0.6605714305891577
Saving model (sel-loss)
Saving model (sel-micro)
Saving model (sel-macro)
Epoch 4: Loss - 0.027007993246509963, EL Loss: 0.2628140740358994, Valid loss - 0.02775190031086957, AUC - 0.9603104707961483, termAUC - 0.7197764354795771
Saving model (sel-loss)
Saving model (sel-micro)
Saving model (sel-macro)
Epoch 5: Loss - 0.025160301239964242, EL Loss: 0.19171827004660508, Valid loss - 0.027349025659539082, AUC - 0.9624116696430736, termAUC - 0.7350547948143509
Saving model (sel-loss)
Saving model (sel-micro)
Saving model (sel-macro)
Epoch 6: Loss - 0.024772325200477976, EL Loss: 0.17808912622572634, Valid loss - 0.02735806956059403, AUC - 0.9627917776070898, termAUC - 0.7428241411878196
Saving model (sel-micro)
Saving model (sel-macro)
Epoch 7: Loss - 0.024481478244904858, EL Loss: 0.16037855086246275, Valid loss - 0.027257117132345837, AUC - 0.9634243782508362, termAUC - 0.7516355398075312
Saving model (sel-loss)
Saving model (sel-micro)
Saving model (sel-macro)
Epoch 8: Loss - 0.02414655131694346, EL Loss: 0.1387881760986074, Valid loss - 0.02705839176972707, AUC - 0.9644055864096789, termAUC - 0.7618282437562023
Saving model (sel-loss)
Saving model (sel-micro)
Saving model (sel-macro)
Epoch 9: Loss - 0.023761533118733084, EL Loss: 0.11515555418400268, Valid loss - 0.026867736027472548, AUC - 0.9652129982711336, termAUC - 0.7715498902148048
Saving model (sel-loss)
Saving model (sel-micro)
Saving model (sel-macro)
Epoch 10: Loss - 0.02330387818197767, EL Loss: 0.09165347291079634, Valid loss - 0.026601895165664177, AUC - 0.9663494147078717, termAUC - 0.7830140691443243
Saving model (sel-loss)
Saving model (sel-micro)
Saving model (sel-macro)
Epoch 11: Loss - 0.022735121124388386, EL Loss: 0.06940106516718225, Valid loss - 0.026310672500619182, AUC - 0.9678828839899429, termAUC - 0.7963050935234354
Saving model (sel-loss)
Saving model (sel-micro)
Saving model (sel-macro)
Epoch 12: Loss - 0.02205043595004684, EL Loss: 0.04888185980240565, Valid loss - 0.0261013803175754, AUC - 0.9687255112699245, termAUC - 0.80559456257469
Saving model (sel-loss)
Saving model (sel-micro)
Saving model (sel-macro)
Epoch 13: Loss - 0.021215291465611224, EL Loss: 0.030712357039062756, Valid loss - 0.025734500435215454, AUC - 0.9699203886158272, termAUC - 0.8174967495363755
Saving model (sel-loss)
Saving model (sel-micro)
Saving model (sel-macro)
Epoch 14: Loss - 0.020135611327076943, EL Loss: 0.015378002478109293, Valid loss - 0.02542039052479797, AUC - 0.9711064394550726, termAUC - 0.8295829330601899
Saving model (sel-loss)
Saving model (sel-micro)
Saving model (sel-macro)
Epoch 15: Loss - 0.018891495741635653, EL Loss: 0.0065943385060066514, Valid loss - 0.025199186346597142, AUC - 0.972117769781737, termAUC - 0.8421120213225115
Saving model (sel-loss)
Saving model (sel-micro)
Saving model (sel-macro)
Epoch 16: Loss - 0.01777000039399446, EL Loss: 0.0027706901040812455, Valid loss - 0.025197019476305555, AUC - 0.972422385519348, termAUC - 0.8496852796024639
Saving model (sel-loss)
Saving model (sel-micro)
Saving model (sel-macro)
Epoch 17: Loss - 0.016895357686969214, EL Loss: 0.001963576654030743, Valid loss - 0.025388346619352145, AUC - 0.9723942673674612, termAUC - 0.851907254092192
Saving model (sel-macro)
Epoch 18: Loss - 0.01620693113526492, EL Loss: 0.0017838716093532079, Valid loss - 0.025424371570072792, AUC - 0.9727758675855227, termAUC - 0.8550205122805118
Saving model (sel-micro)
Saving model (sel-macro)
Epoch 19: Loss - 0.015653701310843274, EL Loss: 0.0016180127439271675, Valid loss - 0.025628984008950216, AUC - 0.9725810022993776, termAUC - 0.8559550430990907
Saving model (sel-macro)
Epoch 20: Loss - 0.014819919680791464, EL Loss: 0.0015324542623734927, Valid loss - 0.02574188736853776, AUC - 0.972441667779389, termAUC - 0.8558885962766913
Epoch 21: Loss - 0.01473855181093717, EL Loss: 0.001517566865374966, Valid loss - 0.0258312350552943, AUC - 0.972246019462755, termAUC - 0.8558289287141577
Epoch 22: Loss - 0.014673043968395586, EL Loss: 0.0015029246248711317, Valid loss - 0.025888924279974565, AUC - 0.9721501424314789, termAUC - 0.8559473734066703
Epoch 23: Loss - 0.014617250216083679, EL Loss: 0.0014884001835695773, Valid loss - 0.025941171076286722, AUC - 0.9721117864904115, termAUC - 0.8558652873422753
Epoch 24: Loss - 0.014549711770499282, EL Loss: 0.001474081493602498, Valid loss - 0.025997504764408978, AUC - 0.9720553423717139, termAUC - 0.8556971465243178
Epoch 25: Loss - 0.014503237509680697, EL Loss: 0.0014598229786796156, Valid loss - 0.026071563673516113, AUC - 0.9719551212830388, termAUC - 0.8557660654021564
Epoch 26: Loss - 0.014452764914181385, EL Loss: 0.0014457568058467386, Valid loss - 0.026091913803032152, AUC - 0.9718860730370834, termAUC - 0.8558912249080227
Epoch 27: Loss - 0.014414059295594282, EL Loss: 0.001431963464443445, Valid loss - 0.026142756323571558, AUC - 0.971880605365587, termAUC - 0.855901301899878
Epoch 28: Loss - 0.014350167445690124, EL Loss: 0.001418306995546916, Valid loss - 0.026193799437196165, AUC - 0.971832358495956, termAUC - 0.8559918753397066
Saving model (sel-macro)
Epoch 29: Loss - 0.0143051209073702, EL Loss: 0.0014046719078485146, Valid loss - 0.026246705389133207, AUC - 0.971767353969187, termAUC - 0.8557284351627084
Epoch 30: Loss - 0.014267154301803382, EL Loss: 0.0013912032743606426, Valid loss - 0.026263011046857746, AUC - 0.971744823041916, termAUC - 0.8560032393893813
Saving model (sel-macro)
Epoch 31: Loss - 0.014216272757997648, EL Loss: 0.001378060331098182, Valid loss - 0.026326341589015943, AUC - 0.9716377221094371, termAUC - 0.8560049612291178
Saving model (sel-macro)
Epoch 32: Loss - 0.014162392894613341, EL Loss: 0.001365000438044963, Valid loss - 0.026365894037816258, AUC - 0.971628158221451, termAUC - 0.8560200232129531
Saving model (sel-macro)
Epoch 33: Loss - 0.01411904374730829, EL Loss: 0.0013520002576727906, Valid loss - 0.026427480868167347, AUC - 0.9715328117147253, termAUC - 0.8560098629412524
Epoch 34: Loss - 0.01408558579198845, EL Loss: 0.001339216937919277, Valid loss - 0.02641589961670063, AUC - 0.9715579736023005, termAUC - 0.8560280640436029
Saving model (sel-macro)
Epoch 35: Loss - 0.014049998919549434, EL Loss: 0.0013267129617222622, Valid loss - 0.026494407943553396, AUC - 0.9714478648630426, termAUC - 0.8561199327211865
Saving model (sel-macro)
Epoch 36: Loss - 0.014008594065003245, EL Loss: 0.0013143291282767052, Valid loss - 0.026531778855456246, AUC - 0.9713805288773204, termAUC - 0.8561309751779519
Saving model (sel-macro)
Epoch 37: Loss - 0.013973264472921354, EL Loss: 0.0013021626746835355, Valid loss - 0.026540988628511075, AUC - 0.9713935000435733, termAUC - 0.8562410758509358
Saving model (sel-macro)
Epoch 38: Loss - 0.013937672317401716, EL Loss: 0.001290121739537699, Valid loss - 0.02658331817774861, AUC - 0.971282001361191, termAUC - 0.8560184214199695
Epoch 39: Loss - 0.013886091009832086, EL Loss: 0.0012781023534384213, Valid loss - 0.026645052288141517, AUC - 0.9712620392537265, termAUC - 0.856127051724309
Epoch 40: Loss - 0.013825803620749328, EL Loss: 0.001266155039654848, Valid loss - 0.026697235920087055, AUC - 0.9711952954721743, termAUC - 0.8561093092144658
Epoch 41: Loss - 0.013815248972674972, EL Loss: 0.0012543453877024455, Valid loss - 0.026678796533357214, AUC - 0.9712157108671208, termAUC - 0.8561993208952542
Epoch 42: Loss - 0.01379212267642661, EL Loss: 0.0012426934499866907, Valid loss - 0.026723248766804184, AUC - 0.9711458285730377, termAUC - 0.8561759258599186
Epoch 43: Loss - 0.013756280431914705, EL Loss: 0.001231135304868906, Valid loss - 0.026771538566659998, AUC - 0.9710931317219216, termAUC - 0.8560880190557325
Epoch 44: Loss - 0.013703873321830451, EL Loss: 0.0012196855727229466, Valid loss - 0.026829286561244062, AUC - 0.9710409186381035, termAUC - 0.8560670538782725
Epoch 45: Loss - 0.013680047675065844, EL Loss: 0.0012082839040599112, Valid loss - 0.026836791986392605, AUC - 0.971013681751375, termAUC - 0.8560832756734167
Epoch 46: Loss - 0.013645859822063245, EL Loss: 0.001196872864943996, Valid loss - 0.026871661565921925, AUC - 0.9709795672370366, termAUC - 0.8560266225171335
Epoch 47: Loss - 0.013589772527001992, EL Loss: 0.0011854666555485764, Valid loss - 0.026937783971704817, AUC - 0.9708622922138269, termAUC - 0.8560164453262686
Epoch 48: Loss - 0.013575766544366914, EL Loss: 0.0011741075122616272, Valid loss - 0.02696623094379902, AUC - 0.9708595029534149, termAUC - 0.8558380047808127
Epoch 49: Loss - 0.013538211740262429, EL Loss: 0.0011628636914543568, Valid loss - 0.02698883341142425, AUC - 0.9708085840897351, termAUC - 0.8557314876667306
Epoch 50: Loss - 0.013504689267678201, EL Loss: 0.0011518170782914, Valid loss - 0.027047081312371626, AUC - 0.9707515268894489, termAUC - 0.8556764872233892
Epoch 51: Loss - 0.013468160913689532, EL Loss: 0.0011408102192672091, Valid loss - 0.02706715127936116, AUC - 0.970697993263517, termAUC - 0.8554128356233973
Epoch 52: Loss - 0.013433277250408762, EL Loss: 0.0011298270352508525, Valid loss - 0.027119441213155234, AUC - 0.9706556293820953, termAUC - 0.8553194605365748
Epoch 53: Loss - 0.013403855589365339, EL Loss: 0.0011189468630167384, Valid loss - 0.027160435038860196, AUC - 0.9705714574734525, termAUC - 0.855216852512746
Epoch 54: Loss - 0.013379668851866519, EL Loss: 0.0011081405930295244, Valid loss - 0.02718362536419321, AUC - 0.9705859997494146, termAUC - 0.855252682123361
Epoch 55: Loss - 0.01334562498625442, EL Loss: 0.0010973615815205525, Valid loss - 0.027227062600906248, AUC - 0.9705207578948714, termAUC - 0.8550645270053066
Epoch 56: Loss - 0.013321546631955056, EL Loss: 0.0010866076866618342, Valid loss - 0.027278167188719466, AUC - 0.9704805238936923, termAUC - 0.8550962488784294
Epoch 57: Loss - 0.013292998618519028, EL Loss: 0.0010759393553710207, Valid loss - 0.027298222827138723, AUC - 0.9704289845478841, termAUC - 0.8550020036452014
Epoch 58: Loss - 0.013263596665359475, EL Loss: 0.0010654841445223821, Valid loss - 0.027366433844522194, AUC - 0.9703488265633162, termAUC - 0.8548575809789798
Epoch 59: Loss - 0.013236384460514278, EL Loss: 0.001055103037641833, Valid loss - 0.027393995963588907, AUC - 0.9702526647898708, termAUC - 0.8547820385721094
Epoch 60: Loss - 0.013204771399948672, EL Loss: 0.0010448920776372972, Valid loss - 0.027417261836429438, AUC - 0.9702486001414453, termAUC - 0.8545349828006005
Epoch 61: Loss - 0.013181312291727474, EL Loss: 0.0010347320682334944, Valid loss - 0.02745536641666183, AUC - 0.9702392467564795, termAUC - 0.854631225616078
Epoch 62: Loss - 0.01314475589359085, EL Loss: 0.0010246147869074943, Valid loss - 0.02754723987783547, AUC - 0.9701276238460235, termAUC - 0.8544652610370171
Epoch 63: Loss - 0.013132271000325315, EL Loss: 0.0010145341858565865, Valid loss - 0.027574145780117423, AUC - 0.9700372952504781, termAUC - 0.8542597795118598
Epoch 64: Loss - 0.013096898702539468, EL Loss: 0.001004589717281814, Valid loss - 0.027589198001832873, AUC - 0.970045628132743, termAUC - 0.8541505154319926
Epoch 65: Loss - 0.01307580840223359, EL Loss: 0.000994876436789336, Valid loss - 0.02761115286913183, AUC - 0.9700764862154589, termAUC - 0.8542574915795706
Epoch 66: Loss - 0.01304840776430383, EL Loss: 0.0009852168480059841, Valid loss - 0.027626902803226754, AUC - 0.9699245785673458, termAUC - 0.853949789177019
Epoch 67: Loss - 0.013013830999266156, EL Loss: 0.0009755710674079697, Valid loss - 0.02769463734218368, AUC - 0.9698632769655605, termAUC - 0.8538104814811227
Epoch 68: Loss - 0.012996903958318222, EL Loss: 0.0009660286863015716, Valid loss - 0.027730103595941157, AUC - 0.9698325381548054, termAUC - 0.8536789880722181
Epoch 69: Loss - 0.012966466045711663, EL Loss: 0.0009566110019607021, Valid loss - 0.027778577211278455, AUC - 0.9697434850972262, termAUC - 0.8535317477472112
Epoch 70: Loss - 0.012938906024331384, EL Loss: 0.0009473449094445625, Valid loss - 0.027828383659599006, AUC - 0.9697599158086107, termAUC - 0.8536111933151154
Epoch 71: Loss - 0.012921005591912733, EL Loss: 0.0009382485123607936, Valid loss - 0.0278593459615001, AUC - 0.9696914217210821, termAUC - 0.8535352299219752
Epoch 72: Loss - 0.012909095009837362, EL Loss: 0.0009292118690510752, Valid loss - 0.02787849701665066, AUC - 0.9696180421404387, termAUC - 0.8533000250551461
Epoch 73: Loss - 0.012881689116994851, EL Loss: 0.0009201975100496171, Valid loss - 0.027904520156206907, AUC - 0.9695747946718164, termAUC - 0.8531918456354368
Epoch 74: Loss - 0.012854187206648986, EL Loss: 0.0009112055992827413, Valid loss - 0.027947064875452607, AUC - 0.969490359705513, termAUC - 0.8531317485820401
Epoch 75: Loss - 0.012826673090343818, EL Loss: 0.0009023107071820743, Valid loss - 0.0279437017109659, AUC - 0.9695602077125582, termAUC - 0.8530359791496599
Epoch 76: Loss - 0.012821295293644185, EL Loss: 0.0008935651102885575, Valid loss - 0.028021402574247786, AUC - 0.9694591956614101, termAUC - 0.8528574162799225
Epoch 77: Loss - 0.012794789970833893, EL Loss: 0.0008848401028174439, Valid loss - 0.028031983695648334, AUC - 0.9694171580233962, termAUC - 0.852858361026725
Epoch 78: Loss - 0.01278421693733946, EL Loss: 0.000876183011831151, Valid loss - 0.0281128968215651, AUC - 0.9693719629811874, termAUC - 0.8527044418999471
Epoch 79: Loss - 0.012757887174182815, EL Loss: 0.0008675965082412372, Valid loss - 0.028129404617680445, AUC - 0.9693532583976797, termAUC - 0.8526374780564985
Epoch 80: Loss - 0.012717864456177215, EL Loss: 0.0008590610478227391, Valid loss - 0.028166757965529407, AUC - 0.9692813724592338, termAUC - 0.8523801162809096
Epoch 81: Loss - 0.01271790187452188, EL Loss: 0.0008505469068291542, Valid loss - 0.02818559097747008, AUC - 0.9691998607271503, termAUC - 0.8523854281840652
Epoch 82: Loss - 0.012690923267984006, EL Loss: 0.0008420543820928115, Valid loss - 0.028245901054254285, AUC - 0.9691978792171493, termAUC - 0.8523741801767363
Epoch 83: Loss - 0.012672232217932688, EL Loss: 0.0008336114376258522, Valid loss - 0.02825096827690248, AUC - 0.9691705969613178, termAUC - 0.8522405964756026
Epoch 84: Loss - 0.012650326003105155, EL Loss: 0.0008252005650006537, Valid loss - 0.028320788619694885, AUC - 0.9690671420318517, termAUC - 0.8519537080056244
Epoch 85: Loss - 0.012631672857383446, EL Loss: 0.0008169300155357599, Valid loss - 0.028356674216963626, AUC - 0.9690379746119643, termAUC - 0.8520287453287648
Epoch 86: Loss - 0.012608454036091385, EL Loss: 0.0008088806145350274, Valid loss - 0.028369217517751233, AUC - 0.9690135044036375, termAUC - 0.8518892383281796
Epoch 87: Loss - 0.012571546457676505, EL Loss: 0.0008008567112530789, Valid loss - 0.028419698402285577, AUC - 0.9689800663473812, termAUC - 0.8517101378175398
Epoch 88: Loss - 0.012568120704892492, EL Loss: 0.0007928712921934473, Valid loss - 0.02849536132481363, AUC - 0.9689141303790864, termAUC - 0.8515072597090481
Epoch 89: Loss - 0.012549774322992513, EL Loss: 0.0007849236655050453, Valid loss - 0.028462600528641982, AUC - 0.9688445948949016, termAUC - 0.8513952986121294
Epoch 90: Loss - 0.012526395022555342, EL Loss: 0.0007770942740861161, Valid loss - 0.028487882459605183, AUC - 0.9688623207834665, termAUC - 0.8514524208764167
Epoch 91: Loss - 0.012500175336236062, EL Loss: 0.0007692788744785297, Valid loss - 0.02854822305617509, AUC - 0.9687826813438813, termAUC - 0.851127543557191
Epoch 92: Loss - 0.012499536470343197, EL Loss: 0.0007615168007988494, Valid loss - 0.028600776719826238, AUC - 0.9687159249168004, termAUC - 0.8511904959061816
Epoch 93: Loss - 0.012484122537273292, EL Loss: 0.0007538667292662884, Valid loss - 0.02865180751239812, AUC - 0.9686393393124428, termAUC - 0.8508725146512012
Epoch 94: Loss - 0.012452236296121277, EL Loss: 0.000746294543996402, Valid loss - 0.028681107155150837, AUC - 0.9686279148700602, termAUC - 0.8509445574612367
Epoch 95: Loss - 0.012434729444116902, EL Loss: 0.0007388400216355127, Valid loss - 0.028688958963310276, AUC - 0.9685620299535824, termAUC - 0.8507965888284997
Epoch 96: Loss - 0.012438098266421265, EL Loss: 0.000731510252019342, Valid loss - 0.028748127431781203, AUC - 0.9684857166134564, termAUC - 0.85045355338317
Epoch 97: Loss - 0.012422879318140482, EL Loss: 0.0007242393451454018, Valid loss - 0.02878051030415076, AUC - 0.9684304174427443, termAUC - 0.8502292708104658
Epoch 98: Loss - 0.012400609601194903, EL Loss: 0.0007169775226332424, Valid loss - 0.02881600289709038, AUC - 0.9684131804892846, termAUC - 0.8502081808767835
Epoch 99: Loss - 0.01238438994181592, EL Loss: 0.000709802168983022, Valid loss - 0.028834012026588123, AUC - 0.9684006026365899, termAUC - 0.8501909100873966
Epoch 100: Loss - 0.012360640068768108, EL Loss: 0.0007026738719479858, Valid loss - 0.028884900471678486, AUC - 0.9683066935579491, termAUC - 0.8499799344152739
Epoch 101: Loss - 0.012345481032482812, EL Loss: 0.0006955591990265875, Valid loss - 0.02889971389538712, AUC - 0.968334865069361, termAUC - 0.8497791875430659
Epoch 102: Loss - 0.012324864688367907, EL Loss: 0.000688547378150635, Valid loss - 0.028985058088545446, AUC - 0.9682598732019289, termAUC - 0.849781936540848
Epoch 103: Loss - 0.012322024410165515, EL Loss: 0.000681629397294514, Valid loss - 0.028991130394516167, AUC - 0.9682419840791961, termAUC - 0.8497776558522483
Epoch 104: Loss - 0.012300725314612137, EL Loss: 0.0006747954625958665, Valid loss - 0.02905803142046487, AUC - 0.9681506481711551, termAUC - 0.8495401113759395
Epoch 105: Loss - 0.012297906890400268, EL Loss: 0.0006680418414104399, Valid loss - 0.029050248640554922, AUC - 0.9681736857443282, termAUC - 0.8495924451776543
Epoch 106: Loss - 0.012269977181736284, EL Loss: 0.0006613473112072373, Valid loss - 0.02906179165950528, AUC - 0.9681134291369318, termAUC - 0.8493109757519329
Epoch 107: Loss - 0.012260277852184991, EL Loss: 0.0006548101172920111, Valid loss - 0.029104778543114662, AUC - 0.9680511674705562, termAUC - 0.8493444099320961
Epoch 108: Loss - 0.01223864097071164, EL Loss: 0.0006485010239571635, Valid loss - 0.02915763212022958, AUC - 0.96800949309519, termAUC - 0.8492738016896386
Epoch 109: Loss - 0.012207809371437313, EL Loss: 0.0006423236584365026, Valid loss - 0.029163761298965526, AUC - 0.9679353420766185, termAUC - 0.8490827828140641
Epoch 110: Loss - 0.012212299640899435, EL Loss: 0.0006362823036283249, Valid loss - 0.029216814123921925, AUC - 0.9678234121462964, termAUC - 0.8488839495117463
Epoch 111: Loss - 0.012211902696741987, EL Loss: 0.0006302767781758964, Valid loss - 0.029222633841413038, AUC - 0.9679102347470763, termAUC - 0.8489221276247518
Epoch 112: Loss - 0.012184612718617592, EL Loss: 0.000624272478382484, Valid loss - 0.0292905381432286, AUC - 0.9677878820052549, termAUC - 0.8489757807451183
Epoch 113: Loss - 0.012174618503529504, EL Loss: 0.0006183263918211624, Valid loss - 0.02932031058050968, AUC - 0.9678313480599379, termAUC - 0.848872046433495
Epoch 114: Loss - 0.012151013590555187, EL Loss: 0.0006124887993480086, Valid loss - 0.029379995884718717, AUC - 0.9677301021100496, termAUC - 0.848721449515133
Epoch 115: Loss - 0.012151104567435558, EL Loss: 0.0006066659387613961, Valid loss - 0.029414359411155735, AUC - 0.9677036362709347, termAUC - 0.8485345726940767
Epoch 116: Loss - 0.012129343871403754, EL Loss: 0.000600848976625372, Valid loss - 0.029430618523447603, AUC - 0.9677587707465563, termAUC - 0.8485790827158644
Epoch 117: Loss - 0.012127101824620302, EL Loss: 0.0005950727346256963, Valid loss - 0.02943425777333754, AUC - 0.9676583451385806, termAUC - 0.8483481734519143
Epoch 118: Loss - 0.012106540049162407, EL Loss: 0.000589415207195023, Valid loss - 0.02947075760198964, AUC - 0.967658345977646, termAUC - 0.8482767975804649
Epoch 119: Loss - 0.012090105955613061, EL Loss: 0.0005837714858103549, Valid loss - 0.02953313560121589, AUC - 0.9675676087790188, termAUC - 0.8480354602310891
Epoch 120: Loss - 0.012077422306985575, EL Loss: 0.000578148971981359, Valid loss - 0.0295039315742475, AUC - 0.9675816812915953, termAUC - 0.8479873979948914
Epoch 121: Loss - 0.012049189142976955, EL Loss: 0.00057255014751155, Valid loss - 0.029591084147493046, AUC - 0.9675723739251542, termAUC - 0.8480185759360144
Epoch 122: Loss - 0.012053015302427422, EL Loss: 0.0005669883618778072, Valid loss - 0.029648726585286635, AUC - 0.9674233644859248, termAUC - 0.8478864471896175
Epoch 123: Loss - 0.012040162265049736, EL Loss: 0.0005614832958657933, Valid loss - 0.029640730539405788, AUC - 0.9673690573734659, termAUC - 0.847638044840703
Epoch 124: Loss - 0.012026915298903198, EL Loss: 0.0005560027851967732, Valid loss - 0.02969672220448653, AUC - 0.9673927122400976, termAUC - 0.8476171535164032
Epoch 125: Loss - 0.012028317837897477, EL Loss: 0.0005505354243336363, Valid loss - 0.02969296413163344, AUC - 0.9673738412381607, termAUC - 0.8474922348546018
Epoch 126: Loss - 0.011993508215474498, EL Loss: 0.0005451220828539921, Valid loss - 0.02971408814191818, AUC - 0.9673577594271721, termAUC - 0.8474478795080465
Epoch 127: Loss - 0.011985272196567922, EL Loss: 0.0005398233275226593, Valid loss - 0.02977774197028743, AUC - 0.9673340362643184, termAUC - 0.8472154486542671
Loading the best model: deepgozero_zs_cc_s0_sel-loss
Test Loss - 0.02376561016879148, AUC - 0.9742748880293478
Loading the best model: deepgozero_zs_cc_s0_sel-micro
Test Loss - 0.02398996049952176, AUC - 0.9746934655420998
Loading the best model: deepgozero_zs_cc_s0_sel-macro
Test Loss - 0.025111253718259157, AUC - 0.9733084367384598
=== end=2026-08-27T14:43:04+01:00
