=== command: python deepgozero.py -dr data -ont cc -m deepgozero_zs_cc_s2 -s 2 -ep 128 --zero-shot
=== start=2026-09-10T23:06:29+01:00
=== gpu: NVIDIA A100-PCIE-40GB
Epoch 0: Loss - 0.04855123010091769, EL Loss: 22.347570854708394, Valid loss - 0.04032761784339393, AUC - 0.9222753858069958, termAUC - 0.6294997002966249
Saving model (sel-loss)
Saving model (sel-micro)
Saving model (sel-macro)
Epoch 1: Loss - 0.03269196695478414, EL Loss: 1.4154692309556292, Valid loss - 0.029499753192067147, AUC - 0.9516054304317025, termAUC - 0.6431645118065393
Saving model (sel-loss)
Saving model (sel-micro)
Saving model (sel-macro)
Epoch 2: Loss - 0.029152240575637787, EL Loss: 0.6789232964355036, Valid loss - 0.029123261971054255, AUC - 0.954417268588346, termAUC - 0.6523789375540775
Saving model (sel-loss)
Saving model (sel-micro)
Saving model (sel-macro)
Epoch 3: Loss - 0.028241982210033885, EL Loss: 0.42528650374543975, Valid loss - 0.029093416269730638, AUC - 0.9552501259152165, termAUC - 0.6642712664699709
Saving model (sel-loss)
Saving model (sel-micro)
Saving model (sel-macro)
Epoch 4: Loss - 0.027297123276826797, EL Loss: 0.26951251590872616, Valid loss - 0.028115145448181365, AUC - 0.9582497392405158, termAUC - 0.7049232056990961
Saving model (sel-loss)
Saving model (sel-micro)
Saving model (sel-macro)
Epoch 5: Loss - 0.025479104603779078, EL Loss: 0.1964977399587266, Valid loss - 0.027722387567714408, AUC - 0.9607142624604552, termAUC - 0.7224371753206638
Saving model (sel-loss)
Saving model (sel-micro)
Saving model (sel-macro)
Epoch 6: Loss - 0.02499212312211167, EL Loss: 0.18249088877193048, Valid loss - 0.02750538790391551, AUC - 0.9617343178263315, termAUC - 0.7340238839042894
Saving model (sel-loss)
Saving model (sel-micro)
Saving model (sel-macro)
Epoch 7: Loss - 0.024608567870502997, EL Loss: 0.16419235499401735, Valid loss - 0.02726685673136402, AUC - 0.9628726131854013, termAUC - 0.7448095691186097
Saving model (sel-loss)
Saving model (sel-micro)
Saving model (sel-macro)
Epoch 8: Loss - 0.024171394687488242, EL Loss: 0.14192058985759068, Valid loss - 0.027179881978642056, AUC - 0.9636638138355763, termAUC - 0.7540322892787393
Saving model (sel-loss)
Saving model (sel-micro)
Saving model (sel-macro)
Epoch 9: Loss - 0.02372539944798439, EL Loss: 0.11766255398211034, Valid loss - 0.026947550496293438, AUC - 0.9646618611038043, termAUC - 0.764795645003273
Saving model (sel-loss)
Saving model (sel-micro)
Saving model (sel-macro)
Epoch 10: Loss - 0.023283330051893023, EL Loss: 0.0934382181038444, Valid loss - 0.026669311695904644, AUC - 0.9660869861141749, termAUC - 0.7780866856922303
Saving model (sel-loss)
Saving model (sel-micro)
Saving model (sel-macro)
Epoch 11: Loss - 0.022686460471867512, EL Loss: 0.07035681029430849, Valid loss - 0.026289697377770035, AUC - 0.9675176965221817, termAUC - 0.7932549277469797
Saving model (sel-loss)
Saving model (sel-micro)
Saving model (sel-macro)
Epoch 12: Loss - 0.021926589374349183, EL Loss: 0.04905427393616159, Valid loss - 0.025974662505366185, AUC - 0.9686480378653958, termAUC - 0.8045251406210799
Saving model (sel-loss)
Saving model (sel-micro)
Saving model (sel-macro)
Epoch 13: Loss - 0.021011772761649092, EL Loss: 0.030458439793295097, Valid loss - 0.025726477732812916, AUC - 0.9697406573478325, termAUC - 0.8171759530720518
Saving model (sel-loss)
Saving model (sel-micro)
Saving model (sel-macro)
Epoch 14: Loss - 0.019895701279085, EL Loss: 0.014759451750620264, Valid loss - 0.025401765687598124, AUC - 0.9708756197835567, termAUC - 0.8313055337344152
Saving model (sel-loss)
Saving model (sel-micro)
Saving model (sel-macro)
Epoch 15: Loss - 0.018650058800979284, EL Loss: 0.006108255677708178, Valid loss - 0.025265023264068143, AUC - 0.9717768986744282, termAUC - 0.842869291823027
Saving model (sel-loss)
Saving model (sel-micro)
Saving model (sel-macro)
Epoch 16: Loss - 0.017582862245013074, EL Loss: 0.0026298051635459474, Valid loss - 0.025286593108817382, AUC - 0.9723675607693333, termAUC - 0.8501306527302839
Saving model (sel-micro)
Saving model (sel-macro)
Epoch 17: Loss - 0.016762603293950306, EL Loss: 0.0019470671090906398, Valid loss - 0.02548128300242954, AUC - 0.9722243544923752, termAUC - 0.8517454932087002
Saving model (sel-macro)
Epoch 18: Loss - 0.016125602631973726, EL Loss: 0.0017723413460615561, Valid loss - 0.025543125491175385, AUC - 0.9722090894597513, termAUC - 0.8541151787750477
Saving model (sel-macro)
Epoch 19: Loss - 0.015578864277076622, EL Loss: 0.001610755149626628, Valid loss - 0.025740759219560358, AUC - 0.9721074838273027, termAUC - 0.8547991390566623
Saving model (sel-macro)
Epoch 20: Loss - 0.014756121312569011, EL Loss: 0.0015271049605077775, Valid loss - 0.025833970335898578, AUC - 0.9720537577818199, termAUC - 0.8545596910414593
Epoch 21: Loss - 0.0146572728021638, EL Loss: 0.0015124893775972812, Valid loss - 0.02590706804422317, AUC - 0.9719522361607171, termAUC - 0.8543312719321284
Epoch 22: Loss - 0.01461863662807947, EL Loss: 0.0014980453215211425, Valid loss - 0.02597647964678429, AUC - 0.9718263089636231, termAUC - 0.8542577530572265
Epoch 23: Loss - 0.014543588530660177, EL Loss: 0.0014836669805570924, Valid loss - 0.026051304820511077, AUC - 0.9717085287785885, termAUC - 0.8541151870834528
Epoch 24: Loss - 0.014495902082199662, EL Loss: 0.0014694525470178442, Valid loss - 0.026104169283752088, AUC - 0.9716677223017626, termAUC - 0.8541536179904161
Epoch 25: Loss - 0.014427213934585337, EL Loss: 0.0014553344280816968, Valid loss - 0.026140792260843294, AUC - 0.9715933759572306, termAUC - 0.8539035575360322
Epoch 26: Loss - 0.014398798016705771, EL Loss: 0.0014413843797997587, Valid loss - 0.02621157633623591, AUC - 0.9714888808307192, termAUC - 0.8540766170457235
Epoch 27: Loss - 0.014355807870364026, EL Loss: 0.0014276545671111467, Valid loss - 0.026220339647045843, AUC - 0.9714313828164772, termAUC - 0.8541711883227572
Epoch 28: Loss - 0.014313951601769211, EL Loss: 0.0014143121391527675, Valid loss - 0.026270507055300252, AUC - 0.9714126119125769, termAUC - 0.8540439800083184
Epoch 29: Loss - 0.01425827995290663, EL Loss: 0.0014012765859048328, Valid loss - 0.026334379503020533, AUC - 0.971258545151426, termAUC - 0.854185127877957
Epoch 30: Loss - 0.014206264828364571, EL Loss: 0.0013884145578948544, Valid loss - 0.026365151780622976, AUC - 0.9712027830301905, termAUC - 0.8541184906698482
Epoch 31: Loss - 0.014181578603172375, EL Loss: 0.0013756516692977382, Valid loss - 0.026399744950510836, AUC - 0.9711666185629836, termAUC - 0.854042137720948
Epoch 32: Loss - 0.014119098513853519, EL Loss: 0.0013629716795521174, Valid loss - 0.02646648799655614, AUC - 0.9711200137620226, termAUC - 0.8541738356882792
Epoch 33: Loss - 0.014079139957270068, EL Loss: 0.0013503559963466746, Valid loss - 0.026500105547408264, AUC - 0.97108060853421, termAUC - 0.8540640130592879
Epoch 34: Loss - 0.014046548087018646, EL Loss: 0.0013377744615167824, Valid loss - 0.0265370926440314, AUC - 0.9710203778066521, termAUC - 0.8541489711848047
Epoch 35: Loss - 0.014009162484829358, EL Loss: 0.0013252458632117847, Valid loss - 0.02658525412833249, AUC - 0.970973410617392, termAUC - 0.8541972920674287
Epoch 36: Loss - 0.013947122231850352, EL Loss: 0.0013129330171731401, Valid loss - 0.02664131017194854, AUC - 0.970886348065792, termAUC - 0.8539969151983123
Epoch 37: Loss - 0.013923620187233888, EL Loss: 0.0013007133023222911, Valid loss - 0.02664793363461892, AUC - 0.9708555934373753, termAUC - 0.854041064455362
Epoch 38: Loss - 0.013892377748840116, EL Loss: 0.0012885796531584188, Valid loss - 0.026696510681951488, AUC - 0.9708420708018949, termAUC - 0.8538971285781122
Epoch 39: Loss - 0.013838040695923622, EL Loss: 0.001276579189540713, Valid loss - 0.026732840851225233, AUC - 0.9707614135025014, termAUC - 0.8540062992214604
Epoch 40: Loss - 0.013799936887858062, EL Loss: 0.001264718650365291, Valid loss - 0.02677846182551649, AUC - 0.9706816519518026, termAUC - 0.854062060148246
Epoch 41: Loss - 0.01377551044140633, EL Loss: 0.0012529716383242212, Valid loss - 0.026806832856878085, AUC - 0.9706695144323363, termAUC - 0.8538916317927531
Epoch 42: Loss - 0.013745681562776155, EL Loss: 0.0012413330599351873, Valid loss - 0.026848960867910474, AUC - 0.9706366151744188, termAUC - 0.8540996912110853
Epoch 43: Loss - 0.013709398244320777, EL Loss: 0.0012296986038608342, Valid loss - 0.026884237497493073, AUC - 0.9705919664545772, termAUC - 0.8539620383212252
Epoch 44: Loss - 0.013657808660031802, EL Loss: 0.0012180900129355537, Valid loss - 0.026936376515637944, AUC - 0.9704721412606587, termAUC - 0.8537818186561106
Epoch 45: Loss - 0.013643913612819376, EL Loss: 0.001206489553968144, Valid loss - 0.026948309041283747, AUC - 0.9704192856276074, termAUC - 0.8538453320939176
Epoch 46: Loss - 0.013604497897137772, EL Loss: 0.0011949284879489307, Valid loss - 0.027013877744751946, AUC - 0.9703625951994909, termAUC - 0.8538044747280499
Epoch 47: Loss - 0.013567651516456973, EL Loss: 0.0011834298676966616, Valid loss - 0.02705095876698141, AUC - 0.9703574173596886, termAUC - 0.8538457095333326
Epoch 48: Loss - 0.013528968542343601, EL Loss: 0.0011719560110157107, Valid loss - 0.027092434638352307, AUC - 0.9703155267500719, termAUC - 0.8536769303502398
Epoch 49: Loss - 0.013502526104130752, EL Loss: 0.001160504084449849, Valid loss - 0.027149069992204507, AUC - 0.9702125049440421, termAUC - 0.8535561596677009
Epoch 50: Loss - 0.01349488698883099, EL Loss: 0.0011490793728624765, Valid loss - 0.027167554737793073, AUC - 0.9701470098569588, termAUC - 0.8535107976120749
Epoch 51: Loss - 0.013436835401108172, EL Loss: 0.0011377372183682965, Valid loss - 0.027205448735643317, AUC - 0.970121990658012, termAUC - 0.853454418570506
Epoch 52: Loss - 0.013396902774656006, EL Loss: 0.0011264595645586824, Valid loss - 0.027270997253557045, AUC - 0.970096433527358, termAUC - 0.8532140014608564
Epoch 53: Loss - 0.013390651758928509, EL Loss: 0.001115242041491263, Valid loss - 0.027301191048765622, AUC - 0.9700144034730135, termAUC - 0.8529396494955711
Epoch 54: Loss - 0.013353057625699235, EL Loss: 0.0011040809450907829, Valid loss - 0.02735848479248859, AUC - 0.9699358655208832, termAUC - 0.8530046748364188
Epoch 55: Loss - 0.013343929232541718, EL Loss: 0.0010929704311476367, Valid loss - 0.02737836258278953, AUC - 0.9699187924940137, termAUC - 0.8528510204259233
Epoch 56: Loss - 0.013291393405262945, EL Loss: 0.0010819414519643552, Valid loss - 0.02742103601081504, AUC - 0.9698348058513607, termAUC - 0.8526958964157648
Epoch 57: Loss - 0.013265437562771678, EL Loss: 0.0010711644703249917, Valid loss - 0.027427770494034998, AUC - 0.9698407898362116, termAUC - 0.8527628358725723
Epoch 58: Loss - 0.013245542670256396, EL Loss: 0.0010604778254600057, Valid loss - 0.027485942267985255, AUC - 0.9697949720835527, termAUC - 0.8527614226821897
Epoch 59: Loss - 0.01319787530392511, EL Loss: 0.0010499186723087993, Valid loss - 0.027542669657203887, AUC - 0.969675623371061, termAUC - 0.8525534187670234
Epoch 60: Loss - 0.013190677133139228, EL Loss: 0.00103962188025018, Valid loss - 0.027572934088055733, AUC - 0.9696984131661751, termAUC - 0.8525628400398443
Epoch 61: Loss - 0.013154233720975074, EL Loss: 0.0010293988851654938, Valid loss - 0.02763006469855706, AUC - 0.9696303166150991, termAUC - 0.8526046813162971
Epoch 62: Loss - 0.013132696274944665, EL Loss: 0.0010193225875593846, Valid loss - 0.027676782239642407, AUC - 0.9695497756790528, termAUC - 0.8525254807952638
Epoch 63: Loss - 0.013110690828623851, EL Loss: 0.001009403683379247, Valid loss - 0.027696495185847634, AUC - 0.9695663602757995, termAUC - 0.8524815823585129
Epoch 64: Loss - 0.013089821273161478, EL Loss: 0.0009995579118212859, Valid loss - 0.027710171416401863, AUC - 0.9694852583375887, termAUC - 0.8522788188759737
Epoch 65: Loss - 0.01305974242712441, EL Loss: 0.0009897434790718553, Valid loss - 0.027756307343090023, AUC - 0.969435716827735, termAUC - 0.8521424521007616
Epoch 66: Loss - 0.01303007426260932, EL Loss: 0.0009799571360648962, Valid loss - 0.027783231982202443, AUC - 0.9693633544497607, termAUC - 0.8520996539110761
Epoch 67: Loss - 0.01300037757045722, EL Loss: 0.0009702506505814345, Valid loss - 0.02783987383461661, AUC - 0.9693362722565899, termAUC - 0.8522074497823894
Epoch 68: Loss - 0.012965679800517252, EL Loss: 0.0009606783765430205, Valid loss - 0.027879907252887883, AUC - 0.9692723163627335, termAUC - 0.8520402058191222
Epoch 69: Loss - 0.012949459209815694, EL Loss: 0.0009513727208680742, Valid loss - 0.027877989625213324, AUC - 0.9692194391069169, termAUC - 0.8517426117119068
Epoch 70: Loss - 0.01293159358254755, EL Loss: 0.0009422354371811778, Valid loss - 0.027975348893690993, AUC - 0.969089759875774, termAUC - 0.8517208923802685
Epoch 71: Loss - 0.012896742178612084, EL Loss: 0.0009332030617052926, Valid loss - 0.027970607482172824, AUC - 0.9691414771256227, termAUC - 0.8516628530263671
Epoch 72: Loss - 0.012893748310983614, EL Loss: 0.0009241843427450127, Valid loss - 0.02800199617114332, AUC - 0.9690930733760124, termAUC - 0.8514967432359587
Epoch 73: Loss - 0.012861494530437324, EL Loss: 0.0009152090117573498, Valid loss - 0.02806456834077835, AUC - 0.9689618468928604, termAUC - 0.8512269340562142
Epoch 74: Loss - 0.012842317837023762, EL Loss: 0.0009062685685518952, Valid loss - 0.028105336924393973, AUC - 0.9689572630720815, termAUC - 0.8512590893917286
Epoch 75: Loss - 0.012817871212391653, EL Loss: 0.0008973570950675162, Valid loss - 0.028144557953432753, AUC - 0.9689453735291402, termAUC - 0.8511388700325596
Epoch 76: Loss - 0.01278845951386127, EL Loss: 0.0008884556314734683, Valid loss - 0.028198092458424744, AUC - 0.9688073354498927, termAUC - 0.8509405978578248
Epoch 77: Loss - 0.01277838643229528, EL Loss: 0.0008795550160800288, Valid loss - 0.028232017656167348, AUC - 0.9687845560422162, termAUC - 0.8509963788250146
Epoch 78: Loss - 0.012754118500368679, EL Loss: 0.0008706725693655816, Valid loss - 0.02823366255119995, AUC - 0.9688191701878232, termAUC - 0.8509399387049509
Epoch 79: Loss - 0.012750187468362735, EL Loss: 0.0008618107862370503, Valid loss - 0.028295350240336525, AUC - 0.9687522502630569, termAUC - 0.8506887582104975
Epoch 80: Loss - 0.012711256111731002, EL Loss: 0.0008530415043521496, Valid loss - 0.028315850264496272, AUC - 0.9687118112662599, termAUC - 0.850587359914828
Epoch 81: Loss - 0.012698553431961702, EL Loss: 0.0008443700632609564, Valid loss - 0.028368651797925984, AUC - 0.9686628543273921, termAUC - 0.8505300327791714
Epoch 82: Loss - 0.0126781938868542, EL Loss: 0.0008359404611397695, Valid loss - 0.028415294847002736, AUC - 0.9686090092028996, termAUC - 0.8505147032081721
Epoch 83: Loss - 0.012666564401607123, EL Loss: 0.0008275717746282416, Valid loss - 0.028458922963451455, AUC - 0.9685935237836956, termAUC - 0.8502971364769487
Epoch 84: Loss - 0.012649168952112906, EL Loss: 0.0008192879695942337, Valid loss - 0.028479156436191665, AUC - 0.9684786568126025, termAUC - 0.8500282629587723
Epoch 85: Loss - 0.012623664089742402, EL Loss: 0.0008110944706262738, Valid loss - 0.02849146693393036, AUC - 0.9685091242643468, termAUC - 0.849911481545797
Epoch 86: Loss - 0.0125968418277338, EL Loss: 0.0008031142074461444, Valid loss - 0.028578563876174114, AUC - 0.968459450473149, termAUC - 0.8499179249796809
Epoch 87: Loss - 0.012566524952832626, EL Loss: 0.0007952358382026655, Valid loss - 0.028629832245685435, AUC - 0.9683604947466975, termAUC - 0.8499573623531544
Epoch 88: Loss - 0.01256514748467124, EL Loss: 0.0007874353961365877, Valid loss - 0.028615895907084146, AUC - 0.968350887011172, termAUC - 0.8496989213401007
Epoch 89: Loss - 0.012556261411164909, EL Loss: 0.0007796743885574044, Valid loss - 0.028629221739592377, AUC - 0.9682989835912152, termAUC - 0.8497400604837231
Epoch 90: Loss - 0.012527302731182226, EL Loss: 0.0007719209085747736, Valid loss - 0.02867528088390827, AUC - 0.9682195887399164, termAUC - 0.8495739674445522
Epoch 91: Loss - 0.012508909057919935, EL Loss: 0.0007641733940305677, Valid loss - 0.028716049122589606, AUC - 0.9681641988751012, termAUC - 0.849581299987061
Epoch 92: Loss - 0.012498197354701495, EL Loss: 0.0007564319208265064, Valid loss - 0.02874096274651863, AUC - 0.9681915859965385, termAUC - 0.8494625265493447
Epoch 93: Loss - 0.01246420217672246, EL Loss: 0.000748766915195951, Valid loss - 0.028817631414643042, AUC - 0.9681877339901463, termAUC - 0.8495747705029435
Epoch 94: Loss - 0.01245470300629153, EL Loss: 0.0007412934838134544, Valid loss - 0.028817530583452294, AUC - 0.9681451302130344, termAUC - 0.8493940296956124
Epoch 95: Loss - 0.012423149724013156, EL Loss: 0.0007338899518983584, Valid loss - 0.02889086118450871, AUC - 0.9680273936638406, termAUC - 0.8491693330908656
Epoch 96: Loss - 0.012434441080690571, EL Loss: 0.0007265554616676293, Valid loss - 0.028912142291665076, AUC - 0.9679743317330206, termAUC - 0.8491057782029876
Epoch 97: Loss - 0.012405911273327278, EL Loss: 0.0007192385903966812, Valid loss - 0.028925892393346187, AUC - 0.9680586614753779, termAUC - 0.8490604825624758
Epoch 98: Loss - 0.01239486087532928, EL Loss: 0.0007119384594885618, Valid loss - 0.028960318021752217, AUC - 0.9678934636538574, termAUC - 0.8488850048102079
Epoch 99: Loss - 0.012367326701359444, EL Loss: 0.0007046533272595246, Valid loss - 0.02899458932655829, AUC - 0.9678560820161429, termAUC - 0.8486657935250306
Epoch 100: Loss - 0.012360699792145815, EL Loss: 0.0006974361746701744, Valid loss - 0.029028065668212043, AUC - 0.9679055063401236, termAUC - 0.8484932082076885
Epoch 101: Loss - 0.012339717332005591, EL Loss: 0.0006902832822242372, Valid loss - 0.029097406097032406, AUC - 0.9677529710486021, termAUC - 0.8483203354385618
Epoch 102: Loss - 0.012316567480284578, EL Loss: 0.0006832417634966146, Valid loss - 0.029146756080013735, AUC - 0.967667036510408, termAUC - 0.848261666452612
Epoch 103: Loss - 0.01230178435531318, EL Loss: 0.0006762558055858329, Valid loss - 0.0291659666294301, AUC - 0.9676987840174018, termAUC - 0.8483058100466291
Epoch 104: Loss - 0.012301941108811436, EL Loss: 0.0006694075170830234, Valid loss - 0.029200086508084228, AUC - 0.9675703398737446, termAUC - 0.8481125928418857
Epoch 105: Loss - 0.012287199435538824, EL Loss: 0.0006627471421190622, Valid loss - 0.0292406745944862, AUC - 0.9675725755898668, termAUC - 0.8481812202764242
Epoch 106: Loss - 0.012265135416800976, EL Loss: 0.0006562235290851375, Valid loss - 0.029234938985771602, AUC - 0.9674944179981451, termAUC - 0.8480041218698162
Epoch 107: Loss - 0.012252701622552337, EL Loss: 0.0006498514495791431, Valid loss - 0.029307063530992578, AUC - 0.9673961855355452, termAUC - 0.8477680401872563
Epoch 108: Loss - 0.012249762039762817, EL Loss: 0.0006435444454803697, Valid loss - 0.029313233950071866, AUC - 0.9674411778920489, termAUC - 0.8478079380054544
Epoch 109: Loss - 0.01222851385888722, EL Loss: 0.0006372772326466883, Valid loss - 0.029387713816982727, AUC - 0.9674725819884096, termAUC - 0.8476981312701871
Epoch 110: Loss - 0.012202391469748448, EL Loss: 0.0006310759299163026, Valid loss - 0.02942671933107906, AUC - 0.967416152967386, termAUC - 0.8476787910133547
Epoch 111: Loss - 0.01220155485861494, EL Loss: 0.0006249348511673356, Valid loss - 0.029438368258652862, AUC - 0.9673343692985386, termAUC - 0.8474970160886441
Epoch 112: Loss - 0.012200608503666763, EL Loss: 0.000618812546706623, Valid loss - 0.02946600057184696, AUC - 0.9672951734127287, termAUC - 0.8472758223852489
Epoch 113: Loss - 0.012168272655488635, EL Loss: 0.0006127052386519521, Valid loss - 0.029478325515433595, AUC - 0.9672304083163595, termAUC - 0.8471897557028344
Epoch 114: Loss - 0.012154927161689078, EL Loss: 0.000606625426719664, Valid loss - 0.029549107369449403, AUC - 0.967214269492988, termAUC - 0.8468754155090547
Epoch 115: Loss - 0.012156078986293005, EL Loss: 0.0006006884255006504, Valid loss - 0.029561324679741152, AUC - 0.9671459282356504, termAUC - 0.8468720239893885
Epoch 116: Loss - 0.012130345192568157, EL Loss: 0.0005949215346998656, Valid loss - 0.029585813220452378, AUC - 0.967083072335247, termAUC - 0.8467898134918311
Epoch 117: Loss - 0.012123983729542282, EL Loss: 0.000589218617238284, Valid loss - 0.029623763718538813, AUC - 0.9671122509496645, termAUC - 0.8466762262318293
Epoch 118: Loss - 0.012105659293980662, EL Loss: 0.0005835829064489598, Valid loss - 0.02964302523544541, AUC - 0.9670622299946405, termAUC - 0.8466842344966948
Epoch 119: Loss - 0.012093717890904266, EL Loss: 0.0005779625483090414, Valid loss - 0.029706164463250726, AUC - 0.9670869393930049, termAUC - 0.8466185023286542
Epoch 120: Loss - 0.012081056247446771, EL Loss: 0.0005723521059288417, Valid loss - 0.029728761356737878, AUC - 0.9669854461082956, termAUC - 0.8466582475725057
Epoch 121: Loss - 0.012059528020154942, EL Loss: 0.0005667848933889612, Valid loss - 0.029754325319771412, AUC - 0.9669544252699325, termAUC - 0.8465150568907953
Epoch 122: Loss - 0.012048672909305001, EL Loss: 0.0005612811955689648, Valid loss - 0.029783773091104297, AUC - 0.9669472362926093, termAUC - 0.8464646355917445
Epoch 123: Loss - 0.012042795952942912, EL Loss: 0.0005558363082558401, Valid loss - 0.02980993626018365, AUC - 0.9668131660196813, termAUC - 0.8462683106418187
Epoch 124: Loss - 0.012020618490415524, EL Loss: 0.0005504029929020355, Valid loss - 0.02987212328999131, AUC - 0.9668898441715826, termAUC - 0.8463489617681703
Epoch 125: Loss - 0.01200944050835591, EL Loss: 0.0005450027070976623, Valid loss - 0.029919750960888686, AUC - 0.9667546940659372, termAUC - 0.846253773279642
Epoch 126: Loss - 0.012008869603339006, EL Loss: 0.0005396380361364256, Valid loss - 0.02994228354482739, AUC - 0.9666791086811579, termAUC - 0.8460579085929065
Epoch 127: Loss - 0.012003219810886392, EL Loss: 0.0005343458482872261, Valid loss - 0.029959622936116325, AUC - 0.9667323053322362, termAUC - 0.8460098133947529
Loading the best model: deepgozero_zs_cc_s2_sel-loss
Test Loss - 0.023825027416517704, AUC - 0.9737320413720435
Loading the best model: deepgozero_zs_cc_s2_sel-micro
Test Loss - 0.023816677494503467, AUC - 0.9742667580812794
Loading the best model: deepgozero_zs_cc_s2_sel-macro
Test Loss - 0.024259796055654686, AUC - 0.9744519464130067
=== end=2026-09-11T00:50:12+01:00
