=== command: python deepgozero.py -dr data -ont cc -m deepgozero_zs_cc_s1 -s 1 -ep 128 --zero-shot
=== start=2026-09-10T21:40:55+01:00
=== gpu: NVIDIA A100-PCIE-40GB
Epoch 0: Loss - 0.05030764781857112, EL Loss: 22.343941009428015, Valid loss - 0.045156778698718106, AUC - 0.9005565267132922, termAUC - 0.6277196442932025
Saving model (sel-loss)
Saving model (sel-micro)
Saving model (sel-macro)
Epoch 1: Loss - 0.03447063337828947, EL Loss: 1.4171053080336058, Valid loss - 0.029724995019259275, AUC - 0.9498005954744941, termAUC - 0.6376680751450329
Saving model (sel-loss)
Saving model (sel-micro)
Saving model (sel-macro)
Epoch 2: Loss - 0.02931243582852584, EL Loss: 0.673162000056978, Valid loss - 0.02924095822705163, AUC - 0.9545398149305849, termAUC - 0.6480565501751612
Saving model (sel-loss)
Saving model (sel-micro)
Saving model (sel-macro)
Epoch 3: Loss - 0.028356467877125303, EL Loss: 0.41948013162813724, Valid loss - 0.029066905365497976, AUC - 0.9546113695250716, termAUC - 0.6512432064912329
Saving model (sel-loss)
Saving model (sel-micro)
Saving model (sel-macro)
Epoch 4: Loss - 0.02752819691555058, EL Loss: 0.2676693055476383, Valid loss - 0.028622820559475157, AUC - 0.9572288886286286, termAUC - 0.6882933986767161
Saving model (sel-loss)
Saving model (sel-micro)
Saving model (sel-macro)
Epoch 5: Loss - 0.02598174807015139, EL Loss: 0.19598962452154248, Valid loss - 0.028000902757048605, AUC - 0.9596610040407482, termAUC - 0.7110696598260878
Saving model (sel-loss)
Saving model (sel-micro)
Saving model (sel-macro)
Epoch 6: Loss - 0.02542919132810023, EL Loss: 0.18201521882191185, Valid loss - 0.027775133083815927, AUC - 0.9606033844718972, termAUC - 0.7235066412999792
Saving model (sel-loss)
Saving model (sel-micro)
Saving model (sel-macro)
Epoch 7: Loss - 0.024988105433606536, EL Loss: 0.16377534962631476, Valid loss - 0.027598095588662008, AUC - 0.9614948981573838, termAUC - 0.7341308967856259
Saving model (sel-loss)
Saving model (sel-micro)
Saving model (sel-macro)
Epoch 8: Loss - 0.02455990450602213, EL Loss: 0.14153313866116185, Valid loss - 0.027384720370173456, AUC - 0.962625563438504, termAUC - 0.744921869799249
Saving model (sel-loss)
Saving model (sel-micro)
Saving model (sel-macro)
Epoch 9: Loss - 0.024043726038107872, EL Loss: 0.11728629337518175, Valid loss - 0.027067191622875356, AUC - 0.9639387105330199, termAUC - 0.7568674592601681
Saving model (sel-loss)
Saving model (sel-micro)
Saving model (sel-macro)
Epoch 10: Loss - 0.023461887205752673, EL Loss: 0.0931847468360825, Valid loss - 0.02694600813642696, AUC - 0.9647271619377402, termAUC - 0.7671516718511332
Saving model (sel-loss)
Saving model (sel-micro)
Saving model (sel-macro)
Epoch 11: Loss - 0.022810932114765984, EL Loss: 0.0702185415553006, Valid loss - 0.026406867753852297, AUC - 0.9668625742128654, termAUC - 0.7853811605531592
Saving model (sel-loss)
Saving model (sel-micro)
Saving model (sel-macro)
Epoch 12: Loss - 0.0219650356360008, EL Loss: 0.049027736337247885, Valid loss - 0.026143465556756215, AUC - 0.9682060052991656, termAUC - 0.8016243829694613
Saving model (sel-loss)
Saving model (sel-micro)
Saving model (sel-macro)
Epoch 13: Loss - 0.02099332858624356, EL Loss: 0.030470498910267905, Valid loss - 0.025805228520874624, AUC - 0.96979871398817, termAUC - 0.8183985505908989
Saving model (sel-loss)
Saving model (sel-micro)
Saving model (sel-macro)
Epoch 14: Loss - 0.019882124482838017, EL Loss: 0.014822470504864708, Valid loss - 0.025300244262648954, AUC - 0.9714085202574729, termAUC - 0.8332732579211053
Saving model (sel-loss)
Saving model (sel-micro)
Saving model (sel-macro)
Epoch 15: Loss - 0.018692789930895907, EL Loss: 0.006236806342158621, Valid loss - 0.025131227517569507, AUC - 0.9721513413046137, termAUC - 0.8454151712232882
Saving model (sel-loss)
Saving model (sel-micro)
Saving model (sel-macro)
Epoch 16: Loss - 0.01760576762241892, EL Loss: 0.0026712312714651707, Valid loss - 0.025208034021434962, AUC - 0.9725616603134968, termAUC - 0.8513560808057103
Saving model (sel-micro)
Saving model (sel-macro)
Epoch 17: Loss - 0.01676790403618633, EL Loss: 0.0019687325128526704, Valid loss - 0.0254192100216945, AUC - 0.9726510918813488, termAUC - 0.8555948306579249
Saving model (sel-micro)
Saving model (sel-macro)
Epoch 18: Loss - 0.0161225240496465, EL Loss: 0.0017921862825872534, Valid loss - 0.025532818206206516, AUC - 0.9725689122946413, termAUC - 0.8587297780427172
Saving model (sel-macro)
Epoch 19: Loss - 0.015572039194399374, EL Loss: 0.0016287256573836047, Valid loss - 0.025787614913726293, AUC - 0.9722385121949572, termAUC - 0.8583217058207662
Epoch 20: Loss - 0.01474397220744382, EL Loss: 0.0015430193097411924, Valid loss - 0.025785860108832517, AUC - 0.9723412176367272, termAUC - 0.8586967412503409
Epoch 21: Loss - 0.014666086225378202, EL Loss: 0.0015281607541483848, Valid loss - 0.02581776792390479, AUC - 0.9722937655467138, termAUC - 0.8587220204364316
Epoch 22: Loss - 0.014597944031037379, EL Loss: 0.00151366946215429, Valid loss - 0.02588905701758685, AUC - 0.9721568085714606, termAUC - 0.8589091707908625
Saving model (sel-macro)
Epoch 23: Loss - 0.014532687330752565, EL Loss: 0.0014992436742806553, Valid loss - 0.02597759899303869, AUC - 0.9720522827490264, termAUC - 0.8587616119425358
Epoch 24: Loss - 0.014479214407198394, EL Loss: 0.001484928754886404, Valid loss - 0.02602399857369838, AUC - 0.9719674914674541, termAUC - 0.8588526765177038
Epoch 25: Loss - 0.014439790670091077, EL Loss: 0.001470725663640261, Valid loss - 0.026068674083109256, AUC - 0.9719602850770309, termAUC - 0.8588385505206976
Epoch 26: Loss - 0.014396709367878176, EL Loss: 0.0014566312321022462, Valid loss - 0.026105599215737095, AUC - 0.971845516996646, termAUC - 0.8589901792932522
Saving model (sel-macro)
Epoch 27: Loss - 0.014348472029278782, EL Loss: 0.0014427231669648455, Valid loss - 0.026141424815135973, AUC - 0.9718020530115112, termAUC - 0.8589121793228947
Epoch 28: Loss - 0.014288127736101473, EL Loss: 0.0014291002142712314, Valid loss - 0.0262153177211682, AUC - 0.971701426290115, termAUC - 0.8588008836297696
Epoch 29: Loss - 0.014247748581478644, EL Loss: 0.0014157417192156632, Valid loss - 0.026292106964521937, AUC - 0.9716342744744128, termAUC - 0.8587888155626555
Epoch 30: Loss - 0.014195675563757488, EL Loss: 0.001402420957610553, Valid loss - 0.026299922823629997, AUC - 0.9715612663166363, termAUC - 0.8586796747251869
Epoch 31: Loss - 0.014143449445091084, EL Loss: 0.0013891286261245655, Valid loss - 0.026363533742173956, AUC - 0.9714677968424162, termAUC - 0.8585736452784261
Epoch 32: Loss - 0.014104923714739577, EL Loss: 0.0013759108570477088, Valid loss - 0.026358253074189028, AUC - 0.9715104608349162, termAUC - 0.8588838833690604
Epoch 33: Loss - 0.01406396136035826, EL Loss: 0.0013628969555342738, Valid loss - 0.02639596725779551, AUC - 0.9714742610376293, termAUC - 0.8587173962603236
Epoch 34: Loss - 0.014027868771560455, EL Loss: 0.0013499171410688694, Valid loss - 0.02646343241687174, AUC - 0.9713773562321133, termAUC - 0.8587147022814979
Epoch 35: Loss - 0.013994298777992268, EL Loss: 0.0013370967188787292, Valid loss - 0.02648434408560947, AUC - 0.9713521438572437, termAUC - 0.8585868430439553
Epoch 36: Loss - 0.013960456811490642, EL Loss: 0.0013245229893128687, Valid loss - 0.026515998373980876, AUC - 0.9712803129410174, termAUC - 0.8588033780952699
Epoch 37: Loss - 0.013910590761567924, EL Loss: 0.0013121184186081461, Valid loss - 0.026581725181528817, AUC - 0.9711947274619911, termAUC - 0.8586826914286136
Epoch 38: Loss - 0.013870501751721954, EL Loss: 0.0012998320695346544, Valid loss - 0.026629660264761358, AUC - 0.9711546389279497, termAUC - 0.8584837204937033
Epoch 39: Loss - 0.013819863059191435, EL Loss: 0.001287629727130131, Valid loss - 0.026679009392305657, AUC - 0.9710387100742007, termAUC - 0.8585166827058188
Epoch 40: Loss - 0.013787727103430271, EL Loss: 0.0012755495874756009, Valid loss - 0.02670486054762646, AUC - 0.971084113943504, termAUC - 0.8584424728394804
Epoch 41: Loss - 0.013758696206726966, EL Loss: 0.0012635908148053228, Valid loss - 0.026738473759205253, AUC - 0.9711045254176629, termAUC - 0.8587293851756247
Epoch 42: Loss - 0.01372602032882605, EL Loss: 0.0012516566388384592, Valid loss - 0.026790683109451225, AUC - 0.970941235959657, termAUC - 0.8583081046910784
Epoch 43: Loss - 0.013696647582184893, EL Loss: 0.0012398018140864957, Valid loss - 0.026819764657153022, AUC - 0.9709053164809739, termAUC - 0.8581126725097475
Epoch 44: Loss - 0.013647747116596944, EL Loss: 0.0012279690250791438, Valid loss - 0.026852772150326658, AUC - 0.9708853028034766, termAUC - 0.8580836715405618
Epoch 45: Loss - 0.013624935132090522, EL Loss: 0.0012162330133054593, Valid loss - 0.026894279707361152, AUC - 0.9708001953913913, termAUC - 0.8579148162772464
Epoch 46: Loss - 0.013575819001146586, EL Loss: 0.001204574421018927, Valid loss - 0.026968300425344042, AUC - 0.9707442119353545, termAUC - 0.8580287539759361
Epoch 47: Loss - 0.013555589927485923, EL Loss: 0.0011930284646566483, Valid loss - 0.027015430769986578, AUC - 0.9706931868928912, termAUC - 0.8577596772383322
Epoch 48: Loss - 0.01351623123498836, EL Loss: 0.0011815904665689852, Valid loss - 0.02704035681154993, AUC - 0.9706574511101177, termAUC - 0.8579337500321944
Epoch 49: Loss - 0.013490384907759783, EL Loss: 0.0011701677595357914, Valid loss - 0.027090377788300868, AUC - 0.9705212948243308, termAUC - 0.8577152454498045
Epoch 50: Loss - 0.013445018941841757, EL Loss: 0.0011587945251814039, Valid loss - 0.027166919741365644, AUC - 0.9705065618664901, termAUC - 0.8574088228585348
Epoch 51: Loss - 0.013411839950436107, EL Loss: 0.0011474827015137794, Valid loss - 0.027202187050823813, AUC - 0.9704280818760667, termAUC - 0.8575294021427741
Epoch 52: Loss - 0.013397493544441133, EL Loss: 0.0011362083771288864, Valid loss - 0.027179306897300262, AUC - 0.9704176769043681, termAUC - 0.8571935648313654
Epoch 53: Loss - 0.013361424122114093, EL Loss: 0.0011251538836469968, Valid loss - 0.027232824693675394, AUC - 0.9703529376305037, termAUC - 0.8574158474604434
Epoch 54: Loss - 0.013334402930744529, EL Loss: 0.00111435899107359, Valid loss - 0.02730818444656001, AUC - 0.970235842846606, termAUC - 0.857210484276981
Epoch 55: Loss - 0.013288366100230292, EL Loss: 0.0011037239895072433, Valid loss - 0.027321577085940928, AUC - 0.9702145526608699, termAUC - 0.8571744233177357
Epoch 56: Loss - 0.013273464170659666, EL Loss: 0.0010931228854797587, Valid loss - 0.02735521771289684, AUC - 0.9701956205471444, termAUC - 0.8571051694160498
Epoch 57: Loss - 0.013233449117880982, EL Loss: 0.0010825140212924944, Valid loss - 0.027422273379785044, AUC - 0.9701033264158259, termAUC - 0.8568948074465833
Epoch 58: Loss - 0.013222871113648412, EL Loss: 0.001071931660042685, Valid loss - 0.02746195463394677, AUC - 0.9700304452392742, termAUC - 0.8568591109009157
Epoch 59: Loss - 0.013198689579005263, EL Loss: 0.0010613904476870326, Valid loss - 0.027510981247932824, AUC - 0.9700190246261648, termAUC - 0.8566392379711342
Epoch 60: Loss - 0.01315654983000964, EL Loss: 0.0010509712249504126, Valid loss - 0.027508875355124474, AUC - 0.9699667216641557, termAUC - 0.8565807648601418
Epoch 61: Loss - 0.013127458093197273, EL Loss: 0.0010406241506540643, Valid loss - 0.027542171723864698, AUC - 0.9699557255633035, termAUC - 0.8563613979898582
Epoch 62: Loss - 0.013116201510650047, EL Loss: 0.0010303613696080471, Valid loss - 0.02761191202810517, AUC - 0.9698996981538818, termAUC - 0.8562637707817609
Epoch 63: Loss - 0.013080174121207017, EL Loss: 0.001020138928075542, Valid loss - 0.02765846642907019, AUC - 0.9697732799874169, termAUC - 0.8561011896395938
Epoch 64: Loss - 0.01306421432008034, EL Loss: 0.001010071226573231, Valid loss - 0.02767106817552337, AUC - 0.969770885178429, termAUC - 0.8563128399944935
Epoch 65: Loss - 0.013025716327595742, EL Loss: 0.0010001791571053016, Valid loss - 0.02771810409095552, AUC - 0.9697200289436926, termAUC - 0.8560853036764124
Epoch 66: Loss - 0.013006255685267643, EL Loss: 0.000990391736989199, Valid loss - 0.027816128165081694, AUC - 0.969589971762389, termAUC - 0.8556848053521787
Epoch 67: Loss - 0.012981709784216278, EL Loss: 0.0009806552826720012, Valid loss - 0.027851423800543503, AUC - 0.9695894174937022, termAUC - 0.8556213994420568
Epoch 68: Loss - 0.012976487667783296, EL Loss: 0.0009709949779700756, Valid loss - 0.02784314696435575, AUC - 0.969502194278056, termAUC - 0.8555009606716192
Epoch 69: Loss - 0.01293166837894613, EL Loss: 0.0009614951288360378, Valid loss - 0.027885620682327836, AUC - 0.9694935287904767, termAUC - 0.85551475417062
Epoch 70: Loss - 0.01290610443499755, EL Loss: 0.0009520616616171629, Valid loss - 0.02790712917016612, AUC - 0.9694566945655868, termAUC - 0.8553435446324472
Epoch 71: Loss - 0.012902266924607511, EL Loss: 0.0009427820100587369, Valid loss - 0.027951989516063973, AUC - 0.9693627695149227, termAUC - 0.8552963021585247
Epoch 72: Loss - 0.012879742009231499, EL Loss: 0.0009335287610674349, Valid loss - 0.028007195089702255, AUC - 0.9693119025178685, termAUC - 0.8553359000525328
Epoch 73: Loss - 0.012850818816846262, EL Loss: 0.0009243253575781272, Valid loss - 0.028037433726368126, AUC - 0.9692901465623049, termAUC - 0.8554899838126503
Epoch 74: Loss - 0.012835028902934165, EL Loss: 0.0009152419151307567, Valid loss - 0.028056351964672408, AUC - 0.9692917023604377, termAUC - 0.8551628938030749
Epoch 75: Loss - 0.012801800353900397, EL Loss: 0.0009062291130728044, Valid loss - 0.028077866192217225, AUC - 0.969231129890454, termAUC - 0.8548555045657125
Epoch 76: Loss - 0.012778106097069215, EL Loss: 0.0008972345547487454, Valid loss - 0.028150347413288222, AUC - 0.969098509567649, termAUC - 0.8548289071032847
Epoch 77: Loss - 0.012759857350364213, EL Loss: 0.000888248793090869, Valid loss - 0.028207944140390115, AUC - 0.9690909529438072, termAUC - 0.8546187747511234
Epoch 78: Loss - 0.012732673815065057, EL Loss: 0.0008793613684180394, Valid loss - 0.028267348875050193, AUC - 0.9690354085111297, termAUC - 0.8544291606948695
Epoch 79: Loss - 0.012691989503258904, EL Loss: 0.0008706748638438291, Valid loss - 0.028283522236678335, AUC - 0.9689733321405136, termAUC - 0.8542810169416369
Epoch 80: Loss - 0.012696707270009754, EL Loss: 0.0008620140924932119, Valid loss - 0.028329073127221178, AUC - 0.9688913167439126, termAUC - 0.8540182677024315
Epoch 81: Loss - 0.012671575641579025, EL Loss: 0.0008534159208523112, Valid loss - 0.028378312124146356, AUC - 0.9688180028110864, termAUC - 0.8542392655189306
Epoch 82: Loss - 0.012674532373254666, EL Loss: 0.0008449365857223428, Valid loss - 0.028379003993339008, AUC - 0.9687794189186146, termAUC - 0.8539891831052868
Epoch 83: Loss - 0.012647861726425166, EL Loss: 0.000836483129914522, Valid loss - 0.028447884762728654, AUC - 0.9687165369388064, termAUC - 0.853786643077647
Epoch 84: Loss - 0.012615929206171477, EL Loss: 0.0008280804576612525, Valid loss - 0.028460134303680173, AUC - 0.9686435919601621, termAUC - 0.8537936542271188
Epoch 85: Loss - 0.01260499354447616, EL Loss: 0.0008197108348799444, Valid loss - 0.028484119405900992, AUC - 0.968766689353749, termAUC - 0.8537495686764836
Epoch 86: Loss - 0.012578304233756858, EL Loss: 0.0008113621790240167, Valid loss - 0.028565953685729593, AUC - 0.9685209412528892, termAUC - 0.8534176786477176
Epoch 87: Loss - 0.012568659619050269, EL Loss: 0.0008030863348013118, Valid loss - 0.028592967600734147, AUC - 0.9685449069851979, termAUC - 0.853380792950966
Epoch 88: Loss - 0.012536971751032867, EL Loss: 0.0007948503552941009, Valid loss - 0.028611157710353535, AUC - 0.9684447014297182, termAUC - 0.8532636725405207
Epoch 89: Loss - 0.012512130071630111, EL Loss: 0.0007866655261031884, Valid loss - 0.028639953845628986, AUC - 0.9684300959933687, termAUC - 0.8530990980676317
Epoch 90: Loss - 0.012502806066146056, EL Loss: 0.0007785466044751149, Valid loss - 0.02871356189802841, AUC - 0.9684119474691414, termAUC - 0.8530267883762057
Epoch 91: Loss - 0.012489425695884921, EL Loss: 0.0007705087017158837, Valid loss - 0.02871789910175182, AUC - 0.9684379422195671, termAUC - 0.8529470373263336
Epoch 92: Loss - 0.012472031329249305, EL Loss: 0.0007627391477278042, Valid loss - 0.028779979160538427, AUC - 0.9683263454072601, termAUC - 0.8526481624674684
Epoch 93: Loss - 0.012456782914164717, EL Loss: 0.0007550585217193442, Valid loss - 0.028803389836792592, AUC - 0.9682944406718715, termAUC - 0.8526866747957151
Epoch 94: Loss - 0.012440865797348674, EL Loss: 0.0007474972165576903, Valid loss - 0.028853188993202314, AUC - 0.9683039170599405, termAUC - 0.8526002719438887
Epoch 95: Loss - 0.012432677590018665, EL Loss: 0.0007399881533511085, Valid loss - 0.02888099668478524, AUC - 0.968194082220046, termAUC - 0.8525394639893439
Epoch 96: Loss - 0.0123922539415668, EL Loss: 0.0007324980527385756, Valid loss - 0.028925796722372374, AUC - 0.9681296209118733, termAUC - 0.8525337038060123
Epoch 97: Loss - 0.012378744295388917, EL Loss: 0.000725023908601934, Valid loss - 0.02897376013850724, AUC - 0.9680217233286912, termAUC - 0.8523063874576104
Epoch 98: Loss - 0.012371375836263685, EL Loss: 0.0007175855340534511, Valid loss - 0.028982850177972405, AUC - 0.9679886235516452, termAUC - 0.8520300272824971
Epoch 99: Loss - 0.012353158676797156, EL Loss: 0.0007102079764825034, Valid loss - 0.028977806383260973, AUC - 0.9679599313077245, termAUC - 0.8519600098284412
Epoch 100: Loss - 0.012337041999517183, EL Loss: 0.0007028484782171942, Valid loss - 0.029061806464084874, AUC - 0.9679960837854391, termAUC - 0.8521160820225349
Epoch 101: Loss - 0.012321604118050628, EL Loss: 0.0006955371220552634, Valid loss - 0.02908378177218967, AUC - 0.9678948201049064, termAUC - 0.8518141926145589
Epoch 102: Loss - 0.012308822350025998, EL Loss: 0.0006884564614835499, Valid loss - 0.029106311969183108, AUC - 0.9678789464495396, termAUC - 0.8517096902800869
Epoch 103: Loss - 0.012290479599642261, EL Loss: 0.0006816014741079605, Valid loss - 0.02913507029966072, AUC - 0.9677914310746462, termAUC - 0.8515433955802932
Epoch 104: Loss - 0.012271956971006477, EL Loss: 0.0006748164896008232, Valid loss - 0.029180391822700148, AUC - 0.9678096248158196, termAUC - 0.851531220409932
Epoch 105: Loss - 0.012265859640618446, EL Loss: 0.0006681183440600783, Valid loss - 0.029195954360895688, AUC - 0.9678235346212624, termAUC - 0.8512751564317665
Epoch 106: Loss - 0.012244054396561194, EL Loss: 0.0006616422641775636, Valid loss - 0.02920870900981956, AUC - 0.9677092929318443, termAUC - 0.8512023120257576
Epoch 107: Loss - 0.012211660156026483, EL Loss: 0.0006552961204631702, Valid loss - 0.02928610915939013, AUC - 0.9676408960006595, termAUC - 0.8510014554198265
Epoch 108: Loss - 0.012224503647347779, EL Loss: 0.0006489869199388705, Valid loss - 0.029321899154671916, AUC - 0.9675617777213864, termAUC - 0.8507711959941932
Epoch 109: Loss - 0.012197938261719088, EL Loss: 0.0006427412923421157, Valid loss - 0.02931576659557996, AUC - 0.9676337007893305, termAUC - 0.8509713094172793
Epoch 110: Loss - 0.012192270510286594, EL Loss: 0.0006365298874627023, Valid loss - 0.02937650194874516, AUC - 0.967592346986786, termAUC - 0.850960158948187
Epoch 111: Loss - 0.012182301407748375, EL Loss: 0.0006303845085670735, Valid loss - 0.029414270086972803, AUC - 0.9674781266566128, termAUC - 0.8505933190592
Epoch 112: Loss - 0.01216002131325933, EL Loss: 0.000624359176821499, Valid loss - 0.029446313047298677, AUC - 0.9674224494001215, termAUC - 0.8501128230159813
Epoch 113: Loss - 0.012149783977340182, EL Loss: 0.0006183814043450136, Valid loss - 0.029506949418120914, AUC - 0.9673327074208549, termAUC - 0.8502886063055384
Epoch 114: Loss - 0.012136853980342609, EL Loss: 0.0006124392821889222, Valid loss - 0.02952506659483468, AUC - 0.9673581358458446, termAUC - 0.8504101775005085
Epoch 115: Loss - 0.012133206963927055, EL Loss: 0.0006065206996833401, Valid loss - 0.029570934742137237, AUC - 0.9673331711883912, termAUC - 0.8501140306564179
Epoch 116: Loss - 0.012112281100530673, EL Loss: 0.0006006676090861974, Valid loss - 0.029577754824249833, AUC - 0.9672842703125832, termAUC - 0.8499772435087428
Epoch 117: Loss - 0.012087079085577936, EL Loss: 0.0005949017453430988, Valid loss - 0.029583842196950205, AUC - 0.9672445410101449, termAUC - 0.849760452049854
Epoch 118: Loss - 0.012076156743720836, EL Loss: 0.000589216052713928, Valid loss - 0.02964106294567938, AUC - 0.967124171409046, termAUC - 0.8495505446048118
Epoch 119: Loss - 0.012070746340390985, EL Loss: 0.0005835946636833536, Valid loss - 0.029695166440473663, AUC - 0.9671534888993587, termAUC - 0.8496491358689399
Epoch 120: Loss - 0.0120572025158869, EL Loss: 0.0005779748514296764, Valid loss - 0.029736131678024927, AUC - 0.9669920629495684, termAUC - 0.8494541675843398
Epoch 121: Loss - 0.012051983142790783, EL Loss: 0.0005723665805161285, Valid loss - 0.02975339841235567, AUC - 0.9670225116099822, termAUC - 0.8492673454912221
Epoch 122: Loss - 0.012038754244373505, EL Loss: 0.000566762170161065, Valid loss - 0.029804844988716973, AUC - 0.9669578114238021, termAUC - 0.8492051062762574
Epoch 123: Loss - 0.01202520603816072, EL Loss: 0.0005612331422032991, Valid loss - 0.029822974665849298, AUC - 0.9670229433684197, termAUC - 0.8491938845248825
Epoch 124: Loss - 0.012019640071514372, EL Loss: 0.0005557274636291937, Valid loss - 0.02987908636806188, AUC - 0.9669154106278881, termAUC - 0.8489362955170273
Epoch 125: Loss - 0.012001133701802556, EL Loss: 0.0005504048637033883, Valid loss - 0.02988522429433134, AUC - 0.9669094070677716, termAUC - 0.8489173848112722
Epoch 126: Loss - 0.011978596374378246, EL Loss: 0.0005451971244289444, Valid loss - 0.029919224646356372, AUC - 0.9668561728913693, termAUC - 0.84858273132557
Epoch 127: Loss - 0.01197555006423232, EL Loss: 0.000540074518716653, Valid loss - 0.029951696787719372, AUC - 0.9668199838310388, termAUC - 0.8484821237904715
Loading the best model: deepgozero_zs_cc_s1_sel-loss
Test Loss - 0.02367562934020419, AUC - 0.9738480396967458
Loading the best model: deepgozero_zs_cc_s1_sel-micro
Test Loss - 0.02401790069991056, AUC - 0.974235082064415
Loading the best model: deepgozero_zs_cc_s1_sel-macro
Test Loss - 0.02476125203050029, AUC - 0.973529300391454
=== end=2026-09-10T23:25:04+01:00
