=== command: python neuralgobox_train.py -dr data -ont cc -m neuralgobox_zs_cc_s2 -s 2 -ep 10 --zero-shot
=== start=2026-09-10T23:25:04+01:00
=== gpu: NVIDIA A100-PCIE-40GB
Epoch 0: Loss - 0.024464424222473847, EL Loss: 0.7825632449039821, Valid loss - 0.0240990710410255, AUC - 0.9751438796112012, termAUC - 0.8631273231409662, lr - 0.0005
Saving model (sel-loss)
Saving model (sel-micro)
Saving model (sel-macro)
Epoch 1: Loss - 0.01918312465304232, EL Loss: 0.35682888582326006, Valid loss - 0.02419344295092203, AUC - 0.976412232026985, termAUC - 0.8683989572600488, lr - 0.0005
Saving model (sel-micro)
Saving model (sel-macro)
Epoch 2: Loss - 0.015357244717724518, EL Loss: 0.3142117394239943, Valid loss - 0.02454547636486866, AUC - 0.976766123874903, termAUC - 0.8748001081216402, lr - 5e-05
Saving model (sel-micro)
Saving model (sel-macro)
Epoch 3: Loss - 0.014432210618541625, EL Loss: 0.30824335964587707, Valid loss - 0.025114108622074128, AUC - 0.9761356655783109, termAUC - 0.8747489696666073, lr - 5e-05
Epoch 4: Loss - 0.013655582347322844, EL Loss: 0.30490215805004056, Valid loss - 0.02522313729342487, AUC - 0.9760480792797385, termAUC - 0.8747073456131048, lr - 5e-06
Epoch 5: Loss - 0.013565645265074911, EL Loss: 0.30418417779628937, Valid loss - 0.025343685155665433, AUC - 0.9758851917277226, termAUC - 0.8746907339053092, lr - 5e-06
Epoch 6: Loss - 0.013504913352019116, EL Loss: 0.3034209282940416, Valid loss - 0.025438596949809128, AUC - 0.9757263997780607, termAUC - 0.8745056779000677, lr - 5e-06
Epoch 7: Loss - 0.013442315781277935, EL Loss: 0.30257481836341604, Valid loss - 0.025520908121985417, AUC - 0.9756070277569544, termAUC - 0.8744255076243094, lr - 5e-06
Epoch 8: Loss - 0.013393896198681745, EL Loss: 0.3017016984921685, Valid loss - 0.025606733788218764, AUC - 0.9755019537090933, termAUC - 0.874234562510541, lr - 5e-06
Epoch 9: Loss - 0.013342315669829, EL Loss: 0.3007683766061643, Valid loss - 0.025695468299090862, AUC - 0.9753738468412942, termAUC - 0.8740959634641122, lr - 5e-06
Loading the best model: neuralgobox_zs_cc_s2_sel-loss
Test Loss - 0.02269003304572385, AUC - 0.977388416247145
Loading the best model: neuralgobox_zs_cc_s2_sel-micro
Test Loss - 0.0233612667688709, AUC - 0.9787245706479925
Loading the best model: neuralgobox_zs_cc_s2_sel-macro
Test Loss - 0.0233612667688709, AUC - 0.9787245706479925
=== end=2026-09-11T00:07:31+01:00
