=== command: python deepgozero.py -dr data -ont bp -m deepgozero_zs_bp_s1 -s 1 -ep 128 --zero-shot
=== start=2026-09-10T20:22:39+01:00
=== gpu: NVIDIA A100-PCIE-40GB
Epoch 0: Loss - 0.03499508372238909, EL Loss: 22.495159168376375, Valid loss - 0.03224712680556521, AUC - 0.6343706950114745, termAUC - 0.5874789451192638
Saving model (sel-loss)
Saving model (sel-micro)
Saving model (sel-macro)
Epoch 1: Loss - 0.031087774455858978, EL Loss: 1.4431244115973516, Valid loss - 0.03150933953803896, AUC - 0.6716040148142759, termAUC - 0.5819937237785042
Saving model (sel-loss)
Saving model (sel-micro)
Epoch 2: Loss - 0.03000836463329129, EL Loss: 0.7100127194852999, Valid loss - 0.02900405384797529, AUC - 0.789881037721437, termAUC - 0.5839109534570478
Saving model (sel-loss)
Saving model (sel-micro)
Epoch 3: Loss - 0.023422124895889754, EL Loss: 0.4684444470150724, Valid loss - 0.02192053126652312, AUC - 0.9147081750048305, termAUC - 0.5818378298700427
Saving model (sel-loss)
Saving model (sel-micro)
Epoch 4: Loss - 0.020969434389534337, EL Loss: 0.3099841591833545, Valid loss - 0.021243847265148795, AUC - 0.9238077346855776, termAUC - 0.5862846782343265
Saving model (sel-loss)
Saving model (sel-micro)
Epoch 5: Loss - 0.020279402454332452, EL Loss: 0.2303995952460306, Valid loss - 0.021134656890980062, AUC - 0.9255574515152483, termAUC - 0.5926368943193149
Saving model (sel-loss)
Saving model (sel-micro)
Saving model (sel-macro)
Epoch 6: Loss - 0.02013491804831994, EL Loss: 0.21387682407286443, Valid loss - 0.021166453341527884, AUC - 0.9256238292196884, termAUC - 0.5950286703062526
Saving model (sel-micro)
Saving model (sel-macro)
Epoch 7: Loss - 0.020082955693033987, EL Loss: 0.19217489815607816, Valid loss - 0.02110320883525523, AUC - 0.925931329005756, termAUC - 0.5968624335699155
Saving model (sel-loss)
Saving model (sel-micro)
Saving model (sel-macro)
Epoch 8: Loss - 0.019989930719821074, EL Loss: 0.16562605059996396, Valid loss - 0.021142036320999362, AUC - 0.9257856510429789, termAUC - 0.600558148206121
Saving model (sel-macro)
Epoch 9: Loss - 0.01993263250333708, EL Loss: 0.13661155959347437, Valid loss - 0.021150779114752417, AUC - 0.9257912829736923, termAUC - 0.6015715884169772
Saving model (sel-macro)
Epoch 10: Loss - 0.019849310978225596, EL Loss: 0.10763373873452638, Valid loss - 0.021066702871478552, AUC - 0.9264134562024818, termAUC - 0.6070157442403484
Saving model (sel-loss)
Saving model (sel-micro)
Saving model (sel-macro)
Epoch 11: Loss - 0.019727363730878168, EL Loss: 0.0804135696334861, Valid loss - 0.020973577867231228, AUC - 0.9273148123217451, termAUC - 0.6145935784794353
Saving model (sel-loss)
Saving model (sel-micro)
Saving model (sel-macro)
Epoch 12: Loss - 0.019557147429668794, EL Loss: 0.05501716704296106, Valid loss - 0.020850840468724437, AUC - 0.9286947126827672, termAUC - 0.6261440296968834
Saving model (sel-loss)
Saving model (sel-micro)
Saving model (sel-macro)
Epoch 13: Loss - 0.019120745980530676, EL Loss: 0.03186448622209263, Valid loss - 0.02039400607174793, AUC - 0.9326891955404198, termAUC - 0.6568546555895369
Saving model (sel-loss)
Saving model (sel-micro)
Saving model (sel-macro)
Epoch 14: Loss - 0.01829541826045024, EL Loss: 0.015068992603019075, Valid loss - 0.01980064207354918, AUC - 0.9385241253769481, termAUC - 0.7049782619066683
Saving model (sel-loss)
Saving model (sel-micro)
Saving model (sel-macro)
Epoch 15: Loss - 0.01715162244793475, EL Loss: 0.0053029672454070155, Valid loss - 0.019148362633951057, AUC - 0.9434724314216149, termAUC - 0.742684542875537
Saving model (sel-loss)
Saving model (sel-micro)
Saving model (sel-macro)
Epoch 16: Loss - 0.015885409536915033, EL Loss: 0.002230206635397571, Valid loss - 0.018781231124176095, AUC - 0.947057148862747, termAUC - 0.7692031586606152
Saving model (sel-loss)
Saving model (sel-micro)
Saving model (sel-macro)
Epoch 17: Loss - 0.014911545491773754, EL Loss: 0.0019908038626795044, Valid loss - 0.01870168215712372, AUC - 0.9486326524809902, termAUC - 0.7866654704217626
Saving model (sel-loss)
Saving model (sel-micro)
Saving model (sel-macro)
Epoch 18: Loss - 0.014152808891830059, EL Loss: 0.0018075193451806948, Valid loss - 0.01865349513238037, AUC - 0.9495208963571613, termAUC - 0.7944976025828709
Saving model (sel-loss)
Saving model (sel-micro)
Saving model (sel-macro)
Epoch 19: Loss - 0.013547161645973773, EL Loss: 0.0016411546482304204, Valid loss - 0.018785101910497967, AUC - 0.9494676551679392, termAUC - 0.7995597734150894
Saving model (sel-macro)
Epoch 20: Loss - 0.012846717845228674, EL Loss: 0.0015547565277593714, Valid loss - 0.018770013985205565, AUC - 0.9496199338857915, termAUC - 0.8004089193311374
Saving model (sel-micro)
Saving model (sel-macro)
Epoch 21: Loss - 0.012766403960544504, EL Loss: 0.0015397445012156662, Valid loss - 0.018799054485727225, AUC - 0.9494671784727079, termAUC - 0.8007496746152234
Saving model (sel-macro)
Epoch 22: Loss - 0.01270618404771795, EL Loss: 0.0015249606205682876, Valid loss - 0.018827643288632498, AUC - 0.94933892692141, termAUC - 0.8012244707883251
Saving model (sel-macro)
Epoch 23: Loss - 0.012648767447943124, EL Loss: 0.0015103205470195131, Valid loss - 0.018850622273093424, AUC - 0.9493464302642783, termAUC - 0.8018565923354846
Saving model (sel-macro)
Epoch 24: Loss - 0.01258578996508044, EL Loss: 0.001495790785870361, Valid loss - 0.018871239849076366, AUC - 0.9492630018713016, termAUC - 0.8021637170338639
Saving model (sel-macro)
Epoch 25: Loss - 0.012530792138440423, EL Loss: 0.0014814147592243023, Valid loss - 0.018897231557215285, AUC - 0.9491223261706855, termAUC - 0.802350779033543
Saving model (sel-macro)
Epoch 26: Loss - 0.012496623925873354, EL Loss: 0.0014672039600960639, Valid loss - 0.018921780498661347, AUC - 0.9491375924828903, termAUC - 0.8028100571799088
Saving model (sel-macro)
Epoch 27: Loss - 0.012438376815405282, EL Loss: 0.0014530705555149525, Valid loss - 0.018936568328382954, AUC - 0.9490762768041715, termAUC - 0.8030795797696749
Saving model (sel-macro)
Epoch 28: Loss - 0.012395089242959397, EL Loss: 0.0014390391072202084, Valid loss - 0.018966464165425457, AUC - 0.9490407063578113, termAUC - 0.8031590393725565
Saving model (sel-macro)
Epoch 29: Loss - 0.012334206118086088, EL Loss: 0.0014251126749239037, Valid loss - 0.018980244809872662, AUC - 0.948888253704347, termAUC - 0.803099403419208
Epoch 30: Loss - 0.012279608352203571, EL Loss: 0.0014112617249335837, Valid loss - 0.019026144654397538, AUC - 0.9487681098322626, termAUC - 0.8034059689458465
Saving model (sel-macro)
Epoch 31: Loss - 0.012235348247782284, EL Loss: 0.0013974777380102634, Valid loss - 0.01903419846064405, AUC - 0.9487885373024291, termAUC - 0.8037595061909601
Saving model (sel-macro)
Epoch 32: Loss - 0.012191530053758464, EL Loss: 0.0013838074960703308, Valid loss - 0.01904571567051458, AUC - 0.9487408675592854, termAUC - 0.8040177461946647
Saving model (sel-macro)
Epoch 33: Loss - 0.012141226101551265, EL Loss: 0.0013703947350646836, Valid loss - 0.01909361712461868, AUC - 0.9486569407119297, termAUC - 0.8042562027579148
Saving model (sel-macro)
Epoch 34: Loss - 0.012100343080994974, EL Loss: 0.0013571899923684233, Valid loss - 0.019081833877212163, AUC - 0.948663934536068, termAUC - 0.8042115530240124
Epoch 35: Loss - 0.012061635931516622, EL Loss: 0.001344096575994232, Valid loss - 0.019114903562905773, AUC - 0.9484818865733926, termAUC - 0.8041495278925894
Epoch 36: Loss - 0.012010213043569572, EL Loss: 0.0013312787697834449, Valid loss - 0.019151738863315015, AUC - 0.9484324608725234, termAUC - 0.8044600547841474
Saving model (sel-macro)
Epoch 37: Loss - 0.011968544241413186, EL Loss: 0.0013187429838828991, Valid loss - 0.019183143529276185, AUC - 0.9483611638463356, termAUC - 0.8046808448727886
Saving model (sel-macro)
Epoch 38: Loss - 0.011925189547193122, EL Loss: 0.0013063548439911673, Valid loss - 0.019175468950180817, AUC - 0.9484081599887314, termAUC - 0.8047504775951354
Saving model (sel-macro)
Epoch 39: Loss - 0.011885592895022527, EL Loss: 0.00129414371760904, Valid loss - 0.019180926050226026, AUC - 0.9483003543881943, termAUC - 0.8046779953533724
Epoch 40: Loss - 0.011845870637843467, EL Loss: 0.0012820447290296025, Valid loss - 0.019251731384718262, AUC - 0.948125712578084, termAUC - 0.8046444468820124
Epoch 41: Loss - 0.011801645331413684, EL Loss: 0.0012700743012896384, Valid loss - 0.019271685359444443, AUC - 0.9481366822197062, termAUC - 0.8049289783084719
Saving model (sel-macro)
Epoch 42: Loss - 0.011764565163517787, EL Loss: 0.0012581287385458682, Valid loss - 0.01926949384024009, AUC - 0.9480278024731679, termAUC - 0.8047370915061033
Epoch 43: Loss - 0.011726229569905725, EL Loss: 0.0012462128184253882, Valid loss - 0.019317001240044242, AUC - 0.948061951115905, termAUC - 0.8049985581529003
Saving model (sel-macro)
Epoch 44: Loss - 0.011692079206124976, EL Loss: 0.0012344607370447492, Valid loss - 0.019323781743300277, AUC - 0.9479288346776084, termAUC - 0.8046963834610862
Epoch 45: Loss - 0.011651556889831697, EL Loss: 0.0012227487526718587, Valid loss - 0.019349073898663978, AUC - 0.9477723931042814, termAUC - 0.8047700797817923
Epoch 46: Loss - 0.011609348939914952, EL Loss: 0.001211065548673376, Valid loss - 0.019379779492930467, AUC - 0.9477177476840731, termAUC - 0.804574884834024
Epoch 47: Loss - 0.011574823173783045, EL Loss: 0.001199389309304933, Valid loss - 0.01940759207855984, AUC - 0.9476117255855966, termAUC - 0.8047371639137388
Epoch 48: Loss - 0.011546523138912471, EL Loss: 0.001187809062439957, Valid loss - 0.01943877435579205, AUC - 0.9475150534473873, termAUC - 0.804550780517848
Epoch 49: Loss - 0.011503437435143359, EL Loss: 0.0011763494085927373, Valid loss - 0.01944734598972545, AUC - 0.9473834853161129, termAUC - 0.8043826058300185
Epoch 50: Loss - 0.011465341619401305, EL Loss: 0.0011650453224968623, Valid loss - 0.019481026697040393, AUC - 0.947349826101249, termAUC - 0.8043943456610917
Epoch 51: Loss - 0.011449483688920736, EL Loss: 0.0011539379622438081, Valid loss - 0.01950290346431811, AUC - 0.9471602740193135, termAUC - 0.8039968385087035
Epoch 52: Loss - 0.011403354696386965, EL Loss: 0.0011430296272841606, Valid loss - 0.019538783240101196, AUC - 0.9472165057398629, termAUC - 0.8047867075903236
Epoch 53: Loss - 0.011386791415841518, EL Loss: 0.0011322843649415235, Valid loss - 0.019591351977197934, AUC - 0.9471575591646352, termAUC - 0.804579197284064
Epoch 54: Loss - 0.011329506320834137, EL Loss: 0.0011215756000196352, Valid loss - 0.019566105468975786, AUC - 0.9469959615358264, termAUC - 0.8040943992215865
Epoch 55: Loss - 0.011301757150281316, EL Loss: 0.001110979530810271, Valid loss - 0.019584767156533452, AUC - 0.9469678836434459, termAUC - 0.8042866261278019
Epoch 56: Loss - 0.01128082413992489, EL Loss: 0.0011004503821055271, Valid loss - 0.019611818987308748, AUC - 0.9469309843618454, termAUC - 0.8045963470541848
Epoch 57: Loss - 0.011231010102347335, EL Loss: 0.0010900704673831197, Valid loss - 0.01965700758510078, AUC - 0.9468370662468842, termAUC - 0.804235190667347
Epoch 58: Loss - 0.011196245104983437, EL Loss: 0.0010797872110129292, Valid loss - 0.01965557189892657, AUC - 0.946757047339862, termAUC - 0.8041662724831742
Epoch 59: Loss - 0.011185413923354042, EL Loss: 0.0010695781038084307, Valid loss - 0.01968858138170858, AUC - 0.9466234825832385, termAUC - 0.8040276082242194
Epoch 60: Loss - 0.011141844893828046, EL Loss: 0.0010593726559766474, Valid loss - 0.019717511955327942, AUC - 0.9465768222616665, termAUC - 0.804296060983195
Epoch 61: Loss - 0.011111818800451657, EL Loss: 0.0010492157831818363, Valid loss - 0.01973019168397646, AUC - 0.9465479150597559, termAUC - 0.8040838376228778
Epoch 62: Loss - 0.011098687984640865, EL Loss: 0.001039324538319824, Valid loss - 0.01974893291635032, AUC - 0.9465212577036595, termAUC - 0.8043410830589411
Epoch 63: Loss - 0.011047802953695911, EL Loss: 0.0010295859155678684, Valid loss - 0.01979689227281422, AUC - 0.9464145909945458, termAUC - 0.8040548950020664
Epoch 64: Loss - 0.01103373309005828, EL Loss: 0.0010199376933260782, Valid loss - 0.019830804213338736, AUC - 0.9463222356301351, termAUC - 0.8040640351358617
Epoch 65: Loss - 0.010990740894033386, EL Loss: 0.00101036496069441, Valid loss - 0.019826648553327615, AUC - 0.9462342425167934, termAUC - 0.8037717932592288
Epoch 66: Loss - 0.010971209065704429, EL Loss: 0.0010009181402056636, Valid loss - 0.019840056933956036, AUC - 0.9462322711631235, termAUC - 0.8040038442863022
Epoch 67: Loss - 0.010940596054067891, EL Loss: 0.0009915487996593267, Valid loss - 0.01987144189411836, AUC - 0.946185454469114, termAUC - 0.8038612231877901
Epoch 68: Loss - 0.010920198234252627, EL Loss: 0.0009822121256490624, Valid loss - 0.019907773934946155, AUC - 0.946100476233595, termAUC - 0.8038167766587716
Epoch 69: Loss - 0.010884574305346938, EL Loss: 0.0009730094090633608, Valid loss - 0.01991223461235201, AUC - 0.9462276290103097, termAUC - 0.8040146588517046
Epoch 70: Loss - 0.010854897150621223, EL Loss: 0.0009639472974335168, Valid loss - 0.019952430192455156, AUC - 0.9460414369147134, termAUC - 0.8038795550460366
Epoch 71: Loss - 0.010832644891899907, EL Loss: 0.0009549634042755058, Valid loss - 0.01996100347933193, AUC - 0.9459790716020173, termAUC - 0.8035590746611542
Epoch 72: Loss - 0.010811807302430584, EL Loss: 0.0009461308745263357, Valid loss - 0.02000262015283305, AUC - 0.9457775352844155, termAUC - 0.8031717263513035
Epoch 73: Loss - 0.01079395056271523, EL Loss: 0.0009373401986102492, Valid loss - 0.020037065056578214, AUC - 0.9456570731943789, termAUC - 0.8030427441583048
Epoch 74: Loss - 0.010754414569329698, EL Loss: 0.0009285547201287963, Valid loss - 0.020057130444622196, AUC - 0.9456840254296214, termAUC - 0.8032034547743452
Epoch 75: Loss - 0.010725945753704015, EL Loss: 0.0009197899533398189, Valid loss - 0.020089408561636674, AUC - 0.9454586077101688, termAUC - 0.8029571956313558
Epoch 76: Loss - 0.010708389067582319, EL Loss: 0.0009110431646474433, Valid loss - 0.02009977059229123, AUC - 0.9454919806650254, termAUC - 0.8028988449246757
Epoch 77: Loss - 0.010681132099206691, EL Loss: 0.0009023054373684309, Valid loss - 0.020131147596121623, AUC - 0.9452712908686907, termAUC - 0.8026288414136915
Epoch 78: Loss - 0.010659906238398286, EL Loss: 0.0008936403389575752, Valid loss - 0.020159753625410677, AUC - 0.9453442162802814, termAUC - 0.8026275980473172
Epoch 79: Loss - 0.010624380169059767, EL Loss: 0.00088500692508213, Valid loss - 0.020193167733929016, AUC - 0.9451499470630976, termAUC - 0.8022671632362287
Epoch 80: Loss - 0.010603818074330446, EL Loss: 0.0008764248393172302, Valid loss - 0.020196334169005715, AUC - 0.9451283536449502, termAUC - 0.8024068435208318
Epoch 81: Loss - 0.010584942772869081, EL Loss: 0.0008679050027005415, Valid loss - 0.020244145130627597, AUC - 0.9448836641621665, termAUC - 0.8019708288622945
Epoch 82: Loss - 0.01056473308346017, EL Loss: 0.0008594623224800387, Valid loss - 0.020287538465383826, AUC - 0.9450442018064721, termAUC - 0.8024615136213118
Epoch 83: Loss - 0.010542205398892198, EL Loss: 0.0008510803311178064, Valid loss - 0.020292133111383347, AUC - 0.9448409999669495, termAUC - 0.802035457785891
Epoch 84: Loss - 0.01051089399307389, EL Loss: 0.0008427543156869756, Valid loss - 0.020312007128057495, AUC - 0.9448112810503052, termAUC - 0.802047815662736
Epoch 85: Loss - 0.010501435934042949, EL Loss: 0.0008344995403012346, Valid loss - 0.020328511483967304, AUC - 0.9448832758907822, termAUC - 0.8019328015201526
Epoch 86: Loss - 0.010465940760483202, EL Loss: 0.0008263477441868482, Valid loss - 0.020366333036479965, AUC - 0.9447166159840282, termAUC - 0.8016042540904218
Epoch 87: Loss - 0.010450173250892243, EL Loss: 0.0008182561854719337, Valid loss - 0.020373497491344712, AUC - 0.9446489468477597, termAUC - 0.8016613750392345
Epoch 88: Loss - 0.010426430033821408, EL Loss: 0.0008102042067039968, Valid loss - 0.02038687831469324, AUC - 0.9447447496471274, termAUC - 0.8015003776149461
Epoch 89: Loss - 0.010405720938732927, EL Loss: 0.0008021697083143279, Valid loss - 0.020420987572249593, AUC - 0.9445195935577131, termAUC - 0.8013654790157009
Epoch 90: Loss - 0.01039458580941285, EL Loss: 0.0007941739125636073, Valid loss - 0.02044332146471897, AUC - 0.9445395851500314, termAUC - 0.8012767437030568
Epoch 91: Loss - 0.01036369176776279, EL Loss: 0.0007863123788470208, Valid loss - 0.0204840140503566, AUC - 0.9443965837212235, termAUC - 0.8010445749996162
Epoch 92: Loss - 0.010341776828162551, EL Loss: 0.0007785262484435283, Valid loss - 0.020496184431904593, AUC - 0.9442386226139288, termAUC - 0.8006547495939768
Epoch 93: Loss - 0.010328795496117552, EL Loss: 0.0007707522282092655, Valid loss - 0.0205499002438606, AUC - 0.9441602615014647, termAUC - 0.800338158906557
Epoch 94: Loss - 0.01030484551389281, EL Loss: 0.0007630580539168036, Valid loss - 0.020559123322515693, AUC - 0.9440309741451498, termAUC - 0.8000729599679118
Epoch 95: Loss - 0.010276048172245093, EL Loss: 0.0007554714177142884, Valid loss - 0.02058564517523674, AUC - 0.9440308279370894, termAUC - 0.8002545957293506
Epoch 96: Loss - 0.010266494928584322, EL Loss: 0.0007481300863592454, Valid loss - 0.020596554897577557, AUC - 0.9439944571762091, termAUC - 0.8002076237734305
Epoch 97: Loss - 0.010246780442721756, EL Loss: 0.0007409755230086295, Valid loss - 0.02064735566987502, AUC - 0.94387265990318, termAUC - 0.7999346804190182
Epoch 98: Loss - 0.010220290334082961, EL Loss: 0.000733824009811585, Valid loss - 0.02064487190658091, AUC - 0.9438661010601213, termAUC - 0.7998905327711707
Epoch 99: Loss - 0.010205568597124678, EL Loss: 0.0007266863180709661, Valid loss - 0.020680791464023636, AUC - 0.9439095976802024, termAUC - 0.7997816391482728
Epoch 100: Loss - 0.010196191647921788, EL Loss: 0.0007195904880987897, Valid loss - 0.020688222850740744, AUC - 0.9439291584539772, termAUC - 0.7999484697449862
Epoch 101: Loss - 0.01016089608218293, EL Loss: 0.0007125867251523191, Valid loss - 0.020729750690870727, AUC - 0.9436672283353258, termAUC - 0.799631752306636
Epoch 102: Loss - 0.01014874975855652, EL Loss: 0.0007056792770381829, Valid loss - 0.020733308830353993, AUC - 0.9437356809558104, termAUC - 0.7995063517614435
Epoch 103: Loss - 0.010133170478383554, EL Loss: 0.0006987934788825361, Valid loss - 0.02078045600568814, AUC - 0.9435673514384123, termAUC - 0.7992398117288761
Epoch 104: Loss - 0.0101084133911673, EL Loss: 0.0006919026814507916, Valid loss - 0.02079657721179013, AUC - 0.9435436570869069, termAUC - 0.7992166763435826
Epoch 105: Loss - 0.010095918057291637, EL Loss: 0.0006850932815038591, Valid loss - 0.02084505245928338, AUC - 0.9435561867928344, termAUC - 0.7993092611441647
Epoch 106: Loss - 0.01009118787101726, EL Loss: 0.0006783614561375083, Valid loss - 0.020837426746868535, AUC - 0.94354491760222, termAUC - 0.799298629672698
Epoch 107: Loss - 0.010060193220558875, EL Loss: 0.0006716373364555078, Valid loss - 0.020893510449554353, AUC - 0.943205115503058, termAUC - 0.7988721461379074
Epoch 108: Loss - 0.010042509738944534, EL Loss: 0.0006649175029493996, Valid loss - 0.020896550138413118, AUC - 0.9431556377822016, termAUC - 0.7985556619300133
Epoch 109: Loss - 0.010047981445551335, EL Loss: 0.0006582189825999008, Valid loss - 0.020940059210044264, AUC - 0.9431528619385354, termAUC - 0.7985726957935393
Epoch 110: Loss - 0.010016629979877187, EL Loss: 0.0006516639548202358, Valid loss - 0.020962841327715392, AUC - 0.9431347036652312, termAUC - 0.7984965626603024
Epoch 111: Loss - 0.00999425032690433, EL Loss: 0.0006451553097993892, Valid loss - 0.020975380241624174, AUC - 0.9430696915613981, termAUC - 0.7982572115697795
Epoch 112: Loss - 0.009979668815672905, EL Loss: 0.0006387102961219922, Valid loss - 0.020994399507708896, AUC - 0.9429956697607974, termAUC - 0.7978569517825022
Epoch 113: Loss - 0.009956627481456162, EL Loss: 0.0006322910334506613, Valid loss - 0.02102019169077968, AUC - 0.9428668636128792, termAUC - 0.7977447344984023
Epoch 114: Loss - 0.009947741232303098, EL Loss: 0.0006258911031170652, Valid loss - 0.021041782813405754, AUC - 0.9427267744610063, termAUC - 0.7972697479904198
Epoch 115: Loss - 0.009924321869311754, EL Loss: 0.0006195159965248146, Valid loss - 0.02105489946803115, AUC - 0.9427617296083429, termAUC - 0.7974292380243194
Epoch 116: Loss - 0.00990787784999639, EL Loss: 0.0006131611782105209, Valid loss - 0.021106186205681585, AUC - 0.9426255891931413, termAUC - 0.7972397477139237
Epoch 117: Loss - 0.009898333030079774, EL Loss: 0.0006068232895786233, Valid loss - 0.021113555341810974, AUC - 0.942679616371701, termAUC - 0.7971464966161299
Epoch 118: Loss - 0.009881140522104792, EL Loss: 0.0006004989734312662, Valid loss - 0.021131475517735972, AUC - 0.9426236955034312, termAUC - 0.7970703269828013
Epoch 119: Loss - 0.0098712159415215, EL Loss: 0.000594197775238705, Valid loss - 0.021173553590644274, AUC - 0.942613142204128, termAUC - 0.7969067328529978
Epoch 120: Loss - 0.009853814023573566, EL Loss: 0.0005879805864813853, Valid loss - 0.021169940373607424, AUC - 0.9426184212426194, termAUC - 0.7970891896349472
Epoch 121: Loss - 0.00983358597300664, EL Loss: 0.0005818156806927385, Valid loss - 0.02118575239911774, AUC - 0.942378977501081, termAUC - 0.7965593331457494
Epoch 122: Loss - 0.009830527397494484, EL Loss: 0.0005756492870243008, Valid loss - 0.02120143308347424, AUC - 0.9423753180362308, termAUC - 0.7965341446406458
Epoch 123: Loss - 0.00979826570647941, EL Loss: 0.0005694921904403679, Valid loss - 0.02127220653096177, AUC - 0.9423987082010409, termAUC - 0.79650575472672
Epoch 124: Loss - 0.009791980317550675, EL Loss: 0.0005633832998541317, Valid loss - 0.021296535711118718, AUC - 0.9421170609468428, termAUC - 0.7961773119145878
Epoch 125: Loss - 0.00978165315276576, EL Loss: 0.000557344126670912, Valid loss - 0.021291296145823223, AUC - 0.9421965018419762, termAUC - 0.7961331699915316
Epoch 126: Loss - 0.0097502293753222, EL Loss: 0.0005514082756477079, Valid loss - 0.021330211071038482, AUC - 0.9419437347448086, termAUC - 0.7956756637480087
Epoch 127: Loss - 0.009746452591127315, EL Loss: 0.0005455273878508147, Valid loss - 0.021346606826101313, AUC - 0.9419388685647664, termAUC - 0.7955639313783962
Loading the best model: deepgozero_zs_bp_s1_sel-loss
Test Loss - 0.017649400551375503, AUC - 0.9515449644416668
Loading the best model: deepgozero_zs_bp_s1_sel-micro
Test Loss - 0.017755709840236483, AUC - 0.9516977180938202
Loading the best model: deepgozero_zs_bp_s1_sel-macro
Test Loss - 0.01826627295766328, AUC - 0.9501648100192136
=== end=2026-09-10T23:06:29+01:00
