=== command: python deepgozero.py -dr data -ont bp -m deepgozero_zs_bp_s0 -s 0 -ep 128 --zero-shot
=== start=2026-08-27T16:35:01+01:00
=== gpu: NVIDIA A100 80GB PCIe
Epoch 0: Loss - 0.03423681186611665, EL Loss: 22.502985030897452, Valid loss - 0.032161873672774295, AUC - 0.6298246022659287, termAUC - 0.5651011892027971
Saving model (sel-loss)
Saving model (sel-micro)
Saving model (sel-macro)
Epoch 1: Loss - 0.03107154512190708, EL Loss: 1.4580528299814042, Valid loss - 0.03153056793210917, AUC - 0.669490871108444, termAUC - 0.5915816648870642
Saving model (sel-loss)
Saving model (sel-micro)
Saving model (sel-macro)
Epoch 2: Loss - 0.030243947925976688, EL Loss: 0.7119770777216261, Valid loss - 0.03019667065252137, AUC - 0.7442883866348046, termAUC - 0.5826962919396323
Saving model (sel-loss)
Saving model (sel-micro)
Epoch 3: Loss - 0.02525983573861657, EL Loss: 0.4677115762815468, Valid loss - 0.022354010295196874, AUC - 0.9101601433908749, termAUC - 0.5756987221619476
Saving model (sel-loss)
Saving model (sel-micro)
Epoch 4: Loss - 0.021025320344787064, EL Loss: 0.3076530672569408, Valid loss - 0.021335181262072744, AUC - 0.923230657880266, termAUC - 0.5805849129409353
Saving model (sel-loss)
Saving model (sel-micro)
Epoch 5: Loss - 0.020288795652625452, EL Loss: 0.22858532160912992, Valid loss - 0.02119400705648771, AUC - 0.9250462060545872, termAUC - 0.5875762103124821
Saving model (sel-loss)
Saving model (sel-micro)
Epoch 6: Loss - 0.020166285109499183, EL Loss: 0.21244809887928154, Valid loss - 0.02115588111568563, AUC - 0.9255071659404119, termAUC - 0.5911346214892383
Saving model (sel-loss)
Saving model (sel-micro)
Epoch 7: Loss - 0.020076491942125685, EL Loss: 0.190664150207473, Valid loss - 0.02116413212177769, AUC - 0.9252457542403635, termAUC - 0.5932670637579754
Saving model (sel-macro)
Epoch 8: Loss - 0.019998572011478966, EL Loss: 0.1637232448129484, Valid loss - 0.021174677425613072, AUC - 0.9255377150236911, termAUC - 0.59565569570781
Saving model (sel-micro)
Saving model (sel-macro)
Epoch 9: Loss - 0.01992633065322773, EL Loss: 0.13486913808619302, Valid loss - 0.021092154178151627, AUC - 0.9259930886782195, termAUC - 0.599231955573399
Saving model (sel-loss)
Saving model (sel-micro)
Saving model (sel-macro)
Epoch 10: Loss - 0.01981382023241576, EL Loss: 0.10655521648762117, Valid loss - 0.02113634144381577, AUC - 0.9260796961030566, termAUC - 0.6064298724126564
Saving model (sel-micro)
Saving model (sel-macro)
Epoch 11: Loss - 0.019715111498525447, EL Loss: 0.0796195087300817, Valid loss - 0.020951381347925457, AUC - 0.9271389353373717, termAUC - 0.6130253672255054
Saving model (sel-loss)
Saving model (sel-micro)
Saving model (sel-macro)
Epoch 12: Loss - 0.01947744264491739, EL Loss: 0.05457275342066375, Valid loss - 0.020782926058186994, AUC - 0.9292014308812686, termAUC - 0.6296210415740539
Saving model (sel-loss)
Saving model (sel-micro)
Saving model (sel-macro)
Epoch 13: Loss - 0.019016216069713848, EL Loss: 0.032020043450430045, Valid loss - 0.020299520065995637, AUC - 0.9329941542660858, termAUC - 0.658102314806593
Saving model (sel-loss)
Saving model (sel-micro)
Saving model (sel-macro)
Epoch 14: Loss - 0.018164214581441594, EL Loss: 0.01516543246450741, Valid loss - 0.019736582111098515, AUC - 0.9381995068863559, termAUC - 0.7040143193904003
Saving model (sel-loss)
Saving model (sel-micro)
Saving model (sel-macro)
Epoch 15: Loss - 0.017055940650920018, EL Loss: 0.005492941444482882, Valid loss - 0.019248752330510033, AUC - 0.9434281790538339, termAUC - 0.7444679132684926
Saving model (sel-loss)
Saving model (sel-micro)
Saving model (sel-macro)
Epoch 16: Loss - 0.015851755582494482, EL Loss: 0.0022604953965473717, Valid loss - 0.01881085598952328, AUC - 0.946291245256918, termAUC - 0.7687487855748821
Saving model (sel-loss)
Saving model (sel-micro)
Saving model (sel-macro)
Epoch 17: Loss - 0.01488247083602466, EL Loss: 0.0020051987231784808, Valid loss - 0.01867172968209974, AUC - 0.9478944622854131, termAUC - 0.7821507699203398
Saving model (sel-loss)
Saving model (sel-micro)
Saving model (sel-macro)
Epoch 18: Loss - 0.014137139633344089, EL Loss: 0.0018216321119673602, Valid loss - 0.01864290988652517, AUC - 0.9490853573397291, termAUC - 0.7934656140811811
Saving model (sel-loss)
Saving model (sel-micro)
Saving model (sel-macro)
Epoch 19: Loss - 0.013533712629846345, EL Loss: 0.001655090329007157, Valid loss - 0.01868931537136337, AUC - 0.9494342409196038, termAUC - 0.8000088700448829
Saving model (sel-micro)
Saving model (sel-macro)
Epoch 20: Loss - 0.012850019036944433, EL Loss: 0.0015690703390275815, Valid loss - 0.018751659831463895, AUC - 0.9493537620003365, termAUC - 0.8005100392542968
Saving model (sel-macro)
Epoch 21: Loss - 0.012764577017296294, EL Loss: 0.0015540702465422435, Valid loss - 0.01881105022270553, AUC - 0.9492293248641542, termAUC - 0.8011837600623001
Saving model (sel-macro)
Epoch 22: Loss - 0.012701115125139538, EL Loss: 0.0015393400761009556, Valid loss - 0.018812124154820347, AUC - 0.9491068605514272, termAUC - 0.8010520633141851
Epoch 23: Loss - 0.012648432570748394, EL Loss: 0.0015248220967955593, Valid loss - 0.018863835452210823, AUC - 0.9491533130608651, termAUC - 0.8017651735159879
Saving model (sel-macro)
Epoch 24: Loss - 0.012576529358879401, EL Loss: 0.0015104210567260254, Valid loss - 0.01892326136323198, AUC - 0.9489020503188913, termAUC - 0.8020903929085175
Saving model (sel-macro)
Epoch 25: Loss - 0.012530294023879814, EL Loss: 0.0014961063668873424, Valid loss - 0.018926774509349802, AUC - 0.9488888945672731, termAUC - 0.8022853520452001
Saving model (sel-macro)
Epoch 26: Loss - 0.012478083453633866, EL Loss: 0.0014819663353798165, Valid loss - 0.018922996349534055, AUC - 0.9489384131588642, termAUC - 0.8028868863907845
Saving model (sel-macro)
Epoch 27: Loss - 0.01243516000811556, EL Loss: 0.0014679356690786207, Valid loss - 0.018956270734995406, AUC - 0.9488445833580963, termAUC - 0.8030641787300675
Saving model (sel-macro)
Epoch 28: Loss - 0.012373219129840803, EL Loss: 0.0014539492415014646, Valid loss - 0.01899584862619441, AUC - 0.948690267522838, termAUC - 0.8034088277957542
Saving model (sel-macro)
Epoch 29: Loss - 0.012332914343376454, EL Loss: 0.0014400946573872987, Valid loss - 0.019010019303601702, AUC - 0.9486838108891664, termAUC - 0.8035319066930982
Saving model (sel-macro)
Epoch 30: Loss - 0.01229705300043596, EL Loss: 0.0014263214104311825, Valid loss - 0.019049200272520647, AUC - 0.9485752362032237, termAUC - 0.803653006159026
Saving model (sel-macro)
Epoch 31: Loss - 0.012258170838420885, EL Loss: 0.001412700173570569, Valid loss - 0.019047859531907452, AUC - 0.9484606509356646, termAUC - 0.8037503652090019
Saving model (sel-macro)
Epoch 32: Loss - 0.01217657174896319, EL Loss: 0.0013992024466033238, Valid loss - 0.01908674595618485, AUC - 0.9485281904607795, termAUC - 0.8040593874057544
Saving model (sel-macro)
Epoch 33: Loss - 0.012140984309001845, EL Loss: 0.0013858063237007208, Valid loss - 0.01912505389345403, AUC - 0.9483877419776443, termAUC - 0.8041428269801093
Saving model (sel-macro)
Epoch 34: Loss - 0.012097245383802815, EL Loss: 0.0013725155058961092, Valid loss - 0.0191520925253531, AUC - 0.9482754159851159, termAUC - 0.8042411116860222
Saving model (sel-macro)
Epoch 35: Loss - 0.01205321575610918, EL Loss: 0.0013593085574406026, Valid loss - 0.019157120396709994, AUC - 0.948236022969712, termAUC - 0.8043642441590391
Saving model (sel-macro)
Epoch 36: Loss - 0.012010837843790246, EL Loss: 0.0013462969217028131, Valid loss - 0.019173027047060972, AUC - 0.9481404579785833, termAUC - 0.8043395529524359
Epoch 37: Loss - 0.011965321922295321, EL Loss: 0.0013333942632405137, Valid loss - 0.01921421598445698, AUC - 0.9480295740142921, termAUC - 0.8042214150120862
Epoch 38: Loss - 0.011920478097743865, EL Loss: 0.0013205293253263262, Valid loss - 0.01926626968166686, AUC - 0.9480061741893033, termAUC - 0.8046453206618351
Saving model (sel-macro)
Epoch 39: Loss - 0.011890192242017511, EL Loss: 0.0013077020625122855, Valid loss - 0.019230640012252803, AUC - 0.9479359108501894, termAUC - 0.8046151362964982
Epoch 40: Loss - 0.011839809453823279, EL Loss: 0.0012950342610055664, Valid loss - 0.019265152890210514, AUC - 0.9478066735070564, termAUC - 0.8044311795908683
Epoch 41: Loss - 0.01181128552857293, EL Loss: 0.0012826138024711095, Valid loss - 0.019287459564623455, AUC - 0.9477652992485459, termAUC - 0.8046853340392455
Saving model (sel-macro)
Epoch 42: Loss - 0.011757378881951573, EL Loss: 0.0012703142797979826, Valid loss - 0.019346680504498105, AUC - 0.9476103936585053, termAUC - 0.8045611134873117
Epoch 43: Loss - 0.011732637653910749, EL Loss: 0.001258231833105363, Valid loss - 0.019371212861001096, AUC - 0.9474938861650275, termAUC - 0.8044961124691202
Epoch 44: Loss - 0.011686852603997835, EL Loss: 0.0012462230243790089, Valid loss - 0.01936799765792706, AUC - 0.9475396645168157, termAUC - 0.804742338533841
Saving model (sel-macro)
Epoch 45: Loss - 0.011644731065810973, EL Loss: 0.001234300356227717, Valid loss - 0.01938903210252918, AUC - 0.9474629831449459, termAUC - 0.8046942124904585
Epoch 46: Loss - 0.01162585851286937, EL Loss: 0.001222604069076796, Valid loss - 0.019430221508670326, AUC - 0.9472555350291896, termAUC - 0.8046591649340353
Epoch 47: Loss - 0.011576469953003824, EL Loss: 0.0012110490388886918, Valid loss - 0.01943867282929602, AUC - 0.9473130474255914, termAUC - 0.8045655131573953
Epoch 48: Loss - 0.011544089445499466, EL Loss: 0.0011997476630785742, Valid loss - 0.01944674464522411, AUC - 0.947181157025732, termAUC - 0.8044522428143825
Epoch 49: Loss - 0.01150588318272721, EL Loss: 0.001188681013741488, Valid loss - 0.019511253770366804, AUC - 0.9471301444340908, termAUC - 0.804642417374887
Epoch 50: Loss - 0.011472716876669944, EL Loss: 0.0011776695412090935, Valid loss - 0.01953552815051663, AUC - 0.9470809359600891, termAUC - 0.8045523585837197
Epoch 51: Loss - 0.011456908037385374, EL Loss: 0.0011667820147442827, Valid loss - 0.019527794965943753, AUC - 0.9470459665948493, termAUC - 0.8045514346035731
Epoch 52: Loss - 0.011411063487430144, EL Loss: 0.0011560013804492403, Valid loss - 0.019584377450461418, AUC - 0.9468831380585737, termAUC - 0.8043616968806945
Epoch 53: Loss - 0.011371474550051526, EL Loss: 0.001145355778098493, Valid loss - 0.019615178557717248, AUC - 0.9466710226277013, termAUC - 0.8041836209576125
Epoch 54: Loss - 0.011341095829886074, EL Loss: 0.0011347635024415487, Valid loss - 0.019625949031913913, AUC - 0.9465790939131351, termAUC - 0.804010454941165
Epoch 55: Loss - 0.011303228365097232, EL Loss: 0.0011242515502907307, Valid loss - 0.019618570163155234, AUC - 0.9466682974689163, termAUC - 0.8040377405080029
Epoch 56: Loss - 0.011269052273800883, EL Loss: 0.0011139205021395598, Valid loss - 0.019669942206252886, AUC - 0.9464632450466085, termAUC - 0.8040676838265306
Epoch 57: Loss - 0.011243154907254265, EL Loss: 0.0011037283940969352, Valid loss - 0.019667111577725174, AUC - 0.9465079992533401, termAUC - 0.8041673011313696
Epoch 58: Loss - 0.011200718580594389, EL Loss: 0.0010935865496995835, Valid loss - 0.019725859794296967, AUC - 0.9463243707273974, termAUC - 0.8041076537885241
Epoch 59: Loss - 0.01117629520371441, EL Loss: 0.0010835142688224082, Valid loss - 0.019744565223177142, AUC - 0.9463548801115592, termAUC - 0.8042670829538048
Epoch 60: Loss - 0.011147765839496941, EL Loss: 0.0010734843045089315, Valid loss - 0.019752896495706197, AUC - 0.9462958458718311, termAUC - 0.8042445075745487
Epoch 61: Loss - 0.011116069646322802, EL Loss: 0.0010634804724143582, Valid loss - 0.019793329001805245, AUC - 0.9461335761759838, termAUC - 0.8038611202498273
Epoch 62: Loss - 0.011090418739038023, EL Loss: 0.001053503067860283, Valid loss - 0.019837283806887682, AUC - 0.9460081465979981, termAUC - 0.8038807314566552
Epoch 63: Loss - 0.011054586355107686, EL Loss: 0.001043610882477894, Valid loss - 0.01983182124842871, AUC - 0.94605459180602, termAUC - 0.8039451838510049
Epoch 64: Loss - 0.011026168577185465, EL Loss: 0.001033875162624498, Valid loss - 0.019867831397036843, AUC - 0.9460034156916651, termAUC - 0.8039887656987762
Epoch 65: Loss - 0.010997167887998633, EL Loss: 0.001024257812806276, Valid loss - 0.019911136761899817, AUC - 0.945713795868312, termAUC - 0.803610314005639
Epoch 66: Loss - 0.01097538847927838, EL Loss: 0.001014769922146223, Valid loss - 0.01989467136734566, AUC - 0.9457791078507763, termAUC - 0.803813139352236
Epoch 67: Loss - 0.010940704207238326, EL Loss: 0.0010053357201405475, Valid loss - 0.01993713328701179, AUC - 0.9457461165860016, termAUC - 0.8037652719513666
Epoch 68: Loss - 0.01093597576349662, EL Loss: 0.0009959121528683962, Valid loss - 0.019954182694832616, AUC - 0.9454360229024716, termAUC - 0.803515901347721
Epoch 69: Loss - 0.010888534609234144, EL Loss: 0.0009866750661693484, Valid loss - 0.019999173747387942, AUC - 0.9454988356465891, termAUC - 0.803283505520195
Epoch 70: Loss - 0.010850724388140462, EL Loss: 0.0009775570795584924, Valid loss - 0.0200111393798266, AUC - 0.9455054076028423, termAUC - 0.803391802711825
Epoch 71: Loss - 0.010831587667642615, EL Loss: 0.0009685025039045277, Valid loss - 0.02004096418964547, AUC - 0.9453194654654961, termAUC - 0.8032101062138844
Epoch 72: Loss - 0.01081386555886541, EL Loss: 0.0009594873504371957, Valid loss - 0.020080955261179548, AUC - 0.9452007505773622, termAUC - 0.8029909878787597
Epoch 73: Loss - 0.010790546129635837, EL Loss: 0.0009504850944529391, Valid loss - 0.020075538393036024, AUC - 0.9452730198335925, termAUC - 0.8032094181732146
Epoch 74: Loss - 0.010750709750092971, EL Loss: 0.0009414949021980276, Valid loss - 0.02010433047713823, AUC - 0.9450146762237341, termAUC - 0.8027659101993452
Epoch 75: Loss - 0.010734063110766625, EL Loss: 0.000932513247442444, Valid loss - 0.020176014739600633, AUC - 0.944959481221212, termAUC - 0.802709696364861
Epoch 76: Loss - 0.010709973100838299, EL Loss: 0.0009235361149396796, Valid loss - 0.020134587075240566, AUC - 0.9449823424335597, termAUC - 0.8027529005008752
Epoch 77: Loss - 0.010678135561067855, EL Loss: 0.0009146083758077725, Valid loss - 0.020152284171654294, AUC - 0.9448727868960937, termAUC - 0.8024567588566041
Epoch 78: Loss - 0.010659120030453, EL Loss: 0.0009057839255614782, Valid loss - 0.020179487690822968, AUC - 0.9449195130764491, termAUC - 0.8026214876634061
Epoch 79: Loss - 0.010643819326824868, EL Loss: 0.0008970425084758461, Valid loss - 0.020244308858369756, AUC - 0.9447844957262607, termAUC - 0.8025898045593888
Epoch 80: Loss - 0.010608412822424257, EL Loss: 0.000888313612079004, Valid loss - 0.020269486214348813, AUC - 0.9445834961360422, termAUC - 0.8022195926546647
Epoch 81: Loss - 0.01058524637356816, EL Loss: 0.0008796051621262495, Valid loss - 0.02029751017936413, AUC - 0.944611035594071, termAUC - 0.8022110442657376
Epoch 82: Loss - 0.010552979440166449, EL Loss: 0.0008710057314703174, Valid loss - 0.0203218221022988, AUC - 0.9445083140943037, termAUC - 0.8020175660632731
Epoch 83: Loss - 0.010541844078196078, EL Loss: 0.0008625096443457649, Valid loss - 0.020355102100366392, AUC - 0.9443600360751387, termAUC - 0.8017838608528257
Epoch 84: Loss - 0.010518197763399571, EL Loss: 0.00085406247573298, Valid loss - 0.020358584704037928, AUC - 0.9443613911379091, termAUC - 0.801571281144025
Epoch 85: Loss - 0.010499735037838761, EL Loss: 0.0008456673990090332, Valid loss - 0.02039916447629005, AUC - 0.9440577130528064, termAUC - 0.8012025186671439
Epoch 86: Loss - 0.01047660118815836, EL Loss: 0.000837280510222838, Valid loss - 0.020420996977990827, AUC - 0.9441831801257018, termAUC - 0.8014122800847436
Epoch 87: Loss - 0.01046390376449797, EL Loss: 0.0008289123854944721, Valid loss - 0.020438706366629, AUC - 0.9439476997215035, termAUC - 0.8010138575431371
Epoch 88: Loss - 0.010430735043927416, EL Loss: 0.0008206759514283507, Valid loss - 0.0204476367324492, AUC - 0.9439616008159957, termAUC - 0.8010255969300616
Epoch 89: Loss - 0.010417550574269616, EL Loss: 0.000812533996691949, Valid loss - 0.020490511727599515, AUC - 0.9438470308025314, termAUC - 0.8007927368272172
Epoch 90: Loss - 0.010385609780871803, EL Loss: 0.0008044770408759368, Valid loss - 0.02052385685040264, AUC - 0.9438873841438706, termAUC - 0.8006591279818885
Epoch 91: Loss - 0.010359834681252792, EL Loss: 0.0007965454806380355, Valid loss - 0.02055968197420338, AUC - 0.9437582764213197, termAUC - 0.8006178742617734
Epoch 92: Loss - 0.010348065437043502, EL Loss: 0.0007886775303722196, Valid loss - 0.020594145165176582, AUC - 0.9436903422897058, termAUC - 0.8004551316979786
Epoch 93: Loss - 0.010331778816293023, EL Loss: 0.0007808257313120582, Valid loss - 0.02058261851255862, AUC - 0.9435169447171912, termAUC - 0.800224856308722
Epoch 94: Loss - 0.010300264593883252, EL Loss: 0.0007730326392542857, Valid loss - 0.020606963617714826, AUC - 0.9436712340085345, termAUC - 0.8003670665705304
Epoch 95: Loss - 0.010283152312927646, EL Loss: 0.0007653723586831129, Valid loss - 0.02065243073029826, AUC - 0.9433723057441387, termAUC - 0.7998815746417735
Epoch 96: Loss - 0.010267700888519481, EL Loss: 0.0007577757394384221, Valid loss - 0.020656688064830193, AUC - 0.9433664205089758, termAUC - 0.7995429894057305
Epoch 97: Loss - 0.010244272579673438, EL Loss: 0.0007502183771355324, Valid loss - 0.020686448366683444, AUC - 0.9434307662844127, termAUC - 0.7995186953097606
Epoch 98: Loss - 0.0102253435020884, EL Loss: 0.0007427195100601413, Valid loss - 0.0207189078757305, AUC - 0.9431884880829743, termAUC - 0.7991622017941368
Epoch 99: Loss - 0.01021409383848725, EL Loss: 0.0007352444149303451, Valid loss - 0.020747572985409902, AUC - 0.9431470835431599, termAUC - 0.7992811898029695
Epoch 100: Loss - 0.010185770010164456, EL Loss: 0.0007277920930181059, Valid loss - 0.020801488223750858, AUC - 0.9428907918594118, termAUC - 0.7989526762386591
Epoch 101: Loss - 0.010175064231372221, EL Loss: 0.0007204071553330219, Valid loss - 0.020823961012805533, AUC - 0.9430452829789552, termAUC - 0.7991420948058132
Epoch 102: Loss - 0.010147367878568141, EL Loss: 0.0007130547435568266, Valid loss - 0.02085245903334673, AUC - 0.9429510575253235, termAUC - 0.7988793883669069
Epoch 103: Loss - 0.01013756862723959, EL Loss: 0.0007057464071535047, Valid loss - 0.02086565996341358, AUC - 0.94292395603664, termAUC - 0.7990129174455491
Epoch 104: Loss - 0.010119181913038748, EL Loss: 0.0006985358561938852, Valid loss - 0.020880305973060478, AUC - 0.9427979290275804, termAUC - 0.7987414259874471
Epoch 105: Loss - 0.010104079599875313, EL Loss: 0.0006916266264113302, Valid loss - 0.020879875042087194, AUC - 0.9426234396321327, termAUC - 0.7980584263882643
Epoch 106: Loss - 0.010070494708866978, EL Loss: 0.0006849168865464622, Valid loss - 0.020916412473465037, AUC - 0.9425947194123064, termAUC - 0.7981527008812722
Epoch 107: Loss - 0.010059925767403359, EL Loss: 0.0006782419589657616, Valid loss - 0.020959354431325235, AUC - 0.9425648636510817, termAUC - 0.7980900055041182
Epoch 108: Loss - 0.010048493432021022, EL Loss: 0.0006715864989395079, Valid loss - 0.02095019891364685, AUC - 0.9425513092417808, termAUC - 0.7980972443758371
Epoch 109: Loss - 0.01002742098225966, EL Loss: 0.0006649658086801296, Valid loss - 0.021004034551662325, AUC - 0.9422778831163864, termAUC - 0.7975534344981741
Epoch 110: Loss - 0.010004734306283855, EL Loss: 0.0006584093679106231, Valid loss - 0.021024030657941537, AUC - 0.9422758676710025, termAUC - 0.7973923594811118
Epoch 111: Loss - 0.009992102260602527, EL Loss: 0.0006519057796972261, Valid loss - 0.021048937264262445, AUC - 0.9423299276703494, termAUC - 0.7975755457254566
Epoch 112: Loss - 0.009967160603070471, EL Loss: 0.0006454127947013539, Valid loss - 0.021105792539946686, AUC - 0.9422273280104235, termAUC - 0.7971042816138861
Epoch 113: Loss - 0.009958347966454456, EL Loss: 0.000638927951699309, Valid loss - 0.021086778732275727, AUC - 0.9421586038190876, termAUC - 0.797162401779276
Epoch 114: Loss - 0.009950515519795863, EL Loss: 0.0006324425040319342, Valid loss - 0.021126976723949246, AUC - 0.9419241736600394, termAUC - 0.79681129055828
Epoch 115: Loss - 0.009933337835792675, EL Loss: 0.0006259871784458406, Valid loss - 0.02114996023550136, AUC - 0.9420588029230463, termAUC - 0.7968969377879436
Epoch 116: Loss - 0.009915260612130695, EL Loss: 0.0006195987821563842, Valid loss - 0.021133573843005873, AUC - 0.942020991422323, termAUC - 0.7966421228101803
Epoch 117: Loss - 0.009898161471588356, EL Loss: 0.0006132616744810278, Valid loss - 0.021199378043117112, AUC - 0.9419028026302281, termAUC - 0.7964620736876802
Epoch 118: Loss - 0.00988894295182561, EL Loss: 0.0006069713307322399, Valid loss - 0.021213630362358314, AUC - 0.9417564047047983, termAUC - 0.7959527281821414
Epoch 119: Loss - 0.009870146250094004, EL Loss: 0.0006007238468487107, Valid loss - 0.021224701777100563, AUC - 0.9416750043535694, termAUC - 0.7958902625521034
Epoch 120: Loss - 0.009849540429012338, EL Loss: 0.0005946179196681455, Valid loss - 0.021280839589011197, AUC - 0.9415931561198206, termAUC - 0.7958175387556621
Epoch 121: Loss - 0.009858657138841985, EL Loss: 0.0005886252062978825, Valid loss - 0.02129002974448812, AUC - 0.9415301526195293, termAUC - 0.7954345008636456
Epoch 122: Loss - 0.009819811506530142, EL Loss: 0.0005827236501373766, Valid loss - 0.0212912005094799, AUC - 0.9415878290048152, termAUC - 0.7952597227479837
Epoch 123: Loss - 0.009809939139526219, EL Loss: 0.0005768833927756808, Valid loss - 0.021334509852508836, AUC - 0.9414393873420014, termAUC - 0.7952070823404027
Epoch 124: Loss - 0.009794634919812705, EL Loss: 0.0005710589463460403, Valid loss - 0.02135794856493047, AUC - 0.9414173171456268, termAUC - 0.7951498997983363
Epoch 125: Loss - 0.009775773084294672, EL Loss: 0.000565267211945524, Valid loss - 0.02136218910481756, AUC - 0.9412192661737645, termAUC - 0.7949541308327621
Epoch 126: Loss - 0.009779224921043855, EL Loss: 0.0005594946908072722, Valid loss - 0.02138413473445651, AUC - 0.9412889668556169, termAUC - 0.7949025944926672
Epoch 127: Loss - 0.009760141200627655, EL Loss: 0.00055373195604054, Valid loss - 0.021432244551941655, AUC - 0.9410849629204555, termAUC - 0.7944708071124428
Loading the best model: deepgozero_zs_bp_s0_sel-loss
Test Loss - 0.01759425683475628, AUC - 0.9517090272045374
Loading the best model: deepgozero_zs_bp_s0_sel-micro
Test Loss - 0.01765080903832977, AUC - 0.9520870826409898
Loading the best model: deepgozero_zs_bp_s0_sel-macro
Test Loss - 0.018254072701155737, AUC - 0.9503796410523201
=== end=2026-08-27T19:09:46+01:00
