=== command: python deepgozero.py -dr data -ont bp -m deepgozero_zs_bp_s2 -s 2 -ep 128 --zero-shot
=== start=2026-09-10T21:06:12+01:00
=== gpu: NVIDIA A100-PCIE-40GB
Epoch 0: Loss - 0.034541840143472904, EL Loss: 22.48995793447487, Valid loss - 0.03206218576786534, AUC - 0.6388678337302971, termAUC - 0.5784696145906255
Saving model (sel-loss)
Saving model (sel-micro)
Saving model (sel-macro)
Epoch 1: Loss - 0.03103978235756446, EL Loss: 1.4492661621476401, Valid loss - 0.03143232455168733, AUC - 0.6750534081697088, termAUC - 0.5825442427015672
Saving model (sel-loss)
Saving model (sel-micro)
Saving model (sel-macro)
Epoch 2: Loss - 0.029725388177229764, EL Loss: 0.7082643971989822, Valid loss - 0.02771871474059607, AUC - 0.8272721012644717, termAUC - 0.5844515867071215
Saving model (sel-loss)
Saving model (sel-micro)
Saving model (sel-macro)
Epoch 3: Loss - 0.022986962824286555, EL Loss: 0.46662755302455794, Valid loss - 0.021671038306016008, AUC - 0.9170477368864829, termAUC - 0.5872481054678388
Saving model (sel-loss)
Saving model (sel-micro)
Saving model (sel-macro)
Epoch 4: Loss - 0.020868901119334444, EL Loss: 0.3082960168582169, Valid loss - 0.021241543327291675, AUC - 0.9249575743737145, termAUC - 0.5945755827452324
Saving model (sel-loss)
Saving model (sel-micro)
Saving model (sel-macro)
Epoch 5: Loss - 0.020204739691292842, EL Loss: 0.23042119526983137, Valid loss - 0.021116643687648488, AUC - 0.926099941583474, termAUC - 0.6008438699354615
Saving model (sel-loss)
Saving model (sel-micro)
Saving model (sel-macro)
Epoch 6: Loss - 0.0200804716789854, EL Loss: 0.2144729496549027, Valid loss - 0.021143937674628584, AUC - 0.925856546691183, termAUC - 0.5989946086270226
Epoch 7: Loss - 0.020008059561910506, EL Loss: 0.19295835204128145, Valid loss - 0.02122616394120731, AUC - 0.9259200539053276, termAUC - 0.6018454464012123
Saving model (sel-macro)
Epoch 8: Loss - 0.019945348092837448, EL Loss: 0.16645805805482947, Valid loss - 0.02113378733791263, AUC - 0.9258130122660543, termAUC - 0.6026473128260401
Saving model (sel-macro)
Epoch 9: Loss - 0.019870688529190262, EL Loss: 0.1374593217944471, Valid loss - 0.021109532786915634, AUC - 0.9259766478863262, termAUC - 0.6035969449074144
Saving model (sel-loss)
Saving model (sel-macro)
Epoch 10: Loss - 0.019801681189661476, EL Loss: 0.10839960306859774, Valid loss - 0.02113839928430832, AUC - 0.9260677160949837, termAUC - 0.6058814667844673
Saving model (sel-macro)
Epoch 11: Loss - 0.019688592093263044, EL Loss: 0.08114374808153378, Valid loss - 0.02102603308782475, AUC - 0.9269386632670775, termAUC - 0.614238584146836
Saving model (sel-loss)
Saving model (sel-micro)
Saving model (sel-macro)
Epoch 12: Loss - 0.01951253260640928, EL Loss: 0.055596932295585766, Valid loss - 0.020801762211451073, AUC - 0.9284050042206615, termAUC - 0.6260076570098287
Saving model (sel-loss)
Saving model (sel-micro)
Saving model (sel-macro)
Epoch 13: Loss - 0.019144707044123403, EL Loss: 0.032281241129353745, Valid loss - 0.02049452110212173, AUC - 0.9315836998771604, termAUC - 0.6504337884167566
Saving model (sel-loss)
Saving model (sel-micro)
Saving model (sel-macro)
Epoch 14: Loss - 0.018356129643958174, EL Loss: 0.015354697687059387, Valid loss - 0.019826679891407094, AUC - 0.9374871040102948, termAUC - 0.6978416089204681
Saving model (sel-loss)
Saving model (sel-micro)
Saving model (sel-macro)
Epoch 15: Loss - 0.017178643838229056, EL Loss: 0.005420186530184044, Valid loss - 0.019214727206538055, AUC - 0.942645645928442, termAUC - 0.7406061280179422
Saving model (sel-loss)
Saving model (sel-micro)
Saving model (sel-macro)
Epoch 16: Loss - 0.01594475294282266, EL Loss: 0.002206668387203947, Valid loss - 0.0187456916141885, AUC - 0.946062607769858, termAUC - 0.7677339049190024
Saving model (sel-loss)
Saving model (sel-micro)
Saving model (sel-macro)
Epoch 17: Loss - 0.014980633512260515, EL Loss: 0.0019603482654785677, Valid loss - 0.0186773371691538, AUC - 0.9474099286408374, termAUC - 0.7832356931581406
Saving model (sel-loss)
Saving model (sel-micro)
Saving model (sel-macro)
Epoch 18: Loss - 0.01420592211582211, EL Loss: 0.0017802910401329317, Valid loss - 0.018611389730397044, AUC - 0.9487810863719988, termAUC - 0.7958887052209134
Saving model (sel-loss)
Saving model (sel-micro)
Saving model (sel-macro)
Epoch 19: Loss - 0.013590838583395473, EL Loss: 0.001617628004146548, Valid loss - 0.01876489816862621, AUC - 0.9485505991424938, termAUC - 0.7989002143238635
Saving model (sel-macro)
Epoch 20: Loss - 0.012895803010534123, EL Loss: 0.0015338942920572704, Valid loss - 0.018761740608868614, AUC - 0.9490376618853968, termAUC - 0.8006451409891531
Saving model (sel-micro)
Saving model (sel-macro)
Epoch 21: Loss - 0.01281850293169042, EL Loss: 0.0015193142011649128, Valid loss - 0.01878668333940356, AUC - 0.9490554974830637, termAUC - 0.8014757524042675
Saving model (sel-micro)
Saving model (sel-macro)
Epoch 22: Loss - 0.012754415547133278, EL Loss: 0.0015049669800519562, Valid loss - 0.018837937388248398, AUC - 0.9488009465718569, termAUC - 0.8016446712462157
Saving model (sel-macro)
Epoch 23: Loss - 0.012687271324546877, EL Loss: 0.0014906906472132372, Valid loss - 0.018852138626605074, AUC - 0.948807958414491, termAUC - 0.8023034875037172
Saving model (sel-macro)
Epoch 24: Loss - 0.012641103459214813, EL Loss: 0.0014765170705991657, Valid loss - 0.01886729583366225, AUC - 0.9487267417905539, termAUC - 0.802487871410261
Saving model (sel-macro)
Epoch 25: Loss - 0.012578731685902816, EL Loss: 0.001462517776649148, Valid loss - 0.018904010025130598, AUC - 0.9486837321808143, termAUC - 0.8030403573459661
Saving model (sel-macro)
Epoch 26: Loss - 0.012532074888122118, EL Loss: 0.0014486562504485757, Valid loss - 0.01889222524196699, AUC - 0.9487399630827519, termAUC - 0.8032186737335838
Saving model (sel-macro)
Epoch 27: Loss - 0.012477882224474879, EL Loss: 0.0014349033266679607, Valid loss - 0.018930480624271544, AUC - 0.9485461344957636, termAUC - 0.8033444807593412
Saving model (sel-macro)
Epoch 28: Loss - 0.012428007368864038, EL Loss: 0.001421286810714662, Valid loss - 0.01895727381258216, AUC - 0.9484955143859927, termAUC - 0.8036177889756759
Saving model (sel-macro)
Epoch 29: Loss - 0.012374852584511918, EL Loss: 0.001407787573053469, Valid loss - 0.01898169397863726, AUC - 0.9484697731626615, termAUC - 0.8039735516275376
Saving model (sel-macro)
Epoch 30: Loss - 0.012329448729762152, EL Loss: 0.0013946584130274486, Valid loss - 0.01899580473067942, AUC - 0.9484370108950136, termAUC - 0.8039440083124043
Epoch 31: Loss - 0.012271616219071848, EL Loss: 0.0013817503857538162, Valid loss - 0.0190078935259028, AUC - 0.9482754421368642, termAUC - 0.8040845961422758
Saving model (sel-macro)
Epoch 32: Loss - 0.01222666021108939, EL Loss: 0.0013689651943189197, Valid loss - 0.01905959478227903, AUC - 0.9482149094345892, termAUC - 0.8044171696167027
Saving model (sel-macro)
Epoch 33: Loss - 0.012183817257162539, EL Loss: 0.0013563310574901764, Valid loss - 0.01908148324351437, AUC - 0.9481006607964193, termAUC - 0.8043952245565464
Epoch 34: Loss - 0.012147308750356542, EL Loss: 0.0013437586088789631, Valid loss - 0.01908278616379626, AUC - 0.9481496680680644, termAUC - 0.8046597894846784
Saving model (sel-macro)
Epoch 35: Loss - 0.012094056161984766, EL Loss: 0.0013312197147524467, Valid loss - 0.01913423395240741, AUC - 0.9479465989941995, termAUC - 0.8044983686653314
Epoch 36: Loss - 0.012058162870207306, EL Loss: 0.001318809492019381, Valid loss - 0.019141410415782437, AUC - 0.9479136404263512, termAUC - 0.8046924017758742
Saving model (sel-macro)
Epoch 37: Loss - 0.012009477437243708, EL Loss: 0.0013065868062540704, Valid loss - 0.019151473535064436, AUC - 0.9479394375118738, termAUC - 0.8047982539833833
Saving model (sel-macro)
Epoch 38: Loss - 0.011964174308889856, EL Loss: 0.001294452152294298, Valid loss - 0.01921481703907646, AUC - 0.9478405802055279, termAUC - 0.8050853065025072
Saving model (sel-macro)
Epoch 39: Loss - 0.011927699588677803, EL Loss: 0.001282381131526553, Valid loss - 0.019203370134808766, AUC - 0.9476566963326098, termAUC - 0.8048152708883061
Epoch 40: Loss - 0.011878960225572428, EL Loss: 0.001270454846474751, Valid loss - 0.019231183719605405, AUC - 0.9477766673520601, termAUC - 0.8052116845081835
Saving model (sel-macro)
Epoch 41: Loss - 0.011842603677642798, EL Loss: 0.0012586574937814975, Valid loss - 0.01926041701006771, AUC - 0.9476233044384459, termAUC - 0.8050887673293412
Epoch 42: Loss - 0.011816366166265942, EL Loss: 0.0012469377332077723, Valid loss - 0.01931356255039079, AUC - 0.9475288547302674, termAUC - 0.805368258000617
Saving model (sel-macro)
Epoch 43: Loss - 0.011763502112182187, EL Loss: 0.001235277610733574, Valid loss - 0.01930381271322042, AUC - 0.9474439180517232, termAUC - 0.8053219201852782
Epoch 44: Loss - 0.011728999847337015, EL Loss: 0.0012238248881518172, Valid loss - 0.019347318238424543, AUC - 0.9472742261655177, termAUC - 0.8050179730444981
Epoch 45: Loss - 0.01168189943702437, EL Loss: 0.001212468439508244, Valid loss - 0.019340432773264037, AUC - 0.9473201567879856, termAUC - 0.8052685179245351
Epoch 46: Loss - 0.011651652907674207, EL Loss: 0.001201283168909735, Valid loss - 0.019366909681961236, AUC - 0.947195053307441, termAUC - 0.8052013350195655
Epoch 47: Loss - 0.011618821455366291, EL Loss: 0.0011901624223374632, Valid loss - 0.01940249203895496, AUC - 0.947037578600242, termAUC - 0.8051219162135524
Epoch 48: Loss - 0.0115728617128559, EL Loss: 0.0011790477155652229, Valid loss - 0.019416461334816667, AUC - 0.9471877367752721, termAUC - 0.8054558830849833
Saving model (sel-macro)
Epoch 49: Loss - 0.011555287280025453, EL Loss: 0.0011679425382572584, Valid loss - 0.019463804914363173, AUC - 0.9470892761766955, termAUC - 0.8053541042222934
Epoch 50: Loss - 0.011508650382321349, EL Loss: 0.0011569212369713139, Valid loss - 0.01947944002559051, AUC - 0.947051186553622, termAUC - 0.8053901142238711
Epoch 51: Loss - 0.01146713702843505, EL Loss: 0.0011459433155871588, Valid loss - 0.019493061469386744, AUC - 0.9468636510728758, termAUC - 0.8052364555936016
Epoch 52: Loss - 0.01143687977156177, EL Loss: 0.0011350169549187562, Valid loss - 0.01950804741177338, AUC - 0.9467568065692435, termAUC - 0.8051484604268981
Epoch 53: Loss - 0.011394261088551221, EL Loss: 0.0011241996537650178, Valid loss - 0.01957047303262728, AUC - 0.9466742124913222, termAUC - 0.8053241525704086
Epoch 54: Loss - 0.011374642123128442, EL Loss: 0.0011134561993315884, Valid loss - 0.01956446516321392, AUC - 0.9466302845595628, termAUC - 0.8050400628120314
Epoch 55: Loss - 0.011343592974428725, EL Loss: 0.0011028221755712, Valid loss - 0.01960319078940627, AUC - 0.9465627408272885, termAUC - 0.8053052318388116
Epoch 56: Loss - 0.011301987441970824, EL Loss: 0.0010923443377085786, Valid loss - 0.01963008912465233, AUC - 0.9463272797713612, termAUC - 0.8048359350245602
Epoch 57: Loss - 0.011268567452950245, EL Loss: 0.001082001672552698, Valid loss - 0.0196668135483336, AUC - 0.9463246162176661, termAUC - 0.8048986157636882
Epoch 58: Loss - 0.01123555520719666, EL Loss: 0.0010717523344312696, Valid loss - 0.019681152092009192, AUC - 0.9463065570799893, termAUC - 0.8047097585940257
Epoch 59: Loss - 0.01120451477512798, EL Loss: 0.0010615508657310945, Valid loss - 0.019683745227112675, AUC - 0.9460937310539222, termAUC - 0.8048280816014585
Epoch 60: Loss - 0.01117519384082681, EL Loss: 0.001051383081457118, Valid loss - 0.01972535697262216, AUC - 0.946164120767827, termAUC - 0.8046785883587304
Epoch 61: Loss - 0.01114352166870541, EL Loss: 0.001041286292765073, Valid loss - 0.019755093775541577, AUC - 0.9460105047926807, termAUC - 0.804660403100313
Epoch 62: Loss - 0.011116922652315692, EL Loss: 0.0010314241043017135, Valid loss - 0.019780456032974042, AUC - 0.9460270798522574, termAUC - 0.804893390924799
Epoch 63: Loss - 0.01108041329714769, EL Loss: 0.0010216532726494392, Valid loss - 0.01983135775200381, AUC - 0.9459106647971993, termAUC - 0.804701402092353
Epoch 64: Loss - 0.011062671926008186, EL Loss: 0.0010119003598490985, Valid loss - 0.0198245956469944, AUC - 0.945760746141323, termAUC - 0.8041279156959241
Epoch 65: Loss - 0.011030213562894315, EL Loss: 0.0010021646442339054, Valid loss - 0.019833387788508506, AUC - 0.9458046505879484, termAUC - 0.8043866561464298
Epoch 66: Loss - 0.01099529707375813, EL Loss: 0.0009925943241316875, Valid loss - 0.019902698923864506, AUC - 0.9457304226246774, termAUC - 0.8044054536321837
Epoch 67: Loss - 0.01096341926474658, EL Loss: 0.0009833382189924533, Valid loss - 0.01990879426358749, AUC - 0.9454669514708337, termAUC - 0.8039961114328117
Epoch 68: Loss - 0.010947752563249664, EL Loss: 0.0009741323690671736, Valid loss - 0.01995853679439682, AUC - 0.945321130465377, termAUC - 0.80411929732718
Epoch 69: Loss - 0.010917162968496498, EL Loss: 0.0009649270482860523, Valid loss - 0.019954121714790926, AUC - 0.9454579833266683, termAUC - 0.8041133928116255
Epoch 70: Loss - 0.010881879123463062, EL Loss: 0.0009557251978718252, Valid loss - 0.01998806493788563, AUC - 0.9452459587659285, termAUC - 0.8038642205037273
Epoch 71: Loss - 0.010862049241972283, EL Loss: 0.000946532837831214, Valid loss - 0.020002895552936373, AUC - 0.9453389791960848, termAUC - 0.803986380444994
Epoch 72: Loss - 0.010833727042922948, EL Loss: 0.0009373520800517764, Valid loss - 0.020015678146471646, AUC - 0.945192901492549, termAUC - 0.8037712241655711
Epoch 73: Loss - 0.010803936164945906, EL Loss: 0.0009281887787994427, Valid loss - 0.02005771171943044, AUC - 0.9452459473054328, termAUC - 0.8038495593220354
Epoch 74: Loss - 0.010782781278528417, EL Loss: 0.0009190576911815907, Valid loss - 0.020066505075981286, AUC - 0.9450663450123731, termAUC - 0.8035448502822206
Epoch 75: Loss - 0.010753008834570416, EL Loss: 0.0009101075016118667, Valid loss - 0.020110340301712222, AUC - 0.9449198472793683, termAUC - 0.8033271583842474
Epoch 76: Loss - 0.010728963015934324, EL Loss: 0.0009012295783185028, Valid loss - 0.020115217934085043, AUC - 0.9448782241163421, termAUC - 0.8033806490602876
Epoch 77: Loss - 0.010700550880412968, EL Loss: 0.0008924718127253383, Valid loss - 0.020173884582835318, AUC - 0.9446699065680833, termAUC - 0.8029242601483513
Epoch 78: Loss - 0.010684082891263998, EL Loss: 0.0008837501639713072, Valid loss - 0.02019172472052819, AUC - 0.9447956211390418, termAUC - 0.80322393971234
Epoch 79: Loss - 0.01064819188018082, EL Loss: 0.0008750376853360387, Valid loss - 0.02022398891704564, AUC - 0.9445911362627479, termAUC - 0.8028922740468916
Epoch 80: Loss - 0.01062939030577816, EL Loss: 0.0008663914054033428, Valid loss - 0.02024144557187494, AUC - 0.9444488017552913, termAUC - 0.8027839758925828
Epoch 81: Loss - 0.010600294573535517, EL Loss: 0.0008577895331817609, Valid loss - 0.02026420564002154, AUC - 0.9446180639959858, termAUC - 0.8029148790784556
Epoch 82: Loss - 0.01059835272033913, EL Loss: 0.0008492743378482748, Valid loss - 0.02033106975923508, AUC - 0.9442585158000094, termAUC - 0.8026010795253167
Epoch 83: Loss - 0.010563389124027017, EL Loss: 0.0008409013660133352, Valid loss - 0.020298777376332424, AUC - 0.9443245174633281, termAUC - 0.802195915815747
Epoch 84: Loss - 0.010532299022382886, EL Loss: 0.0008327020924663897, Valid loss - 0.02033648622031046, AUC - 0.9439988602871032, termAUC - 0.8019346424019157
Epoch 85: Loss - 0.01051119546673609, EL Loss: 0.0008246330006461443, Valid loss - 0.020346954606769496, AUC - 0.9440598229108735, termAUC - 0.8019318521381341
Epoch 86: Loss - 0.010497066532467268, EL Loss: 0.0008166096684786958, Valid loss - 0.02037311698131214, AUC - 0.9439816602629975, termAUC - 0.8018215935516952
Epoch 87: Loss - 0.010471016330908519, EL Loss: 0.0008086534607004862, Valid loss - 0.020441134540450493, AUC - 0.9439016559279542, termAUC - 0.8018473006887205
Epoch 88: Loss - 0.010457531239557507, EL Loss: 0.0008007591861890994, Valid loss - 0.02045431857102162, AUC - 0.9438240000567827, termAUC - 0.8016772618618305
Epoch 89: Loss - 0.01042334246936115, EL Loss: 0.0007928715132199961, Valid loss - 0.02046137270425132, AUC - 0.9438261017013173, termAUC - 0.8016018755328929
Epoch 90: Loss - 0.010422593994047363, EL Loss: 0.0007850309040979572, Valid loss - 0.020495902833263607, AUC - 0.9436946889943645, termAUC - 0.8013601620304119
Epoch 91: Loss - 0.010388020998462862, EL Loss: 0.000777199855054448, Valid loss - 0.02050929708986093, AUC - 0.9434405836968104, termAUC - 0.8005729262187402
Epoch 92: Loss - 0.010363146566766394, EL Loss: 0.0007693873695206073, Valid loss - 0.02051345579671544, AUC - 0.9434359090248364, termAUC - 0.8005864638764816
Epoch 93: Loss - 0.010351892253044937, EL Loss: 0.0007616604490679603, Valid loss - 0.020575525158929905, AUC - 0.943416458699009, termAUC - 0.8008313304889956
Epoch 94: Loss - 0.010331273808610776, EL Loss: 0.0007540976230901292, Valid loss - 0.02056665994251603, AUC - 0.9435640005446216, termAUC - 0.8008966823245485
Epoch 95: Loss - 0.010304284169490857, EL Loss: 0.0007465966754177431, Valid loss - 0.020592932990252576, AUC - 0.9432642966082186, termAUC - 0.8005638501904029
Epoch 96: Loss - 0.010296377569789069, EL Loss: 0.0007392265484938838, Valid loss - 0.020627461602010868, AUC - 0.9432935961619434, termAUC - 0.8006484224602408
Epoch 97: Loss - 0.010261011467546825, EL Loss: 0.0007319079528888795, Valid loss - 0.020651462944286155, AUC - 0.9432076349816122, termAUC - 0.8003896361863235
Epoch 98: Loss - 0.010237746194256058, EL Loss: 0.0007247417466083757, Valid loss - 0.020662596640454618, AUC - 0.9431679961091948, termAUC - 0.8004281458544933
Epoch 99: Loss - 0.010222681934024062, EL Loss: 0.0007176729106080251, Valid loss - 0.02069935751523798, AUC - 0.9429603665419716, termAUC - 0.8000878405543187
Epoch 100: Loss - 0.010210220811284046, EL Loss: 0.0007106911099395382, Valid loss - 0.020750911147734582, AUC - 0.9428333413371177, termAUC - 0.7996191681098536
Epoch 101: Loss - 0.010189523898053547, EL Loss: 0.0007038051117316904, Valid loss - 0.020749722336055033, AUC - 0.9428889687439435, termAUC - 0.7997085295902538
Epoch 102: Loss - 0.010177808998067488, EL Loss: 0.0006969821162606242, Valid loss - 0.020775855062467766, AUC - 0.9426490858772231, termAUC - 0.7992216656225348
Epoch 103: Loss - 0.010157018879357809, EL Loss: 0.0006902372471931932, Valid loss - 0.020782741304758368, AUC - 0.9426916523879219, termAUC - 0.7991881354836076
Epoch 104: Loss - 0.010145099011215934, EL Loss: 0.0006835119343217748, Valid loss - 0.02080757479917332, AUC - 0.9427546455417283, termAUC - 0.7992867208562111
Epoch 105: Loss - 0.010116899562790401, EL Loss: 0.0006767954111678525, Valid loss - 0.020860051933601992, AUC - 0.9425631688135999, termAUC - 0.7990161883513318
Epoch 106: Loss - 0.010100609150741863, EL Loss: 0.0006701623132083735, Valid loss - 0.020894238392248847, AUC - 0.9425327624054511, termAUC - 0.7987792166089184
Epoch 107: Loss - 0.010072104318415865, EL Loss: 0.000663587580129106, Valid loss - 0.020926586808698463, AUC - 0.9424328412459616, termAUC - 0.7989626631327484
Epoch 108: Loss - 0.01006819524475475, EL Loss: 0.0006570133403947073, Valid loss - 0.02092832492800146, AUC - 0.9422498814517408, termAUC - 0.7984400536827668
Epoch 109: Loss - 0.010048669422410377, EL Loss: 0.0006504655029068504, Valid loss - 0.020943485181902022, AUC - 0.9424194701820116, termAUC - 0.7982899712591961
Epoch 110: Loss - 0.01002257662240234, EL Loss: 0.0006439304178112456, Valid loss - 0.020979894793882275, AUC - 0.9421405853390588, termAUC - 0.7981672104194366
Epoch 111: Loss - 0.010009627062452222, EL Loss: 0.0006374358703612439, Valid loss - 0.020998344923190724, AUC - 0.9420836600012411, termAUC - 0.7978203745231182
Epoch 112: Loss - 0.009993855874281374, EL Loss: 0.0006310507570109153, Valid loss - 0.021027935446788933, AUC - 0.941966118820751, termAUC - 0.797780175512659
Epoch 113: Loss - 0.009977501843017862, EL Loss: 0.0006246905852600465, Valid loss - 0.02106425091500906, AUC - 0.9418894938229732, termAUC - 0.7974988532285091
Epoch 114: Loss - 0.009963342669621214, EL Loss: 0.0006183276471799481, Valid loss - 0.021088556651741464, AUC - 0.9419497952155892, termAUC - 0.797544171704168
Epoch 115: Loss - 0.009948639501042024, EL Loss: 0.0006120350602494825, Valid loss - 0.02112033564153294, AUC - 0.9419071600449088, termAUC - 0.7973690712336247
Epoch 116: Loss - 0.009926303671449307, EL Loss: 0.0006058212185904707, Valid loss - 0.021149693605866257, AUC - 0.9417845566703595, termAUC - 0.7973269939041254
Epoch 117: Loss - 0.009913739111486571, EL Loss: 0.0005996484120699594, Valid loss - 0.021139934763855096, AUC - 0.941725111408191, termAUC - 0.7968349142604607
Epoch 118: Loss - 0.009897000067971942, EL Loss: 0.0005935122553651574, Valid loss - 0.021178806792722632, AUC - 0.9416094861868277, termAUC - 0.7967477661956934
Epoch 119: Loss - 0.00988058579002098, EL Loss: 0.0005875251042306002, Valid loss - 0.02121007739757465, AUC - 0.9415069162244322, termAUC - 0.7965822960449107
Epoch 120: Loss - 0.009867004087479031, EL Loss: 0.0005816220207840325, Valid loss - 0.021216150533580624, AUC - 0.9417211595409916, termAUC - 0.7965202406791959
Epoch 121: Loss - 0.009849208734978616, EL Loss: 0.0005757860540167813, Valid loss - 0.02124045009027846, AUC - 0.9414867496891505, termAUC - 0.796166868084822
Epoch 122: Loss - 0.009837882491557244, EL Loss: 0.0005700207896740555, Valid loss - 0.02125554018660097, AUC - 0.941421714985243, termAUC - 0.7962275530001458
Epoch 123: Loss - 0.009819962433268808, EL Loss: 0.0005643370016737704, Valid loss - 0.021304232407583307, AUC - 0.9414020272771575, termAUC - 0.7960335862288408
Epoch 124: Loss - 0.009817740526468739, EL Loss: 0.0005586887579494228, Valid loss - 0.021326391772669276, AUC - 0.9413545650985492, termAUC - 0.7959483007306846
Epoch 125: Loss - 0.00978575340175668, EL Loss: 0.000553044229235477, Valid loss - 0.021327969741495634, AUC - 0.9413325452030799, termAUC - 0.7957744146810992
Epoch 126: Loss - 0.009779146585705828, EL Loss: 0.000547431873397124, Valid loss - 0.02138378762868264, AUC - 0.9414153390649465, termAUC - 0.7957755362989476
Epoch 127: Loss - 0.009776712868847444, EL Loss: 0.0005418292380127072, Valid loss - 0.0213974333917167, AUC - 0.9412112226649486, termAUC - 0.7952419974476448
Loading the best model: deepgozero_zs_bp_s2_sel-loss
Test Loss - 0.017627615852885553, AUC - 0.9518413173622385
Loading the best model: deepgozero_zs_bp_s2_sel-micro
Test Loss - 0.017716394907266304, AUC - 0.9524942153120781
Loading the best model: deepgozero_zs_bp_s2_sel-macro
Test Loss - 0.018226593877566425, AUC - 0.9510706774541549
=== end=2026-09-10T23:49:56+01:00
