=== command: python neuralgobox_train.py -dr data -ont bp -m neuralgobox_zs_bp_s0 -s 0 -ep 10 --zero-shot
=== start=2026-09-10T11:45:30+01:00
=== gpu: NVIDIA A100-PCIE-40GB
Epoch 0: Loss - 0.01818994769146976, EL Loss: 1.7121819682494326, Valid loss - 0.018210364727685783, AUC - 0.9512938217509518, termAUC - 0.7922464579000994, lr - 0.0005
Saving model (sel-loss)
Saving model (sel-micro)
Saving model (sel-macro)
Epoch 1: Loss - 0.014823111555431584, EL Loss: 0.9274864256797513, Valid loss - 0.018363669995736603, AUC - 0.9527481466470217, termAUC - 0.8009200232286547, lr - 0.0005
Saving model (sel-micro)
Saving model (sel-macro)
Epoch 2: Loss - 0.012163494979078275, EL Loss: 0.8379763762310066, Valid loss - 0.018627447655905557, AUC - 0.9532242029003095, termAUC - 0.8099498584028316, lr - 5e-05
Saving model (sel-micro)
Saving model (sel-macro)
Epoch 3: Loss - 0.011523382187446566, EL Loss: 0.8210962373650785, Valid loss - 0.01898996697257686, AUC - 0.9516701424965031, termAUC - 0.8104615219482868, lr - 5e-05
Saving model (sel-macro)
Epoch 4: Loss - 0.010965933191130482, EL Loss: 0.8140525197354885, Valid loss - 0.0190517661463938, AUC - 0.9513846224515281, termAUC - 0.8103748127401765, lr - 5e-06
Epoch 5: Loss - 0.010920222059446283, EL Loss: 0.812713742302334, Valid loss - 0.019127042402840213, AUC - 0.9510602229789415, termAUC - 0.8102457106244302, lr - 5e-06
Epoch 6: Loss - 0.010869606651616803, EL Loss: 0.8117384418879804, Valid loss - 0.019189286033394714, AUC - 0.9507699139359088, termAUC - 0.8100620710438802, lr - 5e-06
Epoch 7: Loss - 0.010834684151085563, EL Loss: 0.8108628984110748, Valid loss - 0.01924708967300638, AUC - 0.9505425173385809, termAUC - 0.8098196489243358, lr - 5e-06
Epoch 8: Loss - 0.010791689288419384, EL Loss: 0.8100514873158183, Valid loss - 0.01930521989228907, AUC - 0.9502739206042218, termAUC - 0.8096004366680797, lr - 5e-06
Epoch 9: Loss - 0.010745384072124565, EL Loss: 0.8093423804139832, Valid loss - 0.019354632222987958, AUC - 0.9500403903790268, termAUC - 0.8093658888898217, lr - 5e-06
Loading the best model: neuralgobox_zs_bp_s0_sel-loss
Test Loss - 0.017247261435447914, AUC - 0.953682879596565
Loading the best model: neuralgobox_zs_bp_s0_sel-micro
Test Loss - 0.017489742758255954, AUC - 0.9558236421381866
Loading the best model: neuralgobox_zs_bp_s0_sel-macro
Test Loss - 0.01781199185328709, AUC - 0.9545248425427885
=== end=2026-09-10T12:40:02+01:00
