=== command: python neuralgobox_train.py -dr data -ont bp -m neuralgobox_zs_bp_s1 -s 1 -ep 10 --zero-shot
=== start=2026-09-10T20:46:17+01:00
=== gpu: NVIDIA A100-PCIE-40GB
Epoch 0: Loss - 0.018171161089285827, EL Loss: 1.7051883251698419, Valid loss - 0.01822762605765008, AUC - 0.9516613571158914, termAUC - 0.7932308676856653, lr - 0.0005
Saving model (sel-loss)
Saving model (sel-micro)
Saving model (sel-macro)
Epoch 1: Loss - 0.014832273236022127, EL Loss: 0.9230157957346655, Valid loss - 0.018415161982080003, AUC - 0.9524682609757507, termAUC - 0.7974966496607188, lr - 0.0005
Saving model (sel-micro)
Saving model (sel-macro)
Epoch 2: Loss - 0.012150155950631979, EL Loss: 0.8345659223755232, Valid loss - 0.018710093202673837, AUC - 0.9522173776654489, termAUC - 0.8058997707373572, lr - 5e-05
Saving model (sel-macro)
Epoch 3: Loss - 0.011526028121771807, EL Loss: 0.8180040641868881, Valid loss - 0.0190453775819169, AUC - 0.9508542956916732, termAUC - 0.8072482950001411, lr - 5e-05
Saving model (sel-macro)
Epoch 4: Loss - 0.010981385946695099, EL Loss: 0.8109939598834025, Valid loss - 0.01910866935743599, AUC - 0.9507532549882338, termAUC - 0.8071750035107753, lr - 5e-06
Epoch 5: Loss - 0.01092082719584764, EL Loss: 0.8096887514537661, Valid loss - 0.01917061566788432, AUC - 0.9504864569971178, termAUC - 0.8069827837280258, lr - 5e-06
Epoch 6: Loss - 0.010874930485335664, EL Loss: 0.8086807913414551, Valid loss - 0.01923103942628333, AUC - 0.9501829201959763, termAUC - 0.8068600997229338, lr - 5e-06
Epoch 7: Loss - 0.010842419511874478, EL Loss: 0.8078330582560356, Valid loss - 0.019286034758270575, AUC - 0.9499534457652515, termAUC - 0.8067004300087384, lr - 5e-06
Epoch 8: Loss - 0.0107861763720511, EL Loss: 0.8070372751662197, Valid loss - 0.0193458627416006, AUC - 0.9496782416029268, termAUC - 0.8065262214608777, lr - 5e-06
Epoch 9: Loss - 0.010752736304047656, EL Loss: 0.8062506747929095, Valid loss - 0.019393368636486153, AUC - 0.9494425525201504, termAUC - 0.806305823942613, lr - 5e-06
Loading the best model: neuralgobox_zs_bp_s1_sel-loss
Test Loss - 0.017201686284278293, AUC - 0.9543834618838817
Loading the best model: neuralgobox_zs_bp_s1_sel-micro
Test Loss - 0.017369492117919633, AUC - 0.955425427065497
Loading the best model: neuralgobox_zs_bp_s1_sel-macro
Test Loss - 0.01781804146673027, AUC - 0.9546611134906843
=== end=2026-09-10T21:40:55+01:00
