=== command: python neuralgobox_train.py -dr data -ont bp -m neuralgobox_zs_bp_s2 -s 2 -ep 10 --zero-shot
=== start=2026-09-10T21:11:50+01:00
=== gpu: NVIDIA A100-PCIE-40GB
Epoch 0: Loss - 0.018169483636656672, EL Loss: 1.7006561098682336, Valid loss - 0.018222574545502267, AUC - 0.9514597697931716, termAUC - 0.7895901116545737, lr - 0.0005
Saving model (sel-loss)
Saving model (sel-micro)
Saving model (sel-macro)
Epoch 1: Loss - 0.014809128266379042, EL Loss: 0.9259848222078786, Valid loss - 0.018375604475126758, AUC - 0.9534295549025809, termAUC - 0.8066190856984312, lr - 0.0005
Saving model (sel-micro)
Saving model (sel-macro)
Epoch 2: Loss - 0.012153943529890708, EL Loss: 0.837576024574794, Valid loss - 0.018618821999095134, AUC - 0.9531444720909052, termAUC - 0.8122627398726133, lr - 5e-05
Saving model (sel-macro)
Epoch 3: Loss - 0.011525512496579371, EL Loss: 0.8205541149301182, Valid loss - 0.018958993465793845, AUC - 0.9516945319914016, termAUC - 0.8120267175874154, lr - 5e-05
Epoch 4: Loss - 0.010972651465428744, EL Loss: 0.8134553618988817, Valid loss - 0.019053359497461887, AUC - 0.9514974549694004, termAUC - 0.8121304502017687, lr - 5e-06
Epoch 5: Loss - 0.01091262515948827, EL Loss: 0.8121581540192678, Valid loss - 0.0191227737690834, AUC - 0.9512213621200256, termAUC - 0.8120266377392414, lr - 5e-06
Epoch 6: Loss - 0.010873936946301106, EL Loss: 0.8112110699635896, Valid loss - 0.01918189897393154, AUC - 0.9509722606364319, termAUC - 0.8118508389036346, lr - 5e-06
Epoch 7: Loss - 0.010830436934919712, EL Loss: 0.8103244544737659, Valid loss - 0.01923476659773004, AUC - 0.9506938753184205, termAUC - 0.8116523200405966, lr - 5e-06
Epoch 8: Loss - 0.010791442535909962, EL Loss: 0.8094659775934138, Valid loss - 0.019286865510342532, AUC - 0.9504614727522691, termAUC - 0.8114836071435333, lr - 5e-06
Epoch 9: Loss - 0.010750259949784584, EL Loss: 0.808653569840166, Valid loss - 0.019335758588616025, AUC - 0.950236580915032, termAUC - 0.8112840647237134, lr - 5e-06
Loading the best model: neuralgobox_zs_bp_s2_sel-loss
Test Loss - 0.01714691991691251, AUC - 0.9544656453963679
Loading the best model: neuralgobox_zs_bp_s2_sel-micro
Test Loss - 0.017352585089267104, AUC - 0.9553099012431725
Loading the best model: neuralgobox_zs_bp_s2_sel-macro
Test Loss - 0.01750590859257893, AUC - 0.9558052335216154
=== end=2026-09-10T22:06:21+01:00
