=== command: python deepgozero.py -dr data -ont cc -m deepgozero_cc_s0 -s 0 -ep 128
=== start=2026-08-26T16:51:51+01:00
=== gpu: NVIDIA A100-PCIE-40GB
Epoch 0: Loss - 0.03029289632567859, EL Loss: 22.3478854748593, Valid loss - 0.028121470922121295, AUC - 0.8426525233894075, termAUC - 0.6174932381663267
Saving model (sel-loss)
Saving model (sel-micro)
Saving model (sel-macro)
Epoch 1: Loss - 0.023503708586832695, EL Loss: 1.429203220339318, Valid loss - 0.01807867540391507, AUC - 0.9531770772324819, termAUC - 0.6215566633145952
Saving model (sel-loss)
Saving model (sel-micro)
Saving model (sel-macro)
Epoch 2: Loss - 0.015557964204041826, EL Loss: 0.6738609061398149, Valid loss - 0.014455588472386201, AUC - 0.9707207672687085, termAUC - 0.6299521209230451
Saving model (sel-loss)
Saving model (sel-micro)
Saving model (sel-macro)
Epoch 3: Loss - 0.014176911678718571, EL Loss: 0.42250779321328785, Valid loss - 0.014186827134754923, AUC - 0.9727472736939341, termAUC - 0.630165390197909
Saving model (sel-loss)
Saving model (sel-micro)
Saving model (sel-macro)
Epoch 4: Loss - 0.01369301166319806, EL Loss: 0.2693097364916188, Valid loss - 0.014015564536330877, AUC - 0.9741809326618298, termAUC - 0.661606013287737
Saving model (sel-loss)
Saving model (sel-micro)
Saving model (sel-macro)
Epoch 5: Loss - 0.013119752090253152, EL Loss: 0.196340187939075, Valid loss - 0.013900245705412494, AUC - 0.9751164450456107, termAUC - 0.6731070613031935
Saving model (sel-loss)
Saving model (sel-micro)
Saving model (sel-macro)
Epoch 6: Loss - 0.012931278650399303, EL Loss: 0.18225372721873234, Valid loss - 0.013889025662232329, AUC - 0.9754561316693533, termAUC - 0.682100015593314
Saving model (sel-loss)
Saving model (sel-micro)
Saving model (sel-macro)
Epoch 7: Loss - 0.012749375209246532, EL Loss: 0.16398602272248378, Valid loss - 0.013802213711595094, AUC - 0.975821470490401, termAUC - 0.6940722814721818
Saving model (sel-loss)
Saving model (sel-micro)
Saving model (sel-macro)
Epoch 8: Loss - 0.012558940138416807, EL Loss: 0.14178769786772283, Valid loss - 0.013635633575419585, AUC - 0.9765888842632088, termAUC - 0.7088883488662369
Saving model (sel-loss)
Saving model (sel-micro)
Saving model (sel-macro)
Epoch 9: Loss - 0.012310883572972615, EL Loss: 0.11754188106422403, Valid loss - 0.013483710138610116, AUC - 0.9773018575391397, termAUC - 0.7239350346258323
Saving model (sel-loss)
Saving model (sel-micro)
Saving model (sel-macro)
Epoch 10: Loss - 0.012060882041236502, EL Loss: 0.09335751073352228, Valid loss - 0.01331089998560923, AUC - 0.9781356879780816, termAUC - 0.7398755649752905
Saving model (sel-loss)
Saving model (sel-micro)
Saving model (sel-macro)
Epoch 11: Loss - 0.01181110866748618, EL Loss: 0.07026949878297119, Valid loss - 0.01316298558894131, AUC - 0.9790637593413611, termAUC - 0.7536425885915542
Saving model (sel-loss)
Saving model (sel-micro)
Saving model (sel-macro)
Epoch 12: Loss - 0.01146651154732015, EL Loss: 0.049060259804494716, Valid loss - 0.012972108119477828, AUC - 0.9799727896018912, termAUC - 0.7702775698721755
Saving model (sel-loss)
Saving model (sel-micro)
Saving model (sel-macro)
Epoch 13: Loss - 0.011004638984716665, EL Loss: 0.03059085085132312, Valid loss - 0.012677839263859722, AUC - 0.9811097110976006, termAUC - 0.7901544876570294
Saving model (sel-loss)
Saving model (sel-micro)
Saving model (sel-macro)
Epoch 14: Loss - 0.010342396881679504, EL Loss: 0.01486671111470867, Valid loss - 0.012405978194955323, AUC - 0.9822504364950584, termAUC - 0.8098053840131914
Saving model (sel-loss)
Saving model (sel-micro)
Saving model (sel-macro)
Epoch 15: Loss - 0.009567023615408432, EL Loss: 0.0061705051817906986, Valid loss - 0.012250760701243524, AUC - 0.9831084294942026, termAUC - 0.8269034322937251
Saving model (sel-loss)
Saving model (sel-micro)
Saving model (sel-macro)
Epoch 16: Loss - 0.008882246614871674, EL Loss: 0.0026376754630950336, Valid loss - 0.012194926322748264, AUC - 0.9832869220714228, termAUC - 0.8373946496103968
Saving model (sel-loss)
Saving model (sel-micro)
Saving model (sel-macro)
Epoch 17: Loss - 0.008367239714031083, EL Loss: 0.0019515979598999412, Valid loss - 0.012251409557130602, AUC - 0.9834451901307336, termAUC - 0.8428080719551047
Saving model (sel-micro)
Saving model (sel-macro)
Epoch 18: Loss - 0.007970744624497173, EL Loss: 0.0017745405903362753, Valid loss - 0.012216283132632573, AUC - 0.9836755318309919, termAUC - 0.8473805550516534
Saving model (sel-micro)
Saving model (sel-macro)
Epoch 19: Loss - 0.007663183798514318, EL Loss: 0.00161036042689815, Valid loss - 0.012320599215174163, AUC - 0.9836312158550102, termAUC - 0.8487495781597134
Saving model (sel-macro)
Epoch 20: Loss - 0.007224614531583342, EL Loss: 0.001525241857006644, Valid loss - 0.012382257971222754, AUC - 0.9835407486610169, termAUC - 0.8487420460384578
Epoch 21: Loss - 0.007181540349780783, EL Loss: 0.0015104420915079142, Valid loss - 0.012429133130030499, AUC - 0.9833927152170673, termAUC - 0.8485565421009925
Epoch 22: Loss - 0.007133608439881612, EL Loss: 0.0014959070815492256, Valid loss - 0.012463793065398932, AUC - 0.9832924336685714, termAUC - 0.8487492368612093
Epoch 23: Loss - 0.007105750197567514, EL Loss: 0.0014815123844998752, Valid loss - 0.012486066807199407, AUC - 0.9833087676503628, termAUC - 0.8489415891780797
Saving model (sel-macro)
Epoch 24: Loss - 0.00707497736717222, EL Loss: 0.0014671971848531189, Valid loss - 0.012522121308440411, AUC - 0.9832458346821001, termAUC - 0.8489245490882308
Epoch 25: Loss - 0.007043950912181807, EL Loss: 0.0014530286349956614, Valid loss - 0.012562753336021193, AUC - 0.9831696610554251, termAUC - 0.8489656436705516
Saving model (sel-macro)
Epoch 26: Loss - 0.007008477110575434, EL Loss: 0.001439040642271637, Valid loss - 0.012562964080522458, AUC - 0.9831453681063683, termAUC - 0.8492749514239502
Saving model (sel-macro)
Epoch 27: Loss - 0.006993695589033445, EL Loss: 0.001425110272457752, Valid loss - 0.012590179409555815, AUC - 0.9831231970477077, termAUC - 0.8493656643937055
Saving model (sel-macro)
Epoch 28: Loss - 0.0069665013513688975, EL Loss: 0.0014113060867800384, Valid loss - 0.012623777851048443, AUC - 0.9830691001384213, termAUC - 0.8494711080292502
Saving model (sel-macro)
Epoch 29: Loss - 0.006931307476554437, EL Loss: 0.0013977838099854293, Valid loss - 0.012646682222408277, AUC - 0.9830546491755257, termAUC - 0.8494906639720494
Saving model (sel-macro)
Epoch 30: Loss - 0.006916239649445321, EL Loss: 0.0013844349412112048, Valid loss - 0.01265292466721601, AUC - 0.983016109048739, termAUC - 0.8496810674159972
Saving model (sel-macro)
Epoch 31: Loss - 0.006887071186556818, EL Loss: 0.0013711231932362078, Valid loss - 0.012685246282705554, AUC - 0.9829291688600588, termAUC - 0.8497139159666575
Saving model (sel-macro)
Epoch 32: Loss - 0.006859954246170077, EL Loss: 0.0013579053130923595, Valid loss - 0.012696587763450763, AUC - 0.9829700561097833, termAUC - 0.8499033015069689
Saving model (sel-macro)
Epoch 33: Loss - 0.006840478392299351, EL Loss: 0.0013448613203575644, Valid loss - 0.012737476891251626, AUC - 0.982916036083447, termAUC - 0.8498489369664156
Epoch 34: Loss - 0.006814165594581098, EL Loss: 0.0013319934453746762, Valid loss - 0.012731529744686904, AUC - 0.9829210637251121, termAUC - 0.8500270631866206
Saving model (sel-macro)
Epoch 35: Loss - 0.006794057768636923, EL Loss: 0.0013193362900576517, Valid loss - 0.01276292509433848, AUC - 0.9828371780366558, termAUC - 0.8501659137643085
Saving model (sel-macro)
Epoch 36: Loss - 0.006776920508894254, EL Loss: 0.0013068588036946828, Valid loss - 0.01278698677542033, AUC - 0.9828211360508431, termAUC - 0.8501225716011396
Epoch 37: Loss - 0.006750870766481855, EL Loss: 0.0012944925526174136, Valid loss - 0.012796566411162969, AUC - 0.9827770906075767, termAUC - 0.8501545319884053
Epoch 38: Loss - 0.006732955116102583, EL Loss: 0.0012822315874324104, Valid loss - 0.012821890637968425, AUC - 0.9827315061708207, termAUC - 0.8498933420706968
Epoch 39: Loss - 0.0067143736005679435, EL Loss: 0.0012701206903328482, Valid loss - 0.012849534816901993, AUC - 0.9827297677800713, termAUC - 0.8500993975745429
Epoch 40: Loss - 0.006691116662261006, EL Loss: 0.001258271342895035, Valid loss - 0.01286449371319678, AUC - 0.9827091169236474, termAUC - 0.8501926697990145
Saving model (sel-macro)
Epoch 41: Loss - 0.006666118809475548, EL Loss: 0.0012465972110349542, Valid loss - 0.012858194616381768, AUC - 0.9827112376605477, termAUC - 0.8501865932614352
Epoch 42: Loss - 0.006643499503379964, EL Loss: 0.001235140110137851, Valid loss - 0.012885664617297826, AUC - 0.9826114357216665, termAUC - 0.8501068549073567
Epoch 43: Loss - 0.006634137251629718, EL Loss: 0.0012238831680936946, Valid loss - 0.012914352470801936, AUC - 0.9825780350597205, termAUC - 0.8500073878679879
Epoch 44: Loss - 0.00661590791276726, EL Loss: 0.0012126796068423992, Valid loss - 0.012947961826015401, AUC - 0.9825460802798778, termAUC - 0.8499622234213469
Epoch 45: Loss - 0.006595914247823711, EL Loss: 0.0012015099923346037, Valid loss - 0.012940752426921217, AUC - 0.9825490579366245, termAUC - 0.8500397318904906
Epoch 46: Loss - 0.006574715097052592, EL Loss: 0.0011903518852941794, Valid loss - 0.012965984525227988, AUC - 0.9825264147271213, termAUC - 0.8499568397962775
Epoch 47: Loss - 0.006555528902508615, EL Loss: 0.001179205126073468, Valid loss - 0.01299603100590132, AUC - 0.9824324291718681, termAUC - 0.8499741299861154
Epoch 48: Loss - 0.0065390465650593385, EL Loss: 0.0011680841043550138, Valid loss - 0.013013682314367206, AUC - 0.9824379403163327, termAUC - 0.8498086583800055
Epoch 49: Loss - 0.006530669375906083, EL Loss: 0.0011570455706471528, Valid loss - 0.01302220340197285, AUC - 0.9823630557883087, termAUC - 0.84969116438931
Epoch 50: Loss - 0.0065076704636917865, EL Loss: 0.0011461512859522794, Valid loss - 0.01305254714011594, AUC - 0.9823457440605674, termAUC - 0.8497414168367659
Epoch 51: Loss - 0.00649248539797454, EL Loss: 0.0011353235065852895, Valid loss - 0.013055257047354071, AUC - 0.9823230116523437, termAUC - 0.8496570365620929
Epoch 52: Loss - 0.006480197101663142, EL Loss: 0.0011245017759123985, Valid loss - 0.01309266836485929, AUC - 0.9822931781184767, termAUC - 0.8496762933303718
Epoch 53: Loss - 0.0064587594618932395, EL Loss: 0.0011137303816736498, Valid loss - 0.013111396213234575, AUC - 0.982247151423395, termAUC - 0.8494719352612646
Epoch 54: Loss - 0.006441375353889879, EL Loss: 0.0011030192752397273, Valid loss - 0.013122453695784013, AUC - 0.9822708063316755, termAUC - 0.8497071150866801
Epoch 55: Loss - 0.006419840736056508, EL Loss: 0.0010923515247775793, Valid loss - 0.013139577413460723, AUC - 0.9822175568840662, termAUC - 0.8497005594327971
Epoch 56: Loss - 0.0064070434601917565, EL Loss: 0.0010817790582952921, Valid loss - 0.013169751968234777, AUC - 0.9821708468644404, termAUC - 0.8495660434328283
Epoch 57: Loss - 0.006396733380563181, EL Loss: 0.0010714056892898133, Valid loss - 0.013180351298716333, AUC - 0.9821658186767857, termAUC - 0.8493936000993648
Epoch 58: Loss - 0.006368702715569408, EL Loss: 0.0010611657809129536, Valid loss - 0.013219257230284038, AUC - 0.9821094169148835, termAUC - 0.8494936983995274
Epoch 59: Loss - 0.0063636567966675935, EL Loss: 0.0010510154782828645, Valid loss - 0.013226805082349866, AUC - 0.982044674625484, termAUC - 0.8494941002354568
Epoch 60: Loss - 0.006353486170293406, EL Loss: 0.0010409169359015698, Valid loss - 0.01323888306333511, AUC - 0.9820518465025969, termAUC - 0.8492228825324364
Epoch 61: Loss - 0.006335916766714287, EL Loss: 0.0010308697550510488, Valid loss - 0.013266992506881554, AUC - 0.9820025941661206, termAUC - 0.8492293469320423
Epoch 62: Loss - 0.006318868934084158, EL Loss: 0.0010208340127635775, Valid loss - 0.013307745054502178, AUC - 0.9819201853053021, termAUC - 0.8490817799861069
Epoch 63: Loss - 0.0063143235163843035, EL Loss: 0.0010108093625564945, Valid loss - 0.013307136386908867, AUC - 0.9819214215060693, termAUC - 0.8491389386707815
Epoch 64: Loss - 0.006295255156252447, EL Loss: 0.001000798975454806, Valid loss - 0.013318618942328074, AUC - 0.9819176544839595, termAUC - 0.8489695885203116
Epoch 65: Loss - 0.006278819287948847, EL Loss: 0.0009908105959298566, Valid loss - 0.013339170034008998, AUC - 0.9819486145639954, termAUC - 0.8488026733380746
Epoch 66: Loss - 0.006266971233024178, EL Loss: 0.0009809610882957978, Valid loss - 0.013347155518001981, AUC - 0.9818049612863463, termAUC - 0.8485729813127418
Epoch 67: Loss - 0.006254594350536033, EL Loss: 0.0009712605712814813, Valid loss - 0.013374762116344991, AUC - 0.9818519660026775, termAUC - 0.8486080568710958
Epoch 68: Loss - 0.0062509464598467625, EL Loss: 0.0009617939094280479, Valid loss - 0.013391811714542132, AUC - 0.9818217692830318, termAUC - 0.8485698165916731
Epoch 69: Loss - 0.006236847184682593, EL Loss: 0.000952522612808295, Valid loss - 0.013410403538081381, AUC - 0.9817749629888699, termAUC - 0.848497238631522
Epoch 70: Loss - 0.0062168066375239955, EL Loss: 0.0009433729743002379, Valid loss - 0.013442256708663922, AUC - 0.9817410013362264, termAUC - 0.848381768811096
Epoch 71: Loss - 0.00621412560728109, EL Loss: 0.0009342428600054753, Valid loss - 0.01345190125759001, AUC - 0.9817391760804111, termAUC - 0.848414723912741
Epoch 72: Loss - 0.006190718144676142, EL Loss: 0.0009251883231883564, Valid loss - 0.013470212256328927, AUC - 0.9816923015401776, termAUC - 0.848229433882909
Epoch 73: Loss - 0.006182154520039673, EL Loss: 0.0009162043139108872, Valid loss - 0.013480157788015075, AUC - 0.9815778341687684, termAUC - 0.8479365392914676
Epoch 74: Loss - 0.006173408313035383, EL Loss: 0.0009072353625006883, Valid loss - 0.013503436399278817, AUC - 0.9815696250426404, termAUC - 0.8477868565915886
Epoch 75: Loss - 0.006159973597855722, EL Loss: 0.000898331691115912, Valid loss - 0.013504889383222219, AUC - 0.9816106997460473, termAUC - 0.8477183633212043
Epoch 76: Loss - 0.006148370075008189, EL Loss: 0.0008895276703106619, Valid loss - 0.013541289794914148, AUC - 0.9815385906973247, termAUC - 0.8475952221141431
Epoch 77: Loss - 0.006139360234365267, EL Loss: 0.0008807491868464091, Valid loss - 0.013547515686325453, AUC - 0.9814971112811854, termAUC - 0.8475800394802249
Epoch 78: Loss - 0.006120640659172824, EL Loss: 0.000871999485688826, Valid loss - 0.01359011011750058, AUC - 0.9814697096518464, termAUC - 0.8474200184756788
Epoch 79: Loss - 0.006112070083846359, EL Loss: 0.000863281848083092, Valid loss - 0.013592511788010598, AUC - 0.9815238991055096, termAUC - 0.8476901323211988
Epoch 80: Loss - 0.006104077934715355, EL Loss: 0.0008545767230296916, Valid loss - 0.013616716396063567, AUC - 0.9814526210823988, termAUC - 0.8474119744576697
Epoch 81: Loss - 0.006091758753579526, EL Loss: 0.000845885522532381, Valid loss - 0.013624677910572952, AUC - 0.9813284742691063, termAUC - 0.8471257913492868
Epoch 82: Loss - 0.006091677867572121, EL Loss: 0.0008372582463033435, Valid loss - 0.013661774009880093, AUC - 0.9813711457936798, termAUC - 0.8472277708174888
Epoch 83: Loss - 0.0060715961919321606, EL Loss: 0.0008288177974118494, Valid loss - 0.013659886636391835, AUC - 0.9813784381011135, termAUC - 0.8471537951454802
Epoch 84: Loss - 0.006072317522302966, EL Loss: 0.0008204229453533666, Valid loss - 0.01368447702240061, AUC - 0.9813892547623552, termAUC - 0.8471002990582877
Epoch 85: Loss - 0.006049935379355096, EL Loss: 0.0008120226021196442, Valid loss - 0.013706383043555198, AUC - 0.9813128465690347, termAUC - 0.8471151097140858
Epoch 86: Loss - 0.006044417532883972, EL Loss: 0.0008036190858998608, Valid loss - 0.01371811926709833, AUC - 0.9812547894790087, termAUC - 0.8467515465711382
Epoch 87: Loss - 0.006036455943398919, EL Loss: 0.0007953457646628137, Valid loss - 0.0137392222467396, AUC - 0.9812895062432518, termAUC - 0.846743684894907
Epoch 88: Loss - 0.006024514612346705, EL Loss: 0.0007872849379795936, Valid loss - 0.013779628187142037, AUC - 0.9812501487200718, termAUC - 0.8466699686438381
Epoch 89: Loss - 0.006015616349639174, EL Loss: 0.0007794355157267867, Valid loss - 0.013762185305219006, AUC - 0.981165420050638, termAUC - 0.84647433824234
Epoch 90: Loss - 0.00601129135659612, EL Loss: 0.0007717307872006279, Valid loss - 0.013782036842571364, AUC - 0.9811520018442693, termAUC - 0.8463663682518188
Epoch 91: Loss - 0.0059998171802632975, EL Loss: 0.0007640695980048323, Valid loss - 0.013804746077706416, AUC - 0.9810961606901023, termAUC - 0.8461985566142673
Epoch 92: Loss - 0.0059924429287181264, EL Loss: 0.0007565338838903253, Valid loss - 0.013825412170478592, AUC - 0.9810717658394909, termAUC - 0.8461897434034298
Epoch 93: Loss - 0.005984438866181484, EL Loss: 0.0007490236657118256, Valid loss - 0.01384606333449483, AUC - 0.981029576126433, termAUC - 0.8460924996615993
Epoch 94: Loss - 0.005972987170128657, EL Loss: 0.0007415574365691246, Valid loss - 0.01386349532339308, AUC - 0.9809767239789208, termAUC - 0.846086125908534
Epoch 95: Loss - 0.005970953378054794, EL Loss: 0.000734239222644436, Valid loss - 0.013873851099224002, AUC - 0.9809464914316266, termAUC - 0.8457623496529221
Epoch 96: Loss - 0.0059627168865341, EL Loss: 0.000726998139218788, Valid loss - 0.013898269966658619, AUC - 0.9808936971092276, termAUC - 0.8454907789074223
Epoch 97: Loss - 0.005937959212463229, EL Loss: 0.0007198428438126379, Valid loss - 0.013910273883353782, AUC - 0.9808778307001719, termAUC - 0.8455044865934913
Epoch 98: Loss - 0.005939110737738939, EL Loss: 0.000712716925714898, Valid loss - 0.013928145028788735, AUC - 0.9808819349748602, termAUC - 0.8455674242940365
Epoch 99: Loss - 0.0059260026390263515, EL Loss: 0.000705726858102581, Valid loss - 0.013939116053559162, AUC - 0.9808516997704211, termAUC - 0.8454295545721767
Epoch 100: Loss - 0.005926874459287577, EL Loss: 0.0006988774308956914, Valid loss - 0.013962420697013537, AUC - 0.9808214005365861, termAUC - 0.8452599153747686
Epoch 101: Loss - 0.005920355891734704, EL Loss: 0.0006920561011417827, Valid loss - 0.013968645519128553, AUC - 0.980841410594602, termAUC - 0.845297902228749
Epoch 102: Loss - 0.005906457936813396, EL Loss: 0.0006852363611790416, Valid loss - 0.014011580076206613, AUC - 0.9807676577573481, termAUC - 0.8451641869391274
Epoch 103: Loss - 0.005901332280547237, EL Loss: 0.0006784294105447247, Valid loss - 0.014014168000883526, AUC - 0.9807908152336995, termAUC - 0.8452344685032631
Epoch 104: Loss - 0.00589419125756149, EL Loss: 0.0006716494259241238, Valid loss - 0.014045670873451013, AUC - 0.9806944345433338, termAUC - 0.84479877870805
Epoch 105: Loss - 0.005887289991128796, EL Loss: 0.0006648795050782812, Valid loss - 0.014043378409136225, AUC - 0.9807466836164395, termAUC - 0.844950626721082
Epoch 106: Loss - 0.005875764394522706, EL Loss: 0.0006581173159569291, Valid loss - 0.014057483972498664, AUC - 0.9806066026027555, termAUC - 0.8446009024471579
Epoch 107: Loss - 0.00587503956135214, EL Loss: 0.0006514185553136357, Valid loss - 0.01407017076594962, AUC - 0.980614731975517, termAUC - 0.8446468345928819
Epoch 108: Loss - 0.0058570682976086825, EL Loss: 0.0006447945454298372, Valid loss - 0.014099641061491437, AUC - 0.9806725586227816, termAUC - 0.8447136371093583
Epoch 109: Loss - 0.005852095264681881, EL Loss: 0.0006383092194431209, Valid loss - 0.01410203153198516, AUC - 0.9805655287170506, termAUC - 0.8442569862774104
Epoch 110: Loss - 0.005856680047340338, EL Loss: 0.0006319238082434451, Valid loss - 0.014129310846328735, AUC - 0.9804831208405496, termAUC - 0.8440454088970835
Epoch 111: Loss - 0.005842543761374266, EL Loss: 0.000625583771252534, Valid loss - 0.014139417082899147, AUC - 0.9805602105728013, termAUC - 0.8443555680005574
Epoch 112: Loss - 0.0058396911303117685, EL Loss: 0.0006192573271766676, Valid loss - 0.014160493982058984, AUC - 0.98049788135874, termAUC - 0.8442120955633583
Epoch 113: Loss - 0.0058336385688352276, EL Loss: 0.0006129641824289243, Valid loss - 0.014182371170156532, AUC - 0.9805272427812418, termAUC - 0.8444818417218338
Epoch 114: Loss - 0.005821398530151142, EL Loss: 0.000606764798857711, Valid loss - 0.014201561340855227, AUC - 0.9804533636954227, termAUC - 0.8441396387791722
Epoch 115: Loss - 0.005811312190074456, EL Loss: 0.000600600085347095, Valid loss - 0.014220212206796364, AUC - 0.9804273405931299, termAUC - 0.8444451978744352
Epoch 116: Loss - 0.0058129612847757604, EL Loss: 0.0005945685564466876, Valid loss - 0.01423335136776721, AUC - 0.9804583179751245, termAUC - 0.8442837779052124
Epoch 117: Loss - 0.005806651690748062, EL Loss: 0.0005886756284551048, Valid loss - 0.014233065320661775, AUC - 0.9804009643245992, termAUC - 0.8440059473043092
Epoch 118: Loss - 0.0057967444592987, EL Loss: 0.0005828799561944692, Valid loss - 0.01425046660695915, AUC - 0.9804133040108176, termAUC - 0.8441466571909892
Epoch 119: Loss - 0.0057863502859125115, EL Loss: 0.0005771714349752963, Valid loss - 0.014281993697362917, AUC - 0.9803311648311752, termAUC - 0.8438082652284291
Epoch 120: Loss - 0.005784597583892392, EL Loss: 0.0005715502258268959, Valid loss - 0.014274657862605872, AUC - 0.9803780722553299, termAUC - 0.8437908387295512
Epoch 121: Loss - 0.0057800117855860205, EL Loss: 0.0005659566614844595, Valid loss - 0.014309936341036248, AUC - 0.9803649774411057, termAUC - 0.8437586537300984
Epoch 122: Loss - 0.0057770327672399405, EL Loss: 0.0005603746115622235, Valid loss - 0.014335972360438771, AUC - 0.9802278303496753, termAUC - 0.8434478049176478
Epoch 123: Loss - 0.005764922997657535, EL Loss: 0.0005548008958093114, Valid loss - 0.014330006425303441, AUC - 0.9801933007433078, termAUC - 0.843186808595563
Epoch 124: Loss - 0.005757743622152103, EL Loss: 0.000549239138744566, Valid loss - 0.01434652018878195, AUC - 0.9802206480674978, termAUC - 0.8433824544246782
Epoch 125: Loss - 0.005751229761129853, EL Loss: 0.0005437414704092491, Valid loss - 0.014353377661771244, AUC - 0.9802057777670524, termAUC - 0.8431974959221803
Epoch 126: Loss - 0.005755060550451541, EL Loss: 0.0005383010232353306, Valid loss - 0.014357381693466946, AUC - 0.9802564809005593, termAUC - 0.8433284589825489
Epoch 127: Loss - 0.005746373517016607, EL Loss: 0.0005329821312177504, Valid loss - 0.014389087763373498, AUC - 0.9802071369563456, termAUC - 0.8429701143234548
Loading the best model: deepgozero_cc_s0_sel-loss
Test Loss - 0.011501686495188394, AUC - 0.9843770073712567
Loading the best model: deepgozero_cc_s0_sel-micro
Test Loss - 0.011587001393365179, AUC - 0.9847340570275065
Loading the best model: deepgozero_cc_s0_sel-macro
Test Loss - 0.012196317338097243, AUC - 0.9839368197141521
=== evaluation of deepgozero_cc_s0_sel-loss start=2026-08-26T19:32:32+01:00
--- python predict_diamond.py -dr data -ont cc -m deepgozero_cc_s0_sel-loss
--- python evaluate_fast.py -dr data -ont cc -m deepgozero_cc_s0_sel-loss_blast
Fmax: 0.665, Smin: 10.572, threshold: 0.37
WFmax: 0.521, threshold: 0.33
AUPR: 0.670
AVGIC: 7.028
--- python evaluate_fast.py -dr data -ont cc -m deepgozero_cc_s0_sel-loss_blast -c
Fmax: 0.665, Smin: 10.536, threshold: 0.35
WFmax: 0.531, threshold: 0.3
AUPR: 0.703
AVGIC: 7.859
--- python evaluate_terms.py -dr data -ont cc -m deepgozero_cc_s0_sel-loss_blast
GO:0005762 0.839865374937091
Average AUC for cc 0.853  (n_terms=1536)
--- python evaluate_terms.py -dr data -ont cc -m deepgozero_cc_s0_sel-loss_blast -c
GO:0005762 0.8401484650226472
Average AUC for cc 0.858  (n_terms=1536)
=== end=2026-08-26T19:34:38+01:00
=== evaluation of deepgozero_cc_s0_sel-micro start=2026-08-26T19:34:38+01:00
--- python predict_diamond.py -dr data -ont cc -m deepgozero_cc_s0_sel-micro
--- python evaluate_fast.py -dr data -ont cc -m deepgozero_cc_s0_sel-micro_blast
Fmax: 0.663, Smin: 10.564, threshold: 0.45
WFmax: 0.521, threshold: 0.39
AUPR: 0.666
AVGIC: 7.262
--- python evaluate_fast.py -dr data -ont cc -m deepgozero_cc_s0_sel-micro_blast -c
Fmax: 0.666, Smin: 10.546, threshold: 0.37
WFmax: 0.534, threshold: 0.32
AUPR: 0.701
AVGIC: 8.499
--- python evaluate_terms.py -dr data -ont cc -m deepgozero_cc_s0_sel-micro_blast
GO:0005762 0.8651337862774702
Average AUC for cc 0.859  (n_terms=1536)
--- python evaluate_terms.py -dr data -ont cc -m deepgozero_cc_s0_sel-micro_blast -c
GO:0005762 0.8653539674551249
Average AUC for cc 0.863  (n_terms=1536)
=== end=2026-08-26T19:36:39+01:00
=== evaluation of deepgozero_cc_s0_sel-macro start=2026-08-26T19:36:39+01:00
--- python predict_diamond.py -dr data -ont cc -m deepgozero_cc_s0_sel-macro
--- python evaluate_fast.py -dr data -ont cc -m deepgozero_cc_s0_sel-macro_blast
Fmax: 0.658, Smin: 10.681, threshold: 0.41
WFmax: 0.518, threshold: 0.37
AUPR: 0.655
AVGIC: 8.590
--- python evaluate_fast.py -dr data -ont cc -m deepgozero_cc_s0_sel-macro_blast -c
Fmax: 0.665, Smin: 10.588, threshold: 0.37
WFmax: 0.534, threshold: 0.32
AUPR: 0.698
AVGIC: 8.700
--- python evaluate_terms.py -dr data -ont cc -m deepgozero_cc_s0_sel-macro_blast
GO:0005762 0.8767719342392216
Average AUC for cc 0.860  (n_terms=1536)
--- python evaluate_terms.py -dr data -ont cc -m deepgozero_cc_s0_sel-macro_blast -c
GO:0005762 0.8765517530615669
Average AUC for cc 0.864  (n_terms=1536)
=== end=2026-08-26T19:38:40+01:00
