=== command: python deepgozero.py -dr data -ont cc -m deepgozero_cc_s1 -s 1 -ep 128
=== start=2026-08-26T23:14:00+01:00
=== gpu: NVIDIA A100-PCIE-40GB
Epoch 0: Loss - 0.029832044051557916, EL Loss: 22.3356195222729, Valid loss - 0.027933491421518502, AUC - 0.8414199737803133, termAUC - 0.6276685973443855
Saving model (sel-loss)
Saving model (sel-micro)
Saving model (sel-macro)
Epoch 1: Loss - 0.02334800053810042, EL Loss: 1.4186108304932143, Valid loss - 0.01783939552389913, AUC - 0.9545511167608307, termAUC - 0.6194588468137456
Saving model (sel-loss)
Saving model (sel-micro)
Epoch 2: Loss - 0.0155544861848787, EL Loss: 0.674475045746355, Valid loss - 0.014464892674651411, AUC - 0.970696929689402, termAUC - 0.6328681677505305
Saving model (sel-loss)
Saving model (sel-micro)
Saving model (sel-macro)
Epoch 3: Loss - 0.014296900675664862, EL Loss: 0.4190782448918677, Valid loss - 0.014244164036655868, AUC - 0.972774173691074, termAUC - 0.6338770640147441
Saving model (sel-loss)
Saving model (sel-micro)
Saving model (sel-macro)
Epoch 4: Loss - 0.01378216899597695, EL Loss: 0.26714822611162525, Valid loss - 0.01420964582098855, AUC - 0.9735568555842659, termAUC - 0.6519953933804659
Saving model (sel-loss)
Saving model (sel-micro)
Saving model (sel-macro)
Epoch 5: Loss - 0.013253686323499516, EL Loss: 0.19468985890447638, Valid loss - 0.014039701264765527, AUC - 0.9745842998123272, termAUC - 0.6627080011824145
Saving model (sel-loss)
Saving model (sel-micro)
Saving model (sel-macro)
Epoch 6: Loss - 0.01312296988640785, EL Loss: 0.18076871269329767, Valid loss - 0.014027824404614943, AUC - 0.9748399457928405, termAUC - 0.6710969792540985
Saving model (sel-loss)
Saving model (sel-micro)
Saving model (sel-macro)
Epoch 7: Loss - 0.01299352934412875, EL Loss: 0.16270053995970016, Valid loss - 0.013996647429411058, AUC - 0.9750535411014114, termAUC - 0.6798118874647013
Saving model (sel-loss)
Saving model (sel-micro)
Saving model (sel-macro)
Epoch 8: Loss - 0.012865590428288848, EL Loss: 0.14076897617184184, Valid loss - 0.013904373865160677, AUC - 0.9755650734339943, termAUC - 0.6916651228831318
Saving model (sel-loss)
Saving model (sel-micro)
Saving model (sel-macro)
Epoch 9: Loss - 0.012694887017865435, EL Loss: 0.11673383701701076, Valid loss - 0.013748775084537488, AUC - 0.9761535911262293, termAUC - 0.7060739176096842
Saving model (sel-loss)
Saving model (sel-micro)
Saving model (sel-macro)
Epoch 10: Loss - 0.012417853257232339, EL Loss: 0.0928246595113785, Valid loss - 0.013581760731284266, AUC - 0.9770096016298317, termAUC - 0.7229499621220528
Saving model (sel-loss)
Saving model (sel-micro)
Saving model (sel-macro)
Epoch 11: Loss - 0.012090248960693571, EL Loss: 0.06999211541874759, Valid loss - 0.013309747146235573, AUC - 0.9781177932309083, termAUC - 0.744483493350471
Saving model (sel-loss)
Saving model (sel-micro)
Saving model (sel-macro)
Epoch 12: Loss - 0.011673583734672158, EL Loss: 0.04900046459942554, Valid loss - 0.01311267616779164, AUC - 0.9792078531665694, termAUC - 0.762407927460838
Saving model (sel-loss)
Saving model (sel-micro)
Saving model (sel-macro)
Epoch 13: Loss - 0.011198232175388685, EL Loss: 0.030621336062779652, Valid loss - 0.012810761798863058, AUC - 0.9806700245326825, termAUC - 0.7846685365098011
Saving model (sel-loss)
Saving model (sel-micro)
Saving model (sel-macro)
Epoch 14: Loss - 0.010475643175963603, EL Loss: 0.015004999040673055, Valid loss - 0.01241743455261544, AUC - 0.9820280960452038, termAUC - 0.806310353350247
Saving model (sel-loss)
Saving model (sel-micro)
Saving model (sel-macro)
Epoch 15: Loss - 0.009650487420655456, EL Loss: 0.006263475555992167, Valid loss - 0.012232775830974181, AUC - 0.9827720910071932, termAUC - 0.825478101985453
Saving model (sel-loss)
Saving model (sel-micro)
Saving model (sel-macro)
Epoch 16: Loss - 0.008932384307914133, EL Loss: 0.0026777659904405724, Valid loss - 0.0121820913006862, AUC - 0.9833106298801487, termAUC - 0.837962183032621
Saving model (sel-loss)
Saving model (sel-micro)
Saving model (sel-macro)
Epoch 17: Loss - 0.008415402497976425, EL Loss: 0.0019388215749697106, Valid loss - 0.01224716009779109, AUC - 0.98342440069972, termAUC - 0.8452012639191399
Saving model (sel-micro)
Saving model (sel-macro)
Epoch 18: Loss - 0.008021045195945691, EL Loss: 0.001761249998483841, Valid loss - 0.012299810798355827, AUC - 0.9835415136014432, termAUC - 0.8503598187565408
Saving model (sel-micro)
Saving model (sel-macro)
Epoch 19: Loss - 0.007715790664454833, EL Loss: 0.0015985764087795367, Valid loss - 0.012343213010441374, AUC - 0.9835542504554932, termAUC - 0.8521528594902333
Saving model (sel-micro)
Saving model (sel-macro)
Epoch 20: Loss - 0.007265083151291856, EL Loss: 0.0015138908749151045, Valid loss - 0.012341837733294125, AUC - 0.9835811549317932, termAUC - 0.8528130113761598
Saving model (sel-micro)
Saving model (sel-macro)
Epoch 21: Loss - 0.007218578642100141, EL Loss: 0.001498998140193847, Valid loss - 0.012362128979078046, AUC - 0.9835617421832548, termAUC - 0.8529853760175872
Saving model (sel-macro)
Epoch 22: Loss - 0.007176308795684238, EL Loss: 0.0014842511423019148, Valid loss - 0.012402388653545468, AUC - 0.9834640414681876, termAUC - 0.853002090525092
Saving model (sel-macro)
Epoch 23: Loss - 0.00715326315938719, EL Loss: 0.0014695622657845012, Valid loss - 0.012437233066669218, AUC - 0.9833925187701992, termAUC - 0.8529903641925626
Epoch 24: Loss - 0.007119997591707302, EL Loss: 0.0014550431676431464, Valid loss - 0.012471484116933964, AUC - 0.9833071756626095, termAUC - 0.8530555127560441
Saving model (sel-macro)
Epoch 25: Loss - 0.00709416360058073, EL Loss: 0.0014406124554727094, Valid loss - 0.012485248312630036, AUC - 0.9833140969430418, termAUC - 0.8531571447692173
Saving model (sel-macro)
Epoch 26: Loss - 0.00706326395913582, EL Loss: 0.0014262665282424316, Valid loss - 0.012506725104456698, AUC - 0.9832897800458285, termAUC - 0.8533853800498146
Saving model (sel-macro)
Epoch 27: Loss - 0.007031500421872342, EL Loss: 0.001412123814296508, Valid loss - 0.012533514563822084, AUC - 0.9832304685548829, termAUC - 0.8531134486427366
Epoch 28: Loss - 0.00700712347849576, EL Loss: 0.001398500844577376, Valid loss - 0.012565755071463408, AUC - 0.983171677887272, termAUC - 0.8530618511525452
Epoch 29: Loss - 0.006982226733754391, EL Loss: 0.001385176661734542, Valid loss - 0.012599345696745095, AUC - 0.983157658335718, termAUC - 0.8533149398585401
Epoch 30: Loss - 0.006955369131762255, EL Loss: 0.001372059742020868, Valid loss - 0.012600427914272856, AUC - 0.9831131706372028, termAUC - 0.8533225597669241
Epoch 31: Loss - 0.006935074950738098, EL Loss: 0.0013591283565967602, Valid loss - 0.012629422535085016, AUC - 0.9830641565365219, termAUC - 0.8531495016552619
Epoch 32: Loss - 0.006907428261092301, EL Loss: 0.0013463853380270587, Valid loss - 0.012631918476135642, AUC - 0.9830388510397121, termAUC - 0.8532170055101024
Epoch 33: Loss - 0.006886016391003775, EL Loss: 0.0013337707852803535, Valid loss - 0.012657004712080514, AUC - 0.9830206004414708, termAUC - 0.8530818145720096
Epoch 34: Loss - 0.006854691850927132, EL Loss: 0.0013211976793298004, Valid loss - 0.0126900736104559, AUC - 0.9829896440710832, termAUC - 0.8532115555044544
Epoch 35: Loss - 0.006837825533316384, EL Loss: 0.0013086991399779038, Valid loss - 0.01269348151291962, AUC - 0.982973954620418, termAUC - 0.8530906282510726
Epoch 36: Loss - 0.006821968838726534, EL Loss: 0.0012963477275755033, Valid loss - 0.012710281037208107, AUC - 0.9829300217231844, termAUC - 0.853349348459502
Epoch 37: Loss - 0.00679846502737831, EL Loss: 0.0012841974598124543, Valid loss - 0.012740018767201239, AUC - 0.9828627176059017, termAUC - 0.8531125479356967
Epoch 38: Loss - 0.006777464708628541, EL Loss: 0.001272131686842648, Valid loss - 0.012764651069624556, AUC - 0.9828361935271084, termAUC - 0.8529567489705605
Epoch 39: Loss - 0.006759718890554324, EL Loss: 0.0012601349207039233, Valid loss - 0.012788097339647787, AUC - 0.982789189119914, termAUC - 0.8529347448295787
Epoch 40: Loss - 0.00673328593974451, EL Loss: 0.00124824476889356, Valid loss - 0.012795379419845564, AUC - 0.9828260244007003, termAUC - 0.853030740345872
Epoch 41: Loss - 0.006713539247321191, EL Loss: 0.0012364290210926138, Valid loss - 0.01281099825821541, AUC - 0.9828695177577631, termAUC - 0.8536012161395559
Saving model (sel-macro)
Epoch 42: Loss - 0.0066881797538148905, EL Loss: 0.0012246559595633555, Valid loss - 0.012833780829829198, AUC - 0.9827461495125792, termAUC - 0.853198953215985
Epoch 43: Loss - 0.00667567569142062, EL Loss: 0.0012129590747475762, Valid loss - 0.012852038205083873, AUC - 0.9827182607297478, termAUC - 0.8530421874611817
Epoch 44: Loss - 0.006657511705588292, EL Loss: 0.0012013949123125631, Valid loss - 0.01286373287094412, AUC - 0.9826895773549232, termAUC - 0.8531630773985431
Epoch 45: Loss - 0.006638237985976291, EL Loss: 0.0011899080837022792, Valid loss - 0.012881177667252443, AUC - 0.9826492133313974, termAUC - 0.8531291092865166
Epoch 46: Loss - 0.006613633412315837, EL Loss: 0.0011785882736405052, Valid loss - 0.012917506280872557, AUC - 0.9826782181702315, termAUC - 0.8532144179555495
Epoch 47: Loss - 0.006601031781580715, EL Loss: 0.001167388705541715, Valid loss - 0.012943845518209316, AUC - 0.9826393225804638, termAUC - 0.8531640118949685
Epoch 48: Loss - 0.0065785851087107414, EL Loss: 0.0011562038737864078, Valid loss - 0.012955189630803134, AUC - 0.9825958568473733, termAUC - 0.8530595875076651
Epoch 49: Loss - 0.006566075018391721, EL Loss: 0.0011450222309730136, Valid loss - 0.012978452751068053, AUC - 0.9825267763502932, termAUC - 0.8530306309226698
Epoch 50: Loss - 0.006542263295291816, EL Loss: 0.0011338498741980203, Valid loss - 0.013014998004116395, AUC - 0.9825096632379973, termAUC - 0.8527243866667635
Epoch 51: Loss - 0.006529767848522749, EL Loss: 0.0011227351478208284, Valid loss - 0.013034149776730272, AUC - 0.9824575669936414, termAUC - 0.8527883914407819
Epoch 52: Loss - 0.006513211359505244, EL Loss: 0.001111734939088751, Valid loss - 0.013023328967392445, AUC - 0.982464989785285, termAUC - 0.8527607289622621
Epoch 53: Loss - 0.006499260873105919, EL Loss: 0.001100926005276516, Valid loss - 0.013047919418938734, AUC - 0.9824268097616176, termAUC - 0.8526260978978234
Epoch 54: Loss - 0.006481497751578837, EL Loss: 0.0010902858725221254, Valid loss - 0.013083024950767005, AUC - 0.9824072373371658, termAUC - 0.8527119598619595
Epoch 55: Loss - 0.00646330075906119, EL Loss: 0.0010797560816148658, Valid loss - 0.013087428347380073, AUC - 0.9823990815764695, termAUC - 0.8528483985119644
Epoch 56: Loss - 0.006449106599704846, EL Loss: 0.0010692399521258476, Valid loss - 0.01311627048999071, AUC - 0.9823324328244804, termAUC - 0.8527669934535904
Epoch 57: Loss - 0.006436247454534012, EL Loss: 0.001058788339455525, Valid loss - 0.013140322312850642, AUC - 0.98232011155014, termAUC - 0.8525739464935215
Epoch 58: Loss - 0.006415781466779549, EL Loss: 0.001048503368009013, Valid loss - 0.013153727442302086, AUC - 0.9822712145238706, termAUC - 0.8525945202957054
Epoch 59: Loss - 0.006398595137711312, EL Loss: 0.0010383323117182128, Valid loss - 0.01319148976838699, AUC - 0.9822082305658691, termAUC - 0.8521089996661898
Epoch 60: Loss - 0.006388656111864821, EL Loss: 0.0010281768064998706, Valid loss - 0.013187531043809873, AUC - 0.9822223172351167, termAUC - 0.8523509699174877
Epoch 61: Loss - 0.006382075384769812, EL Loss: 0.0010180295127512429, Valid loss - 0.013195974807496425, AUC - 0.9822552495563535, termAUC - 0.8522821169262387
Epoch 62: Loss - 0.0063648277627672166, EL Loss: 0.0010079563564869074, Valid loss - 0.01323369424790144, AUC - 0.9821965358808911, termAUC - 0.8520318489803199
Epoch 63: Loss - 0.00635309203632695, EL Loss: 0.0009980030219850756, Valid loss - 0.013250438117042736, AUC - 0.9821573313930656, termAUC - 0.8519370090103038
Epoch 64: Loss - 0.006334246974866295, EL Loss: 0.000988105160721177, Valid loss - 0.01325623010871587, AUC - 0.9821781407642133, termAUC - 0.8521206892083037
Epoch 65: Loss - 0.006321499442038444, EL Loss: 0.0009782922209581363, Valid loss - 0.013269968061811395, AUC - 0.9821354140844901, termAUC - 0.8519306049871492
Epoch 66: Loss - 0.006310214263395582, EL Loss: 0.0009685360804178066, Valid loss - 0.013326200515169789, AUC - 0.9820463231720665, termAUC - 0.8515591303110223
Epoch 67: Loss - 0.0062928443068957915, EL Loss: 0.00095890631637526, Valid loss - 0.01334225395694375, AUC - 0.982069179904821, termAUC - 0.8517129116606712
Epoch 68: Loss - 0.0062814100795592345, EL Loss: 0.0009493817410190771, Valid loss - 0.0133343740262919, AUC - 0.9819960204377217, termAUC - 0.8515358567358402
Epoch 69: Loss - 0.006270657382637354, EL Loss: 0.0009400757504495184, Valid loss - 0.013360589742660522, AUC - 0.9820066131814127, termAUC - 0.8514668620242121
Epoch 70: Loss - 0.006261204125125754, EL Loss: 0.0009308828560280318, Valid loss - 0.013369361718219739, AUC - 0.981983456603765, termAUC - 0.8513017402434042
Epoch 71: Loss - 0.00625062037785616, EL Loss: 0.0009217774882345, Valid loss - 0.013389805518090724, AUC - 0.9819141523162755, termAUC - 0.8511086542124942
Epoch 72: Loss - 0.006229306386846473, EL Loss: 0.0009127298009793658, Valid loss - 0.01342096943753185, AUC - 0.9818750409654681, termAUC - 0.8511475677641415
Epoch 73: Loss - 0.006226325140029455, EL Loss: 0.0009037771361261737, Valid loss - 0.013432911290200772, AUC - 0.9818639029653073, termAUC - 0.8512948957702551
Epoch 74: Loss - 0.006204181895227632, EL Loss: 0.000894834976953527, Valid loss - 0.013441823678160155, AUC - 0.9818784844339448, termAUC - 0.8513091859846164
Epoch 75: Loss - 0.0062020452371135265, EL Loss: 0.0008859738730629379, Valid loss - 0.013456807533899943, AUC - 0.9818936405968365, termAUC - 0.8509928461135119
Epoch 76: Loss - 0.00618696588328305, EL Loss: 0.0008772923620018373, Valid loss - 0.01348420456741695, AUC - 0.9817540277172568, termAUC - 0.8506980461163323
Epoch 77: Loss - 0.006171343494941171, EL Loss: 0.0008687127574459632, Valid loss - 0.013510189205408096, AUC - 0.9817118719980412, termAUC - 0.8505444513700878
Epoch 78: Loss - 0.0061719893580545054, EL Loss: 0.0008601591302649579, Valid loss - 0.013538391363841516, AUC - 0.9817114058002764, termAUC - 0.8505504850105837
Epoch 79: Loss - 0.006161856929454981, EL Loss: 0.0008517046850606097, Valid loss - 0.013545590211395864, AUC - 0.9816783361548407, termAUC - 0.8505476925386963
Epoch 80: Loss - 0.006138269738529511, EL Loss: 0.000843355853066339, Valid loss - 0.013565383630770225, AUC - 0.9816306108559769, termAUC - 0.8504623279511054
Epoch 81: Loss - 0.006127570878434784, EL Loss: 0.000835036335314751, Valid loss - 0.013599045843713813, AUC - 0.9816200395796537, termAUC - 0.8506092612902431
Epoch 82: Loss - 0.006114203059991642, EL Loss: 0.0008267127073713639, Valid loss - 0.01359205056257822, AUC - 0.9815622443849472, termAUC - 0.8502979664667184
Epoch 83: Loss - 0.006112454119630466, EL Loss: 0.000818465188039384, Valid loss - 0.013633670237053324, AUC - 0.9815550710590422, termAUC - 0.850260853019169
Epoch 84: Loss - 0.006103886410117628, EL Loss: 0.0008104040494148019, Valid loss - 0.013628730350346476, AUC - 0.9814970521687679, termAUC - 0.8502948411773333
Epoch 85: Loss - 0.006090854476619609, EL Loss: 0.0008025857304657166, Valid loss - 0.013636903444098101, AUC - 0.9815776645332972, termAUC - 0.8502785994070534
Epoch 86: Loss - 0.006086579949351151, EL Loss: 0.0007948380092976852, Valid loss - 0.013678594809715394, AUC - 0.9813994426502811, termAUC - 0.8499967128283531
Epoch 87: Loss - 0.006070885890174891, EL Loss: 0.0007871037430132085, Valid loss - 0.013691250904014816, AUC - 0.9814346376332767, termAUC - 0.8500207721291827
Epoch 88: Loss - 0.006063364492515373, EL Loss: 0.0007793691729435734, Valid loss - 0.013693298606408968, AUC - 0.9814481790014525, termAUC - 0.8499751108504986
Epoch 89: Loss - 0.006042407345665679, EL Loss: 0.0007716373569520324, Valid loss - 0.013712531217822323, AUC - 0.9813848449788417, termAUC - 0.8497880857594293
Epoch 90: Loss - 0.006042510943892333, EL Loss: 0.0007639238897445049, Valid loss - 0.013747222424933203, AUC - 0.9813759824832284, termAUC - 0.8497555767071743
Epoch 91: Loss - 0.0060374901805053055, EL Loss: 0.0007562918379845078, Valid loss - 0.013749520232280096, AUC - 0.981341564244791, termAUC - 0.8497690216893996
Epoch 92: Loss - 0.006022091061062255, EL Loss: 0.0007486775838630916, Valid loss - 0.013785177531341711, AUC - 0.9812798609930999, termAUC - 0.8495448720343132
Epoch 93: Loss - 0.006021851774805709, EL Loss: 0.0007411150720735632, Valid loss - 0.013790278074642023, AUC - 0.9812947736546068, termAUC - 0.8496367147691418
Epoch 94: Loss - 0.006009685660207539, EL Loss: 0.0007336960651660067, Valid loss - 0.013821718000151494, AUC - 0.981288207206062, termAUC - 0.8494470009759486
Epoch 95: Loss - 0.005997595118407223, EL Loss: 0.0007263014141087253, Valid loss - 0.013837323068744606, AUC - 0.9811705480471438, termAUC - 0.8493027486330839
Epoch 96: Loss - 0.005987004052482511, EL Loss: 0.0007189233051249287, Valid loss - 0.013854782428178522, AUC - 0.9811932438007895, termAUC - 0.8493482976506695
Epoch 97: Loss - 0.005983111129290671, EL Loss: 0.0007116087977713827, Valid loss - 0.013878835199607743, AUC - 0.9811307959686792, termAUC - 0.849123859588549
Epoch 98: Loss - 0.005978735873174738, EL Loss: 0.0007043775418134347, Valid loss - 0.013871773898049637, AUC - 0.981102558865841, termAUC - 0.8490694353171779
Epoch 99: Loss - 0.005970309011047709, EL Loss: 0.0006971590325755465, Valid loss - 0.013877152582561529, AUC - 0.9810421049089167, termAUC - 0.848840910667177
Epoch 100: Loss - 0.005954746344479038, EL Loss: 0.00068996198168545, Valid loss - 0.013921040455224338, AUC - 0.9810469875779237, termAUC - 0.848932515697059
Epoch 101: Loss - 0.005947665678648133, EL Loss: 0.0006828196311549955, Valid loss - 0.013932739446560542, AUC - 0.9810258722473164, termAUC - 0.8488223917295208
Epoch 102: Loss - 0.005932474327216618, EL Loss: 0.0006758744857729673, Valid loss - 0.013950381241738797, AUC - 0.980960740684628, termAUC - 0.8487565014412025
Epoch 103: Loss - 0.005928229533455364, EL Loss: 0.0006690077208393292, Valid loss - 0.013962990990667432, AUC - 0.980932679586107, termAUC - 0.8486393873638771
Epoch 104: Loss - 0.005924066979185625, EL Loss: 0.0006622182751116507, Valid loss - 0.013986300297633366, AUC - 0.9809051629837743, termAUC - 0.8485302524260043
Epoch 105: Loss - 0.005917008703426211, EL Loss: 0.0006554740078438496, Valid loss - 0.013993119903736645, AUC - 0.9809208220133642, termAUC - 0.8484428717728792
Epoch 106: Loss - 0.005904242675359237, EL Loss: 0.0006488157260380714, Valid loss - 0.013992962627499193, AUC - 0.9808211763191242, termAUC - 0.848280718189351
Epoch 107: Loss - 0.005903186827611355, EL Loss: 0.0006423254363997561, Valid loss - 0.0140312683734077, AUC - 0.9808381606251654, termAUC - 0.8483082027543681
Epoch 108: Loss - 0.005903250767256078, EL Loss: 0.0006359246914926774, Valid loss - 0.01403948666734828, AUC - 0.9807615607527698, termAUC - 0.8480157100080798
Epoch 109: Loss - 0.005881833459698463, EL Loss: 0.0006295994014527711, Valid loss - 0.014050887269830262, AUC - 0.9807596599535984, termAUC - 0.8478752222303781
Epoch 110: Loss - 0.005873025359855437, EL Loss: 0.0006233496888905085, Valid loss - 0.014076924724159418, AUC - 0.9807882601586503, termAUC - 0.8478978643520046
Epoch 111: Loss - 0.005874331775449422, EL Loss: 0.0006171092273796528, Valid loss - 0.014092969632259122, AUC - 0.9806699987173957, termAUC - 0.8475236658069628
Epoch 112: Loss - 0.005862685247213162, EL Loss: 0.0006108820306192114, Valid loss - 0.014109004799414564, AUC - 0.9806913567983316, termAUC - 0.8476584935901459
Epoch 113: Loss - 0.005854128850131919, EL Loss: 0.000604801153611523, Valid loss - 0.014138075033271755, AUC - 0.9805952670996342, termAUC - 0.8474720349668615
Epoch 114: Loss - 0.005849792024086459, EL Loss: 0.0005989390718026848, Valid loss - 0.014138676039874554, AUC - 0.9806447446276358, termAUC - 0.8477750340821947
Epoch 115: Loss - 0.005839758561524758, EL Loss: 0.0005931345287569233, Valid loss - 0.014167127709973741, AUC - 0.9806111213323658, termAUC - 0.8475556424643752
Epoch 116: Loss - 0.005833108355519383, EL Loss: 0.0005873890032429836, Valid loss - 0.014181057777669695, AUC - 0.9805543909091381, termAUC - 0.8474289891738477
Epoch 117: Loss - 0.005839060347885247, EL Loss: 0.0005818067811936522, Valid loss - 0.014180096321635777, AUC - 0.9804478742413347, termAUC - 0.8470487501140456
Epoch 118: Loss - 0.005823957579064926, EL Loss: 0.0005762999849968017, Valid loss - 0.014199107292073744, AUC - 0.9803899319997249, termAUC - 0.8469075423757971
Epoch 119: Loss - 0.0058174427696054435, EL Loss: 0.0005708224486679432, Valid loss - 0.014222640006078615, AUC - 0.980437160492624, termAUC - 0.846977319183271
Epoch 120: Loss - 0.0058054306352180165, EL Loss: 0.0005653944553484339, Valid loss - 0.014245457823077838, AUC - 0.9803795883372727, termAUC - 0.8470011403546451
Epoch 121: Loss - 0.005802054047494682, EL Loss: 0.0005599896403551558, Valid loss - 0.014259425288549177, AUC - 0.9803411409266074, termAUC - 0.8468429046446434
Epoch 122: Loss - 0.005805537245267714, EL Loss: 0.0005546032536131648, Valid loss - 0.014280991787435832, AUC - 0.9803314408837611, termAUC - 0.8468756749758627
Epoch 123: Loss - 0.005790305882264471, EL Loss: 0.0005492518361262795, Valid loss - 0.014291727736040398, AUC - 0.980381422908226, termAUC - 0.8467351351758033
Epoch 124: Loss - 0.005784841273964067, EL Loss: 0.0005439147067036634, Valid loss - 0.014311781863647479, AUC - 0.9803191209613213, termAUC - 0.8466581426883873
Epoch 125: Loss - 0.005782336143706889, EL Loss: 0.0005386433312130998, Valid loss - 0.01431507708987704, AUC - 0.9802515680160564, termAUC - 0.8463989747843247
Epoch 126: Loss - 0.005774583575168872, EL Loss: 0.0005334956989253501, Valid loss - 0.014323451087154724, AUC - 0.9802741041737637, termAUC - 0.8463679809986333
Epoch 127: Loss - 0.005760246326228401, EL Loss: 0.0005283666027914505, Valid loss - 0.014340594176340987, AUC - 0.9802515679145488, termAUC - 0.846347549075001
Loading the best model: deepgozero_cc_s1_sel-loss
Test Loss - 0.011500137452794998, AUC - 0.9844782015480292
Loading the best model: deepgozero_cc_s1_sel-micro
Test Loss - 0.011692302420815844, AUC - 0.9845802855142589
Loading the best model: deepgozero_cc_s1_sel-macro
Test Loss - 0.012150834221105425, AUC - 0.9837890576183245
=== evaluation of deepgozero_cc_s1_sel-loss start=2026-08-27T01:05:55+01:00
--- python predict_diamond.py -dr data -ont cc -m deepgozero_cc_s1_sel-loss
--- python evaluate_fast.py -dr data -ont cc -m deepgozero_cc_s1_sel-loss_blast
Fmax: 0.661, Smin: 10.629, threshold: 0.36
WFmax: 0.518, threshold: 0.32
AUPR: 0.650
AVGIC: 7.576
--- python evaluate_fast.py -dr data -ont cc -m deepgozero_cc_s1_sel-loss_blast -c
Fmax: 0.666, Smin: 10.568, threshold: 0.32
WFmax: 0.532, threshold: 0.32
AUPR: 0.649
AVGIC: 8.876
--- python evaluate_terms.py -dr data -ont cc -m deepgozero_cc_s1_sel-loss_blast
GO:0005762 0.8525729743331656
Average AUC for cc 0.849  (n_terms=1536)
--- python evaluate_terms.py -dr data -ont cc -m deepgozero_cc_s1_sel-loss_blast -c
GO:0005762 0.853422244589834
Average AUC for cc 0.855  (n_terms=1536)
=== end=2026-08-27T01:08:19+01:00
=== evaluation of deepgozero_cc_s1_sel-micro start=2026-08-27T01:08:19+01:00
--- python predict_diamond.py -dr data -ont cc -m deepgozero_cc_s1_sel-micro
--- python evaluate_fast.py -dr data -ont cc -m deepgozero_cc_s1_sel-micro_blast
Fmax: 0.663, Smin: 10.592, threshold: 0.39
WFmax: 0.521, threshold: 0.32
AUPR: 0.667
AVGIC: 8.275
--- python evaluate_fast.py -dr data -ont cc -m deepgozero_cc_s1_sel-micro_blast -c
Fmax: 0.666, Smin: 10.557, threshold: 0.35
WFmax: 0.534, threshold: 0.35
AUPR: 0.701
AVGIC: 8.834
--- python evaluate_terms.py -dr data -ont cc -m deepgozero_cc_s1_sel-micro_blast
GO:0005762 0.8886197785606441
Average AUC for cc 0.860  (n_terms=1536)
--- python evaluate_terms.py -dr data -ont cc -m deepgozero_cc_s1_sel-micro_blast -c
GO:0005762 0.8891754739137728
Average AUC for cc 0.864  (n_terms=1536)
=== end=2026-08-27T01:10:17+01:00
=== evaluation of deepgozero_cc_s1_sel-macro start=2026-08-27T01:10:17+01:00
--- python predict_diamond.py -dr data -ont cc -m deepgozero_cc_s1_sel-macro
--- python evaluate_fast.py -dr data -ont cc -m deepgozero_cc_s1_sel-macro_blast
Fmax: 0.659, Smin: 10.670, threshold: 0.43
WFmax: 0.519, threshold: 0.34
AUPR: 0.637
AVGIC: 8.237
--- python evaluate_fast.py -dr data -ont cc -m deepgozero_cc_s1_sel-macro_blast -c
Fmax: 0.664, Smin: 10.598, threshold: 0.37
WFmax: 0.532, threshold: 0.33
AUPR: 0.630
AVGIC: 8.772
--- python evaluate_terms.py -dr data -ont cc -m deepgozero_cc_s1_sel-macro_blast
GO:0005762 0.9037179164569703
Average AUC for cc 0.860  (n_terms=1536)
--- python evaluate_terms.py -dr data -ont cc -m deepgozero_cc_s1_sel-macro_blast -c
GO:0005762 0.90339288709948
Average AUC for cc 0.864  (n_terms=1536)
=== end=2026-08-27T01:12:17+01:00
