=== command: python deepgozero.py -dr data -ont cc -m deepgozero_cc_s2 -s 2 -ep 128
=== start=2026-08-27T04:13:51+01:00
=== gpu: NVIDIA A100-PCIE-40GB
Epoch 0: Loss - 0.030208217941372902, EL Loss: 22.351593682995983, Valid loss - 0.02776462128040967, AUC - 0.8625185143794158, termAUC - 0.616777325012916
Saving model (sel-loss)
Saving model (sel-micro)
Saving model (sel-macro)
Epoch 1: Loss - 0.021776960030979668, EL Loss: 1.4181078167184389, Valid loss - 0.0165946242985902, AUC - 0.9598345685722307, termAUC - 0.625910783021759
Saving model (sel-loss)
Saving model (sel-micro)
Saving model (sel-macro)
Epoch 2: Loss - 0.015227529203168375, EL Loss: 0.6923149136361448, Valid loss - 0.014447174849057639, AUC - 0.9706014374591099, termAUC - 0.633788766416628
Saving model (sel-loss)
Saving model (sel-micro)
Saving model (sel-macro)
Epoch 3: Loss - 0.014224786653681152, EL Loss: 0.4516348964541831, Valid loss - 0.014362530196430507, AUC - 0.9729574935309437, termAUC - 0.6436213920659645
Saving model (sel-loss)
Saving model (sel-micro)
Saving model (sel-macro)
Epoch 4: Loss - 0.013788155198045885, EL Loss: 0.296382442333523, Valid loss - 0.01416994587138847, AUC - 0.9733143196062126, termAUC - 0.6543139289762091
Saving model (sel-loss)
Saving model (sel-micro)
Saving model (sel-macro)
Epoch 5: Loss - 0.013257069840519525, EL Loss: 0.21614095752354237, Valid loss - 0.014065646352591337, AUC - 0.9741965991912075, termAUC - 0.6631952616077935
Saving model (sel-loss)
Saving model (sel-micro)
Saving model (sel-macro)
Epoch 6: Loss - 0.013100191282613308, EL Loss: 0.19953434722666352, Valid loss - 0.014018701437722754, AUC - 0.9745491523237158, termAUC - 0.6718301047528724
Saving model (sel-loss)
Saving model (sel-micro)
Saving model (sel-macro)
Epoch 7: Loss - 0.012971761908844272, EL Loss: 0.1783004013128339, Valid loss - 0.013947559879333885, AUC - 0.974976019091924, termAUC - 0.6831506469676433
Saving model (sel-loss)
Saving model (sel-micro)
Saving model (sel-macro)
Epoch 8: Loss - 0.012834195978582978, EL Loss: 0.15269013149678068, Valid loss - 0.013885732305546601, AUC - 0.975510538392318, termAUC - 0.6945423676661857
Saving model (sel-loss)
Saving model (sel-micro)
Saving model (sel-macro)
Epoch 9: Loss - 0.012620966783104318, EL Loss: 0.1250822722603771, Valid loss - 0.013700224376387066, AUC - 0.97618796688723, termAUC - 0.7103560204215291
Saving model (sel-loss)
Saving model (sel-micro)
Saving model (sel-macro)
Epoch 10: Loss - 0.012356229082240535, EL Loss: 0.09794153550363062, Valid loss - 0.013510934008216416, AUC - 0.9772010714029248, termAUC - 0.72992180980795
Saving model (sel-loss)
Saving model (sel-micro)
Saving model (sel-macro)
Epoch 11: Loss - 0.011969945663771667, EL Loss: 0.07230013606935785, Valid loss - 0.013229983938099057, AUC - 0.9783706739756949, termAUC - 0.7511413607464534
Saving model (sel-loss)
Saving model (sel-micro)
Saving model (sel-macro)
Epoch 12: Loss - 0.011490858166020758, EL Loss: 0.048582338951927415, Valid loss - 0.012944555934518575, AUC - 0.9796450169195209, termAUC - 0.7732931611494945
Saving model (sel-loss)
Saving model (sel-micro)
Saving model (sel-macro)
Epoch 13: Loss - 0.010825694709799464, EL Loss: 0.02776809572277856, Valid loss - 0.012605715118762519, AUC - 0.9810917203378644, termAUC - 0.7949416298815863
Saving model (sel-loss)
Saving model (sel-micro)
Saving model (sel-macro)
Epoch 14: Loss - 0.010026265241299823, EL Loss: 0.01293301685915755, Valid loss - 0.01229630309605488, AUC - 0.9823760603174712, termAUC - 0.8178695596968721
Saving model (sel-loss)
Saving model (sel-micro)
Saving model (sel-macro)
Epoch 15: Loss - 0.009231627417819584, EL Loss: 0.004535834560103738, Valid loss - 0.012173581202686936, AUC - 0.9832114448007454, termAUC - 0.8345677506741719
Saving model (sel-loss)
Saving model (sel-micro)
Saving model (sel-macro)
Epoch 16: Loss - 0.008626083006218054, EL Loss: 0.0021770717253463533, Valid loss - 0.012176723857582719, AUC - 0.9836315461655806, termAUC - 0.842178564143425
Saving model (sel-micro)
Saving model (sel-macro)
Epoch 17: Loss - 0.008187357480687647, EL Loss: 0.0019673377586204906, Valid loss - 0.012227706535270921, AUC - 0.9834926964797773, termAUC - 0.8469995862330134
Saving model (sel-macro)
Epoch 18: Loss - 0.00784829423112501, EL Loss: 0.0017871001201744546, Valid loss - 0.012270078718386314, AUC - 0.983604844599839, termAUC - 0.8515242611532232
Saving model (sel-macro)
Epoch 19: Loss - 0.007561072040417703, EL Loss: 0.0016213637800027215, Valid loss - 0.012381688670979605, AUC - 0.9834622817823266, termAUC - 0.8515142370290352
Epoch 20: Loss - 0.007120216942062833, EL Loss: 0.0015348947651015387, Valid loss - 0.01240572252276319, AUC - 0.9834189417025951, termAUC - 0.8515725852130585
Saving model (sel-macro)
Epoch 21: Loss - 0.007079027673360787, EL Loss: 0.0015198587127790073, Valid loss - 0.012445340253826645, AUC - 0.9833000818404024, termAUC - 0.8513283578667861
Epoch 22: Loss - 0.0070401560450985366, EL Loss: 0.0015050398956365301, Valid loss - 0.01248282322453128, AUC - 0.983212830402067, termAUC - 0.8512801617110268
Epoch 23: Loss - 0.007007282858737281, EL Loss: 0.0014905214329659483, Valid loss - 0.012521261770140242, AUC - 0.983122541103616, termAUC - 0.8512905531768574
Epoch 24: Loss - 0.006981165884426334, EL Loss: 0.0014764309057981562, Valid loss - 0.012548642860794509, AUC - 0.9831178372298808, termAUC - 0.8514265247823078
Epoch 25: Loss - 0.006956517654663639, EL Loss: 0.00146247229439379, Valid loss - 0.012566861151545136, AUC - 0.983078494910832, termAUC - 0.8513350484261434
Epoch 26: Loss - 0.006938377518818684, EL Loss: 0.0014486231827419566, Valid loss - 0.012601101084577817, AUC - 0.9829941932945676, termAUC - 0.8513125326437336
Epoch 27: Loss - 0.006910848045139752, EL Loss: 0.0014349172310047936, Valid loss - 0.012607165750254083, AUC - 0.9829462432799312, termAUC - 0.8513378404137609
Epoch 28: Loss - 0.006875107681683933, EL Loss: 0.0014213255296745102, Valid loss - 0.012639523021600865, AUC - 0.9828946456158754, termAUC - 0.8511074830348179
Epoch 29: Loss - 0.006858853452480976, EL Loss: 0.0014078794654271926, Valid loss - 0.012675626455219807, AUC - 0.982819445916813, termAUC - 0.8512291370033132
Epoch 30: Loss - 0.006832670319681363, EL Loss: 0.0013945504289746547, Valid loss - 0.01268641286081186, AUC - 0.9827794392961946, termAUC - 0.8509982892648962
Epoch 31: Loss - 0.006808199864494148, EL Loss: 0.0013814904555182043, Valid loss - 0.012708933954989468, AUC - 0.9827498022061185, termAUC - 0.8510436723034347
Epoch 32: Loss - 0.006782979346279791, EL Loss: 0.00136858215161555, Valid loss - 0.012745712500893408, AUC - 0.9826914474085017, termAUC - 0.8509254169966991
Epoch 33: Loss - 0.006765942864410956, EL Loss: 0.001355720694004993, Valid loss - 0.012758519207299859, AUC - 0.982705658742177, termAUC - 0.8509496724889768
Epoch 34: Loss - 0.006745715073458166, EL Loss: 0.0013429987476782084, Valid loss - 0.012777797067192969, AUC - 0.9826488382886857, termAUC - 0.8508807553980816
Epoch 35: Loss - 0.006719004207541724, EL Loss: 0.0013305698952867234, Valid loss - 0.012802186363411171, AUC - 0.9825889673004404, termAUC - 0.850640708310544
Epoch 36: Loss - 0.006701142340862858, EL Loss: 0.001318343741937639, Valid loss - 0.012834176973060326, AUC - 0.9825307110976835, termAUC - 0.8504264127760065
Epoch 37: Loss - 0.006683807584042069, EL Loss: 0.0013062750779279147, Valid loss - 0.012832414010470665, AUC - 0.9825155969405778, termAUC - 0.8503751613170938
Epoch 38: Loss - 0.006667695481010683, EL Loss: 0.001294539342752043, Valid loss - 0.0128647039713407, AUC - 0.9825004628853734, termAUC - 0.8502187055284011
Epoch 39: Loss - 0.0066421685758535996, EL Loss: 0.0012830069563515587, Valid loss - 0.012879739546527465, AUC - 0.982443445061702, termAUC - 0.8500084173581871
Epoch 40: Loss - 0.006625299013410887, EL Loss: 0.0012715452110536032, Valid loss - 0.012910675481651668, AUC - 0.9823354851966271, termAUC - 0.849848462923155
Epoch 41: Loss - 0.0066029055189886126, EL Loss: 0.001260102834020546, Valid loss - 0.012925864104181528, AUC - 0.9823525663436987, termAUC - 0.8498003452991357
Epoch 42: Loss - 0.006591702292453652, EL Loss: 0.0012486768633470932, Valid loss - 0.012952310702315083, AUC - 0.9823160796710378, termAUC - 0.8495520254820647
Epoch 43: Loss - 0.006576235331580682, EL Loss: 0.0012372726896153065, Valid loss - 0.012969379513352006, AUC - 0.9822592947422102, termAUC - 0.8493699804366447
Epoch 44: Loss - 0.0065572507546467285, EL Loss: 0.0012259539330854532, Valid loss - 0.0129919093688605, AUC - 0.9822094017113995, termAUC - 0.8491631085866128
Epoch 45: Loss - 0.006538996109090015, EL Loss: 0.0012146427246540854, Valid loss - 0.012995158539464076, AUC - 0.9821299099245844, termAUC - 0.8490096896269036
Epoch 46: Loss - 0.006520908653050102, EL Loss: 0.0012033929076554913, Valid loss - 0.013023621633786847, AUC - 0.9821465140304946, termAUC - 0.8490977290968937
Epoch 47: Loss - 0.0065038303110483255, EL Loss: 0.0011922740972933187, Valid loss - 0.01304366143282365, AUC - 0.9821206511178082, termAUC - 0.8487349446410761
Epoch 48: Loss - 0.006482235110717131, EL Loss: 0.0011812417408177604, Valid loss - 0.01306812446564436, AUC - 0.982074083753076, termAUC - 0.848412121057927
Epoch 49: Loss - 0.006467155859574596, EL Loss: 0.0011703115905767698, Valid loss - 0.013099449145159236, AUC - 0.9819858144578206, termAUC - 0.8481765050072096
Epoch 50: Loss - 0.00646135769748795, EL Loss: 0.0011594025030408402, Valid loss - 0.013105640387921422, AUC - 0.981971909770576, termAUC - 0.8482059284002242
Epoch 51: Loss - 0.006436559821266515, EL Loss: 0.001148617556668065, Valid loss - 0.013123091293015966, AUC - 0.9819035108611308, termAUC - 0.8481385647987216
Epoch 52: Loss - 0.006421206502962692, EL Loss: 0.0011381486363553515, Valid loss - 0.013152542996599719, AUC - 0.9819163095944533, termAUC - 0.8480289165588778
Epoch 53: Loss - 0.006410305280948648, EL Loss: 0.0011278378274819456, Valid loss - 0.013168136285686935, AUC - 0.9818747675074847, termAUC - 0.8481461285713856
Epoch 54: Loss - 0.0063971977176039176, EL Loss: 0.0011175426115762517, Valid loss - 0.013197789392951463, AUC - 0.9818063247420441, termAUC - 0.8481453912010604
Epoch 55: Loss - 0.006379660268871835, EL Loss: 0.0011072663432892817, Valid loss - 0.013216278764108818, AUC - 0.9818041418931212, termAUC - 0.8478680036292845
Epoch 56: Loss - 0.006366367318138343, EL Loss: 0.0010970169600779632, Valid loss - 0.013242504121390757, AUC - 0.9817268270770048, termAUC - 0.8477388289730103
Epoch 57: Loss - 0.006351772270409267, EL Loss: 0.0010867690021075184, Valid loss - 0.013252376351091597, AUC - 0.981701658170253, termAUC - 0.8475530363078579
Epoch 58: Loss - 0.006333055885317543, EL Loss: 0.0010765477695650668, Valid loss - 0.013272994273790606, AUC - 0.9816782767804519, termAUC - 0.8475233668072596
Epoch 59: Loss - 0.006327965684737126, EL Loss: 0.0010663534925179484, Valid loss - 0.013305389705217547, AUC - 0.9815904651076021, termAUC - 0.8473189030483388
Epoch 60: Loss - 0.006308965399400666, EL Loss: 0.0010561994188693373, Valid loss - 0.01331946330351962, AUC - 0.9816085066304797, termAUC - 0.8473243055795207
Epoch 61: Loss - 0.006296181665686391, EL Loss: 0.0010461432456928853, Valid loss - 0.013351126777491083, AUC - 0.9815546940102691, termAUC - 0.8472517793569073
Epoch 62: Loss - 0.006286223819065742, EL Loss: 0.0010361541823839132, Valid loss - 0.013370730945219596, AUC - 0.981463450112217, termAUC - 0.8470852422289172
Epoch 63: Loss - 0.00627206340464257, EL Loss: 0.0010263954329726558, Valid loss - 0.013371269632544782, AUC - 0.981502325809525, termAUC - 0.8471059528846543
Epoch 64: Loss - 0.006257832389051069, EL Loss: 0.0010167253492499885, Valid loss - 0.013382443168235046, AUC - 0.9814611969117049, termAUC - 0.8467755532913975
Epoch 65: Loss - 0.006249135569419717, EL Loss: 0.0010070922156256747, Valid loss - 0.013411968567029194, AUC - 0.9813998243817438, termAUC - 0.8465710566851229
Epoch 66: Loss - 0.006244105091860452, EL Loss: 0.0009976086736397153, Valid loss - 0.013419405364052013, AUC - 0.9813661331833756, termAUC - 0.8466905541306224
Epoch 67: Loss - 0.006225816206293463, EL Loss: 0.0009881738536944113, Valid loss - 0.01345172623793284, AUC - 0.9813814228429008, termAUC - 0.8466695549599899
Epoch 68: Loss - 0.006208897871892346, EL Loss: 0.0009787869367375542, Valid loss - 0.013463327726694169, AUC - 0.9813579400954838, termAUC - 0.846628401496409
Epoch 69: Loss - 0.00619087834642119, EL Loss: 0.0009694371726699059, Valid loss - 0.013467821185649546, AUC - 0.9812655654074152, termAUC - 0.8463091793264806
Epoch 70: Loss - 0.006178652362435896, EL Loss: 0.0009602027789494921, Valid loss - 0.013511545914742682, AUC - 0.9811939599590165, termAUC - 0.846103979260186
Epoch 71: Loss - 0.0061732374745311295, EL Loss: 0.000951204272398902, Valid loss - 0.01351161659522741, AUC - 0.9812066373346043, termAUC - 0.8460615958387796
Epoch 72: Loss - 0.006164720087101081, EL Loss: 0.000942339958618773, Valid loss - 0.013531241700467137, AUC - 0.9811682170680549, termAUC - 0.8459660131592379
Epoch 73: Loss - 0.006148606859850676, EL Loss: 0.0009334777154447011, Valid loss - 0.013561190650970847, AUC - 0.9810813302935134, termAUC - 0.8457577517412028
Epoch 74: Loss - 0.006142205226585942, EL Loss: 0.0009246186673631221, Valid loss - 0.013580042178984042, AUC - 0.9810967970319044, termAUC - 0.8456977294591634
Epoch 75: Loss - 0.006124335352565301, EL Loss: 0.0009158786220364073, Valid loss - 0.013595246085552154, AUC - 0.9810909347882714, termAUC - 0.8455848550757701
Epoch 76: Loss - 0.006117684474274813, EL Loss: 0.0009072226845066721, Valid loss - 0.013618597326179345, AUC - 0.9810190298456418, termAUC - 0.8455689236727141
Epoch 77: Loss - 0.006107062474677587, EL Loss: 0.0008986168462126323, Valid loss - 0.013640530003855626, AUC - 0.9809759890017583, termAUC - 0.8453760983854023
Epoch 78: Loss - 0.006101037413423815, EL Loss: 0.000890142809049473, Valid loss - 0.013634365817738903, AUC - 0.9809945692943454, termAUC - 0.8455215645960635
Epoch 79: Loss - 0.006093051414516046, EL Loss: 0.0008817482415667292, Valid loss - 0.013670542239452953, AUC - 0.9809469643360867, termAUC - 0.8453501026395032
Epoch 80: Loss - 0.006068282199639879, EL Loss: 0.0008734046799062279, Valid loss - 0.01367936242647745, AUC - 0.9809257328128551, termAUC - 0.8451452600842005
Epoch 81: Loss - 0.0060679058212384715, EL Loss: 0.0008651068846208071, Valid loss - 0.013704192548714302, AUC - 0.9808845801201637, termAUC - 0.8449593532160198
Epoch 82: Loss - 0.006049256968978011, EL Loss: 0.0008568210055488968, Valid loss - 0.013725103375812371, AUC - 0.9808289551515238, termAUC - 0.8449059367767853
Epoch 83: Loss - 0.0060543337739522, EL Loss: 0.0008485608876456049, Valid loss - 0.01374733114477109, AUC - 0.9808239411247248, termAUC - 0.8450103270916199
Epoch 84: Loss - 0.006042987947561885, EL Loss: 0.0008403215834380314, Valid loss - 0.013762481393361533, AUC - 0.9807727159769639, termAUC - 0.8447647916817363
Epoch 85: Loss - 0.006031188358492852, EL Loss: 0.0008320965099338853, Valid loss - 0.013782335769523073, AUC - 0.9807730865989591, termAUC - 0.8446557925633319
Epoch 86: Loss - 0.006021350777456979, EL Loss: 0.0008239033793767409, Valid loss - 0.013817162791060076, AUC - 0.9807247473269265, termAUC - 0.8444638513120247
Epoch 87: Loss - 0.006008191418207919, EL Loss: 0.0008157360598168252, Valid loss - 0.013845825019396013, AUC - 0.980646348274947, termAUC - 0.8443223280980995
Epoch 88: Loss - 0.005998954827794563, EL Loss: 0.0008076451386141079, Valid loss - 0.013846927184473586, AUC - 0.9806210100367343, termAUC - 0.8440459915533685
Epoch 89: Loss - 0.00599464780567599, EL Loss: 0.0007996492441365664, Valid loss - 0.013850443506682361, AUC - 0.9805611762546983, termAUC - 0.8438427858543375
Epoch 90: Loss - 0.005988990717031244, EL Loss: 0.0007916670096064754, Valid loss - 0.013865648379066476, AUC - 0.9805252389818739, termAUC - 0.8436768228817706
Epoch 91: Loss - 0.005973477052934012, EL Loss: 0.0007836875166750412, Valid loss - 0.013885266009580207, AUC - 0.9805109289072286, termAUC - 0.8438853197798951
Epoch 92: Loss - 0.005967300039199773, EL Loss: 0.0007757150757398919, Valid loss - 0.013912209644223805, AUC - 0.9804660831470305, termAUC - 0.8436765242810743
Epoch 93: Loss - 0.005959300465516712, EL Loss: 0.0007677560166390199, Valid loss - 0.013952525356715475, AUC - 0.980434100668367, termAUC - 0.8437660672674044
Epoch 94: Loss - 0.005953118722432309, EL Loss: 0.0007598808637922159, Valid loss - 0.013952866348403472, AUC - 0.9804515905351667, termAUC - 0.8437100991154215
Epoch 95: Loss - 0.00593687459069859, EL Loss: 0.0007520547197011384, Valid loss - 0.013982715461127185, AUC - 0.980354907972827, termAUC - 0.8434040426398135
Epoch 96: Loss - 0.00593427652678528, EL Loss: 0.0007442939745021233, Valid loss - 0.013992759637120697, AUC - 0.9803254221376151, termAUC - 0.8433142559282311
Epoch 97: Loss - 0.005927655433702524, EL Loss: 0.0007366250218484112, Valid loss - 0.01399227894704651, AUC - 0.9803682729239871, termAUC - 0.8433748083972722
Epoch 98: Loss - 0.005919727688451308, EL Loss: 0.0007291351249181219, Valid loss - 0.014004383881196932, AUC - 0.9802738745604961, termAUC - 0.843219388171727
Epoch 99: Loss - 0.005908907095011706, EL Loss: 0.000721744819735726, Valid loss - 0.014027482278093143, AUC - 0.9802669308365803, termAUC - 0.8429390354888131
Epoch 100: Loss - 0.005900368225656644, EL Loss: 0.0007144485078919622, Valid loss - 0.014041367642305515, AUC - 0.9802789720175008, termAUC - 0.842850388454758
Epoch 101: Loss - 0.005893517710599381, EL Loss: 0.0007071561678519521, Valid loss - 0.014070228280292616, AUC - 0.9802213039023918, termAUC - 0.8426982873789589
Epoch 102: Loss - 0.0058947384290063435, EL Loss: 0.0006999351421801108, Valid loss - 0.014095270947587711, AUC - 0.9801643136580909, termAUC - 0.842660032545034
Epoch 103: Loss - 0.005877232343061138, EL Loss: 0.0006927704706161952, Valid loss - 0.01409935263433942, AUC - 0.9801628112622731, termAUC - 0.8425477673236501
Epoch 104: Loss - 0.005878489872242451, EL Loss: 0.0006856691854122376, Valid loss - 0.01410590668933259, AUC - 0.9801297808532013, termAUC - 0.8425951766586789
Epoch 105: Loss - 0.005866661228191045, EL Loss: 0.0006786086612147854, Valid loss - 0.014134783270182433, AUC - 0.980085768256945, termAUC - 0.8424766267346948
Epoch 106: Loss - 0.005865266129437258, EL Loss: 0.0006715748271017776, Valid loss - 0.014123396016657352, AUC - 0.9801004224287684, termAUC - 0.8424551522091861
Epoch 107: Loss - 0.0058609573839084, EL Loss: 0.0006646143756453861, Valid loss - 0.014159563566661544, AUC - 0.9800684962331189, termAUC - 0.8423745443765465
Epoch 108: Loss - 0.0058505901070967726, EL Loss: 0.000657704758953808, Valid loss - 0.014165422975741051, AUC - 0.98004063045719, termAUC - 0.8423798122702189
Epoch 109: Loss - 0.005835233804068113, EL Loss: 0.0006508851424037874, Valid loss - 0.014203705835259622, AUC - 0.9800593319936993, termAUC - 0.8422815705479783
Epoch 110: Loss - 0.005833562495790217, EL Loss: 0.0006442209555065775, Valid loss - 0.014210558986222302, AUC - 0.9800155991499391, termAUC - 0.8421650807898763
Epoch 111: Loss - 0.0058277395322482465, EL Loss: 0.0006376593460626245, Valid loss - 0.014233540315870886, AUC - 0.9799444802100998, termAUC - 0.8419467592552169
Epoch 112: Loss - 0.0058191439830719465, EL Loss: 0.0006312732890075013, Valid loss - 0.014249493906067476, AUC - 0.9799130079082369, termAUC - 0.8417430602541446
Epoch 113: Loss - 0.005816142750614441, EL Loss: 0.000625011693435945, Valid loss - 0.014262434736722045, AUC - 0.9798377710080937, termAUC - 0.8418368234560317
Epoch 114: Loss - 0.005802160811219735, EL Loss: 0.0006187733093502676, Valid loss - 0.014278193011328027, AUC - 0.9798327934707948, termAUC - 0.8416560982386435
Epoch 115: Loss - 0.005792291335059846, EL Loss: 0.000612574762079628, Valid loss - 0.014288480876496545, AUC - 0.9798141167857602, termAUC - 0.8416227122697281
Epoch 116: Loss - 0.0057882270984320255, EL Loss: 0.0006064208382013244, Valid loss - 0.014301616119013892, AUC - 0.9797660807032528, termAUC - 0.8414358001588842
Epoch 117: Loss - 0.005789664379109958, EL Loss: 0.0006003407099153019, Valid loss - 0.014311262385712729, AUC - 0.9797642104276898, termAUC - 0.8413543692198475
Epoch 118: Loss - 0.005779870620509396, EL Loss: 0.0005942738528422595, Valid loss - 0.014330390392354241, AUC - 0.9796601761045781, termAUC - 0.8411987242494875
Epoch 119: Loss - 0.005771344577341667, EL Loss: 0.000588227821543248, Valid loss - 0.01436523377067513, AUC - 0.9797032733904018, termAUC - 0.8411853542154356
Epoch 120: Loss - 0.005770190770646549, EL Loss: 0.0005822717090911741, Valid loss - 0.014377986591447282, AUC - 0.9796293035658137, termAUC - 0.8411979333419445
Epoch 121: Loss - 0.005761740184574464, EL Loss: 0.0005763975715219752, Valid loss - 0.014397729022635353, AUC - 0.9795869288383351, termAUC - 0.8409221101166551
Epoch 122: Loss - 0.005755542514340847, EL Loss: 0.0005705988718390003, Valid loss - 0.01439093522451542, AUC - 0.9796937884241856, termAUC - 0.8410738658863502
Epoch 123: Loss - 0.005743401039321871, EL Loss: 0.0005648672934778457, Valid loss - 0.014410489342278905, AUC - 0.9795970211310081, termAUC - 0.8408469468538194
Epoch 124: Loss - 0.0057412031331993815, EL Loss: 0.0005592476151552719, Valid loss - 0.014438831819980232, AUC - 0.9796111154620453, termAUC - 0.8406574597355458
Epoch 125: Loss - 0.005741628993460895, EL Loss: 0.0005536840306552181, Valid loss - 0.014470075112250116, AUC - 0.9795020471791747, termAUC - 0.8404889142046857
Epoch 126: Loss - 0.005735720504235026, EL Loss: 0.000548137235990048, Valid loss - 0.014487157493001885, AUC - 0.9794579755920041, termAUC - 0.8402960064951096
Epoch 127: Loss - 0.005727559645413485, EL Loss: 0.0005426518742963501, Valid loss - 0.014493786936832799, AUC - 0.97947239832188, termAUC - 0.8401796079296373
Loading the best model: deepgozero_cc_s2_sel-loss
Test Loss - 0.011520861923970558, AUC - 0.9843503414932339
Loading the best model: deepgozero_cc_s2_sel-micro
Test Loss - 0.011517114713098164, AUC - 0.9846885815022189
Loading the best model: deepgozero_cc_s2_sel-macro
Test Loss - 0.011713604643986917, AUC - 0.9846726807776199
=== evaluation of deepgozero_cc_s2_sel-loss start=2026-08-27T06:06:47+01:00
--- python predict_diamond.py -dr data -ont cc -m deepgozero_cc_s2_sel-loss
--- python evaluate_fast.py -dr data -ont cc -m deepgozero_cc_s2_sel-loss_blast
Fmax: 0.662, Smin: 10.674, threshold: 0.37
WFmax: 0.517, threshold: 0.29
AUPR: 0.646
AVGIC: 6.945
--- python evaluate_fast.py -dr data -ont cc -m deepgozero_cc_s2_sel-loss_blast -c
Fmax: 0.665, Smin: 10.577, threshold: 0.33
WFmax: 0.531, threshold: 0.3
AUPR: 0.647
AVGIC: 8.341
--- python evaluate_terms.py -dr data -ont cc -m deepgozero_cc_s2_sel-loss_blast
GO:0005762 0.877359084046301
Average AUC for cc 0.844  (n_terms=1536)
--- python evaluate_terms.py -dr data -ont cc -m deepgozero_cc_s2_sel-loss_blast -c
GO:0005762 0.8785648381144103
Average AUC for cc 0.850  (n_terms=1536)
=== end=2026-08-27T06:08:47+01:00
=== evaluation of deepgozero_cc_s2_sel-micro start=2026-08-27T06:08:47+01:00
--- python predict_diamond.py -dr data -ont cc -m deepgozero_cc_s2_sel-micro
--- python evaluate_fast.py -dr data -ont cc -m deepgozero_cc_s2_sel-micro_blast
Fmax: 0.660, Smin: 10.592, threshold: 0.31
WFmax: 0.520, threshold: 0.28
AUPR: 0.661
AVGIC: 8.523
--- python evaluate_fast.py -dr data -ont cc -m deepgozero_cc_s2_sel-micro_blast -c
Fmax: 0.665, Smin: 10.577, threshold: 0.33
WFmax: 0.534, threshold: 0.3
AUPR: 0.650
AVGIC: 8.546
--- python evaluate_terms.py -dr data -ont cc -m deepgozero_cc_s2_sel-micro_blast
GO:0005762 0.8888294749203154
Average AUC for cc 0.851  (n_terms=1536)
--- python evaluate_terms.py -dr data -ont cc -m deepgozero_cc_s2_sel-micro_blast -c
GO:0005762 0.8892174131857071
Average AUC for cc 0.856  (n_terms=1536)
=== end=2026-08-27T06:10:48+01:00
=== evaluation of deepgozero_cc_s2_sel-macro start=2026-08-27T06:10:48+01:00
--- python predict_diamond.py -dr data -ont cc -m deepgozero_cc_s2_sel-macro
--- python evaluate_fast.py -dr data -ont cc -m deepgozero_cc_s2_sel-macro_blast
Fmax: 0.662, Smin: 10.591, threshold: 0.41
WFmax: 0.521, threshold: 0.34
AUPR: 0.650
AVGIC: 8.094
--- python evaluate_fast.py -dr data -ont cc -m deepgozero_cc_s2_sel-macro_blast -c
Fmax: 0.667, Smin: 10.552, threshold: 0.35
WFmax: 0.536, threshold: 0.35
AUPR: 0.639
AVGIC: 9.017
--- python evaluate_terms.py -dr data -ont cc -m deepgozero_cc_s2_sel-macro_blast
GO:0005762 0.8978673880221439
Average AUC for cc 0.860  (n_terms=1536)
--- python evaluate_terms.py -dr data -ont cc -m deepgozero_cc_s2_sel-macro_blast -c
GO:0005762 0.8978149639322262
Average AUC for cc 0.864  (n_terms=1536)
=== end=2026-08-27T06:12:49+01:00
