=== command: python deepgopro.py -dr data -ont cc -m mlp_cc_s2 -s 2 -ep 60
=== start=2026-08-27T04:53:21+01:00
Epoch 0: Loss - 0.01421218664545115, Valid loss - 0.012151976291918092, AUC - 0.9816833786807315, termAUC - 0.8111732915430796
Saving model (sel-loss)
Saving model (sel-micro)
Saving model (sel-macro)
Epoch 1: Loss - 0.009079235091742705, Valid loss - 0.011616718803566914, AUC - 0.9852002469084824, termAUC - 0.825486441662044
Saving model (sel-loss)
Saving model (sel-micro)
Saving model (sel-macro)
Epoch 2: Loss - 0.008469172798319624, Valid loss - 0.011687832774111518, AUC - 0.985291901011455, termAUC - 0.8333848911678369
Saving model (sel-micro)
Saving model (sel-macro)
Epoch 3: Loss - 0.00791775293835078, Valid loss - 0.011677204182854405, AUC - 0.985535598307747, termAUC - 0.8349029130630887
Saving model (sel-micro)
Saving model (sel-macro)
Epoch 4: Loss - 0.00785497875005623, Valid loss - 0.01169381094061666, AUC - 0.9855875371590898, termAUC - 0.8364871355312415
Saving model (sel-micro)
Saving model (sel-macro)
Epoch 5: Loss - 0.007803120364750212, Valid loss - 0.011723310193391862, AUC - 0.9856329031950922, termAUC - 0.837845622928286
Saving model (sel-micro)
Saving model (sel-macro)
Epoch 6: Loss - 0.00776186890815988, Valid loss - 0.011736262355137755, AUC - 0.9856661145213601, termAUC - 0.8391880149132852
Saving model (sel-micro)
Saving model (sel-macro)
Epoch 7: Loss - 0.007711539702107745, Valid loss - 0.011762695369759091, AUC - 0.9856893145300037, termAUC - 0.8401912299150593
Saving model (sel-micro)
Saving model (sel-macro)
Epoch 8: Loss - 0.007666825917642135, Valid loss - 0.01177182334854647, AUC - 0.9857268093660981, termAUC - 0.8414053310391341
Saving model (sel-micro)
Saving model (sel-macro)
Epoch 9: Loss - 0.007627374251910798, Valid loss - 0.01180518664488638, AUC - 0.98570552055554, termAUC - 0.8423492945932297
Saving model (sel-macro)
Epoch 10: Loss - 0.007579569990074927, Valid loss - 0.011827984086617276, AUC - 0.9857001131284912, termAUC - 0.8432993004368566
Saving model (sel-macro)
Epoch 11: Loss - 0.007538708375059468, Valid loss - 0.011857333117061192, AUC - 0.9856948819733744, termAUC - 0.8441562912323377
Saving model (sel-macro)
Epoch 12: Loss - 0.007508969107346115, Valid loss - 0.011864623410144338, AUC - 0.9857317050086255, termAUC - 0.8448763681733461
Saving model (sel-micro)
Saving model (sel-macro)
Epoch 13: Loss - 0.007460537664292759, Valid loss - 0.011884342944594445, AUC - 0.9857355650042158, termAUC - 0.8454348403178955
Saving model (sel-micro)
Saving model (sel-macro)
Epoch 14: Loss - 0.00741790284960321, Valid loss - 0.011924055315278195, AUC - 0.9856941476103859, termAUC - 0.8460930672434297
Saving model (sel-macro)
Epoch 15: Loss - 0.0074040311246762365, Valid loss - 0.011923846371333908, AUC - 0.985706965945997, termAUC - 0.8465515899952224
Saving model (sel-macro)
Epoch 16: Loss - 0.007366133824555606, Valid loss - 0.011959132296895538, AUC - 0.9856974869579758, termAUC - 0.8469314474112976
Saving model (sel-macro)
Epoch 17: Loss - 0.007321111883206512, Valid loss - 0.011961805644548601, AUC - 0.9856887672859266, termAUC - 0.8475411567165383
Saving model (sel-macro)
Epoch 18: Loss - 0.007284558450897291, Valid loss - 0.011982576500762392, AUC - 0.9856883219695517, termAUC - 0.848060517289635
Saving model (sel-macro)
Epoch 19: Loss - 0.007254611539253665, Valid loss - 0.012030701349592872, AUC - 0.9856383599098301, termAUC - 0.8483311248540722
Saving model (sel-macro)
Epoch 20: Loss - 0.007222081241475997, Valid loss - 0.012047957877318065, AUC - 0.9856174270759422, termAUC - 0.8487451663998559
Saving model (sel-macro)
Epoch 21: Loss - 0.007201990910989745, Valid loss - 0.01205525618667404, AUC - 0.9856405691518125, termAUC - 0.8491093436750449
Saving model (sel-macro)
Epoch 22: Loss - 0.007173649802701305, Valid loss - 0.012094026055462934, AUC - 0.9855842994480055, termAUC - 0.8492615385897606
Saving model (sel-macro)
Epoch 23: Loss - 0.007138116763702167, Valid loss - 0.012119850640495618, AUC - 0.9855534825006691, termAUC - 0.8496046944724305
Saving model (sel-macro)
Epoch 24: Loss - 0.007120791414416014, Valid loss - 0.012126582905788113, AUC - 0.9855412319998433, termAUC - 0.8498377259965655
Saving model (sel-macro)
Epoch 25: Loss - 0.0070906881840933815, Valid loss - 0.012142961906890074, AUC - 0.9855240977323922, termAUC - 0.8499877746328269
Saving model (sel-macro)
Epoch 26: Loss - 0.00706491772096838, Valid loss - 0.012158413265866261, AUC - 0.985505275005791, termAUC - 0.850177657814603
Saving model (sel-macro)
Epoch 27: Loss - 0.007041635930218704, Valid loss - 0.012184805116029802, AUC - 0.9855165994676288, termAUC - 0.8503617935641448
Saving model (sel-macro)
Epoch 28: Loss - 0.007014484540523696, Valid loss - 0.012185407833506664, AUC - 0.985506177739505, termAUC - 0.850444238343485
Saving model (sel-macro)
Epoch 29: Loss - 0.0069902100454827636, Valid loss - 0.012217643108494856, AUC - 0.9854397230176766, termAUC - 0.8504542158779368
Saving model (sel-macro)
Epoch 30: Loss - 0.006960795267562098, Valid loss - 0.012244794003803421, AUC - 0.985435702129615, termAUC - 0.8506415867325442
Saving model (sel-macro)
Epoch 31: Loss - 0.006935203559004957, Valid loss - 0.012274210058428624, AUC - 0.9854011532864897, termAUC - 0.8505762501117404
Epoch 32: Loss - 0.006912071222887242, Valid loss - 0.012306415310336483, AUC - 0.9853662954745578, termAUC - 0.850692481559539
Saving model (sel-macro)
Epoch 33: Loss - 0.006909398168074409, Valid loss - 0.012311554941590185, AUC - 0.9853324086352327, termAUC - 0.8504100727028506
Epoch 34: Loss - 0.006876331902712378, Valid loss - 0.012328367935562575, AUC - 0.9853163240438181, termAUC - 0.8504276827520639
Epoch 35: Loss - 0.006851954238380877, Valid loss - 0.012349305222569792, AUC - 0.9852981062725935, termAUC - 0.8504876403139282
Epoch 36: Loss - 0.006844042350215749, Valid loss - 0.012377078303446372, AUC - 0.9852618684412454, termAUC - 0.8502931468441804
Epoch 37: Loss - 0.006814092534963629, Valid loss - 0.012394289765506983, AUC - 0.985231738514262, termAUC - 0.8502731262367458
Epoch 38: Loss - 0.006792255347825666, Valid loss - 0.012424073744289301, AUC - 0.9852001075259313, termAUC - 0.8503244492200768
Epoch 39: Loss - 0.006771535359845021, Valid loss - 0.012443193941618557, AUC - 0.9851777271540293, termAUC - 0.8502538703698699
Epoch 40: Loss - 0.006763451488098132, Valid loss - 0.012466182459697678, AUC - 0.9851337493359946, termAUC - 0.8505059848352786
Epoch 41: Loss - 0.006738142153015717, Valid loss - 0.012475759287675222, AUC - 0.985100518447427, termAUC - 0.8502734694984282
Epoch 42: Loss - 0.006712007129159835, Valid loss - 0.012506194654162283, AUC - 0.9850934452451503, termAUC - 0.850285194963562
Epoch 43: Loss - 0.006692813824189066, Valid loss - 0.012520780600607396, AUC - 0.9850533307611868, termAUC - 0.8500439390476497
Epoch 44: Loss - 0.006684975783807007, Valid loss - 0.012551643364821318, AUC - 0.9850075945958612, termAUC - 0.8498832518994314
Epoch 45: Loss - 0.006660398775084118, Valid loss - 0.012560132032053337, AUC - 0.9849766809079761, termAUC - 0.8497467118519778
Epoch 46: Loss - 0.006636651159388229, Valid loss - 0.01257049825594381, AUC - 0.9849526710391282, termAUC - 0.8498081016164944
Epoch 47: Loss - 0.0066383244738248024, Valid loss - 0.012613038339272693, AUC - 0.9849363831183081, termAUC - 0.8496300640025293
Epoch 48: Loss - 0.0066161300537032385, Valid loss - 0.012617021440355865, AUC - 0.9848492058088837, termAUC - 0.8494269894501401
Epoch 49: Loss - 0.006594585475139605, Valid loss - 0.012656558867267988, AUC - 0.9848326713532348, termAUC - 0.8492450929273122
Epoch 50: Loss - 0.006588212156291783, Valid loss - 0.012649798710589055, AUC - 0.9847980167681747, termAUC - 0.8488115084602984
Epoch 51: Loss - 0.00657290571235879, Valid loss - 0.012689567360751055, AUC - 0.9847631282337208, termAUC - 0.848725308915443
Epoch 52: Loss - 0.006548143804906247, Valid loss - 0.012707801928950681, AUC - 0.9847335598495752, termAUC - 0.8486827003252575
Epoch 53: Loss - 0.006540986480566446, Valid loss - 0.012750135413888428, AUC - 0.9847399741178934, termAUC - 0.8486760927963142
Epoch 54: Loss - 0.006527231446756863, Valid loss - 0.012756006002288173, AUC - 0.9847016231570939, termAUC - 0.8484816931416829
Epoch 55: Loss - 0.006512609073160584, Valid loss - 0.01277870681412794, AUC - 0.9846187770502841, termAUC - 0.8482350664312636
Epoch 56: Loss - 0.006503303873831917, Valid loss - 0.012796357253359423, AUC - 0.9845742102500007, termAUC - 0.8479532320239487
Epoch 57: Loss - 0.006482658720044719, Valid loss - 0.012803213087910855, AUC - 0.9845414466942397, termAUC - 0.8477293876468819
Epoch 58: Loss - 0.006477906243878475, Valid loss - 0.012842992834608864, AUC - 0.9845505297827659, termAUC - 0.8478845910982091
Epoch 59: Loss - 0.006457347131710768, Valid loss - 0.012866485874272054, AUC - 0.9845314977823992, termAUC - 0.8478235372746794
Loading the best model: mlp_cc_s2_sel-loss
Test Loss - 0.01095796868716723, AUC - 0.9866447470323961
Loading the best model: mlp_cc_s2_sel-micro
Test Loss - 0.011251005027903082, AUC - 0.9869899595821692
Loading the best model: mlp_cc_s2_sel-macro
Test Loss - 0.011644172502313683, AUC - 0.9865381512618178
=== evaluation of mlp_cc_s2_sel-loss start=2026-08-27T05:10:31+01:00
--- python predict_diamond.py -dr data -ont cc -m mlp_cc_s2_sel-loss
--- python evaluate_fast.py -dr data -ont cc -m mlp_cc_s2_sel-loss_blast
Fmax: 0.666, Smin: 10.479, threshold: 0.38
WFmax: 0.525, threshold: 0.32
AUPR: 0.667
AVGIC: 7.462
--- python evaluate_fast.py -dr data -ont cc -m mlp_cc_s2_sel-loss_blast -c
Fmax: 0.665, Smin: 10.516, threshold: 0.36
WFmax: 0.533, threshold: 0.28
AUPR: 0.655
AVGIC: 8.032
--- python evaluate_terms.py -dr data -ont cc -m mlp_cc_s2_sel-loss_blast
GO:0005762 0.9111201979533635
Average AUC for cc 0.844  (n_terms=1536)
--- python evaluate_terms.py -dr data -ont cc -m mlp_cc_s2_sel-loss_blast -c
GO:0005762 0.9120952860258346
Average AUC for cc 0.848  (n_terms=1536)
=== end=2026-08-27T05:12:33+01:00
=== evaluation of mlp_cc_s2_sel-micro start=2026-08-27T05:12:33+01:00
--- python predict_diamond.py -dr data -ont cc -m mlp_cc_s2_sel-micro
--- python evaluate_fast.py -dr data -ont cc -m mlp_cc_s2_sel-micro_blast
Fmax: 0.664, Smin: 10.524, threshold: 0.38
WFmax: 0.523, threshold: 0.37
AUPR: 0.656
AVGIC: 8.290
--- python evaluate_fast.py -dr data -ont cc -m mlp_cc_s2_sel-micro_blast -c
Fmax: 0.665, Smin: 10.556, threshold: 0.34
WFmax: 0.532, threshold: 0.34
AUPR: 0.642
AVGIC: 9.163
--- python evaluate_terms.py -dr data -ont cc -m mlp_cc_s2_sel-micro_blast
GO:0005762 0.9277491192752894
Average AUC for cc 0.862  (n_terms=1536)
--- python evaluate_terms.py -dr data -ont cc -m mlp_cc_s2_sel-micro_blast -c
GO:0005762 0.9279063915450427
Average AUC for cc 0.865  (n_terms=1536)
=== end=2026-08-27T05:14:33+01:00
=== evaluation of mlp_cc_s2_sel-macro start=2026-08-27T05:14:33+01:00
--- python predict_diamond.py -dr data -ont cc -m mlp_cc_s2_sel-macro
--- python evaluate_fast.py -dr data -ont cc -m mlp_cc_s2_sel-macro_blast
Fmax: 0.661, Smin: 10.638, threshold: 0.36
WFmax: 0.521, threshold: 0.36
AUPR: 0.644
AVGIC: 9.100
--- python evaluate_fast.py -dr data -ont cc -m mlp_cc_s2_sel-macro_blast -c
Fmax: 0.665, Smin: 10.578, threshold: 0.34
WFmax: 0.533, threshold: 0.34
AUPR: 0.633
AVGIC: 9.415
--- python evaluate_terms.py -dr data -ont cc -m mlp_cc_s2_sel-macro_blast
GO:0005762 0.9458249454789465
Average AUC for cc 0.865  (n_terms=1536)
--- python evaluate_terms.py -dr data -ont cc -m mlp_cc_s2_sel-macro_blast -c
GO:0005762 0.9457934910249958
Average AUC for cc 0.867  (n_terms=1536)
=== end=2026-08-27T05:16:34+01:00
