=== command: python deepgopro.py -dr data -ont cc -m mlp_cc_s1 -s 1 -ep 60
=== start=2026-08-27T00:45:33+01:00
Epoch 0: Loss - 0.014140279252284633, Valid loss - 0.012124133768870875, AUC - 0.9820977485245338, termAUC - 0.8136961008262337
Saving model (sel-loss)
Saving model (sel-micro)
Saving model (sel-macro)
Epoch 1: Loss - 0.009067850394222948, Valid loss - 0.011679531492430855, AUC - 0.9851472797843877, termAUC - 0.826269577962514
Saving model (sel-loss)
Saving model (sel-micro)
Saving model (sel-macro)
Epoch 2: Loss - 0.008449991821606643, Valid loss - 0.011727005608931735, AUC - 0.9852096253868353, termAUC - 0.8337202228127879
Saving model (sel-micro)
Saving model (sel-macro)
Epoch 3: Loss - 0.007903241167332731, Valid loss - 0.011742595038204282, AUC - 0.9853927221981171, termAUC - 0.835064494985589
Saving model (sel-micro)
Saving model (sel-macro)
Epoch 4: Loss - 0.00782867164492242, Valid loss - 0.011754946941854777, AUC - 0.9854444399085067, termAUC - 0.8365195992487515
Saving model (sel-micro)
Saving model (sel-macro)
Epoch 5: Loss - 0.007792898932625903, Valid loss - 0.011780425150775247, AUC - 0.9854796236384902, termAUC - 0.8377298037437968
Saving model (sel-micro)
Saving model (sel-macro)
Epoch 6: Loss - 0.007737959957586039, Valid loss - 0.011795167069606207, AUC - 0.9855103217093938, termAUC - 0.8394073706662833
Saving model (sel-micro)
Saving model (sel-macro)
Epoch 7: Loss - 0.007692141420597276, Valid loss - 0.0118196750473645, AUC - 0.9854974129497905, termAUC - 0.84062605920932
Saving model (sel-macro)
Epoch 8: Loss - 0.007642759454820253, Valid loss - 0.01184531277804463, AUC - 0.9855111182177316, termAUC - 0.841700342695107
Saving model (sel-micro)
Saving model (sel-macro)
Epoch 9: Loss - 0.007600304896687978, Valid loss - 0.011867363944097802, AUC - 0.9855104075045281, termAUC - 0.8427995877119402
Saving model (sel-macro)
Epoch 10: Loss - 0.00756446975903731, Valid loss - 0.011894944148069178, AUC - 0.985506451015494, termAUC - 0.8437556915896257
Saving model (sel-macro)
Epoch 11: Loss - 0.007520267370500663, Valid loss - 0.011905832361016009, AUC - 0.9855334654463023, termAUC - 0.8446967727768077
Saving model (sel-micro)
Saving model (sel-macro)
Epoch 12: Loss - 0.007485210285115571, Valid loss - 0.011942493850020346, AUC - 0.9855062211279497, termAUC - 0.845366852260459
Saving model (sel-macro)
Epoch 13: Loss - 0.007451637502571434, Valid loss - 0.011952277976605627, AUC - 0.9855284372755669, termAUC - 0.846101895711418
Saving model (sel-macro)
Epoch 14: Loss - 0.0074215643343217615, Valid loss - 0.0119771143283557, AUC - 0.9855186981035037, termAUC - 0.8467801665543457
Saving model (sel-macro)
Epoch 15: Loss - 0.007368597652154132, Valid loss - 0.012000247449786575, AUC - 0.9855035145524692, termAUC - 0.8473940363265496
Saving model (sel-macro)
Epoch 16: Loss - 0.007335367577954853, Valid loss - 0.01201778914158543, AUC - 0.9855141359634053, termAUC - 0.8480954463902155
Saving model (sel-macro)
Epoch 17: Loss - 0.007308325082046561, Valid loss - 0.012029785638744081, AUC - 0.9855104702619987, termAUC - 0.8486914427768432
Saving model (sel-macro)
Epoch 18: Loss - 0.007278195426872094, Valid loss - 0.012061534718506866, AUC - 0.9854649307757775, termAUC - 0.8490276907019833
Saving model (sel-macro)
Epoch 19: Loss - 0.00724685723304315, Valid loss - 0.012080575167028993, AUC - 0.9854593375309628, termAUC - 0.8492520258379974
Saving model (sel-macro)
Epoch 20: Loss - 0.007216887374923409, Valid loss - 0.012101367809292343, AUC - 0.9854562926601413, termAUC - 0.8495950455591098
Saving model (sel-macro)
Epoch 21: Loss - 0.00718642900459708, Valid loss - 0.012127139643524533, AUC - 0.9854369270302049, termAUC - 0.8499376512048533
Saving model (sel-macro)
Epoch 22: Loss - 0.007161584938056254, Valid loss - 0.01214310988024981, AUC - 0.9854445625130439, termAUC - 0.8501681828358411
Saving model (sel-macro)
Epoch 23: Loss - 0.00711708190989257, Valid loss - 0.012165812120117523, AUC - 0.985406199768622, termAUC - 0.8504337171366175
Saving model (sel-macro)
Epoch 24: Loss - 0.007097956087300483, Valid loss - 0.012186567661248975, AUC - 0.9853795384143339, termAUC - 0.8507354772916483
Saving model (sel-macro)
Epoch 25: Loss - 0.0070716368232726775, Valid loss - 0.012188181360424669, AUC - 0.9853978965919025, termAUC - 0.8510111051044249
Saving model (sel-macro)
Epoch 26: Loss - 0.00704557280046195, Valid loss - 0.012215183499372667, AUC - 0.9853734478985666, termAUC - 0.8510783948369747
Saving model (sel-macro)
Epoch 27: Loss - 0.007019362948117507, Valid loss - 0.012243530526757241, AUC - 0.9853391640262432, termAUC - 0.8512913759363558
Saving model (sel-macro)
Epoch 28: Loss - 0.007000073145898159, Valid loss - 0.012260485071412943, AUC - 0.9853237813778596, termAUC - 0.8514027982891155
Saving model (sel-macro)
Epoch 29: Loss - 0.006973777943473327, Valid loss - 0.012298352488627037, AUC - 0.9852896190519309, termAUC - 0.8514279773607409
Saving model (sel-macro)
Epoch 30: Loss - 0.006949614478342212, Valid loss - 0.012301452792491074, AUC - 0.9852862841645326, termAUC - 0.8515861567723545
Saving model (sel-macro)
Epoch 31: Loss - 0.006927072632113674, Valid loss - 0.012325293984678057, AUC - 0.9852887330562413, termAUC - 0.8517128002145576
Saving model (sel-macro)
Epoch 32: Loss - 0.006904133924091974, Valid loss - 0.012346418088095055, AUC - 0.9852498802499726, termAUC - 0.8516585878989695
Epoch 33: Loss - 0.006889005012276824, Valid loss - 0.012354271307035728, AUC - 0.9852109144921515, termAUC - 0.8516808484144283
Epoch 34: Loss - 0.006862561899461252, Valid loss - 0.012382457370835322, AUC - 0.9851698712720645, termAUC - 0.8516552260461653
Epoch 35: Loss - 0.006842836448288085, Valid loss - 0.012391065016250919, AUC - 0.9851378593715103, termAUC - 0.8517321711221055
Saving model (sel-macro)
Epoch 36: Loss - 0.006812975513014321, Valid loss - 0.012429375753358559, AUC - 0.9851335275895834, termAUC - 0.8515536500969397
Epoch 37: Loss - 0.006797665727622864, Valid loss - 0.012433152183614396, AUC - 0.9851142496090922, termAUC - 0.851467836035722
Epoch 38: Loss - 0.00678468538019635, Valid loss - 0.01247443724423647, AUC - 0.9850885395348936, termAUC - 0.8514221327508038
Epoch 39: Loss - 0.006758300815552051, Valid loss - 0.012487987480643723, AUC - 0.9850261037919564, termAUC - 0.851440326661129
Epoch 40: Loss - 0.006740339370629826, Valid loss - 0.012498149299925125, AUC - 0.9850076977570353, termAUC - 0.8515536022199807
Epoch 41: Loss - 0.006716811581647415, Valid loss - 0.012547817295072256, AUC - 0.9849594492724769, termAUC - 0.8513882871491706
Epoch 42: Loss - 0.0066988006243796, Valid loss - 0.01257148765510431, AUC - 0.9849469531165559, termAUC - 0.8512609278878853
Epoch 43: Loss - 0.006673461465046643, Valid loss - 0.012566438034452773, AUC - 0.9849248814468751, termAUC - 0.8513486433159303
Epoch 44: Loss - 0.0066620020559884805, Valid loss - 0.012594936367262293, AUC - 0.9848614542298252, termAUC - 0.8511617638806794
Epoch 45: Loss - 0.006649027103957525, Valid loss - 0.01261275146432497, AUC - 0.9848308944874298, termAUC - 0.8507753928809327
Epoch 46: Loss - 0.006633239460946453, Valid loss - 0.01264281195277969, AUC - 0.9848372884034284, termAUC - 0.8506894165233051
Epoch 47: Loss - 0.006617078095693055, Valid loss - 0.012648536496002364, AUC - 0.9848318849131412, termAUC - 0.850765495307074
Epoch 48: Loss - 0.006603366779313233, Valid loss - 0.012650608857748685, AUC - 0.9848156414768438, termAUC - 0.8505218648642798
Epoch 49: Loss - 0.006585871923791892, Valid loss - 0.012670252089285189, AUC - 0.9847626096907258, termAUC - 0.850457666332312
Epoch 50: Loss - 0.006575674328818963, Valid loss - 0.012703117493678022, AUC - 0.9847133502287085, termAUC - 0.8503387048565213
Epoch 51: Loss - 0.006554952625985362, Valid loss - 0.012730174077053865, AUC - 0.9847115573221046, termAUC - 0.8503336588614694
Epoch 52: Loss - 0.006539668757710919, Valid loss - 0.012734499035610093, AUC - 0.98465729177243, termAUC - 0.8503990247577655
Epoch 53: Loss - 0.006531411982826021, Valid loss - 0.012777200206700298, AUC - 0.9846445471422668, termAUC - 0.8502879730292477
Epoch 54: Loss - 0.006506179851069076, Valid loss - 0.012771471576006324, AUC - 0.9846660170750864, termAUC - 0.8502367685216939
Epoch 55: Loss - 0.006492316912557319, Valid loss - 0.012788834119284595, AUC - 0.9845515976025556, termAUC - 0.8500047870519675
Epoch 56: Loss - 0.006483399682887937, Valid loss - 0.012823242359553223, AUC - 0.9845312929580589, termAUC - 0.8496403564433528
Epoch 57: Loss - 0.006477199194084277, Valid loss - 0.012835873901430104, AUC - 0.9845355647257902, termAUC - 0.849609424296527
Epoch 58: Loss - 0.0064502201156453965, Valid loss - 0.012854754031394367, AUC - 0.9845128968801334, termAUC - 0.849424863868871
Epoch 59: Loss - 0.006448668266424073, Valid loss - 0.012887126448805686, AUC - 0.9844533799517016, termAUC - 0.8491683796271573
Loading the best model: mlp_cc_s1_sel-loss
Test Loss - 0.010972391378513916, AUC - 0.9868431241502357
Loading the best model: mlp_cc_s1_sel-micro
Test Loss - 0.01122647871401299, AUC - 0.9872368051061341
Loading the best model: mlp_cc_s1_sel-macro
Test Loss - 0.011703113940498435, AUC - 0.9866956988655344
=== evaluation of mlp_cc_s1_sel-loss start=2026-08-27T01:02:06+01:00
--- python predict_diamond.py -dr data -ont cc -m mlp_cc_s1_sel-loss
--- python evaluate_fast.py -dr data -ont cc -m mlp_cc_s1_sel-loss_blast
Fmax: 0.666, Smin: 10.565, threshold: 0.38
WFmax: 0.523, threshold: 0.35
AUPR: 0.673
AVGIC: 7.477
--- python evaluate_fast.py -dr data -ont cc -m mlp_cc_s1_sel-loss_blast -c
Fmax: 0.666, Smin: 10.541, threshold: 0.35
WFmax: 0.531, threshold: 0.25
AUPR: 0.655
AVGIC: 8.291
--- python evaluate_terms.py -dr data -ont cc -m mlp_cc_s1_sel-loss_blast
GO:0005762 0.9638798020466365
Average AUC for cc 0.841  (n_terms=1536)
--- python evaluate_terms.py -dr data -ont cc -m mlp_cc_s1_sel-loss_blast -c
GO:0005762 0.9651274953866801
Average AUC for cc 0.846  (n_terms=1536)
=== end=2026-08-27T01:04:18+01:00
=== evaluation of mlp_cc_s1_sel-micro start=2026-08-27T01:04:18+01:00
--- python predict_diamond.py -dr data -ont cc -m mlp_cc_s1_sel-micro
--- python evaluate_fast.py -dr data -ont cc -m mlp_cc_s1_sel-micro_blast
Fmax: 0.666, Smin: 10.535, threshold: 0.4
WFmax: 0.525, threshold: 0.36
AUPR: 0.654
AVGIC: 8.004
--- python evaluate_fast.py -dr data -ont cc -m mlp_cc_s1_sel-micro_blast -c
Fmax: 0.666, Smin: 10.554, threshold: 0.35
WFmax: 0.531, threshold: 0.35
AUPR: 0.642
AVGIC: 8.865
--- python evaluate_terms.py -dr data -ont cc -m mlp_cc_s1_sel-micro_blast
GO:0005762 0.9703384499245093
Average AUC for cc 0.860  (n_terms=1536)
--- python evaluate_terms.py -dr data -ont cc -m mlp_cc_s1_sel-micro_blast -c
GO:0005762 0.9705166918302298
Average AUC for cc 0.864  (n_terms=1536)
=== end=2026-08-27T01:06:29+01:00
=== evaluation of mlp_cc_s1_sel-macro start=2026-08-27T01:06:29+01:00
--- python predict_diamond.py -dr data -ont cc -m mlp_cc_s1_sel-macro
--- python evaluate_fast.py -dr data -ont cc -m mlp_cc_s1_sel-macro_blast
Fmax: 0.661, Smin: 10.664, threshold: 0.39
WFmax: 0.522, threshold: 0.34
AUPR: 0.642
AVGIC: 8.558
--- python evaluate_fast.py -dr data -ont cc -m mlp_cc_s1_sel-macro_blast -c
Fmax: 0.665, Smin: 10.591, threshold: 0.37
WFmax: 0.532, threshold: 0.33
AUPR: 0.632
AVGIC: 8.686
--- python evaluate_terms.py -dr data -ont cc -m mlp_cc_s1_sel-macro_blast
GO:0005762 0.9773632779734944
Average AUC for cc 0.866  (n_terms=1536)
--- python evaluate_terms.py -dr data -ont cc -m mlp_cc_s1_sel-macro_blast -c
GO:0005762 0.9773737627914779
Average AUC for cc 0.869  (n_terms=1536)
=== end=2026-08-27T01:08:43+01:00
