=== command: python deepgopro.py -dr data -ont cc -m mlp_cc_s0 -s 0 -ep 60
=== start=2026-08-26T17:38:40+01:00
Epoch 0: Loss - 0.014059038732948202, Valid loss - 0.012215797837685656, AUC - 0.9813974191445517, termAUC - 0.813067413909364
Saving model (sel-loss)
Saving model (sel-micro)
Saving model (sel-macro)
Epoch 1: Loss - 0.009043937283004727, Valid loss - 0.011675203329435101, AUC - 0.9851367444397845, termAUC - 0.8285044825741421
Saving model (sel-loss)
Saving model (sel-micro)
Saving model (sel-macro)
Epoch 2: Loss - 0.008438566808373443, Valid loss - 0.01172852014294929, AUC - 0.9855386576172879, termAUC - 0.8370105841374427
Saving model (sel-micro)
Saving model (sel-macro)
Epoch 3: Loss - 0.007910869484353714, Valid loss - 0.011692255138661022, AUC - 0.9857828846193595, termAUC - 0.8386813003336717
Saving model (sel-micro)
Saving model (sel-macro)
Epoch 4: Loss - 0.007842447518500831, Valid loss - 0.01170670596399793, AUC - 0.9858568581412939, termAUC - 0.8402633187517856
Saving model (sel-micro)
Saving model (sel-macro)
Epoch 5: Loss - 0.0077849716143497194, Valid loss - 0.01173578502472352, AUC - 0.9858603991557161, termAUC - 0.84157937841837
Saving model (sel-micro)
Saving model (sel-macro)
Epoch 6: Loss - 0.007738146628574061, Valid loss - 0.011754544175885341, AUC - 0.9859002326075701, termAUC - 0.8429010071734443
Saving model (sel-micro)
Saving model (sel-macro)
Epoch 7: Loss - 0.00770844791831868, Valid loss - 0.011771368980407714, AUC - 0.9859183899124292, termAUC - 0.8438502514041516
Saving model (sel-micro)
Saving model (sel-macro)
Epoch 8: Loss - 0.007647457430609837, Valid loss - 0.011804529976237703, AUC - 0.9859223823747082, termAUC - 0.8446232419750916
Saving model (sel-micro)
Saving model (sel-macro)
Epoch 9: Loss - 0.0076056144921933435, Valid loss - 0.011813197574681706, AUC - 0.9859457772717152, termAUC - 0.8459560241987018
Saving model (sel-micro)
Saving model (sel-macro)
Epoch 10: Loss - 0.007573918413419339, Valid loss - 0.01183724828340389, AUC - 0.9859423632886987, termAUC - 0.8466762208222439
Saving model (sel-macro)
Epoch 11: Loss - 0.007533187068396948, Valid loss - 0.011856685920308033, AUC - 0.9859405764848691, termAUC - 0.8473535212276001
Saving model (sel-macro)
Epoch 12: Loss - 0.007481267528500048, Valid loss - 0.01187587265201189, AUC - 0.9859443625971157, termAUC - 0.8479376231581018
Saving model (sel-macro)
Epoch 13: Loss - 0.007456063093962704, Valid loss - 0.011899926692799285, AUC - 0.9859385330318267, termAUC - 0.8484351603147909
Saving model (sel-macro)
Epoch 14: Loss - 0.0074146299774132405, Valid loss - 0.011912529273993439, AUC - 0.9859368886537296, termAUC - 0.8489782176669828
Saving model (sel-macro)
Epoch 15: Loss - 0.007389382646771385, Valid loss - 0.011942190894236168, AUC - 0.985909051404575, termAUC - 0.8493976709124487
Saving model (sel-macro)
Epoch 16: Loss - 0.007345948190389809, Valid loss - 0.011954819759422983, AUC - 0.9859317549128033, termAUC - 0.8496988539140617
Saving model (sel-macro)
Epoch 17: Loss - 0.007316550585422751, Valid loss - 0.01198041360411379, AUC - 0.9858862954362823, termAUC - 0.8501445101640797
Saving model (sel-macro)
Epoch 18: Loss - 0.007282682008838786, Valid loss - 0.012003721769347235, AUC - 0.9858924936128921, termAUC - 0.8502768423611056
Saving model (sel-macro)
Epoch 19: Loss - 0.007252659324369754, Valid loss - 0.012009125620264698, AUC - 0.985880862822989, termAUC - 0.8508802163062307
Saving model (sel-macro)
Epoch 20: Loss - 0.007222132044551954, Valid loss - 0.012031987733725045, AUC - 0.985858469056668, termAUC - 0.8511704745107551
Saving model (sel-macro)
Epoch 21: Loss - 0.007187720499419326, Valid loss - 0.012048589641711226, AUC - 0.9858506523541606, termAUC - 0.8512371184643667
Saving model (sel-macro)
Epoch 22: Loss - 0.007163387709004865, Valid loss - 0.012070789960799393, AUC - 0.9858454457870074, termAUC - 0.8515631569292985
Saving model (sel-macro)
Epoch 23: Loss - 0.0071396432441886044, Valid loss - 0.01209098765005668, AUC - 0.9858033753256523, termAUC - 0.8516879575778736
Saving model (sel-macro)
Epoch 24: Loss - 0.007098830122840099, Valid loss - 0.012118561662457608, AUC - 0.9857884937521998, termAUC - 0.8518475909714226
Saving model (sel-macro)
Epoch 25: Loss - 0.007080171109108714, Valid loss - 0.01212282018667018, AUC - 0.9857680392616438, termAUC - 0.852160773631544
Saving model (sel-macro)
Epoch 26: Loss - 0.00704243885471584, Valid loss - 0.012141615431755782, AUC - 0.9857546389852466, termAUC - 0.8522594352069537
Saving model (sel-macro)
Epoch 27: Loss - 0.007023397463182726, Valid loss - 0.012185017443779441, AUC - 0.985705711868572, termAUC - 0.8523921191163137
Saving model (sel-macro)
Epoch 28: Loss - 0.007000647024230127, Valid loss - 0.01219558123568142, AUC - 0.9856724868674572, termAUC - 0.8523171331535208
Epoch 29: Loss - 0.006970214326245565, Valid loss - 0.012209697505804125, AUC - 0.9856572182374826, termAUC - 0.8522376888149994
Epoch 30: Loss - 0.006947627086420565, Valid loss - 0.01223877119590287, AUC - 0.9856065484236651, termAUC - 0.8523733011294592
Epoch 31: Loss - 0.006936108401818215, Valid loss - 0.012259595040921811, AUC - 0.9855694317349859, termAUC - 0.8521987130040939
Epoch 32: Loss - 0.006908368480792569, Valid loss - 0.012291177958939914, AUC - 0.9855359749853506, termAUC - 0.852013295301516
Epoch 33: Loss - 0.006883894691634552, Valid loss - 0.012307021042539014, AUC - 0.9854965290975575, termAUC - 0.8519771949217962
Epoch 34: Loss - 0.0068711624035089755, Valid loss - 0.012315184723033949, AUC - 0.9854929818670617, termAUC - 0.8520649946649219
Epoch 35: Loss - 0.006844752775697725, Valid loss - 0.012348636067299931, AUC - 0.9854561636688131, termAUC - 0.8519452642597751
Epoch 36: Loss - 0.006824353028439659, Valid loss - 0.01236594090997069, AUC - 0.9854097830251675, termAUC - 0.8519156448393793
Epoch 37: Loss - 0.006792085009033736, Valid loss - 0.012376040685921907, AUC - 0.9853837823899403, termAUC - 0.8518474526759893
Epoch 38: Loss - 0.006775449554237664, Valid loss - 0.012423152949109121, AUC - 0.9853414962003567, termAUC - 0.8516530776085351
Epoch 39: Loss - 0.006765108178498061, Valid loss - 0.012421920236751989, AUC - 0.9852988525622393, termAUC - 0.8516589886351835
Epoch 40: Loss - 0.006744869507080483, Valid loss - 0.012457020432446841, AUC - 0.9852633436155342, termAUC - 0.8518695565840013
Epoch 41: Loss - 0.006716183359288307, Valid loss - 0.012461154376743016, AUC - 0.9852415207159038, termAUC - 0.8515633532590005
Epoch 42: Loss - 0.006714020910812613, Valid loss - 0.012482521817502049, AUC - 0.9852021116062423, termAUC - 0.8515721776932028
Epoch 43: Loss - 0.00669099010276119, Valid loss - 0.012511762379910108, AUC - 0.9851616443082407, termAUC - 0.8514152143195173
Epoch 44: Loss - 0.006665527433011492, Valid loss - 0.012539635329610771, AUC - 0.9850767280707985, termAUC - 0.8511111353852312
Epoch 45: Loss - 0.006654966134823299, Valid loss - 0.012544882845961385, AUC - 0.9851032477580964, termAUC - 0.8513522256699306
Epoch 46: Loss - 0.006632180111646755, Valid loss - 0.012567332462856063, AUC - 0.9850568092703699, termAUC - 0.8511145844630498
Epoch 47: Loss - 0.00662137583703242, Valid loss - 0.01259550297356866, AUC - 0.9850160014018189, termAUC - 0.8508961125617914
Epoch 48: Loss - 0.006617762699436573, Valid loss - 0.012612780497443897, AUC - 0.9849733103426282, termAUC - 0.8508302584684797
Epoch 49: Loss - 0.0065882553344315765, Valid loss - 0.012623708705521292, AUC - 0.984977762332379, termAUC - 0.8510082106398403
Epoch 50: Loss - 0.0065806291403411495, Valid loss - 0.012647658852101475, AUC - 0.9849258560235229, termAUC - 0.8506463709662763
Epoch 51: Loss - 0.006561699027593489, Valid loss - 0.012671342981910264, AUC - 0.984914091364278, termAUC - 0.8505152236521651
Epoch 52: Loss - 0.00654320106224783, Valid loss - 0.01268303387074007, AUC - 0.9848282027218387, termAUC - 0.8502345848828514
Epoch 53: Loss - 0.0065359063728200485, Valid loss - 0.012709148538609346, AUC - 0.984801424845794, termAUC - 0.8502613637252636
Epoch 54: Loss - 0.00651657186783023, Valid loss - 0.012713475894458868, AUC - 0.9847645325637476, termAUC - 0.8499749205560239
Epoch 55: Loss - 0.006506977134504018, Valid loss - 0.012758842541801709, AUC - 0.9847613533452673, termAUC - 0.8497466126525872
Epoch 56: Loss - 0.006481629611630489, Valid loss - 0.012761789046365905, AUC - 0.9847376268288545, termAUC - 0.8497821784290145
Epoch 57: Loss - 0.006472617838279291, Valid loss - 0.012779277363033206, AUC - 0.984691278460595, termAUC - 0.849622636691218
Epoch 58: Loss - 0.006459040835943318, Valid loss - 0.012803164793661347, AUC - 0.9846851120641376, termAUC - 0.8494475163120088
Epoch 59: Loss - 0.0064534650668772835, Valid loss - 0.0128141848301446, AUC - 0.9846625996992501, termAUC - 0.8492897378221264
Loading the best model: mlp_cc_s0_sel-loss
Test Loss - 0.011009196050890527, AUC - 0.9865238821713717
Loading the best model: mlp_cc_s0_sel-micro
Test Loss - 0.011167422608173464, AUC - 0.9871176545759652
Loading the best model: mlp_cc_s0_sel-macro
Test Loss - 0.011531237836202813, AUC - 0.9867201361271156
=== evaluation of mlp_cc_s0_sel-loss start=2026-08-26T18:03:17+01:00
--- python predict_diamond.py -dr data -ont cc -m mlp_cc_s0_sel-loss
--- python evaluate_fast.py -dr data -ont cc -m mlp_cc_s0_sel-loss_blast
Fmax: 0.664, Smin: 10.621, threshold: 0.37
WFmax: 0.518, threshold: 0.33
AUPR: 0.668
AVGIC: 7.515
--- python evaluate_fast.py -dr data -ont cc -m mlp_cc_s0_sel-loss_blast -c
Fmax: 0.666, Smin: 10.568, threshold: 0.34
WFmax: 0.532, threshold: 0.3
AUPR: 0.657
AVGIC: 8.471
--- python evaluate_terms.py -dr data -ont cc -m mlp_cc_s0_sel-loss_blast
GO:0005762 0.9706110551920819
Average AUC for cc 0.844  (n_terms=1536)
--- python evaluate_terms.py -dr data -ont cc -m mlp_cc_s0_sel-loss_blast -c
GO:0005762 0.9699085723871833
Average AUC for cc 0.849  (n_terms=1536)
=== end=2026-08-26T18:05:24+01:00
=== evaluation of mlp_cc_s0_sel-micro start=2026-08-26T18:05:24+01:00
--- python predict_diamond.py -dr data -ont cc -m mlp_cc_s0_sel-micro
--- python evaluate_fast.py -dr data -ont cc -m mlp_cc_s0_sel-micro_blast
Fmax: 0.666, Smin: 10.528, threshold: 0.45
WFmax: 0.524, threshold: 0.31
AUPR: 0.653
AVGIC: 6.922
--- python evaluate_fast.py -dr data -ont cc -m mlp_cc_s0_sel-micro_blast -c
Fmax: 0.666, Smin: 10.530, threshold: 0.35
WFmax: 0.531, threshold: 0.31
AUPR: 0.642
AVGIC: 8.726
--- python evaluate_terms.py -dr data -ont cc -m mlp_cc_s0_sel-micro_blast
GO:0005762 0.9754550411004865
Average AUC for cc 0.860  (n_terms=1536)
--- python evaluate_terms.py -dr data -ont cc -m mlp_cc_s0_sel-micro_blast -c
GO:0005762 0.9747735279315551
Average AUC for cc 0.864  (n_terms=1536)
=== end=2026-08-26T18:07:26+01:00
=== evaluation of mlp_cc_s0_sel-macro start=2026-08-26T18:07:26+01:00
--- python predict_diamond.py -dr data -ont cc -m mlp_cc_s0_sel-macro
--- python evaluate_fast.py -dr data -ont cc -m mlp_cc_s0_sel-macro_blast
Fmax: 0.663, Smin: 10.594, threshold: 0.39
WFmax: 0.523, threshold: 0.32
AUPR: 0.644
AVGIC: 8.379
--- python evaluate_fast.py -dr data -ont cc -m mlp_cc_s0_sel-macro_blast -c
Fmax: 0.665, Smin: 10.591, threshold: 0.36
WFmax: 0.531, threshold: 0.3
AUPR: 0.636
AVGIC: 8.778
--- python evaluate_terms.py -dr data -ont cc -m mlp_cc_s0_sel-macro_blast
GO:0005762 0.9799425431974501
Average AUC for cc 0.865  (n_terms=1536)
--- python evaluate_terms.py -dr data -ont cc -m mlp_cc_s0_sel-macro_blast -c
GO:0005762 0.9793658782083543
Average AUC for cc 0.868  (n_terms=1536)
=== end=2026-08-26T18:09:27+01:00
