=== command: python neuralgobox_train.py -dr data -ont cc -m mlpbox_cc_s0 -s 0 -ep 24 --el-weight 0
=== start=2026-09-10T00:20:42+01:00
=== gpu: NVIDIA A100 80GB PCIe
Epoch 0: Loss - 0.011993220081669814, EL Loss: 0.0, Valid loss - 0.011892374222063356, AUC - 0.9842802915742991, termAUC - 0.8243183243960321, lr - 0.0005
Saving model (sel-loss)
Saving model (sel-micro)
Saving model (sel-macro)
Epoch 1: Loss - 0.009282021266287035, EL Loss: 0.0, Valid loss - 0.011851221040167191, AUC - 0.9853417651832825, termAUC - 0.8368847473665629, lr - 0.0005
Saving model (sel-loss)
Saving model (sel-micro)
Saving model (sel-macro)
Epoch 2: Loss - 0.007316470074689852, EL Loss: 0.0, Valid loss - 0.012033532621959846, AUC - 0.9857564296786742, termAUC - 0.8465018478012051, lr - 5e-05
Saving model (sel-micro)
Saving model (sel-macro)
Epoch 3: Loss - 0.00686386523067318, EL Loss: 0.0, Valid loss - 0.012316515286349588, AUC - 0.9854534444104935, termAUC - 0.8491320264486639, lr - 5e-05
Saving model (sel-macro)
Epoch 4: Loss - 0.006462172238558394, EL Loss: 0.0, Valid loss - 0.012374547472292627, AUC - 0.9853541621573398, termAUC - 0.8496224533900418, lr - 5e-06
Saving model (sel-macro)
Epoch 5: Loss - 0.006424615066926384, EL Loss: 0.0, Valid loss - 0.012436379871710583, AUC - 0.9852764702888602, termAUC - 0.8499309122844229, lr - 5e-06
Saving model (sel-macro)
Epoch 6: Loss - 0.006387540715094798, EL Loss: 0.0, Valid loss - 0.012498668174224872, AUC - 0.9851818116444343, termAUC - 0.8500603779633787, lr - 5e-06
Saving model (sel-macro)
Epoch 7: Loss - 0.006362682203248793, EL Loss: 0.0, Valid loss - 0.012554725376820123, AUC - 0.9850960003114837, termAUC - 0.8501495269575768, lr - 5e-06
Saving model (sel-macro)
Epoch 8: Loss - 0.006332892144760645, EL Loss: 0.0, Valid loss - 0.012601098428583807, AUC - 0.985036554150926, termAUC - 0.8502923456950985, lr - 5e-06
Saving model (sel-macro)
Epoch 9: Loss - 0.006306012931770458, EL Loss: 0.0, Valid loss - 0.012647495373945545, AUC - 0.9849768071391124, termAUC - 0.8503894884606112, lr - 5e-06
Saving model (sel-macro)
Epoch 10: Loss - 0.006280435621809745, EL Loss: 0.0, Valid loss - 0.012691865530278948, AUC - 0.9849063265261168, termAUC - 0.8504205543486324, lr - 5e-06
Saving model (sel-macro)
Epoch 11: Loss - 0.006260099209656805, EL Loss: 0.0, Valid loss - 0.012732558149016566, AUC - 0.984854285607628, termAUC - 0.8503436353628123, lr - 5e-06
Epoch 12: Loss - 0.0062378517155582585, EL Loss: 0.0, Valid loss - 0.012769432745322034, AUC - 0.9847902832631232, termAUC - 0.8503351773714679, lr - 5e-06
Epoch 13: Loss - 0.006212235283809693, EL Loss: 0.0, Valid loss - 0.012806901045971446, AUC - 0.9847405966387383, termAUC - 0.8503915724261891, lr - 5e-06
Epoch 14: Loss - 0.006191764369886511, EL Loss: 0.0, Valid loss - 0.012846026883495074, AUC - 0.9846720771841344, termAUC - 0.8503297903362644, lr - 5e-06
Epoch 15: Loss - 0.006171803298380631, EL Loss: 0.0, Valid loss - 0.012886373519345566, AUC - 0.9846103780865753, termAUC - 0.8502114676999052, lr - 5e-06
Epoch 16: Loss - 0.006151144195435024, EL Loss: 0.0, Valid loss - 0.012921412092530065, AUC - 0.9845485911298898, termAUC - 0.8500912827862509, lr - 5e-06
Epoch 17: Loss - 0.006129787866864782, EL Loss: 0.0, Valid loss - 0.012960244963566462, AUC - 0.984496896950347, termAUC - 0.8500477622845507, lr - 5e-06
Epoch 18: Loss - 0.0061112161161332385, EL Loss: 0.0, Valid loss - 0.01300018871616986, AUC - 0.984439063033994, termAUC - 0.8499428114615282, lr - 5e-06
Epoch 19: Loss - 0.006097921686051598, EL Loss: 0.0, Valid loss - 0.01303459889496918, AUC - 0.9843913704457703, termAUC - 0.8498883195323597, lr - 5e-06
Epoch 20: Loss - 0.0060751082562480645, EL Loss: 0.0, Valid loss - 0.013077931299253746, AUC - 0.9843011445840715, termAUC - 0.849745270255404, lr - 5e-06
Epoch 21: Loss - 0.006058452794953017, EL Loss: 0.0, Valid loss - 0.01310764433540128, AUC - 0.9842408934895153, termAUC - 0.8496060879002539, lr - 5e-06
Epoch 22: Loss - 0.006045048849073854, EL Loss: 0.0, Valid loss - 0.013141486648884084, AUC - 0.9841734376964696, termAUC - 0.8494946852897917, lr - 5e-06
Epoch 23: Loss - 0.00602610636938215, EL Loss: 0.0, Valid loss - 0.013175031625562245, AUC - 0.9841560153687741, termAUC - 0.8494071883379877, lr - 5e-06
Loading the best model: mlpbox_cc_s0_sel-loss
Test Loss - 0.011233971770392892, AUC - 0.9866671390749598
Loading the best model: mlpbox_cc_s0_sel-micro
Test Loss - 0.011391290135819602, AUC - 0.9870553152926319
Loading the best model: mlpbox_cc_s0_sel-macro
Test Loss - 0.012008285546606337, AUC - 0.9862298287212801
=== evaluation of mlpbox_cc_s0_sel-loss start=2026-09-10T00:30:41+01:00
--- python predict_diamond.py -dr data -ont cc -m mlpbox_cc_s0_sel-loss
--- python evaluate_fast.py -dr data -ont cc -m mlpbox_cc_s0_sel-loss_blast
Fmax: 0.661, Smin: 10.741, threshold: 0.46
WFmax: 0.521, threshold: 0.39
AUPR: 0.651
AVGIC: 8.205
--- python evaluate_fast.py -dr data -ont cc -m mlpbox_cc_s0_sel-loss_blast -c
Fmax: 0.665, Smin: 10.635, threshold: 0.37
WFmax: 0.532, threshold: 0.37
AUPR: 0.646
AVGIC: 9.095
--- python evaluate_terms.py -dr data -ont cc -m mlpbox_cc_s0_sel-loss_blast
GO:0005762 0.9378984230833753
Average AUC for cc 0.848  (n_terms=1536)
--- python evaluate_terms.py -dr data -ont cc -m mlpbox_cc_s0_sel-loss_blast -c
GO:0005762 0.9373007884583123
Average AUC for cc 0.852  (n_terms=1536)
=== end=2026-09-10T00:32:39+01:00
=== evaluation of mlpbox_cc_s0_sel-micro start=2026-09-10T00:32:39+01:00
--- python predict_diamond.py -dr data -ont cc -m mlpbox_cc_s0_sel-micro
--- python evaluate_fast.py -dr data -ont cc -m mlpbox_cc_s0_sel-micro_blast
Fmax: 0.663, Smin: 10.646, threshold: 0.43
WFmax: 0.521, threshold: 0.37
AUPR: 0.652
AVGIC: 8.500
--- python evaluate_fast.py -dr data -ont cc -m mlpbox_cc_s0_sel-micro_blast -c
Fmax: 0.666, Smin: 10.603, threshold: 0.35
WFmax: 0.534, threshold: 0.32
AUPR: 0.638
AVGIC: 9.548
--- python evaluate_terms.py -dr data -ont cc -m mlpbox_cc_s0_sel-micro_blast
GO:0005762 0.9574421238047308
Average AUC for cc 0.855  (n_terms=1536)
--- python evaluate_terms.py -dr data -ont cc -m mlpbox_cc_s0_sel-micro_blast -c
GO:0005762 0.9572009729911088
Average AUC for cc 0.859  (n_terms=1536)
=== end=2026-09-10T00:34:36+01:00
=== evaluation of mlpbox_cc_s0_sel-macro start=2026-09-10T00:34:36+01:00
--- python predict_diamond.py -dr data -ont cc -m mlpbox_cc_s0_sel-macro
--- python evaluate_fast.py -dr data -ont cc -m mlpbox_cc_s0_sel-macro_blast
Fmax: 0.658, Smin: 10.718, threshold: 0.42
WFmax: 0.517, threshold: 0.37
AUPR: 0.631
AVGIC: 9.145
--- python evaluate_fast.py -dr data -ont cc -m mlpbox_cc_s0_sel-macro_blast -c
Fmax: 0.664, Smin: 10.642, threshold: 0.37
WFmax: 0.531, threshold: 0.37
AUPR: 0.623
AVGIC: 9.310
--- python evaluate_terms.py -dr data -ont cc -m mlpbox_cc_s0_sel-macro_blast
GO:0005762 0.9698351786612984
Average AUC for cc 0.857  (n_terms=1536)
--- python evaluate_terms.py -dr data -ont cc -m mlpbox_cc_s0_sel-macro_blast -c
GO:0005762 0.9695940278476766
Average AUC for cc 0.860  (n_terms=1536)
=== end=2026-09-10T00:36:33+01:00
