=== command: python neuralgobox_train.py -dr data -ont cc -m mlpbox_cc_s2 -s 2 -ep 24 --el-weight 0
=== start=2026-09-10T00:54:19+01:00
=== gpu: NVIDIA A100 80GB PCIe
Epoch 0: Loss - 0.011999268036986064, EL Loss: 0.0, Valid loss - 0.011791218189453638, AUC - 0.9841428678617349, termAUC - 0.8228893552703492, lr - 0.0005
Saving model (sel-loss)
Saving model (sel-micro)
Saving model (sel-macro)
Epoch 1: Loss - 0.009274720197549206, EL Loss: 0.0, Valid loss - 0.011840160449759827, AUC - 0.9853466393025605, termAUC - 0.8373224107649428, lr - 0.0005
Saving model (sel-micro)
Saving model (sel-macro)
Epoch 2: Loss - 0.007326232352661993, EL Loss: 0.0, Valid loss - 0.012030110170167906, AUC - 0.9856063550568931, termAUC - 0.8466681933357262, lr - 5e-05
Saving model (sel-micro)
Saving model (sel-macro)
Epoch 3: Loss - 0.0068580063796569385, EL Loss: 0.0, Valid loss - 0.012346081770266647, AUC - 0.985179255406659, termAUC - 0.8473872015434842, lr - 5e-05
Saving model (sel-macro)
Epoch 4: Loss - 0.006459325888040112, EL Loss: 0.0, Valid loss - 0.01240385651105532, AUC - 0.9851370998335542, termAUC - 0.8475883555199423, lr - 5e-06
Saving model (sel-macro)
Epoch 5: Loss - 0.0064216755825461415, EL Loss: 0.0, Valid loss - 0.012467060479576941, AUC - 0.9850499695278934, termAUC - 0.8478952277027837, lr - 5e-06
Saving model (sel-macro)
Epoch 6: Loss - 0.006391828294250127, EL Loss: 0.0, Valid loss - 0.012522670395534348, AUC - 0.9849611209202914, termAUC - 0.8480427672422411, lr - 5e-06
Saving model (sel-macro)
Epoch 7: Loss - 0.006359403318287676, EL Loss: 0.0, Valid loss - 0.01256978680483169, AUC - 0.9849050324520447, termAUC - 0.8480502117680847, lr - 5e-06
Saving model (sel-macro)
Epoch 8: Loss - 0.0063378266427896995, EL Loss: 0.0, Valid loss - 0.01261941472551337, AUC - 0.9848363871887427, termAUC - 0.8480201209309483, lr - 5e-06
Epoch 9: Loss - 0.006306928642034234, EL Loss: 0.0, Valid loss - 0.012667569718151181, AUC - 0.9847694230391162, termAUC - 0.847996415205197, lr - 5e-06
Epoch 10: Loss - 0.006281333782062631, EL Loss: 0.0, Valid loss - 0.012713179064707623, AUC - 0.9847088215723507, termAUC - 0.8479673522877261, lr - 5e-06
Epoch 11: Loss - 0.0062560554623039034, EL Loss: 0.0, Valid loss - 0.012756787751007963, AUC - 0.9846522313027232, termAUC - 0.8479914296685204, lr - 5e-06
Epoch 12: Loss - 0.0062322018992164345, EL Loss: 0.0, Valid loss - 0.012799324336703177, AUC - 0.9845865430659843, termAUC - 0.8479407496079499, lr - 5e-06
Epoch 13: Loss - 0.006210043597438731, EL Loss: 0.0, Valid loss - 0.012838362871358791, AUC - 0.9845374382167932, termAUC - 0.8478616662674866, lr - 5e-06
Epoch 14: Loss - 0.006189945978604565, EL Loss: 0.0, Valid loss - 0.012881805478698678, AUC - 0.984477780480088, termAUC - 0.8477620600393472, lr - 5e-06
Epoch 15: Loss - 0.006169302198625131, EL Loss: 0.0, Valid loss - 0.012916898199667534, AUC - 0.9844249540002143, termAUC - 0.8476959491210488, lr - 5e-06
Epoch 16: Loss - 0.006153763781207547, EL Loss: 0.0, Valid loss - 0.012951105664035789, AUC - 0.9843739521271229, termAUC - 0.847602900527181, lr - 5e-06
Epoch 17: Loss - 0.006131682566339992, EL Loss: 0.0, Valid loss - 0.012998868300820943, AUC - 0.9843039121344845, termAUC - 0.8474739135055598, lr - 5e-06
Epoch 18: Loss - 0.006111215739254234, EL Loss: 0.0, Valid loss - 0.013031816751592689, AUC - 0.9842248673804506, termAUC - 0.8473611352264928, lr - 5e-06
Epoch 19: Loss - 0.006092865432571238, EL Loss: 0.0, Valid loss - 0.013064258366271302, AUC - 0.9841808242262353, termAUC - 0.8472196164794832, lr - 5e-06
Epoch 20: Loss - 0.00607063700223932, EL Loss: 0.0, Valid loss - 0.013105003587487672, AUC - 0.9841352438087798, termAUC - 0.8472719730558811, lr - 5e-06
Epoch 21: Loss - 0.006055769361883607, EL Loss: 0.0, Valid loss - 0.013140607511417733, AUC - 0.9840701626119162, termAUC - 0.8471150086503352, lr - 5e-06
Epoch 22: Loss - 0.006044228825430068, EL Loss: 0.0, Valid loss - 0.013172060689302507, AUC - 0.9840162038101797, termAUC - 0.8469315056991914, lr - 5e-06
Epoch 23: Loss - 0.006024834270814397, EL Loss: 0.0, Valid loss - 0.013203355359534423, AUC - 0.9839499788118413, termAUC - 0.8467631015319909, lr - 5e-06
Loading the best model: mlpbox_cc_s2_sel-loss
Test Loss - 0.011071467855485318, AUC - 0.9859570095105104
Loading the best model: mlpbox_cc_s2_sel-micro
Test Loss - 0.011390503605160817, AUC - 0.9870179816138362
Loading the best model: mlpbox_cc_s2_sel-macro
Test Loss - 0.011886675251406376, AUC - 0.986396134006879
=== evaluation of mlpbox_cc_s2_sel-loss start=2026-09-10T01:05:11+01:00
--- python predict_diamond.py -dr data -ont cc -m mlpbox_cc_s2_sel-loss
--- python evaluate_fast.py -dr data -ont cc -m mlpbox_cc_s2_sel-loss_blast
Fmax: 0.658, Smin: 10.807, threshold: 0.37
WFmax: 0.511, threshold: 0.35
AUPR: 0.679
AVGIC: 8.091
--- python evaluate_fast.py -dr data -ont cc -m mlpbox_cc_s2_sel-loss_blast -c
Fmax: 0.663, Smin: 10.660, threshold: 0.34
WFmax: 0.531, threshold: 0.3
AUPR: 0.666
AVGIC: 8.633
--- python evaluate_terms.py -dr data -ont cc -m mlpbox_cc_s2_sel-loss_blast
GO:0005762 0.9396389028686463
Average AUC for cc 0.841  (n_terms=1536)
--- python evaluate_terms.py -dr data -ont cc -m mlpbox_cc_s2_sel-loss_blast -c
GO:0005762 0.9418931387351115
Average AUC for cc 0.847  (n_terms=1536)
=== end=2026-09-10T01:07:27+01:00
=== evaluation of mlpbox_cc_s2_sel-micro start=2026-09-10T01:07:27+01:00
--- python predict_diamond.py -dr data -ont cc -m mlpbox_cc_s2_sel-micro
--- python evaluate_fast.py -dr data -ont cc -m mlpbox_cc_s2_sel-micro_blast
Fmax: 0.661, Smin: 10.662, threshold: 0.38
WFmax: 0.521, threshold: 0.38
AUPR: 0.653
AVGIC: 9.516
--- python evaluate_fast.py -dr data -ont cc -m mlpbox_cc_s2_sel-micro_blast -c
Fmax: 0.666, Smin: 10.570, threshold: 0.36
WFmax: 0.532, threshold: 0.37
AUPR: 0.638
AVGIC: 9.284
--- python evaluate_terms.py -dr data -ont cc -m mlpbox_cc_s2_sel-micro_blast
GO:0005762 0.9711143264552927
Average AUC for cc 0.860  (n_terms=1536)
--- python evaluate_terms.py -dr data -ont cc -m mlpbox_cc_s2_sel-micro_blast -c
GO:0005762 0.9703699043784599
Average AUC for cc 0.863  (n_terms=1536)
=== end=2026-09-10T01:09:42+01:00
=== evaluation of mlpbox_cc_s2_sel-macro start=2026-09-10T01:09:42+01:00
--- python predict_diamond.py -dr data -ont cc -m mlpbox_cc_s2_sel-macro
--- python evaluate_fast.py -dr data -ont cc -m mlpbox_cc_s2_sel-macro_blast
Fmax: 0.659, Smin: 10.707, threshold: 0.44
WFmax: 0.518, threshold: 0.44
AUPR: 0.636
AVGIC: 8.821
--- python evaluate_fast.py -dr data -ont cc -m mlpbox_cc_s2_sel-macro_blast -c
Fmax: 0.665, Smin: 10.615, threshold: 0.38
WFmax: 0.532, threshold: 0.37
AUPR: 0.625
AVGIC: 9.022
--- python evaluate_terms.py -dr data -ont cc -m mlpbox_cc_s2_sel-macro_blast
GO:0005762 0.9706110551920819
Average AUC for cc 0.861  (n_terms=1536)
--- python evaluate_terms.py -dr data -ont cc -m mlpbox_cc_s2_sel-macro_blast -c
GO:0005762 0.9700343902029861
Average AUC for cc 0.864  (n_terms=1536)
=== end=2026-09-10T01:11:57+01:00
