=== command: python neuralgobox_train.py -dr data -ont cc -m mlpbox_cc_s1 -s 1 -ep 24 --el-weight 0
=== start=2026-09-10T00:36:33+01:00
=== gpu: NVIDIA A100 80GB PCIe
Epoch 0: Loss - 0.012027173776929745, EL Loss: 0.0, Valid loss - 0.011810130860518527, AUC - 0.9847861827232032, termAUC - 0.8308428915326389, lr - 0.0005
Saving model (sel-loss)
Saving model (sel-micro)
Saving model (sel-macro)
Epoch 1: Loss - 0.009267400560478407, EL Loss: 0.0, Valid loss - 0.01185937257207654, AUC - 0.9853062519271076, termAUC - 0.8409448456871328, lr - 0.0005
Saving model (sel-micro)
Saving model (sel-macro)
Epoch 2: Loss - 0.007333329417721395, EL Loss: 0.0, Valid loss - 0.012059027563642572, AUC - 0.9859022918773777, termAUC - 0.8485189025510821, lr - 5e-05
Saving model (sel-micro)
Saving model (sel-macro)
Epoch 3: Loss - 0.006863629310655694, EL Loss: 0.0, Valid loss - 0.012334660309608336, AUC - 0.9855719974688687, termAUC - 0.850367969562606, lr - 5e-05
Saving model (sel-macro)
Epoch 4: Loss - 0.006462434565065112, EL Loss: 0.0, Valid loss - 0.01239745127796023, AUC - 0.9855148879154448, termAUC - 0.8505394980924229, lr - 5e-06
Saving model (sel-macro)
Epoch 5: Loss - 0.006430086824518113, EL Loss: 0.0, Valid loss - 0.012452263519581822, AUC - 0.9854624292086832, termAUC - 0.850681743393093, lr - 5e-06
Saving model (sel-macro)
Epoch 6: Loss - 0.006395920376781129, EL Loss: 0.0, Valid loss - 0.012506804497981514, AUC - 0.9854049735812408, termAUC - 0.8507626570947775, lr - 5e-06
Saving model (sel-macro)
Epoch 7: Loss - 0.00636218439920978, EL Loss: 0.0, Valid loss - 0.01256252481015744, AUC - 0.98532710845223, termAUC - 0.8508035302338126, lr - 5e-06
Saving model (sel-macro)
Epoch 8: Loss - 0.0063394743966646095, EL Loss: 0.0, Valid loss - 0.012605361840515226, AUC - 0.9852634933477814, termAUC - 0.8508975562955907, lr - 5e-06
Saving model (sel-macro)
Epoch 9: Loss - 0.006312268201025006, EL Loss: 0.0, Valid loss - 0.012649175259112208, AUC - 0.9852075668860261, termAUC - 0.850990148343133, lr - 5e-06
Saving model (sel-macro)
Epoch 10: Loss - 0.006285893615651847, EL Loss: 0.0, Valid loss - 0.012699086605398743, AUC - 0.9851421675682474, termAUC - 0.8508902196200326, lr - 5e-06
Epoch 11: Loss - 0.006265597749547106, EL Loss: 0.0, Valid loss - 0.012739851881094553, AUC - 0.9850807926087635, termAUC - 0.8509586833059922, lr - 5e-06
Epoch 12: Loss - 0.006238227580341683, EL Loss: 0.0, Valid loss - 0.012780582014885213, AUC - 0.9850212068703285, termAUC - 0.8509841472480318, lr - 5e-06
Epoch 13: Loss - 0.0062137629635700495, EL Loss: 0.0, Valid loss - 0.012823182396176788, AUC - 0.9849411843272832, termAUC - 0.8508629900534131, lr - 5e-06
Epoch 14: Loss - 0.006196730950944251, EL Loss: 0.0, Valid loss - 0.012852974632685935, AUC - 0.9848950523649961, termAUC - 0.8508165432254778, lr - 5e-06
Epoch 15: Loss - 0.006173530352661304, EL Loss: 0.0, Valid loss - 0.012894182010657257, AUC - 0.9848293442419515, termAUC - 0.8508045704379367, lr - 5e-06
Epoch 16: Loss - 0.0061553988928776835, EL Loss: 0.0, Valid loss - 0.012932974579571575, AUC - 0.984784140175529, termAUC - 0.8506359849578535, lr - 5e-06
Epoch 17: Loss - 0.006132362201662982, EL Loss: 0.0, Valid loss - 0.012967604764357762, AUC - 0.9847385114429085, termAUC - 0.8505883622904467, lr - 5e-06
Epoch 18: Loss - 0.006114726959603623, EL Loss: 0.0, Valid loss - 0.013003389447651528, AUC - 0.9846695173156601, termAUC - 0.8504717504585898, lr - 5e-06
Epoch 19: Loss - 0.00609761366145015, EL Loss: 0.0, Valid loss - 0.01303683499702149, AUC - 0.9846089103915674, termAUC - 0.8503080702795821, lr - 5e-06
Epoch 20: Loss - 0.006078642110552804, EL Loss: 0.0, Valid loss - 0.01307755214403625, AUC - 0.9845484622539123, termAUC - 0.8501084839206323, lr - 5e-06
Epoch 21: Loss - 0.006066574890146554, EL Loss: 0.0, Valid loss - 0.013106418690747685, AUC - 0.9845155224205835, termAUC - 0.850028033647314, lr - 5e-06
Epoch 22: Loss - 0.006046373149840758, EL Loss: 0.0, Valid loss - 0.013144247844401333, AUC - 0.9844417868775966, termAUC - 0.849912320667996, lr - 5e-06
Epoch 23: Loss - 0.00603085854211979, EL Loss: 0.0, Valid loss - 0.013177373691427487, AUC - 0.9843743923106879, termAUC - 0.8497545122072355, lr - 5e-06
Loading the best model: mlpbox_cc_s1_sel-loss
Test Loss - 0.011119867672131937, AUC - 0.9860393574803034
Loading the best model: mlpbox_cc_s1_sel-micro
Test Loss - 0.011390888560448348, AUC - 0.9868389997115358
Loading the best model: mlpbox_cc_s1_sel-macro
Test Loss - 0.011932769889460394, AUC - 0.9861140933529463
=== evaluation of mlpbox_cc_s1_sel-loss start=2026-09-10T00:47:26+01:00
--- python predict_diamond.py -dr data -ont cc -m mlpbox_cc_s1_sel-loss
--- python evaluate_fast.py -dr data -ont cc -m mlpbox_cc_s1_sel-loss_blast
Fmax: 0.659, Smin: 10.754, threshold: 0.44
WFmax: 0.513, threshold: 0.37
AUPR: 0.672
AVGIC: 7.301
--- python evaluate_fast.py -dr data -ont cc -m mlpbox_cc_s1_sel-loss_blast -c
Fmax: 0.665, Smin: 10.570, threshold: 0.32
WFmax: 0.532, threshold: 0.32
AUPR: 0.660
AVGIC: 9.925
--- python evaluate_terms.py -dr data -ont cc -m mlpbox_cc_s1_sel-loss_blast
GO:0005762 0.90401149136051
Average AUC for cc 0.841  (n_terms=1536)
--- python evaluate_terms.py -dr data -ont cc -m mlpbox_cc_s1_sel-loss_blast -c
GO:0005762 0.9066012414024491
Average AUC for cc 0.845  (n_terms=1536)
=== end=2026-09-10T00:49:45+01:00
=== evaluation of mlpbox_cc_s1_sel-micro start=2026-09-10T00:49:45+01:00
--- python predict_diamond.py -dr data -ont cc -m mlpbox_cc_s1_sel-micro
--- python evaluate_fast.py -dr data -ont cc -m mlpbox_cc_s1_sel-micro_blast
Fmax: 0.662, Smin: 10.735, threshold: 0.41
WFmax: 0.519, threshold: 0.41
AUPR: 0.645
AVGIC: 9.001
--- python evaluate_fast.py -dr data -ont cc -m mlpbox_cc_s1_sel-micro_blast -c
Fmax: 0.667, Smin: 10.594, threshold: 0.37
WFmax: 0.533, threshold: 0.36
AUPR: 0.637
AVGIC: 9.075
--- python evaluate_terms.py -dr data -ont cc -m mlpbox_cc_s1_sel-micro_blast
GO:0005762 0.9348368562321758
Average AUC for cc 0.857  (n_terms=1536)
--- python evaluate_terms.py -dr data -ont cc -m mlpbox_cc_s1_sel-micro_blast -c
GO:0005762 0.9343021305150143
Average AUC for cc 0.860  (n_terms=1536)
=== end=2026-09-10T00:52:02+01:00
=== evaluation of mlpbox_cc_s1_sel-macro start=2026-09-10T00:52:02+01:00
--- python predict_diamond.py -dr data -ont cc -m mlpbox_cc_s1_sel-macro
--- python evaluate_fast.py -dr data -ont cc -m mlpbox_cc_s1_sel-macro_blast
Fmax: 0.658, Smin: 10.752, threshold: 0.38
WFmax: 0.518, threshold: 0.37
AUPR: 0.632
AVGIC: 9.952
--- python evaluate_fast.py -dr data -ont cc -m mlpbox_cc_s1_sel-macro_blast -c
Fmax: 0.665, Smin: 10.635, threshold: 0.37
WFmax: 0.533, threshold: 0.35
AUPR: 0.624
AVGIC: 9.282
--- python evaluate_terms.py -dr data -ont cc -m mlpbox_cc_s1_sel-macro_blast
GO:0005762 0.9390936923335012
Average AUC for cc 0.859  (n_terms=1536)
--- python evaluate_terms.py -dr data -ont cc -m mlpbox_cc_s1_sel-macro_blast -c
GO:0005762 0.9386009058882738
Average AUC for cc 0.861  (n_terms=1536)
=== end=2026-09-10T00:54:19+01:00
