=== command: python neuralgobox_train.py -dr data -ont cc -m neuralgobox_cc_s2 -s 2 -ep 10
=== start=2026-09-10T02:05:39+01:00
=== gpu: NVIDIA A100-PCIE-40GB
Epoch 0: Loss - 0.011871105216152589, EL Loss: 0.7722091980586556, Valid loss - 0.01171610208435191, AUC - 0.984549403742598, termAUC - 0.8520859040117208, lr - 0.0005
Saving model (sel-loss)
Saving model (sel-micro)
Saving model (sel-macro)
Epoch 1: Loss - 0.00932954619980915, EL Loss: 0.33961939257191665, Valid loss - 0.011761109137700664, AUC - 0.9857112541528684, termAUC - 0.8610594872049566, lr - 0.0005
Saving model (sel-micro)
Saving model (sel-macro)
Epoch 2: Loss - 0.007443574331180231, EL Loss: 0.30140843551611646, Valid loss - 0.011871731305425917, AUC - 0.9859791073077965, termAUC - 0.8682316087277275, lr - 5e-05
Saving model (sel-micro)
Saving model (sel-macro)
Epoch 3: Loss - 0.006987633193225513, EL Loss: 0.295954439326961, Valid loss - 0.012134684453269949, AUC - 0.9854682446961708, termAUC - 0.8685419836403041, lr - 5e-05
Saving model (sel-macro)
Epoch 4: Loss - 0.006596891171153446, EL Loss: 0.29299176407900923, Valid loss - 0.012188408306489389, AUC - 0.9853857902521854, termAUC - 0.8686865282681661, lr - 5e-06
Saving model (sel-macro)
Epoch 5: Loss - 0.006555371962175355, EL Loss: 0.2923207386620742, Valid loss - 0.012249881894914088, AUC - 0.9852595338411969, termAUC - 0.8687014657239807, lr - 5e-06
Saving model (sel-macro)
Epoch 6: Loss - 0.006525617532480571, EL Loss: 0.2915976487476647, Valid loss - 0.012294768987016546, AUC - 0.9851388817245088, termAUC - 0.8687782422887258, lr - 5e-06
Saving model (sel-macro)
Epoch 7: Loss - 0.006493606396229114, EL Loss: 0.2908021403992888, Valid loss - 0.012336437704248561, AUC - 0.9850515228944816, termAUC - 0.868764228391605, lr - 5e-06
Epoch 8: Loss - 0.006473046635130668, EL Loss: 0.28999330988795613, Valid loss - 0.012378974972913662, AUC - 0.9849638432899789, termAUC - 0.8687157984612607, lr - 5e-06
Epoch 9: Loss - 0.006441377204946979, EL Loss: 0.28917607160750064, Valid loss - 0.012423344156532377, AUC - 0.9848724613817834, termAUC - 0.8687134198164173, lr - 5e-06
Loading the best model: neuralgobox_cc_s2_sel-loss
Test Loss - 0.01099787683536609, AUC - 0.9864425591243305
Loading the best model: neuralgobox_cc_s2_sel-micro
Test Loss - 0.011239817378939025, AUC - 0.9873038641948344
Loading the best model: neuralgobox_cc_s2_sel-macro
Test Loss - 0.011623382749449875, AUC - 0.9865688315050768
=== evaluation of neuralgobox_cc_s2_sel-loss start=2026-09-10T02:49:25+01:00
--- python predict_diamond.py -dr data -ont cc -m neuralgobox_cc_s2_sel-loss
--- python evaluate_fast.py -dr data -ont cc -m neuralgobox_cc_s2_sel-loss_blast
Fmax: 0.657, Smin: 10.838, threshold: 0.37
WFmax: 0.503, threshold: 0.37
AUPR: 0.682
AVGIC: 7.685
--- python evaluate_fast.py -dr data -ont cc -m neuralgobox_cc_s2_sel-loss_blast -c
Fmax: 0.664, Smin: 10.648, threshold: 0.33
WFmax: 0.527, threshold: 0.33
AUPR: 0.667
AVGIC: 8.653
--- python evaluate_terms.py -dr data -ont cc -m neuralgobox_cc_s2_sel-loss_blast
GO:0005762 0.9086667505452106
Average AUC for cc 0.866  (n_terms=1536)
--- python evaluate_terms.py -dr data -ont cc -m neuralgobox_cc_s2_sel-loss_blast -c
GO:0005762 0.9102499580607281
Average AUC for cc 0.871  (n_terms=1536)
=== end=2026-09-10T02:51:19+01:00
=== evaluation of neuralgobox_cc_s2_sel-micro start=2026-09-10T02:51:19+01:00
--- python predict_diamond.py -dr data -ont cc -m neuralgobox_cc_s2_sel-micro
--- python evaluate_fast.py -dr data -ont cc -m neuralgobox_cc_s2_sel-micro_blast
Fmax: 0.662, Smin: 10.582, threshold: 0.42
WFmax: 0.520, threshold: 0.38
AUPR: 0.717
AVGIC: 8.206
--- python evaluate_fast.py -dr data -ont cc -m neuralgobox_cc_s2_sel-micro_blast -c
Fmax: 0.666, Smin: 10.553, threshold: 0.35
WFmax: 0.533, threshold: 0.35
AUPR: 0.640
AVGIC: 9.324
--- python evaluate_terms.py -dr data -ont cc -m neuralgobox_cc_s2_sel-micro_blast
GO:0005762 0.9398276295923502
Average AUC for cc 0.880  (n_terms=1536)
--- python evaluate_terms.py -dr data -ont cc -m neuralgobox_cc_s2_sel-micro_blast -c
GO:0005762 0.9390832075155175
Average AUC for cc 0.883  (n_terms=1536)
=== end=2026-09-10T02:53:14+01:00
=== evaluation of neuralgobox_cc_s2_sel-macro start=2026-09-10T02:53:14+01:00
--- python predict_diamond.py -dr data -ont cc -m neuralgobox_cc_s2_sel-macro
--- python evaluate_fast.py -dr data -ont cc -m neuralgobox_cc_s2_sel-macro_blast
Fmax: 0.661, Smin: 10.650, threshold: 0.41
WFmax: 0.521, threshold: 0.39
AUPR: 0.641
AVGIC: 8.925
--- python evaluate_fast.py -dr data -ont cc -m neuralgobox_cc_s2_sel-macro_blast -c
Fmax: 0.665, Smin: 10.585, threshold: 0.35
WFmax: 0.532, threshold: 0.35
AUPR: 0.630
AVGIC: 9.571
--- python evaluate_terms.py -dr data -ont cc -m neuralgobox_cc_s2_sel-macro_blast
GO:0005762 0.9445667673209193
Average AUC for cc 0.880  (n_terms=1536)
--- python evaluate_terms.py -dr data -ont cc -m neuralgobox_cc_s2_sel-macro_blast -c
GO:0005762 0.9440110719677907
Average AUC for cc 0.883  (n_terms=1536)
=== end=2026-09-10T02:55:09+01:00
